host: a1128u44n01.mghpcc.ycrc.yale.edu
python: /apps/software/2024a/software/Python/3.12.3-GCCcore-13.3.0/bin/python
sys.executable: /apps/software/2024a/software/Python/3.12.3-GCCcore-13.3.0/bin/python
torch: 2.7.1
torch.version.cuda: 12.6
triton: 3.3.1
cuda_available: True
cuda_device_count: 1
device: NVIDIA RTX 5000 Ada Generation
Device: NVIDIA RTX 5000 Ada Generation (31.5 GB)
Random seed: 1380282242
Config: USE_BEST=1,000, OUTPUT_CAP=8,000, BUCKET_CAP=1,000
GPU memory per braid: 440 bytes
Parent buffer:  0.0 GB
Output buffer:  0.0 GB
Word buffer:    ~0.00 GB CPU
Running lengths 1 through 2
Save dir: results/smoke_gpu
Layout: SoA [54, N], one Triton suffix kernel launched in random suffix order
====================================================================================================
Length  1: 22 seed braids, 0 with projlen 0
Length   2 | 11.96s | children=       164 | kept=       164 | projlen 4/4.9/6 | buckets: [4]:56 [5]:76 [6]:32
====================================================================================================
Search complete. Total projlen-0 braids found: 0
Done.
