Start: 2026-03-10T00:42:37-04:00
Host: a1128u44n01.mghpcc.ycrc.yale.edu
CUDA visible devices: 0
NVIDIA RTX 5000 Ada Generation, 32760 MiB, 0 %
Starting A3 torch search with p= 5 caps 200000 200000 totalcaps 400000 400000 FIRST_STEPS 12 device cuda
We have 6 atoms and 14 dual simples
Initialized step 1 with spreads: {1: 2}
Starting step 2
Analyzing 2 states in spread 1
Finished step 2, minimal spread 2, max spread 2, got 0 drops
Total number of curves 8
Starting step 3
Analyzing 8 states in spread 2
Finished step 3, minimal spread 3, max spread 3, got 0 drops
Total number of curves 36
Starting step 4
Analyzing 36 states in spread 3
Finished step 4, minimal spread 4, max spread 4, got 0 drops
Total number of curves 170
Starting step 5
Analyzing 170 states in spread 4
Finished step 5, minimal spread 5, max spread 5, got 0 drops
Total number of curves 816
Starting step 6
Analyzing 816 states in spread 5
Finished step 6, minimal spread 5, max spread 6, got 0 drops
Total number of curves 3938
Starting step 7
Analyzing 2 states in spread 5
Analyzing 3936 states in spread 6
Finished step 7, minimal spread 5, max spread 7, got 0 drops
Total number of curves 19040
Starting step 8
Analyzing 2 states in spread 5
Analyzing 40 states in spread 6
Analyzing 18998 states in spread 7
Finished step 8, minimal spread 6, max spread 8, got 0 drops
Total number of curves 92118
Starting step 9
Analyzing 39 states in spread 6
Analyzing 457 states in spread 7
Analyzing 91622 states in spread 8
Finished step 9, minimal spread 6, max spread 9, got 0 drops
Total number of curves 204412
Starting step 10
Analyzing 15 states in spread 6
Analyzing 415 states in spread 7
Analyzing 3982 states in spread 8
Analyzing 200000 states in spread 9
Finished step 10, minimal spread 6, max spread 10, got 0 drops
Total number of curves 227452
Starting step 11
Analyzing 8 states in spread 6
Analyzing 225 states in spread 7
Analyzing 3512 states in spread 8
Analyzing 23707 states in spread 9
Analyzing 200000 states in spread 10
Finished step 11, minimal spread 6, max spread 11, got 0 drops
Total number of curves 343440
Starting step 12
Analyzing 5 states in spread 6
Analyzing 157 states in spread 7
Analyzing 2174 states in spread 8
Analyzing 21383 states in spread 9
Analyzing 119721 states in spread 10
Analyzing 200000 states in spread 11
Finished step 12, minimal spread 6, max spread 12, got 0 drops
Total number of curves 528800
Starting step 13
Analyzing 5 states in spread 6
Analyzing 97 states in spread 7
Analyzing 1693 states in spread 8
Analyzing 14574 states in spread 9
Analyzing 112431 states in spread 10
Analyzing 200000 states in spread 11
Analyzing 200000 states in spread 12
Finished step 13, minimal spread 6, max spread 13, got 3 drops
Total number of curves 697154
Starting step 14
Analyzing 5 states in spread 6
Analyzing 73 states in spread 7
Analyzing 1149 states in spread 8
Analyzing 12251 states in spread 9
Analyzing 83676 states in spread 10
Analyzing 200000 states in spread 11
Analyzing 200000 states in spread 12
Finished step 14, minimal spread 6, max spread 13, got 15 drops
Total number of curves 684722
Starting step 15
Analyzing 7 states in spread 6
Analyzing 71 states in spread 7
Analyzing 849 states in spread 8
Analyzing 9124 states in spread 9
Analyzing 74671 states in spread 10
Analyzing 200000 states in spread 11
Analyzing 200000 states in spread 12
Finished step 15, minimal spread 6, max spread 13, got 26 drops
Total number of curves 667921
Starting step 16
Analyzing 7 states in spread 6
Analyzing 96 states in spread 7
Analyzing 786 states in spread 8
Analyzing 7164 states in spread 9
Analyzing 59868 states in spread 10
Analyzing 200000 states in spread 11
Analyzing 200000 states in spread 12
Finished step 16, minimal spread 6, max spread 13, got 51 drops
Total number of curves 657366
Starting step 17
Analyzing 6 states in spread 6
Analyzing 102 states in spread 7
Analyzing 931 states in spread 8
Analyzing 6594 states in spread 9
Analyzing 49733 states in spread 10
Analyzing 200000 states in spread 11
Analyzing 200000 states in spread 12
Finished step 17, minimal spread 6, max spread 13, got 88 drops
Total number of curves 654563
Starting step 18
Analyzing 5 states in spread 6
Analyzing 97 states in spread 7
Analyzing 934 states in spread 8
Analyzing 7154 states in spread 9
Analyzing 46373 states in spread 10
Analyzing 200000 states in spread 11
Analyzing 200000 states in spread 12
Finished step 18, minimal spread 6, max spread 13, got 117 drops
Total number of curves 656231
Starting step 19
Analyzing 6 states in spread 6
Analyzing 80 states in spread 7
Analyzing 882 states in spread 8
Analyzing 6988 states in spread 9
Analyzing 48275 states in spread 10
Analyzing 200000 states in spread 11
Analyzing 200000 states in spread 12
Finished step 19, minimal spread 6, max spread 13, got 133 drops
Total number of curves 654311
Starting step 20
Analyzing 5 states in spread 6
Analyzing 92 states in spread 7
Analyzing 765 states in spread 8
Analyzing 6621 states in spread 9
Analyzing 46828 states in spread 10
Analyzing 200000 states in spread 11
Analyzing 200000 states in spread 12
Finished step 20, minimal spread 6, max spread 13, got 137 drops
Total number of curves 651331
Starting step 21
Analyzing 9 states in spread 6
Analyzing 94 states in spread 7
Analyzing 814 states in spread 8
Analyzing 5859 states in spread 9
Analyzing 44555 states in spread 10
Analyzing 200000 states in spread 11
Analyzing 200000 states in spread 12
Finished step 21, minimal spread 5, max spread 13, got 199 drops
Total number of curves 647011
Starting step 22
Analyzing 5 states in spread 5
Analyzing 21 states in spread 6
Analyzing 112 states in spread 7
Analyzing 845 states in spread 8
Analyzing 5991 states in spread 9
Analyzing 40037 states in spread 10
Analyzing 200000 states in spread 11
Analyzing 200000 states in spread 12
Finished step 22, minimal spread 5, max spread 13, got 183 drops
Total number of curves 647359
Starting step 23
Analyzing 9 states in spread 5
Analyzing 49 states in spread 6
Analyzing 170 states in spread 7
Analyzing 910 states in spread 8
Analyzing 6203 states in spread 9
Analyzing 40018 states in spread 10
Analyzing 200000 states in spread 11
Analyzing 200000 states in spread 12
Finished step 23, minimal spread 5, max spread 13, got 194 drops
Total number of curves 648988
Starting step 24
Analyzing 7 states in spread 5
Analyzing 83 states in spread 6
Analyzing 321 states in spread 7
Analyzing 1205 states in spread 8
Analyzing 6355 states in spread 9
Analyzing 41017 states in spread 10
Analyzing 200000 states in spread 11
Analyzing 200000 states in spread 12
Finished step 24, minimal spread 5, max spread 13, got 220 drops
Total number of curves 651375
Starting step 25
Analyzing 8 states in spread 5
Analyzing 67 states in spread 6
Analyzing 526 states in spread 7
Analyzing 1973 states in spread 8
Analyzing 7833 states in spread 9
Analyzing 40968 states in spread 10
Analyzing 200000 states in spread 11
Analyzing 200000 states in spread 12
Finished step 25, minimal spread 5, max spread 13, got 222 drops
Total number of curves 663414
Starting step 26
Analyzing 6 states in spread 5
Analyzing 71 states in spread 6
Analyzing 455 states in spread 7
Analyzing 3075 states in spread 8
Analyzing 11617 states in spread 9
Analyzing 48190 states in spread 10
Analyzing 200000 states in spread 11
Analyzing 200000 states in spread 12
Finished step 26, minimal spread 5, max spread 13, got 208 drops
Total number of curves 687096
Starting step 27
Analyzing 2 states in spread 5
Analyzing 62 states in spread 6
Analyzing 454 states in spread 7
Analyzing 2822 states in spread 8
Analyzing 17199 states in spread 9
Analyzing 66557 states in spread 10
Analyzing 200000 states in spread 11
Analyzing 200000 states in spread 12
Finished step 27, minimal spread 6, max spread 13, got 224 drops
Total number of curves 714037
Starting step 28
Analyzing 33 states in spread 6
Analyzing 460 states in spread 7
Analyzing 2782 states in spread 8
Analyzing 16571 states in spread 9
Analyzing 94191 states in spread 10
Analyzing 200000 states in spread 11
Analyzing 200000 states in spread 12
Finished step 28, minimal spread 6, max spread 13, got 224 drops
Total number of curves 713682
Starting step 29
Analyzing 10 states in spread 6
Analyzing 330 states in spread 7
Analyzing 3019 states in spread 8
Analyzing 16506 states in spread 9
Analyzing 93817 states in spread 10
Analyzing 200000 states in spread 11
Analyzing 200000 states in spread 12
Finished step 29, minimal spread 6, max spread 13, got 185 drops
Total number of curves 715478
Starting step 30
Analyzing 10 states in spread 6
Analyzing 173 states in spread 7
Analyzing 2456 states in spread 8
Analyzing 18328 states in spread 9
Analyzing 94511 states in spread 10
Analyzing 200000 states in spread 11
Analyzing 200000 states in spread 12
Finished step 30, minimal spread 6, max spread 13, got 152 drops
Total number of curves 723136
Starting step 31
Analyzing 13 states in spread 6
Analyzing 147 states in spread 7
Analyzing 1612 states in spread 8
Analyzing 15948 states in spread 9
Analyzing 105416 states in spread 10
Analyzing 200000 states in spread 11
Analyzing 200000 states in spread 12
Finished step 31, minimal spread 5, max spread 13, got 149 drops
Total number of curves 709165
Starting step 32
Analyzing 3 states in spread 5
Analyzing 18 states in spread 6
Analyzing 158 states in spread 7
Analyzing 1345 states in spread 8
Analyzing 11854 states in spread 9
Analyzing 95787 states in spread 10
Analyzing 200000 states in spread 11
Analyzing 200000 states in spread 12
Finished step 32, minimal spread 5, max spread 13, got 135 drops
Total number of curves 688438
Starting step 33
Analyzing 3 states in spread 5
Analyzing 34 states in spread 6
Analyzing 195 states in spread 7
Analyzing 1339 states in spread 8
Analyzing 10163 states in spread 9
Analyzing 76704 states in spread 10
Analyzing 200000 states in spread 11
Analyzing 200000 states in spread 12
Finished step 33, minimal spread 5, max spread 13, got 145 drops
Total number of curves 679586
Starting step 34
Analyzing 4 states in spread 5
Analyzing 37 states in spread 6
Analyzing 287 states in spread 7
Analyzing 1530 states in spread 8
Analyzing 9798 states in spread 9
Analyzing 67930 states in spread 10
Analyzing 200000 states in spread 11
Analyzing 200000 states in spread 12
Finished step 34, minimal spread 5, max spread 13, got 173 drops
Total number of curves 678305
Starting step 35
Analyzing 5 states in spread 5
Analyzing 39 states in spread 6
Analyzing 309 states in spread 7
Analyzing 2039 states in spread 8
Analyzing 10661 states in spread 9
Analyzing 65252 states in spread 10
Analyzing 200000 states in spread 11
Analyzing 200000 states in spread 12
Finished step 35, minimal spread 5, max spread 13, got 181 drops
Total number of curves 684468
Starting step 36
Analyzing 2 states in spread 5
Analyzing 54 states in spread 6
Analyzing 315 states in spread 7
Analyzing 2196 states in spread 8
Analyzing 13259 states in spread 9
Analyzing 68642 states in spread 10
Analyzing 200000 states in spread 11
Analyzing 200000 states in spread 12
Finished step 36, minimal spread 5, max spread 13, got 191 drops
Total number of curves 697982
Starting step 37
Analyzing 2 states in spread 5
Analyzing 37 states in spread 6
Analyzing 406 states in spread 7
Analyzing 2183 states in spread 8
Analyzing 14191 states in spread 9
Analyzing 81163 states in spread 10
Analyzing 200000 states in spread 11
Analyzing 200000 states in spread 12
Finished step 37, minimal spread 5, max spread 13, got 225 drops
Total number of curves 703042
Starting step 38
Analyzing 5 states in spread 5
Analyzing 45 states in spread 6
Analyzing 325 states in spread 7
Analyzing 2651 states in spread 8
Analyzing 14041 states in spread 9
Analyzing 85975 states in spread 10
Analyzing 200000 states in spread 11
Analyzing 200000 states in spread 12
Finished step 38, minimal spread 5, max spread 13, got 209 drops
Total number of curves 704164
Starting step 39
Analyzing 6 states in spread 5
Analyzing 59 states in spread 6
Analyzing 382 states in spread 7
Analyzing 2348 states in spread 8
Analyzing 16295 states in spread 9
Analyzing 85074 states in spread 10
Analyzing 200000 states in spread 11
Analyzing 200000 states in spread 12
Finished step 39, minimal spread 5, max spread 13, got 188 drops
Total number of curves 714291
Starting step 40
Analyzing 4 states in spread 5
Analyzing 63 states in spread 6
Analyzing 431 states in spread 7
Analyzing 2675 states in spread 8
Analyzing 15285 states in spread 9
Analyzing 95833 states in spread 10
Analyzing 200000 states in spread 11
Analyzing 200000 states in spread 12
Finished step 40, minimal spread 5, max spread 13, got 170 drops
Total number of curves 713084
Starting step 41
Analyzing 4 states in spread 5
Analyzing 49 states in spread 6
Analyzing 467 states in spread 7
Analyzing 2826 states in spread 8
Analyzing 16997 states in spread 9
Analyzing 92741 states in spread 10
Analyzing 200000 states in spread 11
Analyzing 200000 states in spread 12
Finished step 41, minimal spread 5, max spread 13, got 176 drops
Total number of curves 722569
Starting step 42
Analyzing 6 states in spread 5
Analyzing 51 states in spread 6
Analyzing 411 states in spread 7
Analyzing 3021 states in spread 8
Analyzing 17729 states in spread 9
Analyzing 101351 states in spread 10
Analyzing 200000 states in spread 11
Analyzing 200000 states in spread 12
Finished step 42, minimal spread 5, max spread 13, got 199 drops
Total number of curves 727919
Starting step 43
Analyzing 4 states in spread 5
Analyzing 65 states in spread 6
Analyzing 445 states in spread 7
Analyzing 2919 states in spread 8
Analyzing 18632 states in spread 9
Analyzing 105854 states in spread 10
Analyzing 200000 states in spread 11
Analyzing 200000 states in spread 12
Finished step 43, minimal spread 5, max spread 13, got 172 drops
Total number of curves 732438
Starting step 44
Analyzing 5 states in spread 5
Analyzing 47 states in spread 6
Analyzing 499 states in spread 7
Analyzing 3211 states in spread 8
Analyzing 18686 states in spread 9
Analyzing 109990 states in spread 10
Analyzing 200000 states in spread 11
Analyzing 200000 states in spread 12
Finished step 44, minimal spread 5, max spread 13, got 191 drops
Total number of curves 736540
Starting step 45
Analyzing 3 states in spread 5
Analyzing 55 states in spread 6
Analyzing 393 states in spread 7
Analyzing 3487 states in spread 8
Analyzing 20534 states in spread 9
Analyzing 112068 states in spread 10
Analyzing 200000 states in spread 11
Analyzing 200000 states in spread 12
Finished step 45, minimal spread 5, max spread 13, got 190 drops
Total number of curves 747554
Starting step 46
Analyzing 4 states in spread 5
Analyzing 41 states in spread 6
Analyzing 434 states in spread 7
Analyzing 2927 states in spread 8
Analyzing 22067 states in spread 9
Analyzing 122081 states in spread 10
Analyzing 200000 states in spread 11
Analyzing 200000 states in spread 12
Finished step 46, minimal spread 4, max spread 13, got 188 drops
Total number of curves 753508
Starting step 47
Analyzing 1 states in spread 4
Analyzing 7 states in spread 5
Analyzing 51 states in spread 6
Analyzing 379 states in spread 7
Analyzing 3064 states in spread 8
Analyzing 19385 states in spread 9
Analyzing 130621 states in spread 10
Analyzing 200000 states in spread 11
Analyzing 200000 states in spread 12
Finished step 47, minimal spread 4, max spread 13, got 212 drops
Total number of curves 742283
Starting step 48
Analyzing 1 states in spread 4
Analyzing 16 states in spread 5
Analyzing 76 states in spread 6
Analyzing 419 states in spread 7
Analyzing 2876 states in spread 8
Analyzing 19875 states in spread 9
Analyzing 119020 states in spread 10
Analyzing 200000 states in spread 11
Analyzing 200000 states in spread 12
Finished step 48, minimal spread 5, max spread 13, got 224 drops
Total number of curves 743814
Starting step 49
Analyzing 10 states in spread 5
Analyzing 133 states in spread 6
Analyzing 580 states in spread 7
Analyzing 3023 states in spread 8
Analyzing 19192 states in spread 9
Analyzing 120876 states in spread 10
Analyzing 200000 states in spread 11
Analyzing 200000 states in spread 12
Finished step 49, minimal spread 5, max spread 13, got 238 drops
Total number of curves 743040
Starting step 50
Analyzing 6 states in spread 5
Analyzing 78 states in spread 6
Analyzing 862 states in spread 7
Analyzing 3921 states in spread 8
Analyzing 19897 states in spread 9
Analyzing 118276 states in spread 10
Analyzing 200000 states in spread 11
Analyzing 200000 states in spread 12
Finished step 50, minimal spread 5, max spread 13, got 235 drops
Total number of curves 752574
Starting step 51
Analyzing 6 states in spread 5
Analyzing 72 states in spread 6
Analyzing 536 states in spread 7
Analyzing 5333 states in spread 8
Analyzing 24423 states in spread 9
Analyzing 122204 states in spread 10
Analyzing 200000 states in spread 11
Analyzing 200000 states in spread 12
Finished step 51, minimal spread 5, max spread 13, got 219 drops
Total number of curves 779979
Starting step 52
Analyzing 6 states in spread 5
Analyzing 67 states in spread 6
Analyzing 571 states in spread 7
Analyzing 3667 states in spread 8
Analyzing 31510 states in spread 9
Analyzing 144158 states in spread 10
Analyzing 200000 states in spread 11
Analyzing 200000 states in spread 12
Finished step 52, minimal spread 5, max spread 13, got 216 drops
Total number of curves 807845
Starting step 53
Analyzing 3 states in spread 5
Analyzing 63 states in spread 6
Analyzing 546 states in spread 7
Analyzing 4028 states in spread 8
Analyzing 23604 states in spread 9
Analyzing 179601 states in spread 10
Analyzing 200000 states in spread 11
Finished step 53, minimal spread 5, max spread 12, got 211 drops
Total number of curves 573852
Starting step 54
Analyzing 2 states in spread 5
Analyzing 39 states in spread 6
Analyzing 508 states in spread 7
Analyzing 3894 states in spread 8
Analyzing 25711 states in spread 9
Analyzing 143698 states in spread 10
Analyzing 200000 states in spread 11
Analyzing 200000 states in spread 12
Finished step 54, minimal spread 5, max spread 13, got 232 drops
Total number of curves 783735
Starting step 55
Analyzing 1 states in spread 5
Analyzing 30 states in spread 6
Analyzing 397 states in spread 7
Analyzing 3670 states in spread 8
Analyzing 25091 states in spread 9
Analyzing 154546 states in spread 10
Analyzing 200000 states in spread 11
Analyzing 200000 states in spread 12
Finished step 55, minimal spread 5, max spread 13, got 249 drops
Total number of curves 779357
Starting step 56
Analyzing 2 states in spread 5
Analyzing 24 states in spread 6
Analyzing 330 states in spread 7
Analyzing 3188 states in spread 8
Analyzing 23997 states in spread 9
Analyzing 151816 states in spread 10
Analyzing 200000 states in spread 11
Analyzing 200000 states in spread 12
Finished step 56, minimal spread 5, max spread 13, got 266 drops
Total number of curves 772196
Starting step 57
Analyzing 3 states in spread 5
Analyzing 31 states in spread 6
Analyzing 289 states in spread 7
Analyzing 2761 states in spread 8
Analyzing 22031 states in spread 9
Analyzing 147081 states in spread 10
Analyzing 200000 states in spread 11
Analyzing 200000 states in spread 12
Finished step 57, minimal spread 5, max spread 13, got 249 drops
Total number of curves 761491
Starting step 58
Analyzing 2 states in spread 5
Analyzing 31 states in spread 6
Analyzing 312 states in spread 7
Analyzing 2456 states in spread 8
Analyzing 19884 states in spread 9
Analyzing 138806 states in spread 10
Analyzing 200000 states in spread 11
Analyzing 200000 states in spread 12
Finished step 58, minimal spread 5, max spread 13, got 264 drops
Total number of curves 749527
Starting step 59
Analyzing 2 states in spread 5
Analyzing 25 states in spread 6
Analyzing 307 states in spread 7
Analyzing 2562 states in spread 8
Analyzing 17948 states in spread 9
Analyzing 128683 states in spread 10
Analyzing 200000 states in spread 11
Analyzing 200000 states in spread 12
Finished step 59, minimal spread 5, max spread 13, got 284 drops
Total number of curves 739370
Starting step 60
Analyzing 4 states in spread 5
Analyzing 31 states in spread 6
Analyzing 284 states in spread 7
Analyzing 2541 states in spread 8
Analyzing 18417 states in spread 9
Analyzing 118093 states in spread 10
Analyzing 200000 states in spread 11
Analyzing 200000 states in spread 12
Finished step 60, minimal spread 5, max spread 13, got 338 drops
Total number of curves 740847
Starting step 61
Analyzing 4 states in spread 5
Analyzing 54 states in spread 6
Analyzing 311 states in spread 7
Analyzing 2431 states in spread 8
Analyzing 18086 states in spread 9
Analyzing 119961 states in spread 10
Analyzing 200000 states in spread 11
Analyzing 200000 states in spread 12
Finished step 61, minimal spread 5, max spread 13, got 325 drops
Total number of curves 737637
Starting step 62
Analyzing 5 states in spread 5
Analyzing 59 states in spread 6
Analyzing 459 states in spread 7
Analyzing 2480 states in spread 8
Analyzing 17440 states in spread 9
Analyzing 117194 states in spread 10
Analyzing 200000 states in spread 11
Analyzing 200000 states in spread 12
Finished step 62, minimal spread 5, max spread 13, got 331 drops
Total number of curves 734533
Starting step 63
Analyzing 4 states in spread 5
Analyzing 56 states in spread 6
Analyzing 494 states in spread 7
Analyzing 3248 states in spread 8
Analyzing 17577 states in spread 9
Analyzing 113154 states in spread 10
Analyzing 200000 states in spread 11
Analyzing 200000 states in spread 12
Finished step 63, minimal spread 5, max spread 13, got 325 drops
Total number of curves 738927
Starting step 64
Analyzing 4 states in spread 5
Analyzing 53 states in spread 6
Analyzing 469 states in spread 7
Analyzing 3531 states in spread 8
Analyzing 21249 states in spread 9
Analyzing 113621 states in spread 10
Analyzing 200000 states in spread 11
Analyzing 200000 states in spread 12
Finished step 64, minimal spread 5, max spread 13, got 346 drops
Total number of curves 757585
Starting step 65
Analyzing 5 states in spread 5
Analyzing 57 states in spread 6
Analyzing 494 states in spread 7
Analyzing 3391 states in spread 8
Analyzing 22875 states in spread 9
Analyzing 130763 states in spread 10
Analyzing 200000 states in spread 11
Analyzing 200000 states in spread 12
Finished step 65, minimal spread 5, max spread 13, got 350 drops
Total number of curves 765788
Starting step 66
Analyzing 2 states in spread 5
Analyzing 65 states in spread 6
Analyzing 536 states in spread 7
Analyzing 3680 states in spread 8
Analyzing 22253 states in spread 9
Analyzing 139252 states in spread 10
Analyzing 200000 states in spread 11
Analyzing 200000 states in spread 12
Finished step 66, minimal spread 5, max spread 13, got 299 drops
Total number of curves 765654
Starting step 67
Analyzing 6 states in spread 5
Analyzing 44 states in spread 6
Analyzing 565 states in spread 7
Analyzing 3869 states in spread 8
Analyzing 24186 states in spread 9
Analyzing 136984 states in spread 10
Analyzing 200000 states in spread 11
Analyzing 200000 states in spread 12
Finished step 67, minimal spread 4, max spread 13, got 331 drops
Total number of curves 777548
Starting step 68
Analyzing 5 states in spread 4
Analyzing 13 states in spread 5
Analyzing 75 states in spread 6
Analyzing 451 states in spread 7
Analyzing 4003 states in spread 8
Analyzing 25003 states in spread 9
Analyzing 147998 states in spread 10
Analyzing 200000 states in spread 11
Analyzing 200000 states in spread 12
Finished step 68, minimal spread 3, max spread 13, got 325 drops
Total number of curves 781958
Starting step 69
Analyzing 1 states in spread 3
Analyzing 7 states in spread 4
Analyzing 51 states in spread 5
Analyzing 91 states in spread 6
Analyzing 611 states in spread 7
Analyzing 3567 states in spread 8
Analyzing 25809 states in spread 9
Analyzing 151821 states in spread 10
Analyzing 200000 states in spread 11
Analyzing 200000 states in spread 12
Finished step 69, minimal spread 2, max spread 13, got 329 drops
Total number of curves 786194
Starting step 70
Analyzing 1 states in spread 2
Analyzing 3 states in spread 3
Analyzing 10 states in spread 4
Analyzing 49 states in spread 5
Analyzing 314 states in spread 6
Analyzing 667 states in spread 7
Analyzing 4368 states in spread 8
Analyzing 24164 states in spread 9
Analyzing 156618 states in spread 10
Analyzing 200000 states in spread 11
Analyzing 200000 states in spread 12
Finished step 70, minimal spread 1, max spread 13, got 315 drops
Total number of curves 785245
Starting step 71
Analyzing 1 states in spread 1
Found one for p= 5 [[2, -3, -2], [-2, 1, 2, -3, -2, -1], [-2, -1], [-2, -1], [-3, -2], [-2, 1, 2, -3, -2, -1], [1, -2, -1], [2, -3, -2, -1], [-2, 1, 2, -3, -2, -1], [1, -2, -1], [-1], [-2], [1, -2, -1], [2, -3, -2], [2, -3, -2], [-2, 1, 2, -3, -2, -1], [1, -2, -1], [2, -3, -2], [2, -3, -2], [1, -2, -1], [1, -2, -1], [1, -2, -1], [-1, -3], [2, -3, -2], [-2], [1, -2, -1], [-1], [2, -3, -2], [2, -3, -2], [1, -2, -1], [-1, -3], [-2, 1, 2, -3, -2, -1], [1, -2, -1], [2, -3, -2], [-2], [-3], [1, 2, -3, -2, -1], [1, -2, -1], [2, -3, -2], [-2, 1, 2, -3, -2, -1], [-1, -3], [2, -3, -2], [1, -2, -1], [1, -2, -1], [-1], [2, -3, -2], [1, 2, -3, -2, -1], [1, -2, -1], [-1, -3], [2, -3, -2], [2, -3, -2], [2, -3, -2], [1, -2, -1], [1, -2, -1], [2, -3, -2], [-2, 1, 2, -3, -2, -1], [1, -2, -1], [1, -2, -1], [2, -3, -2], [1, 2, -3, -2, -1], [-1], [2, -3, -2], [-2, 1, 2, -3, -2, -1], [1, -2, -1], [-3, -2], [-2, 1, 2, -3, -2, -1], [-3, 1, -2, -1], [2, -3, -2, -1], [2, -3, -2, -1], [-2, 1, 2, -3, -2, -1], [1, -2, -1]]
Altogether, runtime= 23.5099453125
SearchResult: SearchResult(witness=[[2, -3, -2], [-2, 1, 2, -3, -2, -1], [-2, -1], [-2, -1], [-3, -2], [-2, 1, 2, -3, -2, -1], [1, -2, -1], [2, -3, -2, -1], [-2, 1, 2, -3, -2, -1], [1, -2, -1], [-1], [-2], [1, -2, -1], [2, -3, -2], [2, -3, -2], [-2, 1, 2, -3, -2, -1], [1, -2, -1], [2, -3, -2], [2, -3, -2], [1, -2, -1], [1, -2, -1], [1, -2, -1], [-1, -3], [2, -3, -2], [-2], [1, -2, -1], [-1], [2, -3, -2], [2, -3, -2], [1, -2, -1], [-1, -3], [-2, 1, 2, -3, -2, -1], [1, -2, -1], [2, -3, -2], [-2], [-3], [1, 2, -3, -2, -1], [1, -2, -1], [2, -3, -2], [-2, 1, 2, -3, -2, -1], [-1, -3], [2, -3, -2], [1, -2, -1], [1, -2, -1], [-1], [2, -3, -2], [1, 2, -3, -2, -1], [1, -2, -1], [-1, -3], [2, -3, -2], [2, -3, -2], [2, -3, -2], [1, -2, -1], [1, -2, -1], [2, -3, -2], [-2, 1, 2, -3, -2, -1], [1, -2, -1], [1, -2, -1], [2, -3, -2], [1, 2, -3, -2, -1], [-1], [2, -3, -2], [-2, 1, 2, -3, -2, -1], [1, -2, -1], [-3, -2], [-2, 1, 2, -3, -2, -1], [-3, 1, -2, -1], [2, -3, -2, -1], [2, -3, -2, -1], [-2, 1, 2, -3, -2, -1], [1, -2, -1]], depth=71, runtime_seconds=23.5099453125, device='cuda', found=True, spread_counts_by_depth={1: {1: 2}, 2: {2: 8}, 3: {3: 36}, 4: {4: 170}, 5: {5: 816}, 6: {5: 2, 6: 3936}, 7: {5: 2, 6: 40, 7: 18998}, 8: {6: 39, 7: 457, 8: 91622}, 9: {6: 15, 7: 415, 8: 3982, 9: 200000}, 10: {6: 8, 7: 225, 8: 3512, 9: 23707, 10: 200000}, 11: {6: 5, 7: 157, 8: 2174, 9: 21383, 10: 119721, 11: 200000}, 12: {6: 5, 7: 97, 8: 1693, 9: 14574, 10: 112431, 11: 200000, 12: 200000}, 13: {6: 5, 7: 73, 8: 1149, 9: 12251, 10: 83676, 11: 200000, 12: 200000, 13: 200000}, 14: {6: 7, 7: 71, 8: 849, 9: 9124, 10: 74671, 11: 200000, 12: 200000, 13: 200000}, 15: {6: 7, 7: 96, 8: 786, 9: 7164, 10: 59868, 11: 200000, 12: 200000, 13: 200000}, 16: {6: 6, 7: 102, 8: 931, 9: 6594, 10: 49733, 11: 200000, 12: 200000, 13: 200000}, 17: {6: 5, 7: 97, 8: 934, 9: 7154, 10: 46373, 11: 200000, 12: 200000, 13: 200000}, 18: {6: 6, 7: 80, 8: 882, 9: 6988, 10: 48275, 11: 200000, 12: 200000, 13: 200000}, 19: {6: 5, 7: 92, 8: 765, 9: 6621, 10: 46828, 11: 200000, 12: 200000, 13: 200000}, 20: {6: 9, 7: 94, 8: 814, 9: 5859, 10: 44555, 11: 200000, 12: 200000, 13: 200000}, 21: {5: 5, 6: 21, 7: 112, 8: 845, 9: 5991, 10: 40037, 11: 200000, 12: 200000, 13: 200000}, 22: {5: 9, 6: 49, 7: 170, 8: 910, 9: 6203, 10: 40018, 11: 200000, 12: 200000, 13: 200000}, 23: {5: 7, 6: 83, 7: 321, 8: 1205, 9: 6355, 10: 41017, 11: 200000, 12: 200000, 13: 200000}, 24: {5: 8, 6: 67, 7: 526, 8: 1973, 9: 7833, 10: 40968, 11: 200000, 12: 200000, 13: 200000}, 25: {5: 6, 6: 71, 7: 455, 8: 3075, 9: 11617, 10: 48190, 11: 200000, 12: 200000, 13: 200000}, 26: {5: 2, 6: 62, 7: 454, 8: 2822, 9: 17199, 10: 66557, 11: 200000, 12: 200000, 13: 200000}, 27: {6: 33, 7: 460, 8: 2782, 9: 16571, 10: 94191, 11: 200000, 12: 200000, 13: 200000}, 28: {6: 10, 7: 330, 8: 3019, 9: 16506, 10: 93817, 11: 200000, 12: 200000, 13: 200000}, 29: {6: 10, 7: 173, 8: 2456, 9: 18328, 10: 94511, 11: 200000, 12: 200000, 13: 200000}, 30: {6: 13, 7: 147, 8: 1612, 9: 15948, 10: 105416, 11: 200000, 12: 200000, 13: 200000}, 31: {5: 3, 6: 18, 7: 158, 8: 1345, 9: 11854, 10: 95787, 11: 200000, 12: 200000, 13: 200000}, 32: {5: 3, 6: 34, 7: 195, 8: 1339, 9: 10163, 10: 76704, 11: 200000, 12: 200000, 13: 200000}, 33: {5: 4, 6: 37, 7: 287, 8: 1530, 9: 9798, 10: 67930, 11: 200000, 12: 200000, 13: 200000}, 34: {5: 5, 6: 39, 7: 309, 8: 2039, 9: 10661, 10: 65252, 11: 200000, 12: 200000, 13: 200000}, 35: {5: 2, 6: 54, 7: 315, 8: 2196, 9: 13259, 10: 68642, 11: 200000, 12: 200000, 13: 200000}, 36: {5: 2, 6: 37, 7: 406, 8: 2183, 9: 14191, 10: 81163, 11: 200000, 12: 200000, 13: 200000}, 37: {5: 5, 6: 45, 7: 325, 8: 2651, 9: 14041, 10: 85975, 11: 200000, 12: 200000, 13: 200000}, 38: {5: 6, 6: 59, 7: 382, 8: 2348, 9: 16295, 10: 85074, 11: 200000, 12: 200000, 13: 200000}, 39: {5: 4, 6: 63, 7: 431, 8: 2675, 9: 15285, 10: 95833, 11: 200000, 12: 200000, 13: 200000}, 40: {5: 4, 6: 49, 7: 467, 8: 2826, 9: 16997, 10: 92741, 11: 200000, 12: 200000, 13: 200000}, 41: {5: 6, 6: 51, 7: 411, 8: 3021, 9: 17729, 10: 101351, 11: 200000, 12: 200000, 13: 200000}, 42: {5: 4, 6: 65, 7: 445, 8: 2919, 9: 18632, 10: 105854, 11: 200000, 12: 200000, 13: 200000}, 43: {5: 5, 6: 47, 7: 499, 8: 3211, 9: 18686, 10: 109990, 11: 200000, 12: 200000, 13: 200000}, 44: {5: 3, 6: 55, 7: 393, 8: 3487, 9: 20534, 10: 112068, 11: 200000, 12: 200000, 13: 200000}, 45: {5: 4, 6: 41, 7: 434, 8: 2927, 9: 22067, 10: 122081, 11: 200000, 12: 200000, 13: 200000}, 46: {4: 1, 5: 7, 6: 51, 7: 379, 8: 3064, 9: 19385, 10: 130621, 11: 200000, 12: 200000, 13: 200000}, 47: {4: 1, 5: 16, 6: 76, 7: 419, 8: 2876, 9: 19875, 10: 119020, 11: 200000, 12: 200000, 13: 200000}, 48: {5: 10, 6: 133, 7: 580, 8: 3023, 9: 19192, 10: 120876, 11: 200000, 12: 200000, 13: 200000}, 49: {5: 6, 6: 78, 7: 862, 8: 3921, 9: 19897, 10: 118276, 11: 200000, 12: 200000, 13: 200000}, 50: {5: 6, 6: 72, 7: 536, 8: 5333, 9: 24423, 10: 122204, 11: 200000, 12: 200000, 13: 200000}, 51: {5: 6, 6: 67, 7: 571, 8: 3667, 9: 31510, 10: 144158, 11: 200000, 12: 200000, 13: 200000}, 52: {5: 3, 6: 63, 7: 546, 8: 4028, 9: 23604, 10: 179601, 11: 200000, 12: 200000, 13: 200000}, 53: {5: 2, 6: 39, 7: 508, 8: 3894, 9: 25711, 10: 143698, 11: 200000, 12: 200000}, 54: {5: 1, 6: 30, 7: 397, 8: 3670, 9: 25091, 10: 154546, 11: 200000, 12: 200000, 13: 200000}, 55: {5: 2, 6: 24, 7: 330, 8: 3188, 9: 23997, 10: 151816, 11: 200000, 12: 200000, 13: 200000}, 56: {5: 3, 6: 31, 7: 289, 8: 2761, 9: 22031, 10: 147081, 11: 200000, 12: 200000, 13: 200000}, 57: {5: 2, 6: 31, 7: 312, 8: 2456, 9: 19884, 10: 138806, 11: 200000, 12: 200000, 13: 200000}, 58: {5: 2, 6: 25, 7: 307, 8: 2562, 9: 17948, 10: 128683, 11: 200000, 12: 200000, 13: 200000}, 59: {5: 4, 6: 31, 7: 284, 8: 2541, 9: 18417, 10: 118093, 11: 200000, 12: 200000, 13: 200000}, 60: {5: 4, 6: 54, 7: 311, 8: 2431, 9: 18086, 10: 119961, 11: 200000, 12: 200000, 13: 200000}, 61: {5: 5, 6: 59, 7: 459, 8: 2480, 9: 17440, 10: 117194, 11: 200000, 12: 200000, 13: 200000}, 62: {5: 4, 6: 56, 7: 494, 8: 3248, 9: 17577, 10: 113154, 11: 200000, 12: 200000, 13: 200000}, 63: {5: 4, 6: 53, 7: 469, 8: 3531, 9: 21249, 10: 113621, 11: 200000, 12: 200000, 13: 200000}, 64: {5: 5, 6: 57, 7: 494, 8: 3391, 9: 22875, 10: 130763, 11: 200000, 12: 200000, 13: 200000}, 65: {5: 2, 6: 65, 7: 536, 8: 3680, 9: 22253, 10: 139252, 11: 200000, 12: 200000, 13: 200000}, 66: {5: 6, 6: 44, 7: 565, 8: 3869, 9: 24186, 10: 136984, 11: 200000, 12: 200000, 13: 200000}, 67: {4: 5, 5: 13, 6: 75, 7: 451, 8: 4003, 9: 25003, 10: 147998, 11: 200000, 12: 200000, 13: 200000}, 68: {3: 1, 4: 7, 5: 51, 6: 91, 7: 611, 8: 3567, 9: 25809, 10: 151821, 11: 200000, 12: 200000, 13: 200000}, 69: {2: 1, 3: 3, 4: 10, 5: 49, 6: 314, 7: 667, 8: 4368, 9: 24164, 10: 156618, 11: 200000, 12: 200000, 13: 200000}, 70: {1: 1, 2: 2, 3: 8, 4: 16, 5: 59, 6: 318, 7: 1779, 8: 4503, 9: 28177, 10: 150382, 11: 200000, 12: 200000, 13: 200000}})
CUDA max_memory_allocated_bytes: 7738690560
CUDA max_memory_reserved_bytes: 11584667648
End: 2026-03-10T00:43:03-04:00
