Starting A3 torch search with p= 7 caps 100000 100000 totalcaps 600000 300000 FIRST_STEPS 20 base_point 1 device cuda
We have 6 atoms and 14 dual simples
Initialized step 1 with spreads: {1: 2}
Starting step 2
Analyzing 2 states in spread 1
Finished step 2, minimal spread 2, max spread 2, got 0 drops
Total number of curves 8
Starting step 3
Analyzing 8 states in spread 2
Finished step 3, minimal spread 3, max spread 3, got 0 drops
Total number of curves 36
Starting step 4
Analyzing 36 states in spread 3
Finished step 4, minimal spread 4, max spread 4, got 0 drops
Total number of curves 170
Starting step 5
Analyzing 170 states in spread 4
Finished step 5, minimal spread 5, max spread 5, got 0 drops
Total number of curves 816
Starting step 6
Analyzing 816 states in spread 5
Finished step 6, minimal spread 5, max spread 6, got 0 drops
Total number of curves 3938
Starting step 7
Analyzing 2 states in spread 5
Analyzing 3936 states in spread 6
Finished step 7, minimal spread 5, max spread 7, got 0 drops
Total number of curves 19040
Starting step 8
Analyzing 2 states in spread 5
Analyzing 38 states in spread 6
Analyzing 19000 states in spread 7
Finished step 8, minimal spread 6, max spread 8, got 0 drops
Total number of curves 92118
Starting step 9
Analyzing 37 states in spread 6
Analyzing 415 states in spread 7
Analyzing 91666 states in spread 8
Finished step 9, minimal spread 6, max spread 9, got 0 drops
Total number of curves 103870
Starting step 10
Analyzing 5 states in spread 6
Analyzing 372 states in spread 7
Analyzing 3493 states in spread 8
Analyzing 100000 states in spread 9
Finished step 10, minimal spread 7, max spread 10, got 0 drops
Total number of curves 121852
Starting step 11
Analyzing 84 states in spread 7
Analyzing 2994 states in spread 8
Analyzing 18774 states in spread 9
Analyzing 100000 states in spread 10
Finished step 11, minimal spread 7, max spread 11, got 0 drops
Total number of curves 211338
Starting step 12
Analyzing 11 states in spread 7
Analyzing 895 states in spread 8
Analyzing 16932 states in spread 9
Analyzing 93500 states in spread 10
Analyzing 100000 states in spread 11
Finished step 12, minimal spread 7, max spread 12, got 0 drops
Total number of curves 293900
Starting step 13
Analyzing 6 states in spread 7
Analyzing 202 states in spread 8
Analyzing 6035 states in spread 9
Analyzing 87657 states in spread 10
Analyzing 100000 states in spread 11
Analyzing 100000 states in spread 12
Finished step 13, minimal spread 7, max spread 13, got 0 drops
Total number of curves 338070
Starting step 14
Analyzing 5 states in spread 7
Analyzing 90 states in spread 8
Analyzing 1987 states in spread 9
Analyzing 35988 states in spread 10
Analyzing 100000 states in spread 11
Analyzing 100000 states in spread 12
Analyzing 100000 states in spread 13
Finished step 14, minimal spread 7, max spread 14, got 0 drops
Total number of curves 415791
Starting step 15
Analyzing 1 states in spread 7
Analyzing 59 states in spread 8
Analyzing 871 states in spread 9
Analyzing 14860 states in spread 10
Analyzing 100000 states in spread 11
Analyzing 100000 states in spread 12
Analyzing 100000 states in spread 13
Analyzing 100000 states in spread 14
Finished step 15, minimal spread 7, max spread 15, got 1 drops
Total number of curves 486770
Starting step 16
Analyzing 2 states in spread 7
Analyzing 23 states in spread 8
Analyzing 514 states in spread 9
Analyzing 6730 states in spread 10
Analyzing 79501 states in spread 11
Analyzing 100000 states in spread 12
Analyzing 100000 states in spread 13
Analyzing 100000 states in spread 14
Analyzing 100000 states in spread 15
Finished step 16, minimal spread 7, max spread 16, got 2 drops
Total number of curves 542945
Starting step 17
Analyzing 2 states in spread 7
Analyzing 30 states in spread 8
Analyzing 258 states in spread 9
Analyzing 3790 states in spread 10
Analyzing 38865 states in spread 11
Analyzing 100000 states in spread 12
Analyzing 100000 states in spread 13
Analyzing 100000 states in spread 14
Analyzing 100000 states in spread 15
Analyzing 100000 states in spread 16
Finished step 17, minimal spread 7, max spread 17, got 3 drops
Total number of curves 625035
Starting step 18
Analyzing 1 states in spread 7
Analyzing 28 states in spread 8
Analyzing 264 states in spread 9
Analyzing 2127 states in spread 10
Analyzing 22615 states in spread 11
Analyzing 100000 states in spread 12
Analyzing 100000 states in spread 13
Analyzing 100000 states in spread 14
Analyzing 100000 states in spread 15
Analyzing 100000 states in spread 16
Analyzing 100000 states in spread 17
Finished step 18, minimal spread 7, max spread 18, got 5 drops
Total number of curves 715953
Starting step 19
Analyzing 1 states in spread 7
Analyzing 15 states in spread 8
Analyzing 221 states in spread 9
Analyzing 1873 states in spread 10
Analyzing 13843 states in spread 11
Analyzing 100000 states in spread 12
Analyzing 100000 states in spread 13
Analyzing 100000 states in spread 14
Analyzing 100000 states in spread 15
Analyzing 100000 states in spread 16
Analyzing 100000 states in spread 17
Finished step 19, minimal spread 7, max spread 18, got 4 drops
Total number of curves 688385
Starting step 20
Analyzing 1 states in spread 7
Analyzing 13 states in spread 8
Analyzing 111 states in spread 9
Analyzing 1510 states in spread 10
Analyzing 11528 states in spread 11
Analyzing 75222 states in spread 12
Analyzing 100000 states in spread 13
Analyzing 100000 states in spread 14
Analyzing 100000 states in spread 15
Finished step 20, minimal spread 6, max spread 16, got 5 drops
Total number of curves 473516
Starting step 21
Analyzing 1 states in spread 6
Analyzing 2 states in spread 7
Analyzing 11 states in spread 8
Analyzing 86 states in spread 9
Analyzing 758 states in spread 10
Analyzing 9304 states in spread 11
Analyzing 63354 states in spread 12
Analyzing 100000 states in spread 13
Analyzing 100000 states in spread 14
Analyzing 100000 states in spread 15
Finished step 21, minimal spread 6, max spread 16, got 8 drops
Total number of curves 457952
Starting step 22
Analyzing 1 states in spread 6
Analyzing 8 states in spread 7
Analyzing 12 states in spread 8
Analyzing 78 states in spread 9
Analyzing 572 states in spread 10
Analyzing 4903 states in spread 11
Analyzing 52378 states in spread 12
Analyzing 100000 states in spread 13
Analyzing 100000 states in spread 14
Analyzing 100000 states in spread 15
Finished step 22, minimal spread 6, max spread 16, got 6 drops
Total number of curves 433615
Starting step 23
Analyzing 1 states in spread 6
Analyzing 9 states in spread 7
Analyzing 42 states in spread 8
Analyzing 73 states in spread 9
Analyzing 491 states in spread 10
Analyzing 3684 states in spread 11
Analyzing 29315 states in spread 12
Analyzing 100000 states in spread 13
Analyzing 100000 states in spread 14
Analyzing 100000 states in spread 15
Finished step 23, minimal spread 6, max spread 16, got 6 drops
Total number of curves 425948
Starting step 24
Analyzing 1 states in spread 6
Analyzing 8 states in spread 7
Analyzing 55 states in spread 8
Analyzing 207 states in spread 9
Analyzing 433 states in spread 10
Analyzing 2979 states in spread 11
Analyzing 22265 states in spread 12
Analyzing 100000 states in spread 13
Analyzing 100000 states in spread 14
Analyzing 100000 states in spread 15
Finished step 24, minimal spread 7, max spread 16, got 6 drops
Total number of curves 421352
Starting step 25
Analyzing 9 states in spread 7
Analyzing 44 states in spread 8
Analyzing 304 states in spread 9
Analyzing 1029 states in spread 10
Analyzing 2515 states in spread 11
Analyzing 17451 states in spread 12
Analyzing 100000 states in spread 13
Analyzing 100000 states in spread 14
Analyzing 100000 states in spread 15
Finished step 25, minimal spread 8, max spread 16, got 7 drops
Total number of curves 413001
Starting step 26
Analyzing 52 states in spread 8
Analyzing 237 states in spread 9
Analyzing 1589 states in spread 10
Analyzing 5186 states in spread 11
Analyzing 14310 states in spread 12
Analyzing 91627 states in spread 13
Analyzing 100000 states in spread 14
Analyzing 100000 states in spread 15
Finished step 26, minimal spread 8, max spread 16, got 5 drops
Total number of curves 412250
Starting step 27
Analyzing 2 states in spread 8
Analyzing 279 states in spread 9
Analyzing 1249 states in spread 10
Analyzing 8110 states in spread 11
Analyzing 26401 states in spread 12
Analyzing 76209 states in spread 13
Analyzing 100000 states in spread 14
Analyzing 100000 states in spread 15
Finished step 27, minimal spread 8, max spread 16, got 8 drops
Total number of curves 448892
Starting step 28
Analyzing 1 states in spread 8
Analyzing 26 states in spread 9
Analyzing 1455 states in spread 10
Analyzing 6499 states in spread 11
Analyzing 40911 states in spread 12
Analyzing 100000 states in spread 13
Analyzing 100000 states in spread 14
Analyzing 100000 states in spread 15
Finished step 28, minimal spread 9, max spread 16, got 7 drops
Total number of curves 441193
Starting step 29
Analyzing 13 states in spread 9
Analyzing 206 states in spread 10
Analyzing 7487 states in spread 11
Analyzing 33487 states in spread 12
Analyzing 100000 states in spread 13
Analyzing 100000 states in spread 14
Analyzing 100000 states in spread 15
Finished step 29, minimal spread 9, max spread 16, got 3 drops
Total number of curves 439787
Starting step 30
Analyzing 3 states in spread 9
Analyzing 103 states in spread 10
Analyzing 1408 states in spread 11
Analyzing 38273 states in spread 12
Analyzing 100000 states in spread 13
Analyzing 100000 states in spread 14
Analyzing 100000 states in spread 15
Finished step 30, minimal spread 10, max spread 16, got 2 drops
Total number of curves 409666
Starting step 31
Analyzing 38 states in spread 10
Analyzing 729 states in spread 11
Analyzing 8899 states in spread 12
Analyzing 100000 states in spread 13
Analyzing 100000 states in spread 14
Analyzing 100000 states in spread 15
Finished step 31, minimal spread 10, max spread 16, got 1 drops
Total number of curves 353148
Starting step 32
Analyzing 11 states in spread 10
Analyzing 339 states in spread 11
Analyzing 4831 states in spread 12
Analyzing 47967 states in spread 13
Analyzing 100000 states in spread 14
Analyzing 100000 states in spread 15
Analyzing 100000 states in spread 16
Finished step 32, minimal spread 10, max spread 17, got 2 drops
Total number of curves 430449
Starting step 33
Analyzing 5 states in spread 10
Analyzing 163 states in spread 11
Analyzing 2508 states in spread 12
Analyzing 27773 states in spread 13
Analyzing 100000 states in spread 14
Analyzing 100000 states in spread 15
Analyzing 100000 states in spread 16
Finished step 33, minimal spread 10, max spread 17, got 1 drops
Total number of curves 417049
Starting step 34
Analyzing 2 states in spread 10
Analyzing 79 states in spread 11
Analyzing 1417 states in spread 12
Analyzing 15551 states in spread 13
Analyzing 100000 states in spread 14
Analyzing 100000 states in spread 15
Analyzing 100000 states in spread 16
Finished step 34, minimal spread 10, max spread 17, got 2 drops
Total number of curves 392117
Starting step 35
Analyzing 2 states in spread 10
Analyzing 38 states in spread 11
Analyzing 716 states in spread 12
Analyzing 9612 states in spread 13
Analyzing 81749 states in spread 14
Analyzing 100000 states in spread 15
Analyzing 100000 states in spread 16
Analyzing 100000 states in spread 17
Finished step 35, minimal spread 10, max spread 18, got 3 drops
Total number of curves 460398
Starting step 36
Analyzing 2 states in spread 10
Analyzing 31 states in spread 11
Analyzing 379 states in spread 12
Analyzing 5187 states in spread 13
Analyzing 54799 states in spread 14
Analyzing 100000 states in spread 15
Analyzing 100000 states in spread 16
Analyzing 100000 states in spread 17
Finished step 36, minimal spread 10, max spread 18, got 2 drops
Total number of curves 435136
Starting step 37
Analyzing 3 states in spread 10
Analyzing 18 states in spread 11
Analyzing 287 states in spread 12
Analyzing 2920 states in spread 13
Analyzing 31908 states in spread 14
Analyzing 100000 states in spread 15
Analyzing 100000 states in spread 16
Analyzing 100000 states in spread 17
Finished step 37, minimal spread 10, max spread 18, got 3 drops
Total number of curves 421347
Starting step 38
Analyzing 1 states in spread 10
Analyzing 29 states in spread 11
Analyzing 135 states in spread 12
Analyzing 2148 states in spread 13
Analyzing 19034 states in spread 14
Analyzing 100000 states in spread 15
Analyzing 100000 states in spread 16
Analyzing 100000 states in spread 17
Finished step 38, minimal spread 10, max spread 18, got 6 drops
Total number of curves 414104
Starting step 39
Analyzing 1 states in spread 10
Analyzing 10 states in spread 11
Analyzing 192 states in spread 12
Analyzing 1030 states in spread 13
Analyzing 13940 states in spread 14
Analyzing 98931 states in spread 15
Analyzing 100000 states in spread 16
Analyzing 100000 states in spread 17
Finished step 39, minimal spread 10, max spread 18, got 10 drops
Total number of curves 384516
Starting step 40
Analyzing 1 states in spread 10
Analyzing 13 states in spread 11
Analyzing 73 states in spread 12
Analyzing 1217 states in spread 13
Analyzing 7101 states in spread 14
Analyzing 76111 states in spread 15
Analyzing 100000 states in spread 16
Analyzing 100000 states in spread 17
Analyzing 100000 states in spread 18
Finished step 40, minimal spread 10, max spread 19, got 9 drops
Total number of curves 450014
Starting step 41
Analyzing 1 states in spread 10
Analyzing 13 states in spread 11
Analyzing 83 states in spread 12
Analyzing 512 states in spread 13
Analyzing 7422 states in spread 14
Analyzing 41983 states in spread 15
Analyzing 100000 states in spread 16
Analyzing 100000 states in spread 17
Analyzing 100000 states in spread 18
Finished step 41, minimal spread 10, max spread 19, got 11 drops
Total number of curves 446136
Starting step 42
Analyzing 2 states in spread 10
Analyzing 8 states in spread 11
Analyzing 90 states in spread 12
Analyzing 503 states in spread 13
Analyzing 3419 states in spread 14
Analyzing 42114 states in spread 15
Analyzing 100000 states in spread 16
Analyzing 100000 states in spread 17
Analyzing 100000 states in spread 18
Finished step 42, minimal spread 10, max spread 19, got 13 drops
Total number of curves 424777
Starting step 43
Analyzing 3 states in spread 10
Analyzing 14 states in spread 11
Analyzing 50 states in spread 12
Analyzing 553 states in spread 13
Analyzing 3002 states in spread 14
Analyzing 21155 states in spread 15
Analyzing 100000 states in spread 16
Analyzing 100000 states in spread 17
Analyzing 100000 states in spread 18
Finished step 43, minimal spread 10, max spread 19, got 10 drops
Total number of curves 421011
Starting step 44
Analyzing 1 states in spread 10
Analyzing 29 states in spread 11
Analyzing 76 states in spread 12
Analyzing 308 states in spread 13
Analyzing 3197 states in spread 14
Analyzing 17400 states in spread 15
Analyzing 100000 states in spread 16
Analyzing 100000 states in spread 17
Analyzing 100000 states in spread 18
Finished step 44, minimal spread 10, max spread 19, got 5 drops
Total number of curves 410350
Starting step 45
Analyzing 1 states in spread 10
Analyzing 8 states in spread 11
Analyzing 182 states in spread 12
Analyzing 411 states in spread 13
Analyzing 1823 states in spread 14
Analyzing 17854 states in spread 15
Analyzing 90071 states in spread 16
Analyzing 100000 states in spread 17
Analyzing 100000 states in spread 18
Finished step 45, minimal spread 11, max spread 19, got 5 drops
Total number of curves 407547
Starting step 46
Analyzing 10 states in spread 11
Analyzing 48 states in spread 12
Analyzing 999 states in spread 13
Analyzing 2212 states in spread 14
Analyzing 10531 states in spread 15
Analyzing 93747 states in spread 16
Analyzing 100000 states in spread 17
Analyzing 100000 states in spread 18
Finished step 46, minimal spread 11, max spread 19, got 4 drops
Total number of curves 375364
Starting step 47
Analyzing 3 states in spread 11
Analyzing 65 states in spread 12
Analyzing 282 states in spread 13
Analyzing 5200 states in spread 14
Analyzing 11885 states in spread 15
Analyzing 57929 states in spread 16
Analyzing 100000 states in spread 17
Analyzing 100000 states in spread 18
Analyzing 100000 states in spread 19
Finished step 47, minimal spread 11, max spread 20, got 2 drops
Total number of curves 491406
Starting step 48
Analyzing 4 states in spread 11
Analyzing 31 states in spread 12
Analyzing 374 states in spread 13
Analyzing 1643 states in spread 14
Analyzing 26475 states in spread 15
Analyzing 62879 states in spread 16
Analyzing 100000 states in spread 17
Analyzing 100000 states in spread 18
Analyzing 100000 states in spread 19
Finished step 48, minimal spread 11, max spread 20, got 4 drops
Total number of curves 511651
Starting step 49
Analyzing 4 states in spread 11
Analyzing 34 states in spread 12
Analyzing 215 states in spread 13
Analyzing 2057 states in spread 14
Analyzing 9341 states in spread 15
Analyzing 100000 states in spread 16
Analyzing 100000 states in spread 17
Analyzing 100000 states in spread 18
Finished step 49, minimal spread 11, max spread 19, got 4 drops
Total number of curves 362013
Starting step 50
Analyzing 1 states in spread 11
Analyzing 38 states in spread 12
Analyzing 203 states in spread 13
Analyzing 1287 states in spread 14
Analyzing 11054 states in spread 15
Analyzing 49430 states in spread 16
Analyzing 100000 states in spread 17
Analyzing 100000 states in spread 18
Analyzing 100000 states in spread 19
Finished step 50, minimal spread 11, max spread 20, got 6 drops
Total number of curves 465863
Starting step 51
Analyzing 1 states in spread 11
Analyzing 10 states in spread 12
Analyzing 239 states in spread 13
Analyzing 1140 states in spread 14
Analyzing 7272 states in spread 15
Analyzing 57201 states in spread 16
Analyzing 100000 states in spread 17
Analyzing 100000 states in spread 18
Analyzing 100000 states in spread 19
Finished step 51, minimal spread 11, max spread 20, got 6 drops
Total number of curves 446876
Starting step 52
Analyzing 1 states in spread 11
Analyzing 11 states in spread 12
Analyzing 75 states in spread 13
Analyzing 1334 states in spread 14
Analyzing 6259 states in spread 15
Analyzing 39196 states in spread 16
Analyzing 100000 states in spread 17
Analyzing 100000 states in spread 18
Analyzing 100000 states in spread 19
Finished step 52, minimal spread 12, max spread 20, got 10 drops
Total number of curves 441286
Starting step 53
Analyzing 11 states in spread 12
Analyzing 82 states in spread 13
Analyzing 470 states in spread 14
Analyzing 7157 states in spread 15
Analyzing 33566 states in spread 16
Analyzing 100000 states in spread 17
Analyzing 100000 states in spread 18
Analyzing 100000 states in spread 19
Finished step 53, minimal spread 12, max spread 20, got 5 drops
Total number of curves 441021
Starting step 54
Analyzing 2 states in spread 12
Analyzing 75 states in spread 13
Analyzing 506 states in spread 14
Analyzing 2835 states in spread 15
Analyzing 37603 states in spread 16
Analyzing 100000 states in spread 17
Analyzing 100000 states in spread 18
Analyzing 100000 states in spread 19
Finished step 54, minimal spread 12, max spread 20, got 6 drops
Total number of curves 419849
Starting step 55
Analyzing 3 states in spread 12
Analyzing 27 states in spread 13
Analyzing 439 states in spread 14
Analyzing 2905 states in spread 15
Analyzing 16475 states in spread 16
Analyzing 100000 states in spread 17
Analyzing 100000 states in spread 18
Analyzing 100000 states in spread 19
Finished step 55, minimal spread 12, max spread 20, got 4 drops
Total number of curves 400491
Starting step 56
Analyzing 1 states in spread 12
Analyzing 34 states in spread 13
Analyzing 211 states in spread 14
Analyzing 2422 states in spread 15
Analyzing 16149 states in spread 16
Analyzing 81674 states in spread 17
Analyzing 100000 states in spread 18
Analyzing 100000 states in spread 19
Finished step 56, minimal spread 13, max spread 20, got 7 drops
Total number of curves 397327
Starting step 57
Analyzing 9 states in spread 13
Analyzing 250 states in spread 14
Analyzing 1407 states in spread 15
Analyzing 13084 states in spread 16
Analyzing 82577 states in spread 17
Analyzing 100000 states in spread 18
Analyzing 100000 states in spread 19
Analyzing 100000 states in spread 20
Finished step 57, minimal spread 13, max spread 21, got 9 drops
Total number of curves 477619
Starting step 58
Analyzing 1 states in spread 13
Analyzing 82 states in spread 14
Analyzing 1564 states in spread 15
Analyzing 8404 states in spread 16
Analyzing 67568 states in spread 17
Analyzing 100000 states in spread 18
Analyzing 100000 states in spread 19
Analyzing 100000 states in spread 20
Finished step 58, minimal spread 14, max spread 21, got 5 drops
Total number of curves 455993
Starting step 59
Analyzing 26 states in spread 14
Analyzing 610 states in spread 15
Analyzing 8929 states in spread 16
Analyzing 46428 states in spread 17
Analyzing 100000 states in spread 18
Analyzing 100000 states in spread 19
Analyzing 100000 states in spread 20
Finished step 59, minimal spread 14, max spread 21, got 2 drops
Total number of curves 452564
Starting step 60
Analyzing 10 states in spread 14
Analyzing 259 states in spread 15
Analyzing 3955 states in spread 16
Analyzing 48340 states in spread 17
Analyzing 100000 states in spread 18
Analyzing 100000 states in spread 19
Analyzing 100000 states in spread 20
Finished step 60, minimal spread 14, max spread 21, got 5 drops
Total number of curves 425822
Starting step 61
Analyzing 6 states in spread 14
Analyzing 124 states in spread 15
Analyzing 1934 states in spread 16
Analyzing 23758 states in spread 17
Analyzing 100000 states in spread 18
Analyzing 100000 states in spread 19
Analyzing 100000 states in spread 20
Finished step 61, minimal spread 14, max spread 21, got 5 drops
Total number of curves 413867
Starting step 62
Analyzing 3 states in spread 14
Analyzing 70 states in spread 15
Analyzing 1040 states in spread 16
Analyzing 12754 states in spread 17
Analyzing 100000 states in spread 18
Analyzing 100000 states in spread 19
Analyzing 100000 states in spread 20
Finished step 62, minimal spread 14, max spread 21, got 7 drops
Total number of curves 375943
Starting step 63
Analyzing 1 states in spread 14
Analyzing 39 states in spread 15
Analyzing 619 states in spread 16
Analyzing 7318 states in spread 17
Analyzing 67966 states in spread 18
Analyzing 100000 states in spread 19
Analyzing 100000 states in spread 20
Analyzing 100000 states in spread 21
Finished step 63, minimal spread 14, max spread 22, got 11 drops
Total number of curves 447281
Starting step 64
Analyzing 1 states in spread 14
Analyzing 25 states in spread 15
Analyzing 368 states in spread 16
Analyzing 4522 states in spread 17
Analyzing 42365 states in spread 18
Analyzing 100000 states in spread 19
Analyzing 100000 states in spread 20
Analyzing 100000 states in spread 21
Finished step 64, minimal spread 13, max spread 22, got 6 drops
Total number of curves 430569
Starting step 65
Analyzing 1 states in spread 13
Analyzing 3 states in spread 14
Analyzing 16 states in spread 15
Analyzing 255 states in spread 16
Analyzing 2729 states in spread 17
Analyzing 27565 states in spread 18
Analyzing 100000 states in spread 19
Analyzing 100000 states in spread 20
Analyzing 100000 states in spread 21
Finished step 65, minimal spread 13, max spread 22, got 3 drops
Total number of curves 419263
Starting step 66
Analyzing 1 states in spread 13
Analyzing 8 states in spread 14
Analyzing 21 states in spread 15
Analyzing 150 states in spread 16
Analyzing 1925 states in spread 17
Analyzing 17158 states in spread 18
Analyzing 100000 states in spread 19
Analyzing 100000 states in spread 20
Analyzing 100000 states in spread 21
Finished step 66, minimal spread 14, max spread 22, got 4 drops
Total number of curves 402617
Starting step 67
Analyzing 8 states in spread 14
Analyzing 42 states in spread 15
Analyzing 145 states in spread 16
Analyzing 1138 states in spread 17
Analyzing 12304 states in spread 18
Analyzing 88980 states in spread 19
Analyzing 100000 states in spread 20
Analyzing 100000 states in spread 21
Finished step 67, minimal spread 14, max spread 22, got 6 drops
Total number of curves 376374
Starting step 68
Analyzing 1 states in spread 14
Analyzing 49 states in spread 15
Analyzing 225 states in spread 16
Analyzing 956 states in spread 17
Analyzing 7512 states in spread 18
Analyzing 67631 states in spread 19
Analyzing 100000 states in spread 20
Analyzing 100000 states in spread 21
Analyzing 100000 states in spread 22
Finished step 68, minimal spread 15, max spread 23, got 3 drops
Total number of curves 450938
Starting step 69
Analyzing 16 states in spread 15
Analyzing 270 states in spread 16
Analyzing 1236 states in spread 17
Analyzing 5958 states in spread 18
Analyzing 43458 states in spread 19
Analyzing 100000 states in spread 20
Analyzing 100000 states in spread 21
Analyzing 100000 states in spread 22
Finished step 69, minimal spread 15, max spread 23, got 4 drops
Total number of curves 442900
Starting step 70
Analyzing 6 states in spread 15
Analyzing 130 states in spread 16
Analyzing 1433 states in spread 17
Analyzing 6801 states in spread 18
Analyzing 34530 states in spread 19
Analyzing 100000 states in spread 20
Analyzing 100000 states in spread 21
Analyzing 100000 states in spread 22
Finished step 70, minimal spread 15, max spread 23, got 6 drops
Total number of curves 445267
Starting step 71
Analyzing 6 states in spread 15
Analyzing 65 states in spread 16
Analyzing 851 states in spread 17
Analyzing 7512 states in spread 18
Analyzing 36833 states in spread 19
Analyzing 100000 states in spread 20
Analyzing 100000 states in spread 21
Analyzing 100000 states in spread 22
Finished step 71, minimal spread 15, max spread 23, got 8 drops
Total number of curves 444689
Starting step 72
Analyzing 4 states in spread 15
Analyzing 59 states in spread 16
Analyzing 465 states in spread 17
Analyzing 5024 states in spread 18
Analyzing 39137 states in spread 19
Analyzing 100000 states in spread 20
Analyzing 100000 states in spread 21
Analyzing 100000 states in spread 22
Finished step 72, minimal spread 15, max spread 23, got 1 drops
Total number of curves 431170
Starting step 73
Analyzing 1 states in spread 15
Analyzing 39 states in spread 16
Analyzing 400 states in spread 17
Analyzing 2858 states in spread 18
Analyzing 27872 states in spread 19
Analyzing 100000 states in spread 20
Analyzing 100000 states in spread 21
Analyzing 100000 states in spread 22
Finished step 73, minimal spread 16, max spread 23, got 10 drops
Total number of curves 419155
Starting step 74
Analyzing 13 states in spread 16
Analyzing 259 states in spread 17
Analyzing 2439 states in spread 18
Analyzing 16444 states in spread 19
Analyzing 100000 states in spread 20
Analyzing 100000 states in spread 21
Analyzing 100000 states in spread 22
Finished step 74, minimal spread 16, max spread 23, got 3 drops
Total number of curves 398730
Starting step 75
Analyzing 5 states in spread 16
Analyzing 112 states in spread 17
Analyzing 1593 states in spread 18
Analyzing 13986 states in spread 19
Analyzing 83034 states in spread 20
Analyzing 100000 states in spread 21
Analyzing 100000 states in spread 22
Analyzing 100000 states in spread 23
Finished step 75, minimal spread 16, max spread 24, got 3 drops
Total number of curves 483740
Starting step 76
Analyzing 2 states in spread 16
Analyzing 60 states in spread 17
Analyzing 833 states in spread 18
Analyzing 9363 states in spread 19
Analyzing 73482 states in spread 20
Analyzing 100000 states in spread 21
Analyzing 100000 states in spread 22
Analyzing 100000 states in spread 23
Finished step 76, minimal spread 16, max spread 24, got 5 drops
Total number of curves 457071
Starting step 77
Analyzing 1 states in spread 16
Analyzing 29 states in spread 17
Analyzing 469 states in spread 18
Analyzing 5525 states in spread 19
Analyzing 51047 states in spread 20
Analyzing 100000 states in spread 21
Analyzing 100000 states in spread 22
Analyzing 100000 states in spread 23
Finished step 77, minimal spread 16, max spread 24, got 3 drops
Total number of curves 436112
Starting step 78
Analyzing 1 states in spread 16
Analyzing 16 states in spread 17
Analyzing 261 states in spread 18
Analyzing 3167 states in spread 19
Analyzing 32667 states in spread 20
Analyzing 100000 states in spread 21
Analyzing 100000 states in spread 22
Analyzing 100000 states in spread 23
Finished step 78, minimal spread 16, max spread 24, got 1 drops
Total number of curves 421569
Starting step 79
Analyzing 1 states in spread 16
Analyzing 9 states in spread 17
Analyzing 159 states in spread 18
Analyzing 1924 states in spread 19
Analyzing 19476 states in spread 20
Analyzing 100000 states in spread 21
Analyzing 100000 states in spread 22
Analyzing 100000 states in spread 23
Finished step 79, minimal spread 17, max spread 24, got 6 drops
Total number of curves 413010
Starting step 80
Analyzing 9 states in spread 17
Analyzing 83 states in spread 18
Analyzing 1262 states in spread 19
Analyzing 12501 states in spread 20
Analyzing 99155 states in spread 21
Analyzing 100000 states in spread 22
Analyzing 100000 states in spread 23
Finished step 80, minimal spread 17, max spread 24, got 9 drops
Total number of curves 378025
Starting step 81
Analyzing 1 states in spread 17
Analyzing 69 states in spread 18
Analyzing 689 states in spread 19
Analyzing 8556 states in spread 20
Analyzing 68710 states in spread 21
Analyzing 100000 states in spread 22
Analyzing 100000 states in spread 23
Analyzing 100000 states in spread 24
Finished step 81, minimal spread 17, max spread 25, got 6 drops
Total number of curves 454971
Starting step 82
Analyzing 1 states in spread 17
Analyzing 20 states in spread 18
Analyzing 516 states in spread 19
Analyzing 4920 states in spread 20
Analyzing 49514 states in spread 21
Analyzing 100000 states in spread 22
Analyzing 100000 states in spread 23
Analyzing 100000 states in spread 24
Finished step 82, minimal spread 17, max spread 25, got 9 drops
Total number of curves 433965
Starting step 83
Analyzing 2 states in spread 17
Analyzing 15 states in spread 18
Analyzing 217 states in spread 19
Analyzing 3535 states in spread 20
Analyzing 30196 states in spread 21
Analyzing 100000 states in spread 22
Analyzing 100000 states in spread 23
Analyzing 100000 states in spread 24
Finished step 83, minimal spread 17, max spread 25, got 10 drops
Total number of curves 423663
Starting step 84
Analyzing 1 states in spread 17
Analyzing 23 states in spread 18
Analyzing 138 states in spread 19
Analyzing 1768 states in spread 20
Analyzing 21733 states in spread 21
Analyzing 100000 states in spread 22
Analyzing 100000 states in spread 23
Analyzing 100000 states in spread 24
Finished step 84, minimal spread 18, max spread 25, got 5 drops
Total number of curves 413360
Starting step 85
Analyzing 10 states in spread 18
Analyzing 168 states in spread 19
Analyzing 1075 states in spread 20
Analyzing 12107 states in spread 21
Analyzing 100000 states in spread 22
Analyzing 100000 states in spread 23
Analyzing 100000 states in spread 24
Finished step 85, minimal spread 18, max spread 25, got 6 drops
Total number of curves 376575
Starting step 86
Analyzing 2 states in spread 18
Analyzing 81 states in spread 19
Analyzing 1072 states in spread 20
Analyzing 7404 states in spread 21
Analyzing 68016 states in spread 22
Analyzing 100000 states in spread 23
Analyzing 100000 states in spread 24
Analyzing 100000 states in spread 25
Finished step 86, minimal spread 19, max spread 26, got 7 drops
Total number of curves 450886
Starting step 87
Analyzing 32 states in spread 19
Analyzing 591 states in spread 20
Analyzing 6538 states in spread 21
Analyzing 43725 states in spread 22
Analyzing 100000 states in spread 23
Analyzing 100000 states in spread 24
Analyzing 100000 states in spread 25
Finished step 87, minimal spread 18, max spread 26, got 9 drops
Total number of curves 441493
Starting step 88
Analyzing 1 states in spread 18
Analyzing 15 states in spread 19
Analyzing 300 states in spread 20
Analyzing 3920 states in spread 21
Analyzing 37257 states in spread 22
Analyzing 100000 states in spread 23
Analyzing 100000 states in spread 24
Analyzing 100000 states in spread 25
Finished step 88, minimal spread 17, max spread 26, got 7 drops
Total number of curves 426045
Starting step 89
Analyzing 1 states in spread 17
Analyzing 3 states in spread 18
Analyzing 17 states in spread 19
Analyzing 183 states in spread 20
Analyzing 2243 states in spread 21
Analyzing 23598 states in spread 22
Analyzing 100000 states in spread 23
Analyzing 100000 states in spread 24
Analyzing 100000 states in spread 25
Finished step 89, minimal spread 17, max spread 26, got 1 drops
Total number of curves 416185
Starting step 90
Analyzing 1 states in spread 17
Analyzing 8 states in spread 18
Analyzing 25 states in spread 19
Analyzing 152 states in spread 20
Analyzing 1481 states in spread 21
Analyzing 14518 states in spread 22
Analyzing 100000 states in spread 23
Analyzing 100000 states in spread 24
Analyzing 100000 states in spread 25
Finished step 90, minimal spread 18, max spread 26, got 5 drops
Total number of curves 389187
Starting step 91
Analyzing 9 states in spread 18
Analyzing 47 states in spread 19
Analyzing 173 states in spread 20
Analyzing 1096 states in spread 21
Analyzing 9900 states in spread 22
Analyzing 77962 states in spread 23
Analyzing 100000 states in spread 24
Analyzing 100000 states in spread 25
Analyzing 100000 states in spread 26
Finished step 91, minimal spread 19, max spread 27, got 7 drops
Total number of curves 464539
Starting step 92
Analyzing 55 states in spread 19
Analyzing 268 states in spread 20
Analyzing 1077 states in spread 21
Analyzing 7055 states in spread 22
Analyzing 56084 states in spread 23
Analyzing 100000 states in spread 24
Analyzing 100000 states in spread 25
Analyzing 100000 states in spread 26
Finished step 92, minimal spread 19, max spread 27, got 7 drops
Total number of curves 448982
Starting step 93
Analyzing 4 states in spread 19
Analyzing 303 states in spread 20
Analyzing 1476 states in spread 21
Analyzing 6464 states in spread 22
Analyzing 40735 states in spread 23
Analyzing 100000 states in spread 24
Analyzing 100000 states in spread 25
Analyzing 100000 states in spread 26
Finished step 93, minimal spread 19, max spread 27, got 12 drops
Total number of curves 446493
Starting step 94
Analyzing 3 states in spread 19
Analyzing 49 states in spread 20
Analyzing 1610 states in spread 21
Analyzing 8036 states in spread 22
Analyzing 36795 states in spread 23
Analyzing 100000 states in spread 24
Analyzing 100000 states in spread 25
Analyzing 100000 states in spread 26
Finished step 94, minimal spread 19, max spread 27, got 10 drops
Total number of curves 451926
Starting step 95
Analyzing 1 states in spread 19
Analyzing 34 states in spread 20
Analyzing 368 states in spread 21
Analyzing 8490 states in spread 22
Analyzing 43033 states in spread 23
Analyzing 100000 states in spread 24
Analyzing 100000 states in spread 25
Analyzing 100000 states in spread 26
Finished step 95, minimal spread 19, max spread 27, got 15 drops
Total number of curves 447209
Starting step 96
Analyzing 1 states in spread 19
Analyzing 12 states in spread 20
Analyzing 252 states in spread 21
Analyzing 2426 states in spread 22
Analyzing 44518 states in spread 23
Analyzing 100000 states in spread 24
Analyzing 100000 states in spread 25
Analyzing 100000 states in spread 26
Finished step 96, minimal spread 19, max spread 27, got 11 drops
Total number of curves 416676
Starting step 97
Analyzing 1 states in spread 19
Analyzing 9 states in spread 20
Analyzing 102 states in spread 21
Analyzing 1660 states in spread 22
Analyzing 14904 states in spread 23
Analyzing 100000 states in spread 24
Analyzing 100000 states in spread 25
Analyzing 100000 states in spread 26
Finished step 97, minimal spread 20, max spread 27, got 5 drops
Total number of curves 387659
Starting step 98
Analyzing 7 states in spread 20
Analyzing 61 states in spread 21
Analyzing 767 states in spread 22
Analyzing 10265 states in spread 23
Analyzing 76559 states in spread 24
Analyzing 100000 states in spread 25
Analyzing 100000 states in spread 26
Analyzing 100000 states in spread 27
Finished step 98, minimal spread 20, max spread 28, got 5 drops
Total number of curves 461362
Starting step 99
Analyzing 1 states in spread 20
Analyzing 46 states in spread 21
Analyzing 434 states in spread 22
Analyzing 5197 states in spread 23
Analyzing 55684 states in spread 24
Analyzing 100000 states in spread 25
Analyzing 100000 states in spread 26
Analyzing 100000 states in spread 27
Finished step 99, minimal spread 21, max spread 28, got 3 drops
Total number of curves 433879
Starting step 100
Analyzing 19 states in spread 21
Analyzing 303 states in spread 22
Analyzing 2950 states in spread 23
Analyzing 30607 states in spread 24
Analyzing 100000 states in spread 25
Analyzing 100000 states in spread 26
Analyzing 100000 states in spread 27
Finished step 100, minimal spread 21, max spread 28, got 12 drops
Total number of curves 420325
Starting step 101
Analyzing 8 states in spread 21
Analyzing 181 states in spread 22
Analyzing 1984 states in spread 23
Analyzing 18152 states in spread 24
Analyzing 100000 states in spread 25
Analyzing 100000 states in spread 26
Analyzing 100000 states in spread 27
Finished step 101, minimal spread 21, max spread 28, got 11 drops
Total number of curves 407909
Starting step 102
Analyzing 6 states in spread 21
Analyzing 102 states in spread 22
Analyzing 1350 states in spread 23
Analyzing 12173 states in spread 24
Analyzing 94278 states in spread 25
Analyzing 100000 states in spread 26
Analyzing 100000 states in spread 27
Finished step 102, minimal spread 21, max spread 28, got 8 drops
Total number of curves 375747
Starting step 103
Analyzing 4 states in spread 21
Analyzing 72 states in spread 22
Analyzing 835 states in spread 23
Analyzing 8688 states in spread 24
Analyzing 66148 states in spread 25
Analyzing 100000 states in spread 26
Analyzing 100000 states in spread 27
Analyzing 100000 states in spread 28
Finished step 103, minimal spread 21, max spread 29, got 5 drops
Total number of curves 455731
Starting step 104
Analyzing 2 states in spread 21
Analyzing 53 states in spread 22
Analyzing 580 states in spread 23
Analyzing 5642 states in spread 24
Analyzing 49454 states in spread 25
Analyzing 100000 states in spread 26
Analyzing 100000 states in spread 27
Analyzing 100000 states in spread 28
Finished step 104, minimal spread 22, max spread 29, got 5 drops
Total number of curves 437901
Starting step 105
Analyzing 28 states in spread 22
Analyzing 422 states in spread 23
Analyzing 3931 states in spread 24
Analyzing 33520 states in spread 25
Analyzing 100000 states in spread 26
Analyzing 100000 states in spread 27
Analyzing 100000 states in spread 28
Finished step 105, minimal spread 22, max spread 29, got 7 drops
Total number of curves 426881
Starting step 106
Analyzing 10 states in spread 22
Analyzing 244 states in spread 23
Analyzing 2779 states in spread 24
Analyzing 23848 states in spread 25
Analyzing 100000 states in spread 26
Analyzing 100000 states in spread 27
Analyzing 100000 states in spread 28
Finished step 106, minimal spread 22, max spread 29, got 10 drops
Total number of curves 418603
Starting step 107
Analyzing 8 states in spread 22
Analyzing 117 states in spread 23
Analyzing 1743 states in spread 24
Analyzing 16735 states in spread 25
Analyzing 100000 states in spread 26
Analyzing 100000 states in spread 27
Analyzing 100000 states in spread 28
Finished step 107, minimal spread 22, max spread 29, got 12 drops
Total number of curves 400159
Starting step 108
Analyzing 3 states in spread 22
Analyzing 94 states in spread 23
Analyzing 963 states in spread 24
Analyzing 11079 states in spread 25
Analyzing 88020 states in spread 26
Analyzing 100000 states in spread 27
Analyzing 100000 states in spread 28
Finished step 108, minimal spread 22, max spread 29, got 12 drops
Total number of curves 369261
Starting step 109
Analyzing 2 states in spread 22
Analyzing 40 states in spread 23
Analyzing 735 states in spread 24
Analyzing 6687 states in spread 25
Analyzing 61797 states in spread 26
Analyzing 100000 states in spread 27
Analyzing 100000 states in spread 28
Analyzing 100000 states in spread 29
Finished step 109, minimal spread 22, max spread 30, got 7 drops
Total number of curves 445123
Starting step 110
Analyzing 1 states in spread 22
Analyzing 28 states in spread 23
Analyzing 339 states in spread 24
Analyzing 4896 states in spread 25
Analyzing 39859 states in spread 26
Analyzing 100000 states in spread 27
Analyzing 100000 states in spread 28
Analyzing 100000 states in spread 29
Finished step 110, minimal spread 23, max spread 30, got 10 drops
Total number of curves 432016
Starting step 111
Analyzing 9 states in spread 23
Analyzing 245 states in spread 24
Analyzing 2487 states in spread 25
Analyzing 29275 states in spread 26
Analyzing 100000 states in spread 27
Analyzing 100000 states in spread 28
Analyzing 100000 states in spread 29
Finished step 111, minimal spread 23, max spread 30, got 14 drops
Total number of curves 418002
Starting step 112
Analyzing 2 states in spread 23
Analyzing 95 states in spread 24
Analyzing 1796 states in spread 25
Analyzing 16109 states in spread 26
Analyzing 100000 states in spread 27
Analyzing 100000 states in spread 28
Analyzing 100000 states in spread 29
Finished step 112, minimal spread 24, max spread 30, got 11 drops
Total number of curves 396136
Starting step 113
Analyzing 41 states in spread 24
Analyzing 828 states in spread 25
Analyzing 11670 states in spread 26
Analyzing 83597 states in spread 27
Analyzing 100000 states in spread 28
Analyzing 100000 states in spread 29
Analyzing 100000 states in spread 30
Finished step 113, minimal spread 24, max spread 31, got 9 drops
Total number of curves 470559
Starting step 114
Analyzing 13 states in spread 24
Analyzing 442 states in spread 25
Analyzing 5959 states in spread 26
Analyzing 64145 states in spread 27
Analyzing 100000 states in spread 28
Analyzing 100000 states in spread 29
Analyzing 100000 states in spread 30
Finished step 114, minimal spread 23, max spread 31, got 10 drops
Total number of curves 439363
Starting step 115
Analyzing 1 states in spread 23
Analyzing 11 states in spread 24
Analyzing 206 states in spread 25
Analyzing 3403 states in spread 26
Analyzing 35742 states in spread 27
Analyzing 100000 states in spread 28
Analyzing 100000 states in spread 29
Analyzing 100000 states in spread 30
Finished step 115, minimal spread 23, max spread 31, got 10 drops
Total number of curves 423589
Starting step 116
Analyzing 1 states in spread 23
Analyzing 15 states in spread 24
Analyzing 131 states in spread 25
Analyzing 1867 states in spread 26
Analyzing 21575 states in spread 27
Analyzing 100000 states in spread 28
Analyzing 100000 states in spread 29
Analyzing 100000 states in spread 30
Finished step 116, minimal spread 23, max spread 31, got 17 drops
Total number of curves 414266
Starting step 117
Analyzing 2 states in spread 23
Analyzing 14 states in spread 24
Analyzing 134 states in spread 25
Analyzing 1109 states in spread 26
Analyzing 13007 states in spread 27
Analyzing 100000 states in spread 28
Analyzing 100000 states in spread 29
Analyzing 100000 states in spread 30
Finished step 117, minimal spread 23, max spread 31, got 8 drops
Total number of curves 380301
Starting step 118
Analyzing 1 states in spread 23
Analyzing 22 states in spread 24
Analyzing 110 states in spread 25
Analyzing 976 states in spread 26
Analyzing 7824 states in spread 27
Analyzing 71368 states in spread 28
Analyzing 100000 states in spread 29
Analyzing 100000 states in spread 30
Analyzing 100000 states in spread 31
Finished step 118, minimal spread 23, max spread 32, got 8 drops
Total number of curves 453053
Starting step 119
Analyzing 1 states in spread 23
Analyzing 11 states in spread 24
Analyzing 157 states in spread 25
Analyzing 754 states in spread 26
Analyzing 6379 states in spread 27
Analyzing 45751 states in spread 28
Analyzing 100000 states in spread 29
Analyzing 100000 states in spread 30
Analyzing 100000 states in spread 31
Finished step 119, minimal spread 24, max spread 32, got 8 drops
Total number of curves 442938
Starting step 120
Analyzing 7 states in spread 24
Analyzing 83 states in spread 25
Analyzing 974 states in spread 26
Analyzing 4767 states in spread 27
Analyzing 37107 states in spread 28
Analyzing 100000 states in spread 29
Analyzing 100000 states in spread 30
Analyzing 100000 states in spread 31
Finished step 120, minimal spread 25, max spread 32, got 3 drops
Total number of curves 434147
Starting step 121
Analyzing 51 states in spread 25
Analyzing 557 states in spread 26
Analyzing 5603 states in spread 27
Analyzing 27936 states in spread 28
Analyzing 100000 states in spread 29
Analyzing 100000 states in spread 30
Analyzing 100000 states in spread 31
Finished step 121, minimal spread 25, max spread 32, got 9 drops
Total number of curves 434589
Starting step 122
Analyzing 11 states in spread 25
Analyzing 354 states in spread 26
Analyzing 3406 states in spread 27
Analyzing 30818 states in spread 28
Analyzing 100000 states in spread 29
Analyzing 100000 states in spread 30
Analyzing 100000 states in spread 31
Finished step 122, minimal spread 25, max spread 32, got 12 drops
Total number of curves 422002
Starting step 123
Analyzing 4 states in spread 25
Analyzing 132 states in spread 26
Analyzing 2219 states in spread 27
Analyzing 19647 states in spread 28
Analyzing 100000 states in spread 29
Analyzing 100000 states in spread 30
Analyzing 100000 states in spread 31
Finished step 123, minimal spread 25, max spread 32, got 5 drops
Total number of curves 414224
Starting step 124
Analyzing 2 states in spread 25
Analyzing 52 states in spread 26
Analyzing 1030 states in spread 27
Analyzing 13140 states in spread 28
Analyzing 100000 states in spread 29
Analyzing 100000 states in spread 30
Analyzing 100000 states in spread 31
Finished step 124, minimal spread 25, max spread 32, got 3 drops
Total number of curves 378238
Starting step 125
Analyzing 1 states in spread 25
Analyzing 30 states in spread 26
Analyzing 459 states in spread 27
Analyzing 6873 states in spread 28
Analyzing 70875 states in spread 29
Analyzing 100000 states in spread 30
Analyzing 100000 states in spread 31
Analyzing 100000 states in spread 32
Finished step 125, minimal spread 25, max spread 33, got 5 drops
Total number of curves 444070
Starting step 126
Analyzing 2 states in spread 25
Analyzing 12 states in spread 26
Analyzing 275 states in spread 27
Analyzing 3391 states in spread 28
Analyzing 40390 states in spread 29
Analyzing 100000 states in spread 30
Analyzing 100000 states in spread 31
Analyzing 100000 states in spread 32
Finished step 126, minimal spread 25, max spread 33, got 6 drops
Total number of curves 423837
Starting step 127
Analyzing 1 states in spread 25
Analyzing 15 states in spread 26
Analyzing 126 states in spread 27
Analyzing 2112 states in spread 28
Analyzing 21583 states in spread 29
Analyzing 100000 states in spread 30
Analyzing 100000 states in spread 31
Analyzing 100000 states in spread 32
Finished step 127, minimal spread 26, max spread 33, got 6 drops
Total number of curves 415117
Starting step 128
Analyzing 7 states in spread 26
Analyzing 113 states in spread 27
Analyzing 1092 states in spread 28
Analyzing 13905 states in spread 29
Analyzing 100000 states in spread 30
Analyzing 100000 states in spread 31
Analyzing 100000 states in spread 32
Finished step 128, minimal spread 26, max spread 33, got 5 drops
Total number of curves 383598
Starting step 129
Analyzing 1 states in spread 26
Analyzing 65 states in spread 27
Analyzing 813 states in spread 28
Analyzing 7772 states in spread 29
Analyzing 74947 states in spread 30
Analyzing 100000 states in spread 31
Analyzing 100000 states in spread 32
Analyzing 100000 states in spread 33
Finished step 129, minimal spread 26, max spread 34, got 6 drops
Total number of curves 451601
Starting step 130
Analyzing 1 states in spread 26
Analyzing 20 states in spread 27
Analyzing 521 states in spread 28
Analyzing 5357 states in spread 29
Analyzing 45702 states in spread 30
Analyzing 100000 states in spread 31
Analyzing 100000 states in spread 32
Analyzing 100000 states in spread 33
Finished step 130, minimal spread 27, max spread 34, got 4 drops
Total number of curves 435530
Starting step 131
Analyzing 10 states in spread 27
Analyzing 210 states in spread 28
Analyzing 3625 states in spread 29
Analyzing 31685 states in spread 30
Analyzing 100000 states in spread 31
Analyzing 100000 states in spread 32
Analyzing 100000 states in spread 33
Finished step 131, minimal spread 27, max spread 34, got 7 drops
Total number of curves 424021
Starting step 132
Analyzing 2 states in spread 27
Analyzing 117 states in spread 28
Analyzing 1693 states in spread 29
Analyzing 22209 states in spread 30
Analyzing 100000 states in spread 31
Analyzing 100000 states in spread 32
Analyzing 100000 states in spread 33
Finished step 132, minimal spread 27, max spread 34, got 10 drops
Total number of curves 412403
Starting step 133
Analyzing 4 states in spread 27
Analyzing 49 states in spread 28
Analyzing 1033 states in spread 29
Analyzing 11317 states in spread 30
Analyzing 100000 states in spread 31
Analyzing 100000 states in spread 32
Analyzing 100000 states in spread 33
Finished step 133, minimal spread 27, max spread 34, got 10 drops
Total number of curves 369765
Starting step 134
Analyzing 4 states in spread 27
Analyzing 47 states in spread 28
Analyzing 515 states in spread 29
Analyzing 7334 states in spread 30
Analyzing 61865 states in spread 31
Analyzing 100000 states in spread 32
Analyzing 100000 states in spread 33
Analyzing 100000 states in spread 34
Finished step 134, minimal spread 28, max spread 35, got 7 drops
Total number of curves 447337
Starting step 135
Analyzing 32 states in spread 28
Analyzing 408 states in spread 29
Analyzing 4051 states in spread 30
Analyzing 42846 states in spread 31
Analyzing 100000 states in spread 32
Analyzing 100000 states in spread 33
Analyzing 100000 states in spread 34
Finished step 135, minimal spread 28, max spread 35, got 4 drops
Total number of curves 428867
Starting step 136
Analyzing 7 states in spread 28
Analyzing 244 states in spread 29
Analyzing 2995 states in spread 30
Analyzing 25621 states in spread 31
Analyzing 100000 states in spread 32
Analyzing 100000 states in spread 33
Analyzing 100000 states in spread 34
Finished step 136, minimal spread 28, max spread 35, got 10 drops
Total number of curves 420718
Starting step 137
Analyzing 6 states in spread 28
Analyzing 105 states in spread 29
Analyzing 1803 states in spread 30
Analyzing 18804 states in spread 31
Analyzing 100000 states in spread 32
Analyzing 100000 states in spread 33
Analyzing 100000 states in spread 34
Finished step 137, minimal spread 28, max spread 35, got 10 drops
Total number of curves 410243
Starting step 138
Analyzing 3 states in spread 28
Analyzing 83 states in spread 29
Analyzing 958 states in spread 30
Analyzing 11761 states in spread 31
Analyzing 97438 states in spread 32
Analyzing 100000 states in spread 33
Analyzing 100000 states in spread 34
Finished step 138, minimal spread 28, max spread 35, got 15 drops
Total number of curves 372763
Starting step 139
Analyzing 2 states in spread 28
Analyzing 44 states in spread 29
Analyzing 729 states in spread 30
Analyzing 6855 states in spread 31
Analyzing 65133 states in spread 32
Analyzing 100000 states in spread 33
Analyzing 100000 states in spread 34
Analyzing 100000 states in spread 35
Finished step 139, minimal spread 28, max spread 36, got 8 drops
Total number of curves 446668
Starting step 140
Analyzing 2 states in spread 28
Analyzing 29 states in spread 29
Analyzing 405 states in spread 30
Analyzing 5111 states in spread 31
Analyzing 41121 states in spread 32
Analyzing 100000 states in spread 33
Analyzing 100000 states in spread 34
Analyzing 100000 states in spread 35
Finished step 140, minimal spread 28, max spread 36, got 6 drops
Total number of curves 434268
Starting step 141
Analyzing 1 states in spread 28
Analyzing 27 states in spread 29
Analyzing 265 states in spread 30
Analyzing 2976 states in spread 31
Analyzing 30999 states in spread 32
Analyzing 100000 states in spread 33
Analyzing 100000 states in spread 34
Analyzing 100000 states in spread 35
Finished step 141, minimal spread 28, max spread 36, got 9 drops
Total number of curves 421207
Starting step 142
Analyzing 1 states in spread 28
Analyzing 15 states in spread 29
Analyzing 233 states in spread 30
Analyzing 1965 states in spread 31
Analyzing 18993 states in spread 32
Analyzing 100000 states in spread 33
Analyzing 100000 states in spread 34
Analyzing 100000 states in spread 35
Finished step 142, minimal spread 29, max spread 36, got 8 drops
Total number of curves 412536
Starting step 143
Analyzing 10 states in spread 29
Analyzing 140 states in spread 30
Analyzing 1630 states in spread 31
Analyzing 12766 states in spread 32
Analyzing 97990 states in spread 33
Analyzing 100000 states in spread 34
Analyzing 100000 states in spread 35
Finished step 143, minimal spread 29, max spread 36, got 4 drops
Total number of curves 381360
Starting step 144
Analyzing 3 states in spread 29
Analyzing 84 states in spread 30
Analyzing 1004 states in spread 31
Analyzing 10277 states in spread 32
Analyzing 69992 states in spread 33
Analyzing 100000 states in spread 34
Analyzing 100000 states in spread 35
Analyzing 100000 states in spread 36
Finished step 144, minimal spread 29, max spread 37, got 6 drops
Total number of curves 464840
Starting step 145
Analyzing 3 states in spread 29
Analyzing 32 states in spread 30
Analyzing 613 states in spread 31
Analyzing 6537 states in spread 32
Analyzing 57655 states in spread 33
Analyzing 100000 states in spread 34
Analyzing 100000 states in spread 35
Analyzing 100000 states in spread 36
Finished step 145, minimal spread 29, max spread 37, got 7 drops
Total number of curves 442922
Starting step 146
Analyzing 3 states in spread 29
Analyzing 33 states in spread 30
Analyzing 267 states in spread 31
Analyzing 4113 states in spread 32
Analyzing 38506 states in spread 33
Analyzing 100000 states in spread 34
Analyzing 100000 states in spread 35
Analyzing 100000 states in spread 36
Finished step 146, minimal spread 29, max spread 37, got 10 drops
Total number of curves 427481
Starting step 147
Analyzing 1 states in spread 29
Analyzing 33 states in spread 30
Analyzing 260 states in spread 31
Analyzing 1973 states in spread 32
Analyzing 25214 states in spread 33
Analyzing 100000 states in spread 34
Analyzing 100000 states in spread 35
Analyzing 100000 states in spread 36
Finished step 147, minimal spread 30, max spread 37, got 3 drops
Total number of curves 415152
Starting step 148
Analyzing 12 states in spread 30
Analyzing 246 states in spread 31
Analyzing 1769 states in spread 32
Analyzing 13125 states in spread 33
Analyzing 100000 states in spread 34
Analyzing 100000 states in spread 35
Analyzing 100000 states in spread 36
Finished step 148, minimal spread 30, max spread 37, got 8 drops
Total number of curves 382711
Starting step 149
Analyzing 4 states in spread 30
Analyzing 110 states in spread 31
Analyzing 1573 states in spread 32
Analyzing 11159 states in spread 33
Analyzing 69865 states in spread 34
Analyzing 100000 states in spread 35
Analyzing 100000 states in spread 36
Analyzing 100000 states in spread 37
Finished step 149, minimal spread 29, max spread 38, got 14 drops
Total number of curves 471451
Starting step 150
Analyzing 1 states in spread 29
Analyzing 5 states in spread 30
Analyzing 64 states in spread 31
Analyzing 809 states in spread 32
Analyzing 9419 states in spread 33
Analyzing 61153 states in spread 34
Analyzing 100000 states in spread 35
Analyzing 100000 states in spread 36
Analyzing 100000 states in spread 37
Finished step 150, minimal spread 30, max spread 38, got 10 drops
Total number of curves 457743
Starting step 151
Analyzing 12 states in spread 30
Analyzing 47 states in spread 31
Analyzing 532 states in spread 32
Analyzing 5314 states in spread 33
Analyzing 51838 states in spread 34
Analyzing 100000 states in spread 35
Analyzing 100000 states in spread 36
Analyzing 100000 states in spread 37
Finished step 151, minimal spread 30, max spread 38, got 4 drops
Total number of curves 435377
Starting step 152
Analyzing 2 states in spread 30
Analyzing 81 states in spread 31
Analyzing 344 states in spread 32
Analyzing 3602 states in spread 33
Analyzing 31348 states in spread 34
Analyzing 100000 states in spread 35
Analyzing 100000 states in spread 36
Analyzing 100000 states in spread 37
Finished step 152, minimal spread 30, max spread 38, got 7 drops
Total number of curves 424572
Starting step 153
Analyzing 1 states in spread 30
Analyzing 23 states in spread 31
Analyzing 493 states in spread 32
Analyzing 2309 states in spread 33
Analyzing 21746 states in spread 34
Analyzing 100000 states in spread 35
Analyzing 100000 states in spread 36
Analyzing 100000 states in spread 37
Finished step 153, minimal spread 31, max spread 38, got 4 drops
Total number of curves 417372
Starting step 154
Analyzing 14 states in spread 31
Analyzing 182 states in spread 32
Analyzing 2886 states in spread 33
Analyzing 14290 states in spread 34
Analyzing 100000 states in spread 35
Analyzing 100000 states in spread 36
Analyzing 100000 states in spread 37
Finished step 154, minimal spread 31, max spread 38, got 5 drops
Total number of curves 393341
Starting step 155
Analyzing 3 states in spread 31
Analyzing 126 states in spread 32
Analyzing 1255 states in spread 33
Analyzing 16288 states in spread 34
Analyzing 75669 states in spread 35
Analyzing 100000 states in spread 36
Analyzing 100000 states in spread 37
Analyzing 100000 states in spread 38
Finished step 155, minimal spread 31, max spread 39, got 6 drops
Total number of curves 494512
Starting step 156
Analyzing 4 states in spread 31
Analyzing 47 states in spread 32
Analyzing 924 states in spread 33
Analyzing 7902 states in spread 34
Analyzing 85635 states in spread 35
Analyzing 100000 states in spread 36
Analyzing 100000 states in spread 37
Analyzing 100000 states in spread 38
Finished step 156, minimal spread 31, max spread 39, got 4 drops
Total number of curves 451429
Starting step 157
Analyzing 2 states in spread 31
Analyzing 45 states in spread 32
Analyzing 425 states in spread 33
Analyzing 5962 states in spread 34
Analyzing 44995 states in spread 35
Analyzing 100000 states in spread 36
Analyzing 100000 states in spread 37
Analyzing 100000 states in spread 38
Finished step 157, minimal spread 32, max spread 39, got 5 drops
Total number of curves 438183
Starting step 158
Analyzing 22 states in spread 32
Analyzing 331 states in spread 33
Analyzing 3089 states in spread 34
Analyzing 34741 states in spread 35
Analyzing 100000 states in spread 36
Analyzing 100000 states in spread 37
Analyzing 100000 states in spread 38
Finished step 158, minimal spread 32, max spread 39, got 10 drops
Total number of curves 421821
Starting step 159
Analyzing 4 states in spread 32
Analyzing 189 states in spread 33
Analyzing 2189 states in spread 34
Analyzing 19439 states in spread 35
Analyzing 100000 states in spread 36
Analyzing 100000 states in spread 37
Analyzing 100000 states in spread 38
Finished step 159, minimal spread 31, max spread 39, got 14 drops
Total number of curves 412111
Starting step 160
Analyzing 1 states in spread 31
Analyzing 3 states in spread 32
Analyzing 60 states in spread 33
Analyzing 1391 states in spread 34
Analyzing 13400 states in spread 35
Analyzing 97256 states in spread 36
Analyzing 100000 states in spread 37
Analyzing 100000 states in spread 38
Finished step 160, minimal spread 31, max spread 39, got 7 drops
Total number of curves 380487
Starting step 161
Analyzing 2 states in spread 31
Analyzing 8 states in spread 32
Analyzing 42 states in spread 33
Analyzing 563 states in spread 34
Analyzing 9015 states in spread 35
Analyzing 70857 states in spread 36
Analyzing 100000 states in spread 37
Analyzing 100000 states in spread 38
Analyzing 100000 states in spread 39
Finished step 161, minimal spread 31, max spread 40, got 3 drops
Total number of curves 455167
Starting step 162
Analyzing 3 states in spread 31
Analyzing 16 states in spread 32
Analyzing 58 states in spread 33
Analyzing 400 states in spread 34
Analyzing 4166 states in spread 35
Analyzing 50524 states in spread 36
Analyzing 100000 states in spread 37
Analyzing 100000 states in spread 38
Analyzing 100000 states in spread 39
Finished step 162, minimal spread 32, max spread 40, got 4 drops
Total number of curves 429294
Starting step 163
Analyzing 28 states in spread 32
Analyzing 94 states in spread 33
Analyzing 420 states in spread 34
Analyzing 2975 states in spread 35
Analyzing 25777 states in spread 36
Analyzing 100000 states in spread 37
Analyzing 100000 states in spread 38
Analyzing 100000 states in spread 39
Finished step 163, minimal spread 32, max spread 40, got 4 drops
Total number of curves 422282
Starting step 164
Analyzing 3 states in spread 32
Analyzing 167 states in spread 33
Analyzing 566 states in spread 34
Analyzing 2746 states in spread 35
Analyzing 18800 states in spread 36
Analyzing 100000 states in spread 37
Analyzing 100000 states in spread 38
Analyzing 100000 states in spread 39
Finished step 164, minimal spread 32, max spread 40, got 2 drops
Total number of curves 418210
Starting step 165
Analyzing 5 states in spread 32
Analyzing 34 states in spread 33
Analyzing 911 states in spread 34
Analyzing 3293 states in spread 35
Analyzing 16434 states in spread 36
Analyzing 97533 states in spread 37
Analyzing 100000 states in spread 38
Analyzing 100000 states in spread 39
Finished step 165, minimal spread 32, max spread 40, got 3 drops
Total number of curves 411115
Starting step 166
Analyzing 2 states in spread 32
Analyzing 49 states in spread 33
Analyzing 272 states in spread 34
Analyzing 4830 states in spread 35
Analyzing 18325 states in spread 36
Analyzing 87637 states in spread 37
Analyzing 100000 states in spread 38
Analyzing 100000 states in spread 39
Finished step 166, minimal spread 32, max spread 40, got 3 drops
Total number of curves 424211
Starting step 167
Analyzing 1 states in spread 32
Analyzing 19 states in spread 33
Analyzing 327 states in spread 34
Analyzing 1828 states in spread 35
Analyzing 25224 states in spread 36
Analyzing 96812 states in spread 37
Analyzing 100000 states in spread 38
Analyzing 100000 states in spread 39
Finished step 167, minimal spread 33, max spread 40, got 6 drops
Total number of curves 413218
Starting step 168
Analyzing 12 states in spread 33
Analyzing 135 states in spread 34
Analyzing 1945 states in spread 35
Analyzing 11126 states in spread 36
Analyzing 100000 states in spread 37
Analyzing 100000 states in spread 38
Analyzing 100000 states in spread 39
Finished step 168, minimal spread 33, max spread 40, got 8 drops
Total number of curves 373367
Starting step 169
Analyzing 5 states in spread 33
Analyzing 86 states in spread 34
Analyzing 874 states in spread 35
Analyzing 11070 states in spread 36
Analyzing 61332 states in spread 37
Analyzing 100000 states in spread 38
Analyzing 100000 states in spread 39
Analyzing 100000 states in spread 40
Finished step 169, minimal spread 34, max spread 41, got 8 drops
Total number of curves 465996
Starting step 170
Analyzing 55 states in spread 34
Analyzing 566 states in spread 35
Analyzing 5445 states in spread 36
Analyzing 59930 states in spread 37
Analyzing 100000 states in spread 38
Analyzing 100000 states in spread 39
Analyzing 100000 states in spread 40
Finished step 170, minimal spread 34, max spread 41, got 8 drops
Total number of curves 435852
Starting step 171
Analyzing 13 states in spread 34
Analyzing 419 states in spread 35
Analyzing 3586 states in spread 36
Analyzing 31834 states in spread 37
Analyzing 100000 states in spread 38
Analyzing 100000 states in spread 39
Analyzing 100000 states in spread 40
Finished step 171, minimal spread 34, max spread 41, got 5 drops
Total number of curves 424329
Starting step 172
Analyzing 8 states in spread 34
Analyzing 167 states in spread 35
Analyzing 2732 states in spread 36
Analyzing 21422 states in spread 37
Analyzing 100000 states in spread 38
Analyzing 100000 states in spread 39
Analyzing 100000 states in spread 40
Finished step 172, minimal spread 34, max spread 41, got 6 drops
Total number of curves 417846
Starting step 173
Analyzing 4 states in spread 34
Analyzing 96 states in spread 35
Analyzing 1377 states in spread 36
Analyzing 16369 states in spread 37
Analyzing 100000 states in spread 38
Analyzing 100000 states in spread 39
Analyzing 100000 states in spread 40
Finished step 173, minimal spread 34, max spread 41, got 9 drops
Total number of curves 396827
Starting step 174
Analyzing 3 states in spread 34
Analyzing 59 states in spread 35
Analyzing 806 states in spread 36
Analyzing 9282 states in spread 37
Analyzing 86677 states in spread 38
Analyzing 100000 states in spread 39
Analyzing 100000 states in spread 40
Analyzing 100000 states in spread 41
Finished step 174, minimal spread 34, max spread 42, got 10 drops
Total number of curves 459642
Starting step 175
Analyzing 4 states in spread 34
Analyzing 38 states in spread 35
Analyzing 526 states in spread 36
Analyzing 5621 states in spread 37
Analyzing 53453 states in spread 38
Analyzing 100000 states in spread 39
Analyzing 100000 states in spread 40
Analyzing 100000 states in spread 41
Finished step 175, minimal spread 34, max spread 42, got 7 drops
Total number of curves 438053
Starting step 176
Analyzing 4 states in spread 34
Analyzing 44 states in spread 35
Analyzing 314 states in spread 36
Analyzing 3781 states in spread 37
Analyzing 33910 states in spread 38
Analyzing 100000 states in spread 39
Analyzing 100000 states in spread 40
Analyzing 100000 states in spread 41
Finished step 176, minimal spread 34, max spread 42, got 5 drops
Total number of curves 426156
Starting step 177
Analyzing 2 states in spread 34
Analyzing 49 states in spread 35
Analyzing 317 states in spread 36
Analyzing 2251 states in spread 37
Analyzing 23537 states in spread 38
Analyzing 100000 states in spread 39
Analyzing 100000 states in spread 40
Analyzing 100000 states in spread 41
Finished step 177, minimal spread 34, max spread 42, got 4 drops
Total number of curves 416786
Starting step 178
Analyzing 1 states in spread 34
Analyzing 26 states in spread 35
Analyzing 344 states in spread 36
Analyzing 2060 states in spread 37
Analyzing 14355 states in spread 38
Analyzing 100000 states in spread 39
Analyzing 100000 states in spread 40
Analyzing 100000 states in spread 41
Finished step 178, minimal spread 34, max spread 42, got 8 drops
Total number of curves 391174
Starting step 179
Analyzing 1 states in spread 34
Analyzing 10 states in spread 35
Analyzing 215 states in spread 36
Analyzing 2100 states in spread 37
Analyzing 12496 states in spread 38
Analyzing 76352 states in spread 39
Analyzing 100000 states in spread 40
Analyzing 100000 states in spread 41
Analyzing 100000 states in spread 42
Finished step 179, minimal spread 34, max spread 43, got 9 drops
Total number of curves 481445
Starting step 180
Analyzing 1 states in spread 34
Analyzing 10 states in spread 35
Analyzing 100 states in spread 36
Analyzing 1443 states in spread 37
Analyzing 12012 states in spread 38
Analyzing 67879 states in spread 39
Analyzing 100000 states in spread 40
Analyzing 100000 states in spread 41
Analyzing 100000 states in spread 42
Finished step 180, minimal spread 35, max spread 43, got 13 drops
Total number of curves 474140
Starting step 181
Analyzing 10 states in spread 35
Analyzing 82 states in spread 36
Analyzing 807 states in spread 37
Analyzing 8681 states in spread 38
Analyzing 64560 states in spread 39
Analyzing 100000 states in spread 40
Analyzing 100000 states in spread 41
Analyzing 100000 states in spread 42
Finished step 181, minimal spread 35, max spread 43, got 8 drops
Total number of curves 454530
Starting step 182
Analyzing 2 states in spread 35
Analyzing 74 states in spread 36
Analyzing 597 states in spread 37
Analyzing 5401 states in spread 38
Analyzing 48456 states in spread 39
Analyzing 100000 states in spread 40
Analyzing 100000 states in spread 41
Analyzing 100000 states in spread 42
Finished step 182, minimal spread 35, max spread 43, got 7 drops
Total number of curves 436737
Starting step 183
Analyzing 2 states in spread 35
Analyzing 26 states in spread 36
Analyzing 480 states in spread 37
Analyzing 3909 states in spread 38
Analyzing 32320 states in spread 39
Analyzing 100000 states in spread 40
Analyzing 100000 states in spread 41
Analyzing 100000 states in spread 42
Finished step 183, minimal spread 35, max spread 43, got 10 drops
Total number of curves 426811
Starting step 184
Analyzing 2 states in spread 35
Analyzing 21 states in spread 36
Analyzing 216 states in spread 37
Analyzing 2959 states in spread 38
Analyzing 23613 states in spread 39
Analyzing 100000 states in spread 40
Analyzing 100000 states in spread 41
Analyzing 100000 states in spread 42
Finished step 184, minimal spread 35, max spread 43, got 5 drops
Total number of curves 419178
Starting step 185
Analyzing 1 states in spread 35
Analyzing 22 states in spread 36
Analyzing 170 states in spread 37
Analyzing 1521 states in spread 38
Analyzing 17464 states in spread 39
Analyzing 100000 states in spread 40
Analyzing 100000 states in spread 41
Analyzing 100000 states in spread 42
Finished step 185, minimal spread 36, max spread 43, got 7 drops
Total number of curves 401640
Starting step 186
Analyzing 11 states in spread 36
Analyzing 165 states in spread 37
Analyzing 1155 states in spread 38
Analyzing 9722 states in spread 39
Analyzing 90587 states in spread 40
Analyzing 100000 states in spread 41
Analyzing 100000 states in spread 42
Finished step 186, minimal spread 36, max spread 43, got 7 drops
Total number of curves 362758
Starting step 187
Analyzing 2 states in spread 36
Analyzing 82 states in spread 37
Analyzing 1048 states in spread 38
Analyzing 7229 states in spread 39
Analyzing 54397 states in spread 40
Analyzing 100000 states in spread 41
Analyzing 100000 states in spread 42
Analyzing 100000 states in spread 43
Finished step 187, minimal spread 36, max spread 44, got 7 drops
Total number of curves 447917
Starting step 188
Analyzing 2 states in spread 36
Analyzing 24 states in spread 37
Analyzing 554 states in spread 38
Analyzing 6265 states in spread 39
Analyzing 41072 states in spread 40
Analyzing 100000 states in spread 41
Analyzing 100000 states in spread 42
Analyzing 100000 states in spread 43
Finished step 188, minimal spread 36, max spread 44, got 4 drops
Total number of curves 439111
Starting step 189
Analyzing 2 states in spread 36
Analyzing 19 states in spread 37
Analyzing 205 states in spread 38
Analyzing 3552 states in spread 39
Analyzing 35333 states in spread 40
Analyzing 100000 states in spread 41
Analyzing 100000 states in spread 42
Analyzing 100000 states in spread 43
Finished step 189, minimal spread 36, max spread 44, got 9 drops
Total number of curves 422868
Starting step 190
Analyzing 2 states in spread 36
Analyzing 20 states in spread 37
Analyzing 141 states in spread 38
Analyzing 1593 states in spread 39
Analyzing 21112 states in spread 40
Analyzing 100000 states in spread 41
Analyzing 100000 states in spread 42
Analyzing 100000 states in spread 43
Finished step 190, minimal spread 35, max spread 44, got 10 drops
Total number of curves 411892
Starting step 191
Analyzing 1 states in spread 35
Analyzing 2 states in spread 36
Analyzing 19 states in spread 37
Analyzing 134 states in spread 38
Analyzing 1036 states in spread 39
Analyzing 10700 states in spread 40
Analyzing 100000 states in spread 41
Analyzing 100000 states in spread 42
Analyzing 100000 states in spread 43
Finished step 191, minimal spread 35, max spread 44, got 4 drops
Total number of curves 366769
Starting step 192
Analyzing 2 states in spread 35
Analyzing 9 states in spread 36
Analyzing 12 states in spread 37
Analyzing 126 states in spread 38
Analyzing 878 states in spread 39
Analyzing 6990 states in spread 40
Analyzing 58752 states in spread 41
Analyzing 100000 states in spread 42
Analyzing 100000 states in spread 43
Analyzing 100000 states in spread 44
Finished step 192, minimal spread 35, max spread 45, got 3 drops
Total number of curves 446926
Starting step 193
Analyzing 1 states in spread 35
Analyzing 15 states in spread 36
Analyzing 52 states in spread 37
Analyzing 75 states in spread 38
Analyzing 791 states in spread 39
Analyzing 5547 states in spread 40
Analyzing 40445 states in spread 41
Analyzing 100000 states in spread 42
Analyzing 100000 states in spread 43
Analyzing 100000 states in spread 44
Finished step 193, minimal spread 35, max spread 45, got 9 drops
Total number of curves 437671
Starting step 194
Analyzing 1 states in spread 35
Analyzing 9 states in spread 36
Analyzing 79 states in spread 37
Analyzing 283 states in spread 38
Analyzing 482 states in spread 39
Analyzing 4856 states in spread 40
Analyzing 31961 states in spread 41
Analyzing 100000 states in spread 42
Analyzing 100000 states in spread 43
Analyzing 100000 states in spread 44
Finished step 194, minimal spread 36, max spread 45, got 7 drops
Total number of curves 432834
Starting step 195
Analyzing 7 states in spread 36
Analyzing 62 states in spread 37
Analyzing 392 states in spread 38
Analyzing 1516 states in spread 39
Analyzing 3006 states in spread 40
Analyzing 27851 states in spread 41
Analyzing 100000 states in spread 42
Analyzing 100000 states in spread 43
Analyzing 100000 states in spread 44
Finished step 195, minimal spread 36, max spread 45, got 5 drops
Total number of curves 427987
Starting step 196
Analyzing 1 states in spread 36
Analyzing 44 states in spread 37
Analyzing 360 states in spread 38
Analyzing 1944 states in spread 39
Analyzing 8000 states in spread 40
Analyzing 17638 states in spread 41
Analyzing 100000 states in spread 42
Analyzing 100000 states in spread 43
Analyzing 100000 states in spread 44
Finished step 196, minimal spread 37, max spread 45, got 4 drops
Total number of curves 443822
Starting step 197
Analyzing 18 states in spread 37
Analyzing 249 states in spread 38
Analyzing 1934 states in spread 39
Analyzing 9706 states in spread 40
Analyzing 41462 states in spread 41
Analyzing 90453 states in spread 42
Analyzing 100000 states in spread 43
Analyzing 100000 states in spread 44
Finished step 197, minimal spread 37, max spread 45, got 3 drops
Total number of curves 460176
Starting step 198
Analyzing 3 states in spread 37
Analyzing 150 states in spread 38
Analyzing 1339 states in spread 39
Analyzing 10010 states in spread 40
Analyzing 48674 states in spread 41
Analyzing 100000 states in spread 42
Analyzing 100000 states in spread 43
Analyzing 100000 states in spread 44
Finished step 198, minimal spread 37, max spread 45, got 5 drops
Total number of curves 459017
Starting step 199
Analyzing 2 states in spread 37
Analyzing 33 states in spread 38
Analyzing 962 states in spread 39
Analyzing 7053 states in spread 40
Analyzing 50967 states in spread 41
Analyzing 100000 states in spread 42
Analyzing 100000 states in spread 43
Analyzing 100000 states in spread 44
Finished step 199, minimal spread 37, max spread 45, got 2 drops
Total number of curves 442580
Starting step 200
Analyzing 1 states in spread 37
Analyzing 21 states in spread 38
Analyzing 261 states in spread 39
Analyzing 5526 states in spread 40
Analyzing 36771 states in spread 41
Analyzing 100000 states in spread 42
Analyzing 100000 states in spread 43
Analyzing 100000 states in spread 44
Finished step 200, minimal spread 37, max spread 45, got 2 drops
Total number of curves 432100
Starting step 201
Analyzing 1 states in spread 37
Analyzing 13 states in spread 38
Analyzing 170 states in spread 39
Analyzing 1783 states in spread 40
Analyzing 30133 states in spread 41
Analyzing 100000 states in spread 42
Analyzing 100000 states in spread 43
Analyzing 100000 states in spread 44
Finished step 201, minimal spread 38, max spread 45, got 2 drops
Total number of curves 412584
Starting step 202
Analyzing 12 states in spread 38
Analyzing 118 states in spread 39
Analyzing 1186 states in spread 40
Analyzing 11268 states in spread 41
Analyzing 100000 states in spread 42
Analyzing 100000 states in spread 43
Analyzing 100000 states in spread 44
Finished step 202, minimal spread 38, max spread 45, got 3 drops
Total number of curves 368396
Starting step 203
Analyzing 2 states in spread 38
Analyzing 96 states in spread 39
Analyzing 853 states in spread 40
Analyzing 7634 states in spread 41
Analyzing 59811 states in spread 42
Analyzing 100000 states in spread 43
Analyzing 100000 states in spread 44
Analyzing 100000 states in spread 45
Finished step 203, minimal spread 38, max spread 46, got 6 drops
Total number of curves 448827
Starting step 204
Analyzing 1 states in spread 38
Analyzing 33 states in spread 39
Analyzing 671 states in spread 40
Analyzing 5515 states in spread 41
Analyzing 42607 states in spread 42
Analyzing 100000 states in spread 43
Analyzing 100000 states in spread 44
Analyzing 100000 states in spread 45
Finished step 204, minimal spread 39, max spread 46, got 2 drops
Total number of curves 436210
Starting step 205
Analyzing 17 states in spread 39
Analyzing 314 states in spread 40
Analyzing 4255 states in spread 41
Analyzing 31624 states in spread 42
Analyzing 100000 states in spread 43
Analyzing 100000 states in spread 44
Analyzing 100000 states in spread 45
Finished step 205, minimal spread 39, max spread 46, got 7 drops
Total number of curves 427122
Starting step 206
Analyzing 4 states in spread 39
Analyzing 158 states in spread 40
Analyzing 2282 states in spread 41
Analyzing 24678 states in spread 42
Analyzing 100000 states in spread 43
Analyzing 100000 states in spread 44
Analyzing 100000 states in spread 45
Finished step 206, minimal spread 39, max spread 46, got 8 drops
Total number of curves 415560
Starting step 207
Analyzing 2 states in spread 39
Analyzing 62 states in spread 40
Analyzing 1209 states in spread 41
Analyzing 14287 states in spread 42
Analyzing 100000 states in spread 43
Analyzing 100000 states in spread 44
Analyzing 100000 states in spread 45
Finished step 207, minimal spread 39, max spread 46, got 6 drops
Total number of curves 385541
Starting step 208
Analyzing 1 states in spread 39
Analyzing 32 states in spread 40
Analyzing 568 states in spread 41
Analyzing 8081 states in spread 42
Analyzing 76859 states in spread 43
Analyzing 100000 states in spread 44
Analyzing 100000 states in spread 45
Analyzing 100000 states in spread 46
Finished step 208, minimal spread 39, max spread 47, got 5 drops
Total number of curves 451475
Starting step 209
Analyzing 1 states in spread 39
Analyzing 16 states in spread 40
Analyzing 320 states in spread 41
Analyzing 4226 states in spread 42
Analyzing 46912 states in spread 43
Analyzing 100000 states in spread 44
Analyzing 100000 states in spread 45
Analyzing 100000 states in spread 46
Finished step 209, minimal spread 39, max spread 47, got 8 drops
Total number of curves 429290
Starting step 210
Analyzing 1 states in spread 39
Analyzing 16 states in spread 40
Analyzing 174 states in spread 41
Analyzing 2476 states in spread 42
Analyzing 26623 states in spread 43
Analyzing 100000 states in spread 44
Analyzing 100000 states in spread 45
Analyzing 100000 states in spread 46
Finished step 210, minimal spread 39, max spread 47, got 9 drops
Total number of curves 417715
Starting step 211
Analyzing 2 states in spread 39
Analyzing 15 states in spread 40
Analyzing 153 states in spread 41
Analyzing 1407 states in spread 42
Analyzing 16138 states in spread 43
Analyzing 100000 states in spread 44
Analyzing 100000 states in spread 45
Analyzing 100000 states in spread 46
Finished step 211, minimal spread 39, max spread 47, got 5 drops
Total number of curves 397205
Starting step 212
Analyzing 1 states in spread 39
Analyzing 18 states in spread 40
Analyzing 129 states in spread 41
Analyzing 1149 states in spread 42
Analyzing 9653 states in spread 43
Analyzing 86255 states in spread 44
Analyzing 100000 states in spread 45
Analyzing 100000 states in spread 46
Analyzing 100000 states in spread 47
Finished step 212, minimal spread 39, max spread 48, got 5 drops
Total number of curves 464368
Starting step 213
Analyzing 1 states in spread 39
Analyzing 9 states in spread 40
Analyzing 118 states in spread 41
Analyzing 926 states in spread 42
Analyzing 7577 states in spread 43
Analyzing 55737 states in spread 44
Analyzing 100000 states in spread 45
Analyzing 100000 states in spread 46
Analyzing 100000 states in spread 47
Finished step 213, minimal spread 40, max spread 48, got 6 drops
Total number of curves 451000
Starting step 214
Analyzing 8 states in spread 40
Analyzing 63 states in spread 41
Analyzing 757 states in spread 42
Analyzing 5974 states in spread 43
Analyzing 44198 states in spread 44
Analyzing 100000 states in spread 45
Analyzing 100000 states in spread 46
Analyzing 100000 states in spread 47
Finished step 214, minimal spread 40, max spread 48, got 2 drops
Total number of curves 440253
Starting step 215
Analyzing 1 states in spread 40
Analyzing 49 states in spread 41
Analyzing 435 states in spread 42
Analyzing 4662 states in spread 43
Analyzing 35106 states in spread 44
Analyzing 100000 states in spread 45
Analyzing 100000 states in spread 46
Analyzing 100000 states in spread 47
Finished step 215, minimal spread 41, max spread 48, got 7 drops
Total number of curves 430306
Starting step 216
Analyzing 12 states in spread 41
Analyzing 301 states in spread 42
Analyzing 2859 states in spread 43
Analyzing 27134 states in spread 44
Analyzing 100000 states in spread 45
Analyzing 100000 states in spread 46
Analyzing 100000 states in spread 47
Finished step 216, minimal spread 41, max spread 48, got 5 drops
Total number of curves 419476
Starting step 217
Analyzing 2 states in spread 41
Analyzing 112 states in spread 42
Analyzing 1874 states in spread 43
Analyzing 17488 states in spread 44
Analyzing 100000 states in spread 45
Analyzing 100000 states in spread 46
Analyzing 100000 states in spread 47
Finished step 217, minimal spread 41, max spread 48, got 9 drops
Total number of curves 404308
Starting step 218
Analyzing 2 states in spread 41
Analyzing 39 states in spread 42
Analyzing 888 states in spread 43
Analyzing 11359 states in spread 44
Analyzing 92020 states in spread 45
Analyzing 100000 states in spread 46
Analyzing 100000 states in spread 47
Finished step 218, minimal spread 41, max spread 48, got 7 drops
Total number of curves 368747
Starting step 219
Analyzing 2 states in spread 41
Analyzing 34 states in spread 42
Analyzing 405 states in spread 43
Analyzing 6122 states in spread 44
Analyzing 62184 states in spread 45
Analyzing 100000 states in spread 46
Analyzing 100000 states in spread 47
Analyzing 100000 states in spread 48
Finished step 219, minimal spread 41, max spread 49, got 5 drops
Total number of curves 440199
Starting step 220
Analyzing 1 states in spread 41
Analyzing 27 states in spread 42
Analyzing 301 states in spread 43
Analyzing 3183 states in spread 44
Analyzing 36687 states in spread 45
Analyzing 100000 states in spread 46
Analyzing 100000 states in spread 47
Analyzing 100000 states in spread 48
Finished step 220, minimal spread 41, max spread 49, got 1 drops
Total number of curves 423214
Starting step 221
Analyzing 1 states in spread 41
Analyzing 13 states in spread 42
Analyzing 219 states in spread 43
Analyzing 2237 states in spread 44
Analyzing 20744 states in spread 45
Analyzing 100000 states in spread 46
Analyzing 100000 states in spread 47
Analyzing 100000 states in spread 48
Finished step 221, minimal spread 41, max spread 49, got 8 drops
Total number of curves 416249
Starting step 222
Analyzing 1 states in spread 41
Analyzing 8 states in spread 42
Analyzing 107 states in spread 43
Analyzing 1601 states in spread 44
Analyzing 14532 states in spread 45
Analyzing 100000 states in spread 46
Analyzing 100000 states in spread 47
Analyzing 100000 states in spread 48
Finished step 222, minimal spread 41, max spread 49, got 8 drops
Total number of curves 389631
Starting step 223
Analyzing 1 states in spread 41
Analyzing 8 states in spread 42
Analyzing 58 states in spread 43
Analyzing 855 states in spread 44
Analyzing 10330 states in spread 45
Analyzing 78379 states in spread 46
Analyzing 100000 states in spread 47
Analyzing 100000 states in spread 48
Analyzing 100000 states in spread 49
Finished step 223, minimal spread 42, max spread 50, got 6 drops
Total number of curves 464157
Starting step 224
Analyzing 10 states in spread 42
Analyzing 52 states in spread 43
Analyzing 447 states in spread 44
Analyzing 5934 states in spread 45
Analyzing 57714 states in spread 46
Analyzing 100000 states in spread 47
Analyzing 100000 states in spread 48
Analyzing 100000 states in spread 49
Finished step 224, minimal spread 42, max spread 50, got 8 drops
Total number of curves 439441
Starting step 225
Analyzing 2 states in spread 42
Analyzing 59 states in spread 43
Analyzing 348 states in spread 44
Analyzing 3196 states in spread 45
Analyzing 35836 states in spread 46
Analyzing 100000 states in spread 47
Analyzing 100000 states in spread 48
Analyzing 100000 states in spread 49
Finished step 225, minimal spread 42, max spread 50, got 4 drops
Total number of curves 423080
Starting step 226
Analyzing 1 states in spread 42
Analyzing 20 states in spread 43
Analyzing 327 states in spread 44
Analyzing 2353 states in spread 45
Analyzing 20379 states in spread 46
Analyzing 100000 states in spread 47
Analyzing 100000 states in spread 48
Analyzing 100000 states in spread 49
Finished step 226, minimal spread 43, max spread 50, got 8 drops
Total number of curves 416867
Starting step 227
Analyzing 12 states in spread 43
Analyzing 151 states in spread 44
Analyzing 1941 states in spread 45
Analyzing 14763 states in spread 46
Analyzing 100000 states in spread 47
Analyzing 100000 states in spread 48
Analyzing 100000 states in spread 49
Finished step 227, minimal spread 43, max spread 50, got 7 drops
Total number of curves 392006
Starting step 228
Analyzing 5 states in spread 43
Analyzing 93 states in spread 44
Analyzing 1086 states in spread 45
Analyzing 11484 states in spread 46
Analyzing 79338 states in spread 47
Analyzing 100000 states in spread 48
Analyzing 100000 states in spread 49
Analyzing 100000 states in spread 50
Finished step 228, minimal spread 43, max spread 51, got 7 drops
Total number of curves 470438
Starting step 229
Analyzing 2 states in spread 43
Analyzing 58 states in spread 44
Analyzing 653 states in spread 45
Analyzing 7084 states in spread 46
Analyzing 62641 states in spread 47
Analyzing 100000 states in spread 48
Analyzing 100000 states in spread 49
Analyzing 100000 states in spread 50
Finished step 229, minimal spread 43, max spread 51, got 9 drops
Total number of curves 446042
Starting step 230
Analyzing 1 states in spread 43
Analyzing 30 states in spread 44
Analyzing 454 states in spread 45
Analyzing 4245 states in spread 46
Analyzing 41312 states in spread 47
Analyzing 100000 states in spread 48
Analyzing 100000 states in spread 49
Analyzing 100000 states in spread 50
Finished step 230, minimal spread 43, max spread 51, got 7 drops
Total number of curves 428768
Starting step 231
Analyzing 1 states in spread 43
Analyzing 12 states in spread 44
Analyzing 258 states in spread 45
Analyzing 3037 states in spread 46
Analyzing 25460 states in spread 47
Analyzing 100000 states in spread 48
Analyzing 100000 states in spread 49
Analyzing 100000 states in spread 50
Finished step 231, minimal spread 44, max spread 51, got 9 drops
Total number of curves 420484
Starting step 232
Analyzing 14 states in spread 44
Analyzing 112 states in spread 45
Analyzing 1812 states in spread 46
Analyzing 18546 states in spread 47
Analyzing 100000 states in spread 48
Analyzing 100000 states in spread 49
Analyzing 100000 states in spread 50
Finished step 232, minimal spread 43, max spread 51, got 10 drops
Total number of curves 409429
Starting step 233
Analyzing 1 states in spread 43
Analyzing 6 states in spread 44
Analyzing 111 states in spread 45
Analyzing 882 states in spread 46
Analyzing 11500 states in spread 47
Analyzing 96929 states in spread 48
Analyzing 100000 states in spread 49
Analyzing 100000 states in spread 50
Finished step 233, minimal spread 44, max spread 51, got 6 drops
Total number of curves 370880
Starting step 234
Analyzing 11 states in spread 44
Analyzing 56 states in spread 45
Analyzing 784 states in spread 46
Analyzing 6096 states in spread 47
Analyzing 63933 states in spread 48
Analyzing 100000 states in spread 49
Analyzing 100000 states in spread 50
Analyzing 100000 states in spread 51
Finished step 234, minimal spread 44, max spread 52, got 4 drops
Total number of curves 442152
Starting step 235
Analyzing 1 states in spread 44
Analyzing 82 states in spread 45
Analyzing 458 states in spread 46
Analyzing 5055 states in spread 47
Analyzing 36556 states in spread 48
Analyzing 100000 states in spread 49
Analyzing 100000 states in spread 50
Analyzing 100000 states in spread 51
Finished step 235, minimal spread 45, max spread 52, got 7 drops
Total number of curves 433335
Starting step 236
Analyzing 17 states in spread 45
Analyzing 536 states in spread 46
Analyzing 3222 states in spread 47
Analyzing 29560 states in spread 48
Analyzing 100000 states in spread 49
Analyzing 100000 states in spread 50
Analyzing 100000 states in spread 51
Finished step 236, minimal spread 45, max spread 52, got 2 drops
Total number of curves 423374
Starting step 237
Analyzing 5 states in spread 45
Analyzing 180 states in spread 46
Analyzing 3268 states in spread 47
Analyzing 19921 states in spread 48
Analyzing 100000 states in spread 49
Analyzing 100000 states in spread 50
Analyzing 100000 states in spread 51
Finished step 237, minimal spread 45, max spread 52, got 6 drops
Total number of curves 420389
Starting step 238
Analyzing 3 states in spread 45
Analyzing 83 states in spread 46
Analyzing 1412 states in spread 47
Analyzing 18891 states in spread 48
Analyzing 100000 states in spread 49
Analyzing 100000 states in spread 50
Analyzing 100000 states in spread 51
Finished step 238, minimal spread 45, max spread 52, got 13 drops
Total number of curves 409106
Starting step 239
Analyzing 2 states in spread 45
Analyzing 52 states in spread 46
Analyzing 769 states in spread 47
Analyzing 9386 states in spread 48
Analyzing 98897 states in spread 49
Analyzing 100000 states in spread 50
Analyzing 100000 states in spread 51
Finished step 239, minimal spread 45, max spread 52, got 8 drops
Total number of curves 359996
Starting step 240
Analyzing 1 states in spread 45
Analyzing 31 states in spread 46
Analyzing 485 states in spread 47
Analyzing 5540 states in spread 48
Analyzing 53939 states in spread 49
Analyzing 100000 states in spread 50
Analyzing 100000 states in spread 51
Analyzing 100000 states in spread 52
Finished step 240, minimal spread 46, max spread 53, got 8 drops
Total number of curves 437826
Starting step 241
Analyzing 19 states in spread 46
Analyzing 284 states in spread 47
Analyzing 3556 states in spread 48
Analyzing 33967 states in spread 49
Analyzing 100000 states in spread 50
Analyzing 100000 states in spread 51
Analyzing 100000 states in spread 52
Finished step 241, minimal spread 45, max spread 53, got 15 drops
Total number of curves 424889
Starting step 242
Analyzing 2 states in spread 45
Analyzing 11 states in spread 46
Analyzing 170 states in spread 47
Analyzing 2172 states in spread 48
Analyzing 22534 states in spread 49
Analyzing 100000 states in spread 50
Analyzing 100000 states in spread 51
Analyzing 100000 states in spread 52
Finished step 242, minimal spread 45, max spread 53, got 17 drops
Total number of curves 415828
Starting step 243
Analyzing 2 states in spread 45
Analyzing 21 states in spread 46
Analyzing 94 states in spread 47
Analyzing 1288 states in spread 48
Analyzing 14423 states in spread 49
Analyzing 100000 states in spread 50
Analyzing 100000 states in spread 51
Analyzing 100000 states in spread 52
Finished step 243, minimal spread 45, max spread 53, got 15 drops
Total number of curves 388215
Starting step 244
Analyzing 2 states in spread 45
Analyzing 20 states in spread 46
Analyzing 141 states in spread 47
Analyzing 728 states in spread 48
Analyzing 8741 states in spread 49
Analyzing 78583 states in spread 50
Analyzing 100000 states in spread 51
Analyzing 100000 states in spread 52
Analyzing 100000 states in spread 53
Finished step 244, minimal spread 45, max spread 54, got 13 drops
Total number of curves 456695
Starting step 245
Analyzing 2 states in spread 45
Analyzing 19 states in spread 46
Analyzing 130 states in spread 47
Analyzing 874 states in spread 48
Analyzing 5200 states in spread 49
Analyzing 50470 states in spread 50
Analyzing 100000 states in spread 51
Analyzing 100000 states in spread 52
Analyzing 100000 states in spread 53
Finished step 245, minimal spread 45, max spread 54, got 7 drops
Total number of curves 438143
Starting step 246
Analyzing 1 states in spread 45
Analyzing 20 states in spread 46
Analyzing 119 states in spread 47
Analyzing 782 states in spread 48
Analyzing 5247 states in spread 49
Analyzing 31974 states in spread 50
Analyzing 100000 states in spread 51
Analyzing 100000 states in spread 52
Analyzing 100000 states in spread 53
Finished step 246, minimal spread 45, max spread 54, got 8 drops
Total number of curves 435400
Starting step 247
Analyzing 2 states in spread 45
Analyzing 14 states in spread 46
Analyzing 132 states in spread 47
Analyzing 678 states in spread 48
Analyzing 4592 states in spread 49
Analyzing 29982 states in spread 50
Analyzing 100000 states in spread 51
Analyzing 100000 states in spread 52
Analyzing 100000 states in spread 53
Finished step 247, minimal spread 45, max spread 54, got 8 drops
Total number of curves 430665
Starting step 248
Analyzing 3 states in spread 45
Analyzing 21 states in spread 46
Analyzing 98 states in spread 47
Analyzing 770 states in spread 48
Analyzing 3814 states in spread 49
Analyzing 25959 states in spread 50
Analyzing 100000 states in spread 51
Analyzing 100000 states in spread 52
Analyzing 100000 states in spread 53
Finished step 248, minimal spread 45, max spread 53, got 10 drops
Total number of curves 326223
Starting step 249
Analyzing 5 states in spread 45
Analyzing 26 states in spread 46
Analyzing 146 states in spread 47
Analyzing 568 states in spread 48
Analyzing 4258 states in spread 49
Analyzing 21220 states in spread 50
Analyzing 100000 states in spread 51
Analyzing 100000 states in spread 52
Analyzing 100000 states in spread 53
Finished step 249, minimal spread 45, max spread 52, got 9 drops
Total number of curves 227233
Starting step 250
Analyzing 5 states in spread 45
Analyzing 46 states in spread 46
Analyzing 156 states in spread 47
Analyzing 854 states in spread 48
Analyzing 3131 states in spread 49
Analyzing 23041 states in spread 50
Analyzing 100000 states in spread 51
Analyzing 100000 states in spread 52
Finished step 250, minimal spread 45, max spread 51, got 6 drops
Total number of curves 122813
Starting step 251
Analyzing 1 states in spread 45
Analyzing 40 states in spread 46
Analyzing 285 states in spread 47
Analyzing 871 states in spread 48
Analyzing 4678 states in spread 49
Analyzing 16938 states in spread 50
Analyzing 100000 states in spread 51
Finished step 251, minimal spread 45, max spread 50, got 6 drops
Total number of curves 31320
Starting step 252
Analyzing 1 states in spread 45
Analyzing 10 states in spread 46
Analyzing 225 states in spread 47
Analyzing 1579 states in spread 48
Analyzing 4733 states in spread 49
Analyzing 24772 states in spread 50
Finished step 252, minimal spread 45, max spread 49, got 4 drops
Total number of curves 9571
Starting step 253
Analyzing 1 states in spread 45
Analyzing 10 states in spread 46
Analyzing 74 states in spread 47
Analyzing 1187 states in spread 48
Analyzing 8299 states in spread 49
Finished step 253, minimal spread 45, max spread 48, got 1 drops
Total number of curves 565
Starting step 254
Analyzing 1 states in spread 45
Analyzing 9 states in spread 46
Analyzing 72 states in spread 47
Analyzing 483 states in spread 48
Finished step 254, minimal spread 46, max spread 47, got 1 drops
Total number of curves 74
Starting step 255
Analyzing 9 states in spread 46
Analyzing 65 states in spread 47
Finished step 255, minimal spread 46, max spread 46, got 0 drops
Total number of curves 1
Starting step 256
Analyzing 1 states in spread 46
Altogether, runtime= 171.291125
SUMMARY witness_output= logs/a3_mod7_exact_b100k_u600k_u300k_fs20_len300_seed0_20260310_witnesses.txt
SUMMARY found= False
SUMMARY first_depth= None
SUMMARY unique_witnesses= 0
SUMMARY total_hits= 0
SUMMARY accepted_hits= 0
SUMMARY rejected_hits= 0
SUMMARY witness_depth_histogram= {}
CUDA max_memory_allocated_bytes: 19287068160
CUDA max_memory_reserved_bytes: 22202548224
