Starting A3 torch search with p= 5 caps 150000 150000 totalcaps 1500000 1000000 FIRST_STEPS 12 base_point 1 device cuda
We have 6 atoms and 14 dual simples
Initialized step 1 with spreads: {1: 2}
Starting step 2
Analyzing 2 states in spread 1
Finished step 2, minimal spread 2, max spread 2, got 0 drops
Total number of curves 8
Starting step 3
Analyzing 8 states in spread 2
Finished step 3, minimal spread 3, max spread 3, got 0 drops
Total number of curves 36
Starting step 4
Analyzing 36 states in spread 3
Finished step 4, minimal spread 4, max spread 4, got 0 drops
Total number of curves 170
Starting step 5
Analyzing 170 states in spread 4
Finished step 5, minimal spread 5, max spread 5, got 0 drops
Total number of curves 816
Starting step 6
Analyzing 816 states in spread 5
Finished step 6, minimal spread 5, max spread 6, got 0 drops
Total number of curves 3938
Starting step 7
Analyzing 2 states in spread 5
Analyzing 3936 states in spread 6
Finished step 7, minimal spread 5, max spread 7, got 0 drops
Total number of curves 19040
Starting step 8
Analyzing 2 states in spread 5
Analyzing 40 states in spread 6
Analyzing 18998 states in spread 7
Finished step 8, minimal spread 6, max spread 8, got 0 drops
Total number of curves 92118
Starting step 9
Analyzing 39 states in spread 6
Analyzing 457 states in spread 7
Analyzing 91622 states in spread 8
Finished step 9, minimal spread 6, max spread 9, got 0 drops
Total number of curves 154412
Starting step 10
Analyzing 15 states in spread 6
Analyzing 415 states in spread 7
Analyzing 3982 states in spread 8
Analyzing 150000 states in spread 9
Finished step 10, minimal spread 6, max spread 10, got 0 drops
Total number of curves 176241
Starting step 11
Analyzing 8 states in spread 6
Analyzing 225 states in spread 7
Analyzing 3512 states in spread 8
Analyzing 22496 states in spread 9
Analyzing 150000 states in spread 10
Finished step 11, minimal spread 6, max spread 11, got 0 drops
Total number of curves 285650
Starting step 12
Analyzing 5 states in spread 6
Analyzing 157 states in spread 7
Analyzing 2174 states in spread 8
Analyzing 20523 states in spread 9
Analyzing 112791 states in spread 10
Analyzing 150000 states in spread 11
Finished step 12, minimal spread 6, max spread 12, got 0 drops
Total number of curves 422869
Starting step 13
Analyzing 5 states in spread 6
Analyzing 97 states in spread 7
Analyzing 1693 states in spread 8
Analyzing 14026 states in spread 9
Analyzing 107048 states in spread 10
Analyzing 150000 states in spread 11
Analyzing 150000 states in spread 12
Finished step 13, minimal spread 6, max spread 13, got 3 drops
Total number of curves 543162
Starting step 14
Analyzing 5 states in spread 6
Analyzing 73 states in spread 7
Analyzing 1149 states in spread 8
Analyzing 11837 states in spread 9
Analyzing 80098 states in spread 10
Analyzing 150000 states in spread 11
Analyzing 150000 states in spread 12
Analyzing 150000 states in spread 13
Finished step 14, minimal spread 6, max spread 14, got 14 drops
Total number of curves 681402
Starting step 15
Analyzing 7 states in spread 6
Analyzing 71 states in spread 7
Analyzing 848 states in spread 8
Analyzing 8854 states in spread 9
Analyzing 71622 states in spread 10
Analyzing 150000 states in spread 11
Analyzing 150000 states in spread 12
Analyzing 150000 states in spread 13
Analyzing 150000 states in spread 14
Finished step 15, minimal spread 6, max spread 15, got 22 drops
Total number of curves 815429
Starting step 16
Analyzing 7 states in spread 6
Analyzing 96 states in spread 7
Analyzing 781 states in spread 8
Analyzing 6976 states in spread 9
Analyzing 57569 states in spread 10
Analyzing 150000 states in spread 11
Analyzing 150000 states in spread 12
Analyzing 150000 states in spread 13
Analyzing 150000 states in spread 14
Analyzing 150000 states in spread 15
Finished step 16, minimal spread 6, max spread 16, got 37 drops
Total number of curves 955425
Starting step 17
Analyzing 6 states in spread 6
Analyzing 101 states in spread 7
Analyzing 917 states in spread 8
Analyzing 6432 states in spread 9
Analyzing 47969 states in spread 10
Analyzing 150000 states in spread 11
Analyzing 150000 states in spread 12
Analyzing 150000 states in spread 13
Analyzing 150000 states in spread 14
Analyzing 150000 states in spread 15
Analyzing 150000 states in spread 16
Finished step 17, minimal spread 6, max spread 17, got 69 drops
Total number of curves 1102850
Starting step 18
Analyzing 5 states in spread 6
Analyzing 96 states in spread 7
Analyzing 909 states in spread 8
Analyzing 6959 states in spread 9
Analyzing 44881 states in spread 10
Analyzing 150000 states in spread 11
Analyzing 150000 states in spread 12
Analyzing 150000 states in spread 13
Analyzing 150000 states in spread 14
Analyzing 150000 states in spread 15
Analyzing 150000 states in spread 16
Analyzing 150000 states in spread 17
Finished step 18, minimal spread 6, max spread 18, got 102 drops
Total number of curves 1254352
Starting step 19
Analyzing 6 states in spread 6
Analyzing 79 states in spread 7
Analyzing 860 states in spread 8
Analyzing 6740 states in spread 9
Analyzing 46667 states in spread 10
Analyzing 150000 states in spread 11
Analyzing 150000 states in spread 12
Analyzing 150000 states in spread 13
Analyzing 150000 states in spread 14
Analyzing 150000 states in spread 15
Analyzing 150000 states in spread 16
Analyzing 150000 states in spread 17
Finished step 19, minimal spread 6, max spread 18, got 105 drops
Total number of curves 1252217
Starting step 20
Analyzing 4 states in spread 6
Analyzing 88 states in spread 7
Analyzing 743 states in spread 8
Analyzing 6380 states in spread 9
Analyzing 45002 states in spread 10
Analyzing 150000 states in spread 11
Analyzing 150000 states in spread 12
Analyzing 150000 states in spread 13
Analyzing 150000 states in spread 14
Analyzing 150000 states in spread 15
Analyzing 150000 states in spread 16
Analyzing 150000 states in spread 17
Finished step 20, minimal spread 6, max spread 18, got 111 drops
Total number of curves 1249203
Starting step 21
Analyzing 8 states in spread 6
Analyzing 82 states in spread 7
Analyzing 773 states in spread 8
Analyzing 5641 states in spread 9
Analyzing 42699 states in spread 10
Analyzing 150000 states in spread 11
Analyzing 150000 states in spread 12
Analyzing 150000 states in spread 13
Analyzing 150000 states in spread 14
Analyzing 150000 states in spread 15
Analyzing 150000 states in spread 16
Analyzing 150000 states in spread 17
Finished step 21, minimal spread 5, max spread 18, got 164 drops
Total number of curves 1244954
Starting step 22
Analyzing 5 states in spread 5
Analyzing 20 states in spread 6
Analyzing 102 states in spread 7
Analyzing 762 states in spread 8
Analyzing 5678 states in spread 9
Analyzing 38387 states in spread 10
Analyzing 150000 states in spread 11
Analyzing 150000 states in spread 12
Analyzing 150000 states in spread 13
Analyzing 150000 states in spread 14
Analyzing 150000 states in spread 15
Analyzing 150000 states in spread 16
Analyzing 150000 states in spread 17
Finished step 22, minimal spread 5, max spread 18, got 135 drops
Total number of curves 1244665
Starting step 23
Analyzing 9 states in spread 5
Analyzing 48 states in spread 6
Analyzing 161 states in spread 7
Analyzing 835 states in spread 8
Analyzing 5658 states in spread 9
Analyzing 37954 states in spread 10
Analyzing 150000 states in spread 11
Analyzing 150000 states in spread 12
Analyzing 150000 states in spread 13
Analyzing 150000 states in spread 14
Analyzing 150000 states in spread 15
Analyzing 150000 states in spread 16
Analyzing 150000 states in spread 17
Finished step 23, minimal spread 5, max spread 18, got 138 drops
Total number of curves 1245119
Starting step 24
Analyzing 7 states in spread 5
Analyzing 82 states in spread 6
Analyzing 309 states in spread 7
Analyzing 1138 states in spread 8
Analyzing 5838 states in spread 9
Analyzing 37745 states in spread 10
Analyzing 150000 states in spread 11
Analyzing 150000 states in spread 12
Analyzing 150000 states in spread 13
Analyzing 150000 states in spread 14
Analyzing 150000 states in spread 15
Analyzing 150000 states in spread 16
Analyzing 150000 states in spread 17
Finished step 24, minimal spread 5, max spread 18, got 141 drops
Total number of curves 1247502
Starting step 25
Analyzing 8 states in spread 5
Analyzing 65 states in spread 6
Analyzing 511 states in spread 7
Analyzing 1888 states in spread 8
Analyzing 7344 states in spread 9
Analyzing 37686 states in spread 10
Analyzing 150000 states in spread 11
Analyzing 150000 states in spread 12
Analyzing 150000 states in spread 13
Analyzing 150000 states in spread 14
Analyzing 150000 states in spread 15
Analyzing 150000 states in spread 16
Analyzing 150000 states in spread 17
Finished step 25, minimal spread 5, max spread 18, got 148 drops
Total number of curves 1259455
Starting step 26
Analyzing 6 states in spread 5
Analyzing 69 states in spread 6
Analyzing 434 states in spread 7
Analyzing 2958 states in spread 8
Analyzing 11055 states in spread 9
Analyzing 44933 states in spread 10
Analyzing 150000 states in spread 11
Analyzing 150000 states in spread 12
Analyzing 150000 states in spread 13
Analyzing 150000 states in spread 14
Analyzing 150000 states in spread 15
Analyzing 150000 states in spread 16
Analyzing 150000 states in spread 17
Finished step 26, minimal spread 5, max spread 18, got 134 drops
Total number of curves 1282630
Starting step 27
Analyzing 2 states in spread 5
Analyzing 61 states in spread 6
Analyzing 439 states in spread 7
Analyzing 2673 states in spread 8
Analyzing 16440 states in spread 9
Analyzing 63015 states in spread 10
Analyzing 150000 states in spread 11
Analyzing 150000 states in spread 12
Analyzing 150000 states in spread 13
Analyzing 150000 states in spread 14
Analyzing 150000 states in spread 15
Analyzing 150000 states in spread 16
Analyzing 150000 states in spread 17
Finished step 27, minimal spread 6, max spread 18, got 150 drops
Total number of curves 1308418
Starting step 28
Analyzing 32 states in spread 6
Analyzing 451 states in spread 7
Analyzing 2671 states in spread 8
Analyzing 15645 states in spread 9
Analyzing 89619 states in spread 10
Analyzing 150000 states in spread 11
Analyzing 150000 states in spread 12
Analyzing 150000 states in spread 13
Analyzing 150000 states in spread 14
Analyzing 150000 states in spread 15
Analyzing 150000 states in spread 16
Finished step 28, minimal spread 6, max spread 17, got 167 drops
Total number of curves 1157365
Starting step 29
Analyzing 10 states in spread 6
Analyzing 317 states in spread 7
Analyzing 2933 states in spread 8
Analyzing 15756 states in spread 9
Analyzing 88349 states in spread 10
Analyzing 150000 states in spread 11
Analyzing 150000 states in spread 12
Analyzing 150000 states in spread 13
Analyzing 150000 states in spread 14
Analyzing 150000 states in spread 15
Analyzing 150000 states in spread 16
Finished step 29, minimal spread 6, max spread 17, got 152 drops
Total number of curves 1160017
Starting step 30
Analyzing 11 states in spread 6
Analyzing 168 states in spread 7
Analyzing 2333 states in spread 8
Analyzing 17660 states in spread 9
Analyzing 89845 states in spread 10
Analyzing 150000 states in spread 11
Analyzing 150000 states in spread 12
Analyzing 150000 states in spread 13
Analyzing 150000 states in spread 14
Analyzing 150000 states in spread 15
Analyzing 150000 states in spread 16
Finished step 30, minimal spread 5, max spread 17, got 126 drops
Total number of curves 1167779
Starting step 31
Analyzing 1 states in spread 5
Analyzing 15 states in spread 6
Analyzing 148 states in spread 7
Analyzing 1520 states in spread 8
Analyzing 15076 states in spread 9
Analyzing 101019 states in spread 10
Analyzing 150000 states in spread 11
Analyzing 150000 states in spread 12
Analyzing 150000 states in spread 13
Analyzing 150000 states in spread 14
Analyzing 150000 states in spread 15
Analyzing 150000 states in spread 16
Finished step 31, minimal spread 5, max spread 17, got 127 drops
Total number of curves 1152904
Starting step 32
Analyzing 4 states in spread 5
Analyzing 26 states in spread 6
Analyzing 160 states in spread 7
Analyzing 1317 states in spread 8
Analyzing 11082 states in spread 9
Analyzing 90315 states in spread 10
Analyzing 150000 states in spread 11
Analyzing 150000 states in spread 12
Analyzing 150000 states in spread 13
Analyzing 150000 states in spread 14
Analyzing 150000 states in spread 15
Analyzing 150000 states in spread 16
Finished step 32, minimal spread 5, max spread 17, got 127 drops
Total number of curves 1132990
Starting step 33
Analyzing 4 states in spread 5
Analyzing 41 states in spread 6
Analyzing 234 states in spread 7
Analyzing 1302 states in spread 8
Analyzing 9800 states in spread 9
Analyzing 71609 states in spread 10
Analyzing 150000 states in spread 11
Analyzing 150000 states in spread 12
Analyzing 150000 states in spread 13
Analyzing 150000 states in spread 14
Analyzing 150000 states in spread 15
Analyzing 150000 states in spread 16
Analyzing 150000 states in spread 17
Finished step 33, minimal spread 4, max spread 18, got 133 drops
Total number of curves 1276399
Starting step 34
Analyzing 1 states in spread 4
Analyzing 6 states in spread 5
Analyzing 44 states in spread 6
Analyzing 319 states in spread 7
Analyzing 1695 states in spread 8
Analyzing 9374 states in spread 9
Analyzing 64960 states in spread 10
Analyzing 150000 states in spread 11
Analyzing 150000 states in spread 12
Analyzing 150000 states in spread 13
Analyzing 150000 states in spread 14
Analyzing 150000 states in spread 15
Analyzing 150000 states in spread 16
Analyzing 150000 states in spread 17
Finished step 34, minimal spread 4, max spread 18, got 158 drops
Total number of curves 1275883
Starting step 35
Analyzing 1 states in spread 4
Analyzing 15 states in spread 5
Analyzing 50 states in spread 6
Analyzing 344 states in spread 7
Analyzing 2168 states in spread 8
Analyzing 11242 states in spread 9
Analyzing 62063 states in spread 10
Analyzing 150000 states in spread 11
Analyzing 150000 states in spread 12
Analyzing 150000 states in spread 13
Analyzing 150000 states in spread 14
Analyzing 150000 states in spread 15
Analyzing 150000 states in spread 16
Analyzing 150000 states in spread 17
Finished step 35, minimal spread 4, max spread 18, got 161 drops
Total number of curves 1286832
Starting step 36
Analyzing 1 states in spread 4
Analyzing 10 states in spread 5
Analyzing 109 states in spread 6
Analyzing 379 states in spread 7
Analyzing 2335 states in spread 8
Analyzing 13695 states in spread 9
Analyzing 70303 states in spread 10
Analyzing 150000 states in spread 11
Analyzing 150000 states in spread 12
Analyzing 150000 states in spread 13
Analyzing 150000 states in spread 14
Analyzing 150000 states in spread 15
Analyzing 150000 states in spread 16
Analyzing 150000 states in spread 17
Finished step 36, minimal spread 4, max spread 18, got 170 drops
Total number of curves 1300282
Starting step 37
Analyzing 1 states in spread 4
Analyzing 11 states in spread 5
Analyzing 83 states in spread 6
Analyzing 677 states in spread 7
Analyzing 2511 states in spread 8
Analyzing 14691 states in spread 9
Analyzing 82308 states in spread 10
Analyzing 150000 states in spread 11
Analyzing 150000 states in spread 12
Analyzing 150000 states in spread 13
Analyzing 150000 states in spread 14
Analyzing 150000 states in spread 15
Analyzing 150000 states in spread 16
Finished step 37, minimal spread 5, max spread 17, got 197 drops
Total number of curves 1157802
Starting step 38
Analyzing 12 states in spread 5
Analyzing 100 states in spread 6
Analyzing 574 states in spread 7
Analyzing 3941 states in spread 8
Analyzing 15632 states in spread 9
Analyzing 87543 states in spread 10
Analyzing 150000 states in spread 11
Analyzing 150000 states in spread 12
Analyzing 150000 states in spread 13
Analyzing 150000 states in spread 14
Analyzing 150000 states in spread 15
Analyzing 150000 states in spread 16
Finished step 38, minimal spread 5, max spread 17, got 191 drops
Total number of curves 1169308
Starting step 39
Analyzing 7 states in spread 5
Analyzing 100 states in spread 6
Analyzing 696 states in spread 7
Analyzing 3624 states in spread 8
Analyzing 22413 states in spread 9
Analyzing 92468 states in spread 10
Analyzing 150000 states in spread 11
Analyzing 150000 states in spread 12
Analyzing 150000 states in spread 13
Analyzing 150000 states in spread 14
Analyzing 150000 states in spread 15
Analyzing 150000 states in spread 16
Finished step 39, minimal spread 5, max spread 17, got 182 drops
Total number of curves 1201592
Starting step 40
Analyzing 5 states in spread 5
Analyzing 80 states in spread 6
Analyzing 666 states in spread 7
Analyzing 4372 states in spread 8
Analyzing 21653 states in spread 9
Analyzing 124816 states in spread 10
Analyzing 150000 states in spread 11
Analyzing 150000 states in spread 12
Analyzing 150000 states in spread 13
Analyzing 150000 states in spread 14
Analyzing 150000 states in spread 15
Analyzing 150000 states in spread 16
Finished step 40, minimal spread 5, max spread 17, got 159 drops
Total number of curves 1204646
Starting step 41
Analyzing 4 states in spread 5
Analyzing 63 states in spread 6
Analyzing 613 states in spread 7
Analyzing 4147 states in spread 8
Analyzing 25769 states in spread 9
Analyzing 124050 states in spread 10
Analyzing 150000 states in spread 11
Analyzing 150000 states in spread 12
Analyzing 150000 states in spread 13
Analyzing 150000 states in spread 14
Analyzing 150000 states in spread 15
Analyzing 150000 states in spread 16
Finished step 41, minimal spread 5, max spread 17, got 168 drops
Total number of curves 1225032
Starting step 42
Analyzing 6 states in spread 5
Analyzing 53 states in spread 6
Analyzing 520 states in spread 7
Analyzing 4005 states in spread 8
Analyzing 24934 states in spread 9
Analyzing 145514 states in spread 10
Analyzing 150000 states in spread 11
Analyzing 150000 states in spread 12
Analyzing 150000 states in spread 13
Analyzing 150000 states in spread 14
Analyzing 150000 states in spread 15
Analyzing 150000 states in spread 16
Finished step 42, minimal spread 5, max spread 17, got 195 drops
Total number of curves 1222675
Starting step 43
Analyzing 4 states in spread 5
Analyzing 67 states in spread 6
Analyzing 473 states in spread 7
Analyzing 3660 states in spread 8
Analyzing 24577 states in spread 9
Analyzing 143894 states in spread 10
Analyzing 150000 states in spread 11
Analyzing 150000 states in spread 12
Analyzing 150000 states in spread 13
Analyzing 150000 states in spread 14
Analyzing 150000 states in spread 15
Analyzing 150000 states in spread 16
Finished step 43, minimal spread 5, max spread 17, got 173 drops
Total number of curves 1220813
Starting step 44
Analyzing 5 states in spread 5
Analyzing 49 states in spread 6
Analyzing 523 states in spread 7
Analyzing 3537 states in spread 8
Analyzing 23297 states in spread 9
Analyzing 143402 states in spread 10
Analyzing 150000 states in spread 11
Analyzing 150000 states in spread 12
Analyzing 150000 states in spread 13
Analyzing 150000 states in spread 14
Analyzing 150000 states in spread 15
Analyzing 150000 states in spread 16
Finished step 44, minimal spread 5, max spread 17, got 197 drops
Total number of curves 1216426
Starting step 45
Analyzing 3 states in spread 5
Analyzing 56 states in spread 6
Analyzing 420 states in spread 7
Analyzing 3726 states in spread 8
Analyzing 23222 states in spread 9
Analyzing 138999 states in spread 10
Analyzing 150000 states in spread 11
Analyzing 150000 states in spread 12
Analyzing 150000 states in spread 13
Analyzing 150000 states in spread 14
Analyzing 150000 states in spread 15
Analyzing 150000 states in spread 16
Finished step 45, minimal spread 5, max spread 17, got 187 drops
Total number of curves 1218200
Starting step 46
Analyzing 4 states in spread 5
Analyzing 41 states in spread 6
Analyzing 455 states in spread 7
Analyzing 3181 states in spread 8
Analyzing 24030 states in spread 9
Analyzing 140489 states in spread 10
Analyzing 150000 states in spread 11
Analyzing 150000 states in spread 12
Analyzing 150000 states in spread 13
Analyzing 150000 states in spread 14
Analyzing 150000 states in spread 15
Analyzing 150000 states in spread 16
Finished step 46, minimal spread 4, max spread 17, got 211 drops
Total number of curves 1219818
Starting step 47
Analyzing 1 states in spread 4
Analyzing 7 states in spread 5
Analyzing 56 states in spread 6
Analyzing 384 states in spread 7
Analyzing 3285 states in spread 8
Analyzing 21351 states in spread 9
Analyzing 144734 states in spread 10
Analyzing 150000 states in spread 11
Analyzing 150000 states in spread 12
Analyzing 150000 states in spread 13
Analyzing 150000 states in spread 14
Analyzing 150000 states in spread 15
Analyzing 150000 states in spread 16
Finished step 47, minimal spread 4, max spread 17, got 244 drops
Total number of curves 1207765
Starting step 48
Analyzing 1 states in spread 4
Analyzing 16 states in spread 5
Analyzing 81 states in spread 6
Analyzing 474 states in spread 7
Analyzing 2985 states in spread 8
Analyzing 21646 states in spread 9
Analyzing 132562 states in spread 10
Analyzing 150000 states in spread 11
Analyzing 150000 states in spread 12
Analyzing 150000 states in spread 13
Analyzing 150000 states in spread 14
Analyzing 150000 states in spread 15
Analyzing 150000 states in spread 16
Finished step 48, minimal spread 5, max spread 17, got 254 drops
Total number of curves 1207831
Starting step 49
Analyzing 10 states in spread 5
Analyzing 137 states in spread 6
Analyzing 634 states in spread 7
Analyzing 3432 states in spread 8
Analyzing 20297 states in spread 9
Analyzing 133321 states in spread 10
Analyzing 150000 states in spread 11
Analyzing 150000 states in spread 12
Analyzing 150000 states in spread 13
Analyzing 150000 states in spread 14
Analyzing 150000 states in spread 15
Analyzing 150000 states in spread 16
Finished step 49, minimal spread 5, max spread 17, got 271 drops
Total number of curves 1205036
Starting step 50
Analyzing 6 states in spread 5
Analyzing 80 states in spread 6
Analyzing 907 states in spread 7
Analyzing 4294 states in spread 8
Analyzing 22541 states in spread 9
Analyzing 127208 states in spread 10
Analyzing 150000 states in spread 11
Analyzing 150000 states in spread 12
Analyzing 150000 states in spread 13
Analyzing 150000 states in spread 14
Analyzing 150000 states in spread 15
Analyzing 150000 states in spread 16
Finished step 50, minimal spread 5, max spread 17, got 280 drops
Total number of curves 1221473
Starting step 51
Analyzing 6 states in spread 5
Analyzing 74 states in spread 6
Analyzing 567 states in spread 7
Analyzing 5663 states in spread 8
Analyzing 26821 states in spread 9
Analyzing 138342 states in spread 10
Analyzing 150000 states in spread 11
Analyzing 150000 states in spread 12
Analyzing 150000 states in spread 13
Analyzing 150000 states in spread 14
Analyzing 150000 states in spread 15
Analyzing 150000 states in spread 16
Finished step 51, minimal spread 5, max spread 17, got 253 drops
Total number of curves 1238267
Starting step 52
Analyzing 6 states in spread 5
Analyzing 69 states in spread 6
Analyzing 600 states in spread 7
Analyzing 3937 states in spread 8
Analyzing 33655 states in spread 9
Analyzing 150000 states in spread 10
Analyzing 150000 states in spread 11
Analyzing 150000 states in spread 12
Analyzing 150000 states in spread 13
Analyzing 150000 states in spread 14
Analyzing 150000 states in spread 15
Analyzing 150000 states in spread 16
Finished step 52, minimal spread 5, max spread 17, got 250 drops
Total number of curves 1230437
Starting step 53
Analyzing 3 states in spread 5
Analyzing 65 states in spread 6
Analyzing 572 states in spread 7
Analyzing 4279 states in spread 8
Analyzing 25518 states in spread 9
Analyzing 150000 states in spread 10
Analyzing 150000 states in spread 11
Analyzing 150000 states in spread 12
Analyzing 150000 states in spread 13
Analyzing 150000 states in spread 14
Analyzing 150000 states in spread 15
Analyzing 150000 states in spread 16
Finished step 53, minimal spread 5, max spread 17, got 208 drops
Total number of curves 1229358
Starting step 54
Analyzing 2 states in spread 5
Analyzing 43 states in spread 6
Analyzing 533 states in spread 7
Analyzing 4128 states in spread 8
Analyzing 27442 states in spread 9
Analyzing 147210 states in spread 10
Analyzing 150000 states in spread 11
Analyzing 150000 states in spread 12
Analyzing 150000 states in spread 13
Analyzing 150000 states in spread 14
Analyzing 150000 states in spread 15
Analyzing 150000 states in spread 16
Finished step 54, minimal spread 5, max spread 17, got 220 drops
Total number of curves 1231100
Starting step 55
Analyzing 1 states in spread 5
Analyzing 32 states in spread 6
Analyzing 437 states in spread 7
Analyzing 3880 states in spread 8
Analyzing 26750 states in spread 9
Analyzing 150000 states in spread 10
Analyzing 150000 states in spread 11
Analyzing 150000 states in spread 12
Analyzing 150000 states in spread 13
Analyzing 150000 states in spread 14
Analyzing 150000 states in spread 15
Analyzing 150000 states in spread 16
Finished step 55, minimal spread 5, max spread 16, got 224 drops
Total number of curves 1079307
Starting step 56
Analyzing 2 states in spread 5
Analyzing 27 states in spread 6
Analyzing 357 states in spread 7
Analyzing 3471 states in spread 8
Analyzing 25450 states in spread 9
Analyzing 150000 states in spread 10
Analyzing 150000 states in spread 11
Analyzing 150000 states in spread 12
Analyzing 150000 states in spread 13
Analyzing 150000 states in spread 14
Analyzing 150000 states in spread 15
Analyzing 150000 states in spread 16
Finished step 56, minimal spread 5, max spread 15, got 211 drops
Total number of curves 927102
Starting step 57
Analyzing 3 states in spread 5
Analyzing 32 states in spread 6
Analyzing 317 states in spread 7
Analyzing 2983 states in spread 8
Analyzing 23767 states in spread 9
Analyzing 150000 states in spread 10
Analyzing 150000 states in spread 11
Analyzing 150000 states in spread 12
Analyzing 150000 states in spread 13
Analyzing 150000 states in spread 14
Analyzing 150000 states in spread 15
Finished step 57, minimal spread 5, max spread 14, got 190 drops
Total number of curves 769391
Starting step 58
Analyzing 2 states in spread 5
Analyzing 32 states in spread 6
Analyzing 332 states in spread 7
Analyzing 2677 states in spread 8
Analyzing 21359 states in spread 9
Analyzing 144989 states in spread 10
Analyzing 150000 states in spread 11
Analyzing 150000 states in spread 12
Analyzing 150000 states in spread 13
Analyzing 150000 states in spread 14
Finished step 58, minimal spread 5, max spread 13, got 208 drops
Total number of curves 607540
Starting step 59
Analyzing 2 states in spread 5
Analyzing 26 states in spread 6
Analyzing 327 states in spread 7
Analyzing 2731 states in spread 8
Analyzing 19375 states in spread 9
Analyzing 135079 states in spread 10
Analyzing 150000 states in spread 11
Analyzing 150000 states in spread 12
Analyzing 150000 states in spread 13
Finished step 59, minimal spread 5, max spread 12, got 245 drops
Total number of curves 447667
Starting step 60
Analyzing 5 states in spread 5
Analyzing 35 states in spread 6
Analyzing 306 states in spread 7
Analyzing 2679 states in spread 8
Analyzing 19535 states in spread 9
Analyzing 125107 states in spread 10
Analyzing 150000 states in spread 11
Analyzing 150000 states in spread 12
Finished step 60, minimal spread 5, max spread 11, got 278 drops
Total number of curves 297790
Starting step 61
Analyzing 6 states in spread 5
Analyzing 64 states in spread 6
Analyzing 341 states in spread 7
Analyzing 2594 states in spread 8
Analyzing 18908 states in spread 9
Analyzing 125877 states in spread 10
Analyzing 150000 states in spread 11
Finished step 61, minimal spread 5, max spread 10, got 287 drops
Total number of curves 143326
Starting step 62
Analyzing 7 states in spread 5
Analyzing 73 states in spread 6
Analyzing 526 states in spread 7
Analyzing 2656 states in spread 8
Analyzing 18467 states in spread 9
Analyzing 121597 states in spread 10
Finished step 62, minimal spread 5, max spread 9, got 290 drops
Total number of curves 22788
Starting step 63
Analyzing 6 states in spread 5
Analyzing 70 states in spread 6
Analyzing 571 states in spread 7
Analyzing 3632 states in spread 8
Analyzing 18509 states in spread 9
Finished step 63, minimal spread 5, max spread 8, got 111 drops
Total number of curves 4543
Starting step 64
Analyzing 6 states in spread 5
Analyzing 70 states in spread 6
Analyzing 543 states in spread 7
Analyzing 3924 states in spread 8
Finished step 64, minimal spread 5, max spread 7, got 33 drops
Total number of curves 678
Starting step 65
Analyzing 6 states in spread 5
Analyzing 73 states in spread 6
Analyzing 599 states in spread 7
Finished step 65, minimal spread 5, max spread 6, got 6 drops
Total number of curves 75
Starting step 66
Analyzing 3 states in spread 5
Analyzing 72 states in spread 6
Finished step 66, minimal spread 5, max spread 5, got 4 drops
Total number of curves 5
Starting step 67
Analyzing 5 states in spread 5
Finished step 67, minimal spread 4, max spread 4, got 4 drops
Total number of curves 4
Starting step 68
Analyzing 4 states in spread 4
Finished step 68, minimal spread 3, max spread 3, got 1 drops
Total number of curves 1
Starting step 69
Analyzing 1 states in spread 3
Finished step 69, minimal spread 2, max spread 2, got 1 drops
Total number of curves 1
Starting step 70
Analyzing 1 states in spread 2
Finished step 70, minimal spread 1, max spread 1, got 1 drops
Total number of curves 1
Altogether, runtime= 25.69112890625
SUMMARY witness_output= logs/a3_mod5_len70_b150k_u1500k_u1000k_seed0_20260310_witnesses.txt
SUMMARY found= False
SUMMARY first_depth= None
SUMMARY unique_witnesses= 0
SUMMARY total_hits= 0
SUMMARY witness_depth_histogram= {}
CUDA max_memory_allocated_bytes: 8335510528
CUDA max_memory_reserved_bytes: 10211033088
