Starting A3 torch search with p= 5 caps 400000 400000 totalcaps 1800000 1200000 FIRST_STEPS 12 base_point 1 device cuda
We have 6 atoms and 14 dual simples
Initialized step 1 with spreads: {1: 2}
Starting step 2
Analyzing 2 states in spread 1
Finished step 2, minimal spread 2, max spread 2, got 0 drops
Total number of curves 8
Starting step 3
Analyzing 8 states in spread 2
Finished step 3, minimal spread 3, max spread 3, got 0 drops
Total number of curves 36
Starting step 4
Analyzing 36 states in spread 3
Finished step 4, minimal spread 4, max spread 4, got 0 drops
Total number of curves 170
Starting step 5
Analyzing 170 states in spread 4
Finished step 5, minimal spread 5, max spread 5, got 0 drops
Total number of curves 816
Starting step 6
Analyzing 816 states in spread 5
Finished step 6, minimal spread 5, max spread 6, got 0 drops
Total number of curves 3938
Starting step 7
Analyzing 2 states in spread 5
Analyzing 3936 states in spread 6
Finished step 7, minimal spread 5, max spread 7, got 0 drops
Total number of curves 19040
Starting step 8
Analyzing 2 states in spread 5
Analyzing 40 states in spread 6
Analyzing 18998 states in spread 7
Finished step 8, minimal spread 6, max spread 8, got 0 drops
Total number of curves 92118
Starting step 9
Analyzing 39 states in spread 6
Analyzing 457 states in spread 7
Analyzing 91622 states in spread 8
Finished step 9, minimal spread 6, max spread 9, got 0 drops
Total number of curves 404412
Starting step 10
Analyzing 15 states in spread 6
Analyzing 415 states in spread 7
Analyzing 3982 states in spread 8
Analyzing 400000 states in spread 9
Finished step 10, minimal spread 6, max spread 10, got 0 drops
Total number of curves 432201
Starting step 11
Analyzing 8 states in spread 6
Analyzing 225 states in spread 7
Analyzing 3512 states in spread 8
Analyzing 28456 states in spread 9
Analyzing 400000 states in spread 10
Finished step 11, minimal spread 6, max spread 11, got 0 drops
Total number of curves 574244
Starting step 12
Analyzing 5 states in spread 6
Analyzing 157 states in spread 7
Analyzing 2174 states in spread 8
Analyzing 24953 states in spread 9
Analyzing 146955 states in spread 10
Analyzing 400000 states in spread 11
Finished step 12, minimal spread 6, max spread 12, got 0 drops
Total number of curves 953181
Starting step 13
Analyzing 5 states in spread 6
Analyzing 97 states in spread 7
Analyzing 1693 states in spread 8
Analyzing 16793 states in spread 9
Analyzing 134593 states in spread 10
Analyzing 400000 states in spread 11
Analyzing 400000 states in spread 12
Finished step 13, minimal spread 6, max spread 13, got 3 drops
Total number of curves 1313959
Starting step 14
Analyzing 5 states in spread 6
Analyzing 73 states in spread 7
Analyzing 1149 states in spread 8
Analyzing 13778 states in spread 9
Analyzing 98954 states in spread 10
Analyzing 400000 states in spread 11
Analyzing 400000 states in spread 12
Analyzing 400000 states in spread 13
Finished step 14, minimal spread 6, max spread 14, got 18 drops
Total number of curves 1697233
Starting step 15
Analyzing 7 states in spread 6
Analyzing 71 states in spread 7
Analyzing 852 states in spread 8
Analyzing 10182 states in spread 9
Analyzing 86121 states in spread 10
Analyzing 400000 states in spread 11
Analyzing 400000 states in spread 12
Analyzing 400000 states in spread 13
Finished step 15, minimal spread 6, max spread 14, got 47 drops
Total number of curves 1677489
Starting step 16
Analyzing 7 states in spread 6
Analyzing 96 states in spread 7
Analyzing 801 states in spread 8
Analyzing 7968 states in spread 9
Analyzing 68617 states in spread 10
Analyzing 400000 states in spread 11
Analyzing 400000 states in spread 12
Analyzing 400000 states in spread 13
Finished step 16, minimal spread 6, max spread 14, got 95 drops
Total number of curves 1645737
Starting step 17
Analyzing 6 states in spread 6
Analyzing 103 states in spread 7
Analyzing 962 states in spread 8
Analyzing 7322 states in spread 9
Analyzing 56763 states in spread 10
Analyzing 380581 states in spread 11
Analyzing 400000 states in spread 12
Analyzing 400000 states in spread 13
Finished step 17, minimal spread 6, max spread 14, got 145 drops
Total number of curves 1598161
Starting step 18
Analyzing 5 states in spread 6
Analyzing 99 states in spread 7
Analyzing 984 states in spread 8
Analyzing 7878 states in spread 9
Analyzing 52790 states in spread 10
Analyzing 336405 states in spread 11
Analyzing 400000 states in spread 12
Analyzing 400000 states in spread 13
Analyzing 400000 states in spread 14
Finished step 18, minimal spread 6, max spread 15, got 216 drops
Total number of curves 1986689
Starting step 19
Analyzing 6 states in spread 6
Analyzing 86 states in spread 7
Analyzing 949 states in spread 8
Analyzing 7744 states in spread 9
Analyzing 54443 states in spread 10
Analyzing 323461 states in spread 11
Analyzing 400000 states in spread 12
Analyzing 400000 states in spread 13
Analyzing 400000 states in spread 14
Finished step 19, minimal spread 6, max spread 15, got 259 drops
Total number of curves 1995786
Starting step 20
Analyzing 6 states in spread 6
Analyzing 104 states in spread 7
Analyzing 857 states in spread 8
Analyzing 7427 states in spread 9
Analyzing 52998 states in spread 10
Analyzing 334394 states in spread 11
Analyzing 400000 states in spread 12
Analyzing 400000 states in spread 13
Analyzing 400000 states in spread 14
Finished step 20, minimal spread 6, max spread 15, got 340 drops
Total number of curves 1987731
Starting step 21
Analyzing 11 states in spread 6
Analyzing 112 states in spread 7
Analyzing 934 states in spread 8
Analyzing 6738 states in spread 9
Analyzing 51008 states in spread 10
Analyzing 328928 states in spread 11
Analyzing 400000 states in spread 12
Analyzing 400000 states in spread 13
Analyzing 400000 states in spread 14
Finished step 21, minimal spread 5, max spread 15, got 466 drops
Total number of curves 1975040
Starting step 22
Analyzing 5 states in spread 5
Analyzing 21 states in spread 6
Analyzing 132 states in spread 7
Analyzing 989 states in spread 8
Analyzing 6986 states in spread 9
Analyzing 46884 states in spread 10
Analyzing 320023 states in spread 11
Analyzing 400000 states in spread 12
Analyzing 400000 states in spread 13
Analyzing 400000 states in spread 14
Finished step 22, minimal spread 5, max spread 15, got 554 drops
Total number of curves 1955133
Starting step 23
Analyzing 9 states in spread 5
Analyzing 50 states in spread 6
Analyzing 176 states in spread 7
Analyzing 1081 states in spread 8
Analyzing 7303 states in spread 9
Analyzing 47482 states in spread 10
Analyzing 299032 states in spread 11
Analyzing 400000 states in spread 12
Analyzing 400000 states in spread 13
Analyzing 400000 states in spread 14
Finished step 23, minimal spread 5, max spread 15, got 612 drops
Total number of curves 1958538
Starting step 24
Analyzing 7 states in spread 5
Analyzing 85 states in spread 6
Analyzing 333 states in spread 7
Analyzing 1300 states in spread 8
Analyzing 7684 states in spread 9
Analyzing 49063 states in spread 10
Analyzing 300066 states in spread 11
Analyzing 400000 states in spread 12
Analyzing 400000 states in spread 13
Analyzing 400000 states in spread 14
Finished step 24, minimal spread 5, max spread 15, got 706 drops
Total number of curves 1969535
Starting step 25
Analyzing 8 states in spread 5
Analyzing 70 states in spread 6
Analyzing 548 states in spread 7
Analyzing 2091 states in spread 8
Analyzing 8805 states in spread 9
Analyzing 50463 states in spread 10
Analyzing 307550 states in spread 11
Analyzing 400000 states in spread 12
Analyzing 400000 states in spread 13
Analyzing 400000 states in spread 14
Finished step 25, minimal spread 5, max spread 15, got 744 drops
Total number of curves 1985295
Starting step 26
Analyzing 6 states in spread 5
Analyzing 72 states in spread 6
Analyzing 490 states in spread 7
Analyzing 3256 states in spread 8
Analyzing 12680 states in spread 9
Analyzing 56187 states in spread 10
Analyzing 312604 states in spread 11
Analyzing 400000 states in spread 12
Analyzing 400000 states in spread 13
Analyzing 400000 states in spread 14
Finished step 26, minimal spread 5, max spread 15, got 751 drops
Total number of curves 2037896
Starting step 27
Analyzing 2 states in spread 5
Analyzing 63 states in spread 6
Analyzing 474 states in spread 7
Analyzing 3092 states in spread 8
Analyzing 18613 states in spread 9
Analyzing 75045 states in spread 10
Analyzing 340607 states in spread 11
Analyzing 400000 states in spread 12
Analyzing 400000 states in spread 13
Finished step 27, minimal spread 6, max spread 14, got 813 drops
Total number of curves 1726519
Starting step 28
Analyzing 35 states in spread 6
Analyzing 483 states in spread 7
Analyzing 2984 states in spread 8
Analyzing 18507 states in spread 9
Analyzing 104510 states in spread 10
Analyzing 400000 states in spread 11
Analyzing 400000 states in spread 12
Analyzing 400000 states in spread 13
Finished step 28, minimal spread 6, max spread 14, got 741 drops
Total number of curves 1728587
Starting step 29
Analyzing 13 states in spread 6
Analyzing 358 states in spread 7
Analyzing 3247 states in spread 8
Analyzing 18173 states in spread 9
Analyzing 106796 states in spread 10
Analyzing 400000 states in spread 11
Analyzing 400000 states in spread 12
Analyzing 400000 states in spread 13
Finished step 29, minimal spread 6, max spread 14, got 632 drops
Total number of curves 1729581
Starting step 30
Analyzing 15 states in spread 6
Analyzing 218 states in spread 7
Analyzing 2698 states in spread 8
Analyzing 20174 states in spread 9
Analyzing 106476 states in spread 10
Analyzing 400000 states in spread 11
Analyzing 400000 states in spread 12
Analyzing 400000 states in spread 13
Finished step 30, minimal spread 6, max spread 14, got 476 drops
Total number of curves 1738365
Starting step 31
Analyzing 19 states in spread 6
Analyzing 202 states in spread 7
Analyzing 1964 states in spread 8
Analyzing 17778 states in spread 9
Analyzing 118402 states in spread 10
Analyzing 400000 states in spread 11
Analyzing 400000 states in spread 12
Analyzing 400000 states in spread 13
Finished step 31, minimal spread 5, max spread 14, got 411 drops
Total number of curves 1724554
Starting step 32
Analyzing 3 states in spread 5
Analyzing 23 states in spread 6
Analyzing 224 states in spread 7
Analyzing 1739 states in spread 8
Analyzing 14260 states in spread 9
Analyzing 108305 states in spread 10
Analyzing 400000 states in spread 11
Analyzing 400000 states in spread 12
Analyzing 400000 states in spread 13
Finished step 32, minimal spread 5, max spread 14, got 328 drops
Total number of curves 1706903
Starting step 33
Analyzing 3 states in spread 5
Analyzing 36 states in spread 6
Analyzing 264 states in spread 7
Analyzing 1810 states in spread 8
Analyzing 12771 states in spread 9
Analyzing 92019 states in spread 10
Analyzing 400000 states in spread 11
Analyzing 400000 states in spread 12
Analyzing 400000 states in spread 13
Finished step 33, minimal spread 5, max spread 14, got 304 drops
Total number of curves 1699557
Starting step 34
Analyzing 4 states in spread 5
Analyzing 39 states in spread 6
Analyzing 325 states in spread 7
Analyzing 2050 states in spread 8
Analyzing 12891 states in spread 9
Analyzing 84248 states in spread 10
Analyzing 400000 states in spread 11
Analyzing 400000 states in spread 12
Analyzing 400000 states in spread 13
Finished step 34, minimal spread 5, max spread 14, got 313 drops
Total number of curves 1701029
Starting step 35
Analyzing 5 states in spread 5
Analyzing 43 states in spread 6
Analyzing 345 states in spread 7
Analyzing 2394 states in spread 8
Analyzing 14019 states in spread 9
Analyzing 84223 states in spread 10
Analyzing 400000 states in spread 11
Analyzing 400000 states in spread 12
Analyzing 400000 states in spread 13
Finished step 35, minimal spread 5, max spread 14, got 320 drops
Total number of curves 1707874
Starting step 36
Analyzing 2 states in spread 5
Analyzing 61 states in spread 6
Analyzing 365 states in spread 7
Analyzing 2525 states in spread 8
Analyzing 15845 states in spread 9
Analyzing 89076 states in spread 10
Analyzing 400000 states in spread 11
Analyzing 400000 states in spread 12
Analyzing 400000 states in spread 13
Finished step 36, minimal spread 5, max spread 14, got 353 drops
Total number of curves 1717858
Starting step 37
Analyzing 2 states in spread 5
Analyzing 45 states in spread 6
Analyzing 469 states in spread 7
Analyzing 2561 states in spread 8
Analyzing 16721 states in spread 9
Analyzing 98060 states in spread 10
Analyzing 400000 states in spread 11
Analyzing 400000 states in spread 12
Analyzing 400000 states in spread 13
Finished step 37, minimal spread 5, max spread 14, got 379 drops
Total number of curves 1723292
Starting step 38
Analyzing 5 states in spread 5
Analyzing 51 states in spread 6
Analyzing 400 states in spread 7
Analyzing 3105 states in spread 8
Analyzing 16727 states in spread 9
Analyzing 103004 states in spread 10
Analyzing 400000 states in spread 11
Analyzing 400000 states in spread 12
Analyzing 400000 states in spread 13
Finished step 38, minimal spread 5, max spread 14, got 398 drops
Total number of curves 1725420
Starting step 39
Analyzing 6 states in spread 5
Analyzing 62 states in spread 6
Analyzing 448 states in spread 7
Analyzing 2881 states in spread 8
Analyzing 19410 states in spread 9
Analyzing 102613 states in spread 10
Analyzing 400000 states in spread 11
Analyzing 400000 states in spread 12
Analyzing 400000 states in spread 13
Finished step 39, minimal spread 5, max spread 14, got 362 drops
Total number of curves 1738081
Starting step 40
Analyzing 4 states in spread 5
Analyzing 66 states in spread 6
Analyzing 475 states in spread 7
Analyzing 3183 states in spread 8
Analyzing 18788 states in spread 9
Analyzing 115565 states in spread 10
Analyzing 400000 states in spread 11
Analyzing 400000 states in spread 12
Analyzing 400000 states in spread 13
Finished step 40, minimal spread 5, max spread 14, got 339 drops
Total number of curves 1738615
Starting step 41
Analyzing 4 states in spread 5
Analyzing 51 states in spread 6
Analyzing 513 states in spread 7
Analyzing 3248 states in spread 8
Analyzing 20426 states in spread 9
Analyzing 114373 states in spread 10
Analyzing 400000 states in spread 11
Analyzing 400000 states in spread 12
Analyzing 400000 states in spread 13
Finished step 41, minimal spread 5, max spread 14, got 343 drops
Total number of curves 1747686
Starting step 42
Analyzing 6 states in spread 5
Analyzing 53 states in spread 6
Analyzing 444 states in spread 7
Analyzing 3457 states in spread 8
Analyzing 20869 states in spread 9
Analyzing 122857 states in spread 10
Analyzing 400000 states in spread 11
Analyzing 400000 states in spread 12
Analyzing 400000 states in spread 13
Finished step 42, minimal spread 5, max spread 14, got 341 drops
Total number of curves 1751973
Starting step 43
Analyzing 4 states in spread 5
Analyzing 66 states in spread 6
Analyzing 476 states in spread 7
Analyzing 3284 states in spread 8
Analyzing 21761 states in spread 9
Analyzing 126382 states in spread 10
Analyzing 400000 states in spread 11
Analyzing 400000 states in spread 12
Analyzing 400000 states in spread 13
Finished step 43, minimal spread 5, max spread 14, got 297 drops
Total number of curves 1755667
Starting step 44
Analyzing 5 states in spread 5
Analyzing 47 states in spread 6
Analyzing 529 states in spread 7
Analyzing 3557 states in spread 8
Analyzing 21506 states in spread 9
Analyzing 130023 states in spread 10
Analyzing 400000 states in spread 11
Analyzing 400000 states in spread 12
Analyzing 400000 states in spread 13
Finished step 44, minimal spread 5, max spread 14, got 307 drops
Total number of curves 1758370
Starting step 45
Analyzing 3 states in spread 5
Analyzing 55 states in spread 6
Analyzing 423 states in spread 7
Analyzing 3830 states in spread 8
Analyzing 23195 states in spread 9
Analyzing 130864 states in spread 10
Analyzing 400000 states in spread 11
Analyzing 400000 states in spread 12
Analyzing 400000 states in spread 13
Finished step 45, minimal spread 5, max spread 14, got 287 drops
Total number of curves 1768475
Starting step 46
Analyzing 4 states in spread 5
Analyzing 41 states in spread 6
Analyzing 459 states in spread 7
Analyzing 3270 states in spread 8
Analyzing 24703 states in spread 9
Analyzing 139998 states in spread 10
Analyzing 400000 states in spread 11
Analyzing 400000 states in spread 12
Analyzing 400000 states in spread 13
Finished step 46, minimal spread 4, max spread 14, got 305 drops
Total number of curves 1774192
Starting step 47
Analyzing 1 states in spread 4
Analyzing 7 states in spread 5
Analyzing 53 states in spread 6
Analyzing 405 states in spread 7
Analyzing 3376 states in spread 8
Analyzing 22037 states in spread 9
Analyzing 148313 states in spread 10
Analyzing 400000 states in spread 11
Analyzing 400000 states in spread 12
Analyzing 400000 states in spread 13
Finished step 47, minimal spread 4, max spread 14, got 313 drops
Total number of curves 1762943
Starting step 48
Analyzing 1 states in spread 4
Analyzing 16 states in spread 5
Analyzing 80 states in spread 6
Analyzing 460 states in spread 7
Analyzing 3162 states in spread 8
Analyzing 22376 states in spread 9
Analyzing 136848 states in spread 10
Analyzing 400000 states in spread 11
Analyzing 400000 states in spread 12
Analyzing 400000 states in spread 13
Finished step 48, minimal spread 5, max spread 14, got 302 drops
Total number of curves 1763521
Starting step 49
Analyzing 10 states in spread 5
Analyzing 139 states in spread 6
Analyzing 635 states in spread 7
Analyzing 3401 states in spread 8
Analyzing 21455 states in spread 9
Analyzing 137881 states in spread 10
Analyzing 400000 states in spread 11
Analyzing 400000 states in spread 12
Analyzing 400000 states in spread 13
Finished step 49, minimal spread 5, max spread 14, got 303 drops
Total number of curves 1761858
Starting step 50
Analyzing 6 states in spread 5
Analyzing 83 states in spread 6
Analyzing 923 states in spread 7
Analyzing 4353 states in spread 8
Analyzing 22594 states in spread 9
Analyzing 133899 states in spread 10
Analyzing 400000 states in spread 11
Analyzing 400000 states in spread 12
Analyzing 400000 states in spread 13
Finished step 50, minimal spread 5, max spread 14, got 310 drops
Total number of curves 1773472
Starting step 51
Analyzing 7 states in spread 5
Analyzing 77 states in spread 6
Analyzing 588 states in spread 7
Analyzing 5798 states in spread 8
Analyzing 27381 states in spread 9
Analyzing 139621 states in spread 10
Analyzing 400000 states in spread 11
Analyzing 400000 states in spread 12
Analyzing 400000 states in spread 13
Finished step 51, minimal spread 5, max spread 14, got 281 drops
Total number of curves 1802260
Starting step 52
Analyzing 8 states in spread 5
Analyzing 80 states in spread 6
Analyzing 618 states in spread 7
Analyzing 4094 states in spread 8
Analyzing 34685 states in spread 9
Analyzing 162775 states in spread 10
Analyzing 400000 states in spread 11
Analyzing 400000 states in spread 12
Analyzing 400000 states in spread 13
Finished step 52, minimal spread 5, max spread 14, got 286 drops
Total number of curves 1831224
Starting step 53
Analyzing 4 states in spread 5
Analyzing 80 states in spread 6
Analyzing 642 states in spread 7
Analyzing 4430 states in spread 8
Analyzing 26617 states in spread 9
Analyzing 199451 states in spread 10
Analyzing 400000 states in spread 11
Analyzing 400000 states in spread 12
Analyzing 400000 states in spread 13
Finished step 53, minimal spread 5, max spread 14, got 284 drops
Total number of curves 1796783
Starting step 54
Analyzing 2 states in spread 5
Analyzing 49 states in spread 6
Analyzing 621 states in spread 7
Analyzing 4544 states in spread 8
Analyzing 28655 states in spread 9
Analyzing 162912 states in spread 10
Analyzing 400000 states in spread 11
Analyzing 400000 states in spread 12
Analyzing 400000 states in spread 13
Finished step 54, minimal spread 5, max spread 14, got 292 drops
Total number of curves 1807746
Starting step 55
Analyzing 1 states in spread 5
Analyzing 31 states in spread 6
Analyzing 479 states in spread 7
Analyzing 4411 states in spread 8
Analyzing 29173 states in spread 9
Analyzing 173651 states in spread 10
Analyzing 400000 states in spread 11
Analyzing 400000 states in spread 12
Analyzing 400000 states in spread 13
Finished step 55, minimal spread 5, max spread 14, got 312 drops
Total number of curves 1808883
Starting step 56
Analyzing 2 states in spread 5
Analyzing 25 states in spread 6
Analyzing 365 states in spread 7
Analyzing 3801 states in spread 8
Analyzing 28567 states in spread 9
Analyzing 176123 states in spread 10
Analyzing 400000 states in spread 11
Analyzing 400000 states in spread 12
Analyzing 400000 states in spread 13
Finished step 56, minimal spread 5, max spread 14, got 329 drops
Total number of curves 1803583
Starting step 57
Analyzing 3 states in spread 5
Analyzing 33 states in spread 6
Analyzing 322 states in spread 7
Analyzing 3152 states in spread 8
Analyzing 26087 states in spread 9
Analyzing 173986 states in spread 10
Analyzing 400000 states in spread 11
Analyzing 400000 states in spread 12
Analyzing 400000 states in spread 13
Finished step 57, minimal spread 5, max spread 14, got 306 drops
Total number of curves 1789758
Starting step 58
Analyzing 4 states in spread 5
Analyzing 36 states in spread 6
Analyzing 349 states in spread 7
Analyzing 2800 states in spread 8
Analyzing 22960 states in spread 9
Analyzing 163609 states in spread 10
Analyzing 400000 states in spread 11
Analyzing 400000 states in spread 12
Analyzing 400000 states in spread 13
Finished step 58, minimal spread 4, max spread 13, got 321 drops
Total number of curves 1373149
Starting step 59
Analyzing 1 states in spread 4
Analyzing 7 states in spread 5
Analyzing 44 states in spread 6
Analyzing 361 states in spread 7
Analyzing 2925 states in spread 8
Analyzing 20623 states in spread 9
Analyzing 149188 states in spread 10
Analyzing 400000 states in spread 11
Analyzing 400000 states in spread 12
Analyzing 400000 states in spread 13
Finished step 59, minimal spread 4, max spread 12, got 339 drops
Total number of curves 960855
Starting step 60
Analyzing 3 states in spread 4
Analyzing 15 states in spread 5
Analyzing 65 states in spread 6
Analyzing 411 states in spread 7
Analyzing 2992 states in spread 8
Analyzing 21116 states in spread 9
Analyzing 136253 states in spread 10
Analyzing 400000 states in spread 11
Analyzing 400000 states in spread 12
Finished step 60, minimal spread 4, max spread 11, got 392 drops
Total number of curves 562857
Starting step 61
Analyzing 4 states in spread 4
Analyzing 27 states in spread 5
Analyzing 120 states in spread 6
Analyzing 508 states in spread 7
Analyzing 3224 states in spread 8
Analyzing 21243 states in spread 9
Analyzing 137731 states in spread 10
Analyzing 400000 states in spread 11
Finished step 61, minimal spread 4, max spread 10, got 396 drops
Total number of curves 164067
Starting step 62
Analyzing 5 states in spread 4
Analyzing 34 states in spread 5
Analyzing 187 states in spread 6
Analyzing 827 states in spread 7
Analyzing 3611 states in spread 8
Analyzing 22169 states in spread 9
Analyzing 137234 states in spread 10
Finished step 62, minimal spread 4, max spread 9, got 399 drops
Total number of curves 30669
Starting step 63
Analyzing 5 states in spread 4
Analyzing 49 states in spread 5
Analyzing 211 states in spread 6
Analyzing 1174 states in spread 7
Analyzing 5288 states in spread 8
Analyzing 23942 states in spread 9
Finished step 63, minimal spread 4, max spread 8, got 142 drops
Total number of curves 8765
Starting step 64
Analyzing 4 states in spread 4
Analyzing 52 states in spread 5
Analyzing 318 states in spread 6
Analyzing 1275 states in spread 7
Analyzing 7116 states in spread 8
Finished step 64, minimal spread 4, max spread 7, got 39 drops
Total number of curves 2346
Starting step 65
Analyzing 4 states in spread 4
Analyzing 46 states in spread 5
Analyzing 357 states in spread 6
Analyzing 1939 states in spread 7
Finished step 65, minimal spread 4, max spread 6, got 10 drops
Total number of curves 386
Starting step 66
Analyzing 4 states in spread 4
Analyzing 46 states in spread 5
Analyzing 336 states in spread 6
Finished step 66, minimal spread 4, max spread 5, got 5 drops
Total number of curves 52
Starting step 67
Analyzing 3 states in spread 4
Analyzing 49 states in spread 5
Finished step 67, minimal spread 4, max spread 4, got 5 drops
Total number of curves 7
Starting step 68
Analyzing 7 states in spread 4
Finished step 68, minimal spread 3, max spread 3, got 1 drops
Total number of curves 1
Starting step 69
Analyzing 1 states in spread 3
Finished step 69, minimal spread 2, max spread 2, got 1 drops
Total number of curves 1
Starting step 70
Analyzing 1 states in spread 2
Finished step 70, minimal spread 1, max spread 1, got 1 drops
Total number of curves 1
Altogether, runtime= 35.16828125
SUMMARY witness_output= logs/a3_mod5_len70_b400k_u1800k_u1200k_seed0_20260310_witnesses.txt
SUMMARY found= False
SUMMARY first_depth= None
SUMMARY unique_witnesses= 0
SUMMARY total_hits= 0
SUMMARY witness_depth_histogram= {}
CUDA max_memory_allocated_bytes: 13542670336
CUDA max_memory_reserved_bytes: 17272143872
