Starting A3 torch search with p= 7 caps 60000 60000 totalcaps 180000 120000 FIRST_STEPS 30 base_point 1 device cuda
We have 6 atoms and 14 dual simples
Initialized step 1 with spreads: {1: 2}
Starting step 2
Analyzing 2 states in spread 1
Finished step 2, minimal spread 2, max spread 2, got 0 drops
Total number of curves 8
Starting step 3
Analyzing 8 states in spread 2
Finished step 3, minimal spread 3, max spread 3, got 0 drops
Total number of curves 36
Starting step 4
Analyzing 36 states in spread 3
Finished step 4, minimal spread 4, max spread 4, got 0 drops
Total number of curves 170
Starting step 5
Analyzing 170 states in spread 4
Finished step 5, minimal spread 5, max spread 5, got 0 drops
Total number of curves 816
Starting step 6
Analyzing 816 states in spread 5
Finished step 6, minimal spread 5, max spread 6, got 0 drops
Total number of curves 3938
Starting step 7
Analyzing 2 states in spread 5
Analyzing 3936 states in spread 6
Finished step 7, minimal spread 5, max spread 7, got 0 drops
Total number of curves 19040
Starting step 8
Analyzing 2 states in spread 5
Analyzing 38 states in spread 6
Analyzing 19000 states in spread 7
Finished step 8, minimal spread 6, max spread 8, got 0 drops
Total number of curves 60452
Starting step 9
Analyzing 37 states in spread 6
Analyzing 415 states in spread 7
Analyzing 60000 states in spread 8
Finished step 9, minimal spread 6, max spread 9, got 0 drops
Total number of curves 63386
Starting step 10
Analyzing 5 states in spread 6
Analyzing 372 states in spread 7
Analyzing 3009 states in spread 8
Analyzing 60000 states in spread 9
Finished step 10, minimal spread 7, max spread 10, got 0 drops
Total number of curves 78456
Starting step 11
Analyzing 84 states in spread 7
Analyzing 2637 states in spread 8
Analyzing 15735 states in spread 9
Analyzing 60000 states in spread 10
Finished step 11, minimal spread 7, max spread 11, got 0 drops
Total number of curves 135179
Starting step 12
Analyzing 11 states in spread 7
Analyzing 789 states in spread 8
Analyzing 14379 states in spread 9
Analyzing 60000 states in spread 10
Analyzing 60000 states in spread 11
Finished step 12, minimal spread 7, max spread 12, got 0 drops
Total number of curves 185370
Starting step 13
Analyzing 6 states in spread 7
Analyzing 193 states in spread 8
Analyzing 5171 states in spread 9
Analyzing 60000 states in spread 10
Analyzing 60000 states in spread 11
Analyzing 60000 states in spread 12
Finished step 13, minimal spread 7, max spread 13, got 0 drops
Total number of curves 211028
Starting step 14
Analyzing 5 states in spread 7
Analyzing 86 states in spread 8
Analyzing 1817 states in spread 9
Analyzing 29120 states in spread 10
Analyzing 60000 states in spread 11
Analyzing 60000 states in spread 12
Analyzing 60000 states in spread 13
Finished step 14, minimal spread 7, max spread 14, got 0 drops
Total number of curves 253458
Starting step 15
Analyzing 1 states in spread 7
Analyzing 56 states in spread 8
Analyzing 791 states in spread 9
Analyzing 12610 states in spread 10
Analyzing 60000 states in spread 11
Analyzing 60000 states in spread 12
Analyzing 60000 states in spread 13
Finished step 15, minimal spread 7, max spread 14, got 0 drops
Total number of curves 246135
Starting step 16
Analyzing 1 states in spread 7
Analyzing 21 states in spread 8
Analyzing 472 states in spread 9
Analyzing 5641 states in spread 10
Analyzing 60000 states in spread 11
Analyzing 60000 states in spread 12
Analyzing 60000 states in spread 13
Finished step 16, minimal spread 7, max spread 14, got 0 drops
Total number of curves 214868
Starting step 17
Analyzing 1 states in spread 7
Analyzing 22 states in spread 8
Analyzing 229 states in spread 9
Analyzing 3239 states in spread 10
Analyzing 31377 states in spread 11
Analyzing 60000 states in spread 12
Analyzing 60000 states in spread 13
Analyzing 60000 states in spread 14
Finished step 17, minimal spread 7, max spread 15, got 1 drops
Total number of curves 260720
Starting step 18
Analyzing 1 states in spread 7
Analyzing 18 states in spread 8
Analyzing 213 states in spread 9
Analyzing 1782 states in spread 10
Analyzing 18706 states in spread 11
Analyzing 60000 states in spread 12
Analyzing 60000 states in spread 13
Analyzing 60000 states in spread 14
Finished step 18, minimal spread 7, max spread 15, got 2 drops
Total number of curves 252989
Starting step 19
Analyzing 1 states in spread 7
Analyzing 13 states in spread 8
Analyzing 152 states in spread 9
Analyzing 1512 states in spread 10
Analyzing 11311 states in spread 11
Analyzing 60000 states in spread 12
Analyzing 60000 states in spread 13
Analyzing 60000 states in spread 14
Finished step 19, minimal spread 7, max spread 15, got 4 drops
Total number of curves 249522
Starting step 20
Analyzing 1 states in spread 7
Analyzing 12 states in spread 8
Analyzing 93 states in spread 9
Analyzing 1095 states in spread 10
Analyzing 9220 states in spread 11
Analyzing 59101 states in spread 12
Analyzing 60000 states in spread 13
Analyzing 60000 states in spread 14
Finished step 20, minimal spread 6, max spread 15, got 7 drops
Total number of curves 237160
Starting step 21
Analyzing 1 states in spread 6
Analyzing 2 states in spread 7
Analyzing 10 states in spread 8
Analyzing 77 states in spread 9
Analyzing 627 states in spread 10
Analyzing 6917 states in spread 11
Analyzing 49526 states in spread 12
Analyzing 60000 states in spread 13
Analyzing 60000 states in spread 14
Analyzing 60000 states in spread 15
Finished step 21, minimal spread 6, max spread 16, got 4 drops
Total number of curves 283593
Starting step 22
Analyzing 1 states in spread 6
Analyzing 8 states in spread 7
Analyzing 11 states in spread 8
Analyzing 69 states in spread 9
Analyzing 503 states in spread 10
Analyzing 3981 states in spread 11
Analyzing 39020 states in spread 12
Analyzing 60000 states in spread 13
Analyzing 60000 states in spread 14
Analyzing 60000 states in spread 15
Finished step 22, minimal spread 6, max spread 16, got 2 drops
Total number of curves 267128
Starting step 23
Analyzing 1 states in spread 6
Analyzing 9 states in spread 7
Analyzing 42 states in spread 8
Analyzing 63 states in spread 9
Analyzing 429 states in spread 10
Analyzing 3164 states in spread 11
Analyzing 23420 states in spread 12
Analyzing 60000 states in spread 13
Analyzing 60000 states in spread 14
Analyzing 60000 states in spread 15
Finished step 23, minimal spread 6, max spread 16, got 1 drops
Total number of curves 261979
Starting step 24
Analyzing 1 states in spread 6
Analyzing 8 states in spread 7
Analyzing 55 states in spread 8
Analyzing 207 states in spread 9
Analyzing 365 states in spread 10
Analyzing 2561 states in spread 11
Analyzing 18782 states in spread 12
Analyzing 60000 states in spread 13
Analyzing 60000 states in spread 14
Analyzing 60000 states in spread 15
Finished step 24, minimal spread 7, max spread 16, got 2 drops
Total number of curves 258249
Starting step 25
Analyzing 9 states in spread 7
Analyzing 44 states in spread 8
Analyzing 304 states in spread 9
Analyzing 1027 states in spread 10
Analyzing 2095 states in spread 11
Analyzing 14770 states in spread 12
Analyzing 60000 states in spread 13
Analyzing 60000 states in spread 14
Analyzing 60000 states in spread 15
Finished step 25, minimal spread 8, max spread 16, got 6 drops
Total number of curves 258828
Starting step 26
Analyzing 52 states in spread 8
Analyzing 237 states in spread 9
Analyzing 1588 states in spread 10
Analyzing 5147 states in spread 11
Analyzing 11804 states in spread 12
Analyzing 60000 states in spread 13
Analyzing 60000 states in spread 14
Analyzing 60000 states in spread 15
Finished step 26, minimal spread 8, max spread 16, got 5 drops
Total number of curves 275478
Starting step 27
Analyzing 2 states in spread 8
Analyzing 279 states in spread 9
Analyzing 1248 states in spread 10
Analyzing 8082 states in spread 11
Analyzing 25984 states in spread 12
Analyzing 59883 states in spread 13
Analyzing 60000 states in spread 14
Analyzing 60000 states in spread 15
Finished step 27, minimal spread 8, max spread 16, got 6 drops
Total number of curves 288566
Starting step 28
Analyzing 1 states in spread 8
Analyzing 26 states in spread 9
Analyzing 1454 states in spread 10
Analyzing 6483 states in spread 11
Analyzing 40602 states in spread 12
Analyzing 60000 states in spread 13
Analyzing 60000 states in spread 14
Analyzing 60000 states in spread 15
Finished step 28, minimal spread 9, max spread 16, got 4 drops
Total number of curves 281008
Starting step 29
Analyzing 13 states in spread 9
Analyzing 205 states in spread 10
Analyzing 7473 states in spread 11
Analyzing 33317 states in spread 12
Analyzing 60000 states in spread 13
Analyzing 60000 states in spread 14
Analyzing 60000 states in spread 15
Finished step 29, minimal spread 9, max spread 16, got 0 drops
Total number of curves 279630
Starting step 30
Analyzing 3 states in spread 9
Analyzing 103 states in spread 10
Analyzing 1398 states in spread 11
Analyzing 38126 states in spread 12
Analyzing 60000 states in spread 13
Analyzing 60000 states in spread 14
Finished step 30, minimal spread 10, max spread 15, got 0 drops
Total number of curves 189575
Starting step 31
Analyzing 38 states in spread 10
Analyzing 728 states in spread 11
Analyzing 8809 states in spread 12
Analyzing 60000 states in spread 13
Analyzing 60000 states in spread 14
Finished step 31, minimal spread 10, max spread 15, got 1 drops
Total number of curves 171067
Starting step 32
Analyzing 11 states in spread 10
Analyzing 338 states in spread 11
Analyzing 4796 states in spread 12
Analyzing 45922 states in spread 13
Analyzing 60000 states in spread 14
Analyzing 60000 states in spread 15
Finished step 32, minimal spread 10, max spread 16, got 0 drops
Total number of curves 209343
Starting step 33
Analyzing 5 states in spread 10
Analyzing 163 states in spread 11
Analyzing 2479 states in spread 12
Analyzing 26696 states in spread 13
Analyzing 60000 states in spread 14
Analyzing 60000 states in spread 15
Finished step 33, minimal spread 10, max spread 16, got 1 drops
Total number of curves 196489
Starting step 34
Analyzing 2 states in spread 10
Analyzing 79 states in spread 11
Analyzing 1413 states in spread 12
Analyzing 14995 states in spread 13
Analyzing 60000 states in spread 14
Analyzing 60000 states in spread 15
Finished step 34, minimal spread 10, max spread 16, got 2 drops
Total number of curves 190139
Starting step 35
Analyzing 2 states in spread 10
Analyzing 38 states in spread 11
Analyzing 715 states in spread 12
Analyzing 9384 states in spread 13
Analyzing 60000 states in spread 14
Analyzing 60000 states in spread 15
Finished step 35, minimal spread 10, max spread 16, got 3 drops
Total number of curves 175695
Starting step 36
Analyzing 2 states in spread 10
Analyzing 31 states in spread 11
Analyzing 379 states in spread 12
Analyzing 5091 states in spread 13
Analyzing 50192 states in spread 14
Analyzing 60000 states in spread 15
Analyzing 60000 states in spread 16
Finished step 36, minimal spread 10, max spread 17, got 1 drops
Total number of curves 212934
Starting step 37
Analyzing 3 states in spread 10
Analyzing 18 states in spread 11
Analyzing 288 states in spread 12
Analyzing 2868 states in spread 13
Analyzing 29757 states in spread 14
Analyzing 60000 states in spread 15
Analyzing 60000 states in spread 16
Finished step 37, minimal spread 10, max spread 17, got 1 drops
Total number of curves 200314
Starting step 38
Analyzing 1 states in spread 10
Analyzing 30 states in spread 11
Analyzing 138 states in spread 12
Analyzing 2126 states in spread 13
Analyzing 18019 states in spread 14
Analyzing 60000 states in spread 15
Analyzing 60000 states in spread 16
Finished step 38, minimal spread 10, max spread 17, got 4 drops
Total number of curves 194605
Starting step 39
Analyzing 1 states in spread 10
Analyzing 10 states in spread 11
Analyzing 201 states in spread 12
Analyzing 1019 states in spread 13
Analyzing 13374 states in spread 14
Analyzing 60000 states in spread 15
Analyzing 60000 states in spread 16
Finished step 39, minimal spread 10, max spread 17, got 9 drops
Total number of curves 188120
Starting step 40
Analyzing 1 states in spread 10
Analyzing 13 states in spread 11
Analyzing 72 states in spread 12
Analyzing 1259 states in spread 13
Analyzing 6775 states in spread 14
Analyzing 60000 states in spread 15
Analyzing 60000 states in spread 16
Finished step 40, minimal spread 10, max spread 17, got 9 drops
Total number of curves 165315
Starting step 41
Analyzing 1 states in spread 10
Analyzing 13 states in spread 11
Analyzing 83 states in spread 12
Analyzing 494 states in spread 13
Analyzing 7503 states in spread 14
Analyzing 37221 states in spread 15
Analyzing 60000 states in spread 16
Analyzing 60000 states in spread 17
Finished step 41, minimal spread 10, max spread 18, got 6 drops
Total number of curves 224556
Starting step 42
Analyzing 2 states in spread 10
Analyzing 8 states in spread 11
Analyzing 91 states in spread 12
Analyzing 500 states in spread 13
Analyzing 3257 states in spread 14
Analyzing 40698 states in spread 15
Analyzing 60000 states in spread 16
Analyzing 60000 states in spread 17
Finished step 42, minimal spread 10, max spread 18, got 8 drops
Total number of curves 203075
Starting step 43
Analyzing 3 states in spread 10
Analyzing 14 states in spread 11
Analyzing 51 states in spread 12
Analyzing 557 states in spread 13
Analyzing 2948 states in spread 14
Analyzing 19502 states in spread 15
Analyzing 60000 states in spread 16
Analyzing 60000 states in spread 17
Finished step 43, minimal spread 10, max spread 18, got 5 drops
Total number of curves 200267
Starting step 44
Analyzing 1 states in spread 10
Analyzing 29 states in spread 11
Analyzing 76 states in spread 12
Analyzing 311 states in spread 13
Analyzing 3197 states in spread 14
Analyzing 16653 states in spread 15
Analyzing 60000 states in spread 16
Analyzing 60000 states in spread 17
Finished step 44, minimal spread 10, max spread 18, got 6 drops
Total number of curves 199998
Starting step 45
Analyzing 1 states in spread 10
Analyzing 8 states in spread 11
Analyzing 182 states in spread 12
Analyzing 411 states in spread 13
Analyzing 1825 states in spread 14
Analyzing 17571 states in spread 15
Analyzing 60000 states in spread 16
Analyzing 60000 states in spread 17
Finished step 45, minimal spread 11, max spread 18, got 3 drops
Total number of curves 193650
Starting step 46
Analyzing 10 states in spread 11
Analyzing 48 states in spread 12
Analyzing 998 states in spread 13
Analyzing 2212 states in spread 14
Analyzing 10382 states in spread 15
Analyzing 60000 states in spread 16
Analyzing 60000 states in spread 17
Finished step 46, minimal spread 11, max spread 18, got 2 drops
Total number of curves 190724
Starting step 47
Analyzing 3 states in spread 11
Analyzing 65 states in spread 12
Analyzing 282 states in spread 13
Analyzing 5188 states in spread 14
Analyzing 11823 states in spread 15
Analyzing 53363 states in spread 16
Analyzing 60000 states in spread 17
Finished step 47, minimal spread 11, max spread 18, got 2 drops
Total number of curves 208416
Starting step 48
Analyzing 4 states in spread 11
Analyzing 31 states in spread 12
Analyzing 374 states in spread 13
Analyzing 1636 states in spread 14
Analyzing 26371 states in spread 15
Analyzing 60000 states in spread 16
Analyzing 60000 states in spread 17
Finished step 48, minimal spread 11, max spread 18, got 2 drops
Total number of curves 191581
Starting step 49
Analyzing 4 states in spread 11
Analyzing 34 states in spread 12
Analyzing 215 states in spread 13
Analyzing 2057 states in spread 14
Analyzing 9271 states in spread 15
Analyzing 60000 states in spread 16
Analyzing 60000 states in spread 17
Finished step 49, minimal spread 11, max spread 18, got 1 drops
Total number of curves 178597
Starting step 50
Analyzing 1 states in spread 11
Analyzing 38 states in spread 12
Analyzing 203 states in spread 13
Analyzing 1287 states in spread 14
Analyzing 11041 states in spread 15
Analyzing 46027 states in spread 16
Analyzing 60000 states in spread 17
Analyzing 60000 states in spread 18
Finished step 50, minimal spread 11, max spread 19, got 5 drops
Total number of curves 244028
Starting step 51
Analyzing 1 states in spread 11
Analyzing 10 states in spread 12
Analyzing 239 states in spread 13
Analyzing 1140 states in spread 14
Analyzing 7258 states in spread 15
Analyzing 55380 states in spread 16
Analyzing 60000 states in spread 17
Finished step 51, minimal spread 11, max spread 18, got 5 drops
Total number of curves 165872
Starting step 52
Analyzing 1 states in spread 11
Analyzing 11 states in spread 12
Analyzing 75 states in spread 13
Analyzing 1334 states in spread 14
Analyzing 6248 states in spread 15
Analyzing 38203 states in spread 16
Analyzing 60000 states in spread 17
Analyzing 60000 states in spread 18
Finished step 52, minimal spread 12, max spread 19, got 7 drops
Total number of curves 220717
Starting step 53
Analyzing 11 states in spread 12
Analyzing 82 states in spread 13
Analyzing 470 states in spread 14
Analyzing 7149 states in spread 15
Analyzing 33005 states in spread 16
Analyzing 60000 states in spread 17
Analyzing 60000 states in spread 18
Finished step 53, minimal spread 12, max spread 19, got 4 drops
Total number of curves 220721
Starting step 54
Analyzing 2 states in spread 12
Analyzing 75 states in spread 13
Analyzing 506 states in spread 14
Analyzing 2828 states in spread 15
Analyzing 37310 states in spread 16
Analyzing 60000 states in spread 17
Analyzing 60000 states in spread 18
Finished step 54, minimal spread 12, max spread 19, got 5 drops
Total number of curves 199671
Starting step 55
Analyzing 3 states in spread 12
Analyzing 27 states in spread 13
Analyzing 439 states in spread 14
Analyzing 2900 states in spread 15
Analyzing 16302 states in spread 16
Analyzing 60000 states in spread 17
Analyzing 60000 states in spread 18
Finished step 55, minimal spread 12, max spread 19, got 3 drops
Total number of curves 198714
Starting step 56
Analyzing 1 states in spread 12
Analyzing 34 states in spread 13
Analyzing 211 states in spread 14
Analyzing 2418 states in spread 15
Analyzing 16050 states in spread 16
Analyzing 60000 states in spread 17
Analyzing 60000 states in spread 18
Finished step 56, minimal spread 13, max spread 19, got 6 drops
Total number of curves 194667
Starting step 57
Analyzing 9 states in spread 13
Analyzing 250 states in spread 14
Analyzing 1404 states in spread 15
Analyzing 13004 states in spread 16
Analyzing 60000 states in spread 17
Analyzing 60000 states in spread 18
Finished step 57, minimal spread 13, max spread 19, got 7 drops
Total number of curves 189999
Starting step 58
Analyzing 1 states in spread 13
Analyzing 82 states in spread 14
Analyzing 1559 states in spread 15
Analyzing 8357 states in spread 16
Analyzing 60000 states in spread 17
Analyzing 60000 states in spread 18
Finished step 58, minimal spread 14, max spread 19, got 3 drops
Total number of curves 173820
Starting step 59
Analyzing 25 states in spread 14
Analyzing 605 states in spread 15
Analyzing 8887 states in spread 16
Analyzing 44303 states in spread 17
Analyzing 60000 states in spread 18
Analyzing 60000 states in spread 19
Finished step 59, minimal spread 14, max spread 20, got 2 drops
Total number of curves 231299
Starting step 60
Analyzing 9 states in spread 14
Analyzing 249 states in spread 15
Analyzing 3926 states in spread 16
Analyzing 47115 states in spread 17
Analyzing 60000 states in spread 18
Analyzing 60000 states in spread 19
Finished step 60, minimal spread 14, max spread 20, got 3 drops
Total number of curves 205095
Starting step 61
Analyzing 6 states in spread 14
Analyzing 116 states in spread 15
Analyzing 1869 states in spread 16
Analyzing 23104 states in spread 17
Analyzing 60000 states in spread 18
Analyzing 60000 states in spread 19
Finished step 61, minimal spread 14, max spread 20, got 1 drops
Total number of curves 193184
Starting step 62
Analyzing 3 states in spread 14
Analyzing 68 states in spread 15
Analyzing 983 states in spread 16
Analyzing 12130 states in spread 17
Analyzing 60000 states in spread 18
Analyzing 60000 states in spread 19
Finished step 62, minimal spread 14, max spread 20, got 5 drops
Total number of curves 187495
Starting step 63
Analyzing 1 states in spread 14
Analyzing 37 states in spread 15
Analyzing 592 states in spread 16
Analyzing 6865 states in spread 17
Analyzing 60000 states in spread 18
Analyzing 60000 states in spread 19
Finished step 63, minimal spread 14, max spread 20, got 8 drops
Total number of curves 162713
Starting step 64
Analyzing 1 states in spread 14
Analyzing 23 states in spread 15
Analyzing 344 states in spread 16
Analyzing 4266 states in spread 17
Analyzing 38079 states in spread 18
Analyzing 60000 states in spread 19
Analyzing 60000 states in spread 20
Finished step 64, minimal spread 13, max spread 21, got 5 drops
Total number of curves 207934
Starting step 65
Analyzing 1 states in spread 13
Analyzing 3 states in spread 14
Analyzing 15 states in spread 15
Analyzing 232 states in spread 16
Analyzing 2524 states in spread 17
Analyzing 25159 states in spread 18
Analyzing 60000 states in spread 19
Analyzing 60000 states in spread 20
Finished step 65, minimal spread 13, max spread 21, got 2 drops
Total number of curves 197441
Starting step 66
Analyzing 1 states in spread 13
Analyzing 8 states in spread 14
Analyzing 21 states in spread 15
Analyzing 137 states in spread 16
Analyzing 1746 states in spread 17
Analyzing 15528 states in spread 18
Analyzing 60000 states in spread 19
Analyzing 60000 states in spread 20
Finished step 66, minimal spread 14, max spread 21, got 3 drops
Total number of curves 192267
Starting step 67
Analyzing 8 states in spread 14
Analyzing 42 states in spread 15
Analyzing 141 states in spread 16
Analyzing 1028 states in spread 17
Analyzing 11048 states in spread 18
Analyzing 60000 states in spread 19
Analyzing 60000 states in spread 20
Finished step 67, minimal spread 14, max spread 21, got 4 drops
Total number of curves 185704
Starting step 68
Analyzing 1 states in spread 14
Analyzing 49 states in spread 15
Analyzing 222 states in spread 16
Analyzing 912 states in spread 17
Analyzing 6704 states in spread 18
Analyzing 57816 states in spread 19
Analyzing 60000 states in spread 20
Finished step 68, minimal spread 15, max spread 21, got 3 drops
Total number of curves 164466
Starting step 69
Analyzing 16 states in spread 15
Analyzing 268 states in spread 16
Analyzing 1204 states in spread 17
Analyzing 5565 states in spread 18
Analyzing 37413 states in spread 19
Analyzing 60000 states in spread 20
Analyzing 60000 states in spread 21
Finished step 69, minimal spread 15, max spread 22, got 2 drops
Total number of curves 219381
Starting step 70
Analyzing 6 states in spread 15
Analyzing 130 states in spread 16
Analyzing 1410 states in spread 17
Analyzing 6528 states in spread 18
Analyzing 31307 states in spread 19
Analyzing 60000 states in spread 20
Analyzing 60000 states in spread 21
Finished step 70, minimal spread 15, max spread 22, got 1 drops
Total number of curves 223028
Starting step 71
Analyzing 6 states in spread 15
Analyzing 65 states in spread 16
Analyzing 841 states in spread 17
Analyzing 7309 states in spread 18
Analyzing 34807 states in spread 19
Analyzing 60000 states in spread 20
Analyzing 60000 states in spread 21
Finished step 71, minimal spread 15, max spread 22, got 2 drops
Total number of curves 223075
Starting step 72
Analyzing 4 states in spread 15
Analyzing 58 states in spread 16
Analyzing 456 states in spread 17
Analyzing 4898 states in spread 18
Analyzing 37659 states in spread 19
Analyzing 60000 states in spread 20
Analyzing 60000 states in spread 21
Finished step 72, minimal spread 15, max spread 22, got 0 drops
Total number of curves 210058
Starting step 73
Analyzing 1 states in spread 15
Analyzing 38 states in spread 16
Analyzing 388 states in spread 17
Analyzing 2771 states in spread 18
Analyzing 26860 states in spread 19
Analyzing 60000 states in spread 20
Analyzing 60000 states in spread 21
Finished step 73, minimal spread 16, max spread 22, got 4 drops
Total number of curves 198401
Starting step 74
Analyzing 13 states in spread 16
Analyzing 247 states in spread 17
Analyzing 2347 states in spread 18
Analyzing 15794 states in spread 19
Analyzing 60000 states in spread 20
Analyzing 60000 states in spread 21
Finished step 74, minimal spread 16, max spread 22, got 1 drops
Total number of curves 194988
Starting step 75
Analyzing 5 states in spread 16
Analyzing 112 states in spread 17
Analyzing 1502 states in spread 18
Analyzing 13369 states in spread 19
Analyzing 60000 states in spread 20
Analyzing 60000 states in spread 21
Finished step 75, minimal spread 16, max spread 22, got 1 drops
Total number of curves 189660
Starting step 76
Analyzing 2 states in spread 16
Analyzing 60 states in spread 17
Analyzing 827 states in spread 18
Analyzing 8771 states in spread 19
Analyzing 60000 states in spread 20
Analyzing 60000 states in spread 21
Finished step 76, minimal spread 16, max spread 22, got 3 drops
Total number of curves 171491
Starting step 77
Analyzing 1 states in spread 16
Analyzing 29 states in spread 17
Analyzing 463 states in spread 18
Analyzing 5431 states in spread 19
Analyzing 45567 states in spread 20
Analyzing 60000 states in spread 21
Analyzing 60000 states in spread 22
Finished step 77, minimal spread 16, max spread 23, got 2 drops
Total number of curves 214290
Starting step 78
Analyzing 1 states in spread 16
Analyzing 16 states in spread 17
Analyzing 255 states in spread 18
Analyzing 3083 states in spread 19
Analyzing 30935 states in spread 20
Analyzing 60000 states in spread 21
Analyzing 60000 states in spread 22
Finished step 78, minimal spread 16, max spread 23, got 1 drops
Total number of curves 200430
Starting step 79
Analyzing 1 states in spread 16
Analyzing 9 states in spread 17
Analyzing 153 states in spread 18
Analyzing 1846 states in spread 19
Analyzing 18421 states in spread 20
Analyzing 60000 states in spread 21
Analyzing 60000 states in spread 22
Finished step 79, minimal spread 17, max spread 23, got 4 drops
Total number of curves 193004
Starting step 80
Analyzing 9 states in spread 17
Analyzing 82 states in spread 18
Analyzing 1193 states in spread 19
Analyzing 11720 states in spread 20
Analyzing 60000 states in spread 21
Analyzing 60000 states in spread 22
Finished step 80, minimal spread 17, max spread 23, got 5 drops
Total number of curves 188698
Starting step 81
Analyzing 1 states in spread 17
Analyzing 67 states in spread 18
Analyzing 661 states in spread 19
Analyzing 7969 states in spread 20
Analyzing 60000 states in spread 21
Analyzing 60000 states in spread 22
Finished step 81, minimal spread 17, max spread 23, got 5 drops
Total number of curves 169117
Starting step 82
Analyzing 1 states in spread 17
Analyzing 19 states in spread 18
Analyzing 484 states in spread 19
Analyzing 4623 states in spread 20
Analyzing 43990 states in spread 21
Analyzing 60000 states in spread 22
Analyzing 60000 states in spread 23
Finished step 82, minimal spread 17, max spread 24, got 10 drops
Total number of curves 210785
Starting step 83
Analyzing 2 states in spread 17
Analyzing 15 states in spread 18
Analyzing 203 states in spread 19
Analyzing 3271 states in spread 20
Analyzing 27294 states in spread 21
Analyzing 60000 states in spread 22
Analyzing 60000 states in spread 23
Finished step 83, minimal spread 17, max spread 24, got 9 drops
Total number of curves 201490
Starting step 84
Analyzing 1 states in spread 17
Analyzing 23 states in spread 18
Analyzing 135 states in spread 19
Analyzing 1647 states in spread 20
Analyzing 19684 states in spread 21
Analyzing 60000 states in spread 22
Analyzing 60000 states in spread 23
Finished step 84, minimal spread 18, max spread 24, got 4 drops
Total number of curves 192289
Starting step 85
Analyzing 10 states in spread 18
Analyzing 166 states in spread 19
Analyzing 1037 states in spread 20
Analyzing 11076 states in spread 21
Analyzing 60000 states in spread 22
Analyzing 60000 states in spread 23
Finished step 85, minimal spread 18, max spread 24, got 3 drops
Total number of curves 187113
Starting step 86
Analyzing 2 states in spread 18
Analyzing 78 states in spread 19
Analyzing 1049 states in spread 20
Analyzing 6984 states in spread 21
Analyzing 59000 states in spread 22
Analyzing 60000 states in spread 23
Finished step 86, minimal spread 19, max spread 24, got 4 drops
Total number of curves 166362
Starting step 87
Analyzing 31 states in spread 19
Analyzing 563 states in spread 20
Analyzing 6289 states in spread 21
Analyzing 39479 states in spread 22
Analyzing 60000 states in spread 23
Analyzing 60000 states in spread 24
Finished step 87, minimal spread 18, max spread 25, got 6 drops
Total number of curves 218849
Starting step 88
Analyzing 1 states in spread 18
Analyzing 14 states in spread 19
Analyzing 288 states in spread 20
Analyzing 3707 states in spread 21
Analyzing 34839 states in spread 22
Analyzing 60000 states in spread 23
Analyzing 60000 states in spread 24
Finished step 88, minimal spread 17, max spread 25, got 5 drops
Total number of curves 204324
Starting step 89
Analyzing 1 states in spread 17
Analyzing 3 states in spread 18
Analyzing 16 states in spread 19
Analyzing 168 states in spread 20
Analyzing 2130 states in spread 21
Analyzing 22006 states in spread 22
Analyzing 60000 states in spread 23
Analyzing 60000 states in spread 24
Finished step 89, minimal spread 17, max spread 25, got 0 drops
Total number of curves 195125
Starting step 90
Analyzing 1 states in spread 17
Analyzing 8 states in spread 18
Analyzing 25 states in spread 19
Analyzing 140 states in spread 20
Analyzing 1349 states in spread 21
Analyzing 13602 states in spread 22
Analyzing 60000 states in spread 23
Analyzing 60000 states in spread 24
Finished step 90, minimal spread 18, max spread 25, got 3 drops
Total number of curves 190213
Starting step 91
Analyzing 9 states in spread 18
Analyzing 47 states in spread 19
Analyzing 171 states in spread 20
Analyzing 996 states in spread 21
Analyzing 8990 states in spread 22
Analyzing 60000 states in spread 23
Analyzing 60000 states in spread 24
Finished step 91, minimal spread 19, max spread 25, got 5 drops
Total number of curves 176146
Starting step 92
Analyzing 55 states in spread 19
Analyzing 263 states in spread 20
Analyzing 1051 states in spread 21
Analyzing 6376 states in spread 22
Analyzing 48401 states in spread 23
Analyzing 60000 states in spread 24
Analyzing 60000 states in spread 25
Finished step 92, minimal spread 19, max spread 26, got 7 drops
Total number of curves 223709
Starting step 93
Analyzing 4 states in spread 19
Analyzing 300 states in spread 20
Analyzing 1429 states in spread 21
Analyzing 6240 states in spread 22
Analyzing 35736 states in spread 23
Analyzing 60000 states in spread 24
Analyzing 60000 states in spread 25
Finished step 93, minimal spread 19, max spread 26, got 13 drops
Total number of curves 224050
Starting step 94
Analyzing 3 states in spread 19
Analyzing 48 states in spread 20
Analyzing 1581 states in spread 21
Analyzing 7727 states in spread 22
Analyzing 34691 states in spread 23
Analyzing 60000 states in spread 24
Analyzing 60000 states in spread 25
Finished step 94, minimal spread 19, max spread 26, got 8 drops
Total number of curves 229568
Starting step 95
Analyzing 1 states in spread 19
Analyzing 34 states in spread 20
Analyzing 356 states in spread 21
Analyzing 8294 states in spread 22
Analyzing 40883 states in spread 23
Analyzing 60000 states in spread 24
Analyzing 60000 states in spread 25
Finished step 95, minimal spread 19, max spread 26, got 15 drops
Total number of curves 225728
Starting step 96
Analyzing 1 states in spread 19
Analyzing 12 states in spread 20
Analyzing 252 states in spread 21
Analyzing 2329 states in spread 22
Analyzing 43134 states in spread 23
Analyzing 60000 states in spread 24
Analyzing 60000 states in spread 25
Finished step 96, minimal spread 19, max spread 26, got 13 drops
Total number of curves 195884
Starting step 97
Analyzing 1 states in spread 19
Analyzing 9 states in spread 20
Analyzing 102 states in spread 21
Analyzing 1650 states in spread 22
Analyzing 14122 states in spread 23
Analyzing 60000 states in spread 24
Analyzing 60000 states in spread 25
Finished step 97, minimal spread 20, max spread 26, got 3 drops
Total number of curves 190898
Starting step 98
Analyzing 7 states in spread 20
Analyzing 61 states in spread 21
Analyzing 751 states in spread 22
Analyzing 10079 states in spread 23
Analyzing 60000 states in spread 24
Analyzing 60000 states in spread 25
Finished step 98, minimal spread 20, max spread 26, got 6 drops
Total number of curves 178359
Starting step 99
Analyzing 1 states in spread 20
Analyzing 46 states in spread 21
Analyzing 428 states in spread 22
Analyzing 5016 states in spread 23
Analyzing 52868 states in spread 24
Analyzing 60000 states in spread 25
Analyzing 60000 states in spread 26
Finished step 99, minimal spread 21, max spread 27, got 3 drops
Total number of curves 211860
Starting step 100
Analyzing 19 states in spread 21
Analyzing 305 states in spread 22
Analyzing 2860 states in spread 23
Analyzing 28676 states in spread 24
Analyzing 60000 states in spread 25
Analyzing 60000 states in spread 26
Finished step 100, minimal spread 21, max spread 27, got 9 drops
Total number of curves 199287
Starting step 101
Analyzing 8 states in spread 21
Analyzing 181 states in spread 22
Analyzing 1972 states in spread 23
Analyzing 17126 states in spread 24
Analyzing 60000 states in spread 25
Analyzing 60000 states in spread 26
Finished step 101, minimal spread 21, max spread 27, got 8 drops
Total number of curves 193241
Starting step 102
Analyzing 6 states in spread 21
Analyzing 103 states in spread 22
Analyzing 1335 states in spread 23
Analyzing 11797 states in spread 24
Analyzing 60000 states in spread 25
Analyzing 60000 states in spread 26
Finished step 102, minimal spread 21, max spread 27, got 9 drops
Total number of curves 189350
Starting step 103
Analyzing 4 states in spread 21
Analyzing 71 states in spread 22
Analyzing 843 states in spread 23
Analyzing 8432 states in spread 24
Analyzing 60000 states in spread 25
Analyzing 60000 states in spread 26
Finished step 103, minimal spread 21, max spread 27, got 4 drops
Total number of curves 172645
Starting step 104
Analyzing 2 states in spread 21
Analyzing 53 states in spread 22
Analyzing 569 states in spread 23
Analyzing 5632 states in spread 24
Analyzing 46389 states in spread 25
Analyzing 60000 states in spread 26
Analyzing 60000 states in spread 27
Finished step 104, minimal spread 22, max spread 28, got 4 drops
Total number of curves 216873
Starting step 105
Analyzing 28 states in spread 22
Analyzing 422 states in spread 23
Analyzing 3839 states in spread 24
Analyzing 32584 states in spread 25
Analyzing 60000 states in spread 26
Analyzing 60000 states in spread 27
Finished step 105, minimal spread 22, max spread 28, got 5 drops
Total number of curves 205949
Starting step 106
Analyzing 10 states in spread 22
Analyzing 245 states in spread 23
Analyzing 2775 states in spread 24
Analyzing 22919 states in spread 25
Analyzing 60000 states in spread 26
Analyzing 60000 states in spread 27
Finished step 106, minimal spread 22, max spread 28, got 6 drops
Total number of curves 198377
Starting step 107
Analyzing 8 states in spread 22
Analyzing 119 states in spread 23
Analyzing 1751 states in spread 24
Analyzing 16499 states in spread 25
Analyzing 60000 states in spread 26
Analyzing 60000 states in spread 27
Finished step 107, minimal spread 22, max spread 28, got 7 drops
Total number of curves 192084
Starting step 108
Analyzing 3 states in spread 22
Analyzing 95 states in spread 23
Analyzing 964 states in spread 24
Analyzing 11022 states in spread 25
Analyzing 60000 states in spread 26
Analyzing 60000 states in spread 27
Finished step 108, minimal spread 22, max spread 28, got 10 drops
Total number of curves 184530
Starting step 109
Analyzing 2 states in spread 22
Analyzing 38 states in spread 23
Analyzing 731 states in spread 24
Analyzing 6590 states in spread 25
Analyzing 57169 states in spread 26
Analyzing 60000 states in spread 27
Finished step 109, minimal spread 22, max spread 28, got 6 drops
Total number of curves 162447
Starting step 110
Analyzing 1 states in spread 22
Analyzing 27 states in spread 23
Analyzing 323 states in spread 24
Analyzing 4824 states in spread 25
Analyzing 37272 states in spread 26
Analyzing 60000 states in spread 27
Analyzing 60000 states in spread 28
Finished step 110, minimal spread 23, max spread 29, got 2 drops
Total number of curves 210533
Starting step 111
Analyzing 9 states in spread 23
Analyzing 237 states in spread 24
Analyzing 2374 states in spread 25
Analyzing 27913 states in spread 26
Analyzing 60000 states in spread 27
Analyzing 60000 states in spread 28
Finished step 111, minimal spread 23, max spread 29, got 6 drops
Total number of curves 196911
Starting step 112
Analyzing 2 states in spread 23
Analyzing 91 states in spread 24
Analyzing 1725 states in spread 25
Analyzing 15093 states in spread 26
Analyzing 60000 states in spread 27
Analyzing 60000 states in spread 28
Finished step 112, minimal spread 24, max spread 29, got 6 drops
Total number of curves 191852
Starting step 113
Analyzing 39 states in spread 24
Analyzing 773 states in spread 25
Analyzing 11040 states in spread 26
Analyzing 60000 states in spread 27
Analyzing 60000 states in spread 28
Finished step 113, minimal spread 24, max spread 29, got 7 drops
Total number of curves 183530
Starting step 114
Analyzing 12 states in spread 24
Analyzing 414 states in spread 25
Analyzing 5467 states in spread 26
Analyzing 57637 states in spread 27
Analyzing 60000 states in spread 28
Finished step 114, minimal spread 24, max spread 29, got 3 drops
Total number of curves 154647
Starting step 115
Analyzing 8 states in spread 24
Analyzing 196 states in spread 25
Analyzing 3151 states in spread 26
Analyzing 31292 states in spread 27
Analyzing 60000 states in spread 28
Analyzing 60000 states in spread 29
Finished step 115, minimal spread 24, max spread 30, got 4 drops
Total number of curves 201119
Starting step 116
Analyzing 4 states in spread 24
Analyzing 108 states in spread 25
Analyzing 1762 states in spread 26
Analyzing 19245 states in spread 27
Analyzing 60000 states in spread 28
Analyzing 60000 states in spread 29
Finished step 116, minimal spread 23, max spread 30, got 6 drops
Total number of curves 192885
Starting step 117
Analyzing 1 states in spread 23
Analyzing 4 states in spread 24
Analyzing 62 states in spread 25
Analyzing 953 states in spread 26
Analyzing 11865 states in spread 27
Analyzing 60000 states in spread 28
Analyzing 60000 states in spread 29
Finished step 117, minimal spread 24, max spread 30, got 5 drops
Total number of curves 187322
Starting step 118
Analyzing 11 states in spread 24
Analyzing 47 states in spread 25
Analyzing 587 states in spread 26
Analyzing 6677 states in spread 27
Analyzing 60000 states in spread 28
Analyzing 60000 states in spread 29
Finished step 118, minimal spread 24, max spread 30, got 4 drops
Total number of curves 162071
Starting step 119
Analyzing 2 states in spread 24
Analyzing 81 states in spread 25
Analyzing 411 states in spread 26
Analyzing 4261 states in spread 27
Analyzing 37316 states in spread 28
Analyzing 60000 states in spread 29
Analyzing 60000 states in spread 30
Finished step 119, minimal spread 25, max spread 31, got 3 drops
Total number of curves 208903
Starting step 120
Analyzing 29 states in spread 25
Analyzing 529 states in spread 26
Analyzing 2921 states in spread 27
Analyzing 25424 states in spread 28
Analyzing 60000 states in spread 29
Analyzing 60000 states in spread 30
Finished step 120, minimal spread 25, max spread 31, got 0 drops
Total number of curves 201372
Starting step 121
Analyzing 9 states in spread 25
Analyzing 241 states in spread 26
Analyzing 3161 states in spread 27
Analyzing 17961 states in spread 28
Analyzing 60000 states in spread 29
Analyzing 60000 states in spread 30
Finished step 121, minimal spread 25, max spread 31, got 3 drops
Total number of curves 199653
Starting step 122
Analyzing 6 states in spread 25
Analyzing 105 states in spread 26
Analyzing 1613 states in spread 27
Analyzing 17929 states in spread 28
Analyzing 60000 states in spread 29
Analyzing 60000 states in spread 30
Finished step 122, minimal spread 25, max spread 31, got 5 drops
Total number of curves 190781
Starting step 123
Analyzing 3 states in spread 25
Analyzing 70 states in spread 26
Analyzing 798 states in spread 27
Analyzing 9910 states in spread 28
Analyzing 60000 states in spread 29
Analyzing 60000 states in spread 30
Finished step 123, minimal spread 25, max spread 31, got 4 drops
Total number of curves 177834
Starting step 124
Analyzing 2 states in spread 25
Analyzing 37 states in spread 26
Analyzing 546 states in spread 27
Analyzing 5338 states in spread 28
Analyzing 51911 states in spread 29
Analyzing 60000 states in spread 30
Analyzing 60000 states in spread 31
Finished step 124, minimal spread 25, max spread 32, got 1 drops
Total number of curves 214296
Starting step 125
Analyzing 1 states in spread 25
Analyzing 26 states in spread 26
Analyzing 294 states in spread 27
Analyzing 3723 states in spread 28
Analyzing 30252 states in spread 29
Analyzing 60000 states in spread 30
Analyzing 60000 states in spread 31
Finished step 125, minimal spread 25, max spread 32, got 3 drops
Total number of curves 204276
Starting step 126
Analyzing 2 states in spread 25
Analyzing 10 states in spread 26
Analyzing 195 states in spread 27
Analyzing 2092 states in spread 28
Analyzing 21977 states in spread 29
Analyzing 60000 states in spread 30
Analyzing 60000 states in spread 31
Finished step 126, minimal spread 25, max spread 32, got 6 drops
Total number of curves 194447
Starting step 127
Analyzing 1 states in spread 25
Analyzing 15 states in spread 26
Analyzing 81 states in spread 27
Analyzing 1353 states in spread 28
Analyzing 12997 states in spread 29
Analyzing 60000 states in spread 30
Analyzing 60000 states in spread 31
Finished step 127, minimal spread 26, max spread 32, got 7 drops
Total number of curves 189245
Starting step 128
Analyzing 7 states in spread 26
Analyzing 97 states in spread 27
Analyzing 649 states in spread 28
Analyzing 8492 states in spread 29
Analyzing 60000 states in spread 30
Analyzing 60000 states in spread 31
Finished step 128, minimal spread 27, max spread 32, got 3 drops
Total number of curves 170686
Starting step 129
Analyzing 54 states in spread 27
Analyzing 618 states in spread 28
Analyzing 4496 states in spread 29
Analyzing 45518 states in spread 30
Analyzing 60000 states in spread 31
Analyzing 60000 states in spread 32
Finished step 129, minimal spread 27, max spread 33, got 5 drops
Total number of curves 210612
Starting step 130
Analyzing 7 states in spread 27
Analyzing 395 states in spread 28
Analyzing 3754 states in spread 29
Analyzing 26456 states in spread 30
Analyzing 60000 states in spread 31
Analyzing 60000 states in spread 32
Finished step 130, minimal spread 27, max spread 33, got 5 drops
Total number of curves 204053
Starting step 131
Analyzing 2 states in spread 27
Analyzing 102 states in spread 28
Analyzing 2592 states in spread 29
Analyzing 21357 states in spread 30
Analyzing 60000 states in spread 31
Analyzing 60000 states in spread 32
Finished step 131, minimal spread 27, max spread 33, got 5 drops
Total number of curves 196367
Starting step 132
Analyzing 1 states in spread 27
Analyzing 49 states in spread 28
Analyzing 912 states in spread 29
Analyzing 15405 states in spread 30
Analyzing 60000 states in spread 31
Analyzing 60000 states in spread 32
Finished step 132, minimal spread 27, max spread 33, got 4 drops
Total number of curves 186989
Starting step 133
Analyzing 1 states in spread 27
Analyzing 23 states in spread 28
Analyzing 520 states in spread 29
Analyzing 6445 states in spread 30
Analyzing 60000 states in spread 31
Analyzing 60000 states in spread 32
Finished step 133, minimal spread 27, max spread 33, got 5 drops
Total number of curves 159291
Starting step 134
Analyzing 1 states in spread 27
Analyzing 17 states in spread 28
Analyzing 261 states in spread 29
Analyzing 4017 states in spread 30
Analyzing 34995 states in spread 31
Analyzing 60000 states in spread 32
Analyzing 60000 states in spread 33
Finished step 134, minimal spread 28, max spread 34, got 9 drops
Total number of curves 206107
Starting step 135
Analyzing 11 states in spread 28
Analyzing 184 states in spread 29
Analyzing 2192 states in spread 30
Analyzing 23720 states in spread 31
Analyzing 60000 states in spread 32
Analyzing 60000 states in spread 33
Finished step 135, minimal spread 28, max spread 34, got 4 drops
Total number of curves 195728
Starting step 136
Analyzing 3 states in spread 28
Analyzing 107 states in spread 29
Analyzing 1495 states in spread 30
Analyzing 14123 states in spread 31
Analyzing 60000 states in spread 32
Analyzing 60000 states in spread 33
Finished step 136, minimal spread 28, max spread 34, got 5 drops
Total number of curves 190725
Starting step 137
Analyzing 4 states in spread 28
Analyzing 47 states in spread 29
Analyzing 871 states in spread 30
Analyzing 9803 states in spread 31
Analyzing 60000 states in spread 32
Analyzing 60000 states in spread 33
Finished step 137, minimal spread 28, max spread 34, got 5 drops
Total number of curves 178752
Starting step 138
Analyzing 3 states in spread 28
Analyzing 49 states in spread 29
Analyzing 438 states in spread 30
Analyzing 5922 states in spread 31
Analyzing 52340 states in spread 32
Analyzing 60000 states in spread 33
Analyzing 60000 states in spread 34
Finished step 138, minimal spread 28, max spread 35, got 8 drops
Total number of curves 217591
Starting step 139
Analyzing 2 states in spread 28
Analyzing 36 states in spread 29
Analyzing 399 states in spread 30
Analyzing 3247 states in spread 31
Analyzing 33907 states in spread 32
Analyzing 60000 states in spread 33
Analyzing 60000 states in spread 34
Finished step 139, minimal spread 28, max spread 35, got 5 drops
Total number of curves 203195
Starting step 140
Analyzing 2 states in spread 28
Analyzing 25 states in spread 29
Analyzing 288 states in spread 30
Analyzing 2724 states in spread 31
Analyzing 20156 states in spread 32
Analyzing 60000 states in spread 33
Analyzing 60000 states in spread 34
Finished step 140, minimal spread 28, max spread 35, got 6 drops
Total number of curves 198605
Starting step 141
Analyzing 1 states in spread 28
Analyzing 23 states in spread 29
Analyzing 208 states in spread 30
Analyzing 1934 states in spread 31
Analyzing 16439 states in spread 32
Analyzing 60000 states in spread 33
Analyzing 60000 states in spread 34
Finished step 141, minimal spread 28, max spread 35, got 7 drops
Total number of curves 193376
Starting step 142
Analyzing 1 states in spread 28
Analyzing 14 states in spread 29
Analyzing 186 states in spread 30
Analyzing 1428 states in spread 31
Analyzing 11747 states in spread 32
Analyzing 60000 states in spread 33
Analyzing 60000 states in spread 34
Finished step 142, minimal spread 29, max spread 35, got 4 drops
Total number of curves 190130
Starting step 143
Analyzing 9 states in spread 29
Analyzing 111 states in spread 30
Analyzing 1238 states in spread 31
Analyzing 8772 states in spread 32
Analyzing 60000 states in spread 33
Analyzing 60000 states in spread 34
Finished step 143, minimal spread 29, max spread 35, got 1 drops
Total number of curves 175453
Starting step 144
Analyzing 2 states in spread 29
Analyzing 66 states in spread 30
Analyzing 711 states in spread 31
Analyzing 7533 states in spread 32
Analyzing 47141 states in spread 33
Analyzing 60000 states in spread 34
Analyzing 60000 states in spread 35
Finished step 144, minimal spread 29, max spread 36, got 3 drops
Total number of curves 226391
Starting step 145
Analyzing 2 states in spread 29
Analyzing 21 states in spread 30
Analyzing 440 states in spread 31
Analyzing 4365 states in spread 32
Analyzing 41563 states in spread 33
Analyzing 60000 states in spread 34
Analyzing 60000 states in spread 35
Finished step 145, minimal spread 29, max spread 36, got 4 drops
Total number of curves 208195
Starting step 146
Analyzing 2 states in spread 29
Analyzing 23 states in spread 30
Analyzing 171 states in spread 31
Analyzing 2789 states in spread 32
Analyzing 25210 states in spread 33
Analyzing 60000 states in spread 34
Analyzing 60000 states in spread 35
Finished step 146, minimal spread 29, max spread 36, got 5 drops
Total number of curves 198030
Starting step 147
Analyzing 1 states in spread 29
Analyzing 22 states in spread 30
Analyzing 178 states in spread 31
Analyzing 1274 states in spread 32
Analyzing 16555 states in spread 33
Analyzing 60000 states in spread 34
Analyzing 60000 states in spread 35
Finished step 147, minimal spread 30, max spread 36, got 1 drops
Total number of curves 189841
Starting step 148
Analyzing 10 states in spread 30
Analyzing 166 states in spread 31
Analyzing 1191 states in spread 32
Analyzing 8474 states in spread 33
Analyzing 60000 states in spread 34
Analyzing 60000 states in spread 35
Finished step 148, minimal spread 30, max spread 36, got 7 drops
Total number of curves 172807
Starting step 149
Analyzing 1 states in spread 30
Analyzing 84 states in spread 31
Analyzing 1056 states in spread 32
Analyzing 7427 states in spread 33
Analyzing 44239 states in spread 34
Analyzing 60000 states in spread 35
Analyzing 60000 states in spread 36
Finished step 149, minimal spread 31, max spread 37, got 6 drops
Total number of curves 226918
Starting step 150
Analyzing 30 states in spread 31
Analyzing 603 states in spread 32
Analyzing 6222 states in spread 33
Analyzing 40063 states in spread 34
Analyzing 60000 states in spread 35
Analyzing 60000 states in spread 36
Finished step 150, minimal spread 31, max spread 37, got 7 drops
Total number of curves 217940
Starting step 151
Analyzing 10 states in spread 31
Analyzing 293 states in spread 32
Analyzing 3854 states in spread 33
Analyzing 33783 states in spread 34
Analyzing 60000 states in spread 35
Analyzing 60000 states in spread 36
Finished step 151, minimal spread 31, max spread 37, got 2 drops
Total number of curves 204565
Starting step 152
Analyzing 7 states in spread 31
Analyzing 120 states in spread 32
Analyzing 2097 states in spread 33
Analyzing 22341 states in spread 34
Analyzing 60000 states in spread 35
Analyzing 60000 states in spread 36
Finished step 152, minimal spread 31, max spread 37, got 6 drops
Total number of curves 194055
Starting step 153
Analyzing 6 states in spread 31
Analyzing 88 states in spread 32
Analyzing 985 states in spread 33
Analyzing 12976 states in spread 34
Analyzing 60000 states in spread 35
Analyzing 60000 states in spread 36
Finished step 153, minimal spread 31, max spread 37, got 4 drops
Total number of curves 187495
Starting step 154
Analyzing 3 states in spread 31
Analyzing 62 states in spread 32
Analyzing 731 states in spread 33
Analyzing 6699 states in spread 34
Analyzing 60000 states in spread 35
Analyzing 60000 states in spread 36
Finished step 154, minimal spread 31, max spread 37, got 5 drops
Total number of curves 161712
Starting step 155
Analyzing 1 states in spread 31
Analyzing 39 states in spread 32
Analyzing 492 states in spread 33
Analyzing 4986 states in spread 34
Analyzing 36194 states in spread 35
Analyzing 60000 states in spread 36
Analyzing 60000 states in spread 37
Finished step 155, minimal spread 31, max spread 38, got 8 drops
Total number of curves 211835
Starting step 156
Analyzing 2 states in spread 31
Analyzing 19 states in spread 32
Analyzing 336 states in spread 33
Analyzing 3383 states in spread 34
Analyzing 28095 states in spread 35
Analyzing 60000 states in spread 36
Analyzing 60000 states in spread 37
Finished step 156, minimal spread 31, max spread 38, got 4 drops
Total number of curves 202399
Starting step 157
Analyzing 1 states in spread 31
Analyzing 26 states in spread 32
Analyzing 187 states in spread 33
Analyzing 2339 states in spread 34
Analyzing 19846 states in spread 35
Analyzing 60000 states in spread 36
Analyzing 60000 states in spread 37
Finished step 157, minimal spread 32, max spread 38, got 3 drops
Total number of curves 195703
Starting step 158
Analyzing 14 states in spread 32
Analyzing 194 states in spread 33
Analyzing 1398 states in spread 34
Analyzing 14097 states in spread 35
Analyzing 60000 states in spread 36
Analyzing 60000 states in spread 37
Finished step 158, minimal spread 32, max spread 38, got 7 drops
Total number of curves 190226
Starting step 159
Analyzing 4 states in spread 32
Analyzing 125 states in spread 33
Analyzing 1206 states in spread 34
Analyzing 8891 states in spread 35
Analyzing 60000 states in spread 36
Analyzing 60000 states in spread 37
Finished step 159, minimal spread 31, max spread 38, got 9 drops
Total number of curves 175158
Starting step 160
Analyzing 1 states in spread 31
Analyzing 3 states in spread 32
Analyzing 50 states in spread 33
Analyzing 875 states in spread 34
Analyzing 7042 states in spread 35
Analyzing 47187 states in spread 36
Analyzing 60000 states in spread 37
Analyzing 60000 states in spread 38
Finished step 160, minimal spread 31, max spread 39, got 1 drops
Total number of curves 223542
Starting step 161
Analyzing 2 states in spread 31
Analyzing 8 states in spread 32
Analyzing 34 states in spread 33
Analyzing 400 states in spread 34
Analyzing 5366 states in spread 35
Analyzing 37732 states in spread 36
Analyzing 60000 states in spread 37
Analyzing 60000 states in spread 38
Finished step 161, minimal spread 31, max spread 39, got 1 drops
Total number of curves 212982
Starting step 162
Analyzing 3 states in spread 31
Analyzing 16 states in spread 32
Analyzing 52 states in spread 33
Analyzing 271 states in spread 34
Analyzing 2691 states in spread 35
Analyzing 29949 states in spread 36
Analyzing 60000 states in spread 37
Analyzing 60000 states in spread 38
Finished step 162, minimal spread 32, max spread 39, got 2 drops
Total number of curves 198512
Starting step 163
Analyzing 28 states in spread 32
Analyzing 90 states in spread 33
Analyzing 333 states in spread 34
Analyzing 1851 states in spread 35
Analyzing 16210 states in spread 36
Analyzing 60000 states in spread 37
Analyzing 60000 states in spread 38
Finished step 163, minimal spread 32, max spread 39, got 3 drops
Total number of curves 194104
Starting step 164
Analyzing 3 states in spread 32
Analyzing 166 states in spread 33
Analyzing 507 states in spread 34
Analyzing 2018 states in spread 35
Analyzing 11410 states in spread 36
Analyzing 60000 states in spread 37
Analyzing 60000 states in spread 38
Finished step 164, minimal spread 32, max spread 39, got 2 drops
Total number of curves 194242
Starting step 165
Analyzing 5 states in spread 32
Analyzing 34 states in spread 33
Analyzing 891 states in spread 34
Analyzing 2805 states in spread 35
Analyzing 11653 states in spread 36
Analyzing 58854 states in spread 37
Analyzing 60000 states in spread 38
Finished step 165, minimal spread 32, max spread 39, got 2 drops
Total number of curves 200108
Starting step 166
Analyzing 2 states in spread 32
Analyzing 49 states in spread 33
Analyzing 266 states in spread 34
Analyzing 4647 states in spread 35
Analyzing 15144 states in spread 36
Analyzing 60000 states in spread 37
Analyzing 60000 states in spread 38
Finished step 166, minimal spread 32, max spread 39, got 2 drops
Total number of curves 205970
Starting step 167
Analyzing 1 states in spread 32
Analyzing 19 states in spread 33
Analyzing 324 states in spread 34
Analyzing 1742 states in spread 35
Analyzing 23884 states in spread 36
Analyzing 60000 states in spread 37
Analyzing 60000 states in spread 38
Finished step 167, minimal spread 33, max spread 39, got 4 drops
Total number of curves 192412
Starting step 168
Analyzing 12 states in spread 33
Analyzing 133 states in spread 34
Analyzing 1902 states in spread 35
Analyzing 10365 states in spread 36
Analyzing 60000 states in spread 37
Analyzing 60000 states in spread 38
Finished step 168, minimal spread 33, max spread 39, got 3 drops
Total number of curves 185830
Starting step 169
Analyzing 5 states in spread 33
Analyzing 86 states in spread 34
Analyzing 842 states in spread 35
Analyzing 10670 states in spread 36
Analyzing 54227 states in spread 37
Analyzing 60000 states in spread 38
Finished step 169, minimal spread 34, max spread 39, got 4 drops
Total number of curves 181729
Starting step 170
Analyzing 54 states in spread 34
Analyzing 545 states in spread 35
Analyzing 5139 states in spread 36
Analyzing 55991 states in spread 37
Analyzing 60000 states in spread 38
Finished step 170, minimal spread 34, max spread 39, got 2 drops
Total number of curves 152964
Starting step 171
Analyzing 12 states in spread 34
Analyzing 395 states in spread 35
Analyzing 3357 states in spread 36
Analyzing 29200 states in spread 37
Analyzing 60000 states in spread 38
Analyzing 60000 states in spread 39
Finished step 171, minimal spread 34, max spread 40, got 2 drops
Total number of curves 202201
Starting step 172
Analyzing 8 states in spread 34
Analyzing 141 states in spread 35
Analyzing 2519 states in spread 36
Analyzing 19533 states in spread 37
Analyzing 60000 states in spread 38
Analyzing 60000 states in spread 39
Finished step 172, minimal spread 34, max spread 40, got 4 drops
Total number of curves 196045
Starting step 173
Analyzing 4 states in spread 34
Analyzing 88 states in spread 35
Analyzing 1141 states in spread 36
Analyzing 14812 states in spread 37
Analyzing 60000 states in spread 38
Analyzing 60000 states in spread 39
Finished step 173, minimal spread 34, max spread 40, got 4 drops
Total number of curves 188476
Starting step 174
Analyzing 3 states in spread 34
Analyzing 51 states in spread 35
Analyzing 701 states in spread 36
Analyzing 7721 states in spread 37
Analyzing 60000 states in spread 38
Analyzing 60000 states in spread 39
Finished step 174, minimal spread 34, max spread 40, got 6 drops
Total number of curves 167311
Starting step 175
Analyzing 4 states in spread 34
Analyzing 36 states in spread 35
Analyzing 431 states in spread 36
Analyzing 4819 states in spread 37
Analyzing 42021 states in spread 38
Analyzing 60000 states in spread 39
Analyzing 60000 states in spread 40
Finished step 175, minimal spread 34, max spread 41, got 5 drops
Total number of curves 211070
Starting step 176
Analyzing 4 states in spread 34
Analyzing 42 states in spread 35
Analyzing 289 states in spread 36
Analyzing 3073 states in spread 37
Analyzing 27662 states in spread 38
Analyzing 60000 states in spread 39
Analyzing 60000 states in spread 40
Finished step 176, minimal spread 34, max spread 41, got 9 drops
Total number of curves 200954
Starting step 177
Analyzing 2 states in spread 34
Analyzing 48 states in spread 35
Analyzing 295 states in spread 36
Analyzing 2019 states in spread 37
Analyzing 18590 states in spread 38
Analyzing 60000 states in spread 39
Analyzing 60000 states in spread 40
Finished step 177, minimal spread 34, max spread 41, got 4 drops
Total number of curves 194601
Starting step 178
Analyzing 1 states in spread 34
Analyzing 26 states in spread 35
Analyzing 335 states in spread 36
Analyzing 1877 states in spread 37
Analyzing 12362 states in spread 38
Analyzing 60000 states in spread 39
Analyzing 60000 states in spread 40
Finished step 178, minimal spread 34, max spread 41, got 6 drops
Total number of curves 193275
Starting step 179
Analyzing 1 states in spread 34
Analyzing 10 states in spread 35
Analyzing 213 states in spread 36
Analyzing 2024 states in spread 37
Analyzing 11027 states in spread 38
Analyzing 60000 states in spread 39
Analyzing 60000 states in spread 40
Finished step 179, minimal spread 34, max spread 41, got 7 drops
Total number of curves 190566
Starting step 180
Analyzing 1 states in spread 34
Analyzing 10 states in spread 35
Analyzing 99 states in spread 36
Analyzing 1414 states in spread 37
Analyzing 11332 states in spread 38
Analyzing 57710 states in spread 39
Analyzing 60000 states in spread 40
Finished step 180, minimal spread 35, max spread 41, got 7 drops
Total number of curves 188643
Starting step 181
Analyzing 10 states in spread 35
Analyzing 81 states in spread 36
Analyzing 784 states in spread 37
Analyzing 8361 states in spread 38
Analyzing 59407 states in spread 39
Analyzing 60000 states in spread 40
Finished step 181, minimal spread 35, max spread 41, got 5 drops
Total number of curves 171492
Starting step 182
Analyzing 2 states in spread 35
Analyzing 72 states in spread 36
Analyzing 580 states in spread 37
Analyzing 5168 states in spread 38
Analyzing 45670 states in spread 39
Analyzing 60000 states in spread 40
Analyzing 60000 states in spread 41
Finished step 182, minimal spread 35, max spread 42, got 6 drops
Total number of curves 214677
Starting step 183
Analyzing 2 states in spread 35
Analyzing 26 states in spread 36
Analyzing 461 states in spread 37
Analyzing 3745 states in spread 38
Analyzing 30443 states in spread 39
Analyzing 60000 states in spread 40
Analyzing 60000 states in spread 41
Finished step 183, minimal spread 35, max spread 42, got 8 drops
Total number of curves 205320
Starting step 184
Analyzing 2 states in spread 35
Analyzing 21 states in spread 36
Analyzing 213 states in spread 37
Analyzing 2810 states in spread 38
Analyzing 22274 states in spread 39
Analyzing 60000 states in spread 40
Analyzing 60000 states in spread 41
Finished step 184, minimal spread 35, max spread 42, got 5 drops
Total number of curves 198067
Starting step 185
Analyzing 1 states in spread 35
Analyzing 22 states in spread 36
Analyzing 169 states in spread 37
Analyzing 1472 states in spread 38
Analyzing 16403 states in spread 39
Analyzing 60000 states in spread 40
Analyzing 60000 states in spread 41
Finished step 185, minimal spread 36, max spread 42, got 6 drops
Total number of curves 190556
Starting step 186
Analyzing 11 states in spread 36
Analyzing 163 states in spread 37
Analyzing 1134 states in spread 38
Analyzing 9248 states in spread 39
Analyzing 60000 states in spread 40
Analyzing 60000 states in spread 41
Finished step 186, minimal spread 36, max spread 42, got 7 drops
Total number of curves 176306
Starting step 187
Analyzing 2 states in spread 36
Analyzing 80 states in spread 37
Analyzing 1029 states in spread 38
Analyzing 7009 states in spread 39
Analyzing 48186 states in spread 40
Analyzing 60000 states in spread 41
Analyzing 60000 states in spread 42
Finished step 187, minimal spread 36, max spread 43, got 6 drops
Total number of curves 224659
Starting step 188
Analyzing 2 states in spread 36
Analyzing 23 states in spread 37
Analyzing 535 states in spread 38
Analyzing 6112 states in spread 39
Analyzing 37987 states in spread 40
Analyzing 60000 states in spread 41
Analyzing 60000 states in spread 42
Finished step 188, minimal spread 36, max spread 43, got 2 drops
Total number of curves 217171
Starting step 189
Analyzing 2 states in spread 36
Analyzing 18 states in spread 37
Analyzing 197 states in spread 38
Analyzing 3410 states in spread 39
Analyzing 33544 states in spread 40
Analyzing 60000 states in spread 41
Analyzing 60000 states in spread 42
Finished step 189, minimal spread 36, max spread 43, got 4 drops
Total number of curves 201463
Starting step 190
Analyzing 2 states in spread 36
Analyzing 20 states in spread 37
Analyzing 130 states in spread 38
Analyzing 1514 states in spread 39
Analyzing 19797 states in spread 40
Analyzing 60000 states in spread 41
Analyzing 60000 states in spread 42
Finished step 190, minimal spread 35, max spread 43, got 6 drops
Total number of curves 191005
Starting step 191
Analyzing 1 states in spread 35
Analyzing 2 states in spread 36
Analyzing 19 states in spread 37
Analyzing 133 states in spread 38
Analyzing 936 states in spread 39
Analyzing 9914 states in spread 40
Analyzing 60000 states in spread 41
Analyzing 60000 states in spread 42
Finished step 191, minimal spread 35, max spread 43, got 3 drops
Total number of curves 178219
Starting step 192
Analyzing 2 states in spread 35
Analyzing 9 states in spread 36
Analyzing 12 states in spread 37
Analyzing 127 states in spread 38
Analyzing 845 states in spread 39
Analyzing 6197 states in spread 40
Analyzing 51027 states in spread 41
Analyzing 60000 states in spread 42
Analyzing 60000 states in spread 43
Finished step 192, minimal spread 35, max spread 44, got 2 drops
Total number of curves 220406
Starting step 193
Analyzing 1 states in spread 35
Analyzing 15 states in spread 36
Analyzing 52 states in spread 37
Analyzing 74 states in spread 38
Analyzing 783 states in spread 39
Analyzing 5168 states in spread 40
Analyzing 34313 states in spread 41
Analyzing 60000 states in spread 42
Analyzing 60000 states in spread 43
Finished step 193, minimal spread 35, max spread 44, got 2 drops
Total number of curves 214203
Starting step 194
Analyzing 1 states in spread 35
Analyzing 9 states in spread 36
Analyzing 79 states in spread 37
Analyzing 282 states in spread 38
Analyzing 466 states in spread 39
Analyzing 4697 states in spread 40
Analyzing 28669 states in spread 41
Analyzing 60000 states in spread 42
Analyzing 60000 states in spread 43
Finished step 194, minimal spread 36, max spread 44, got 6 drops
Total number of curves 210985
Starting step 195
Analyzing 7 states in spread 36
Analyzing 61 states in spread 37
Analyzing 389 states in spread 38
Analyzing 1506 states in spread 39
Analyzing 2868 states in spread 40
Analyzing 26154 states in spread 41
Analyzing 60000 states in spread 42
Analyzing 60000 states in spread 43
Finished step 195, minimal spread 36, max spread 44, got 5 drops
Total number of curves 206713
Starting step 196
Analyzing 1 states in spread 36
Analyzing 44 states in spread 37
Analyzing 351 states in spread 38
Analyzing 1925 states in spread 39
Analyzing 7918 states in spread 40
Analyzing 16474 states in spread 41
Analyzing 60000 states in spread 42
Analyzing 60000 states in spread 43
Finished step 196, minimal spread 37, max spread 44, got 4 drops
Total number of curves 232454
Starting step 197
Analyzing 18 states in spread 37
Analyzing 248 states in spread 38
Analyzing 1882 states in spread 39
Analyzing 9592 states in spread 40
Analyzing 40714 states in spread 41
Analyzing 60000 states in spread 42
Analyzing 60000 states in spread 43
Finished step 197, minimal spread 37, max spread 44, got 3 drops
Total number of curves 239133
Starting step 198
Analyzing 3 states in spread 37
Analyzing 149 states in spread 38
Analyzing 1326 states in spread 39
Analyzing 9726 states in spread 40
Analyzing 47929 states in spread 41
Analyzing 60000 states in spread 42
Analyzing 60000 states in spread 43
Finished step 198, minimal spread 37, max spread 44, got 3 drops
Total number of curves 237358
Starting step 199
Analyzing 2 states in spread 37
Analyzing 33 states in spread 38
Analyzing 951 states in spread 39
Analyzing 6945 states in spread 40
Analyzing 49427 states in spread 41
Analyzing 60000 states in spread 42
Analyzing 60000 states in spread 43
Finished step 199, minimal spread 37, max spread 44, got 1 drops
Total number of curves 221797
Starting step 200
Analyzing 1 states in spread 37
Analyzing 21 states in spread 38
Analyzing 258 states in spread 39
Analyzing 5447 states in spread 40
Analyzing 36070 states in spread 41
Analyzing 60000 states in spread 42
Analyzing 60000 states in spread 43
Finished step 200, minimal spread 37, max spread 44, got 2 drops
Total number of curves 211586
Starting step 201
Analyzing 1 states in spread 37
Analyzing 13 states in spread 38
Analyzing 168 states in spread 39
Analyzing 1757 states in spread 40
Analyzing 29647 states in spread 41
Analyzing 60000 states in spread 42
Analyzing 60000 states in spread 43
Finished step 201, minimal spread 38, max spread 44, got 2 drops
Total number of curves 192390
Starting step 202
Analyzing 12 states in spread 38
Analyzing 118 states in spread 39
Analyzing 1166 states in spread 40
Analyzing 11094 states in spread 41
Analyzing 60000 states in spread 42
Analyzing 60000 states in spread 43
Finished step 202, minimal spread 38, max spread 44, got 3 drops
Total number of curves 184919
Starting step 203
Analyzing 2 states in spread 38
Analyzing 96 states in spread 39
Analyzing 851 states in spread 40
Analyzing 7494 states in spread 41
Analyzing 56476 states in spread 42
Analyzing 60000 states in spread 43
Finished step 203, minimal spread 38, max spread 44, got 5 drops
Total number of curves 166870
Starting step 204
Analyzing 1 states in spread 38
Analyzing 33 states in spread 39
Analyzing 670 states in spread 40
Analyzing 5483 states in spread 41
Analyzing 40683 states in spread 42
Analyzing 60000 states in spread 43
Analyzing 60000 states in spread 44
Finished step 204, minimal spread 39, max spread 45, got 2 drops
Total number of curves 215316
Starting step 205
Analyzing 17 states in spread 39
Analyzing 314 states in spread 40
Analyzing 4238 states in spread 41
Analyzing 30747 states in spread 42
Analyzing 60000 states in spread 43
Analyzing 60000 states in spread 44
Finished step 205, minimal spread 39, max spread 45, got 5 drops
Total number of curves 206645
Starting step 206
Analyzing 4 states in spread 39
Analyzing 158 states in spread 40
Analyzing 2273 states in spread 41
Analyzing 24210 states in spread 42
Analyzing 60000 states in spread 43
Analyzing 60000 states in spread 44
Finished step 206, minimal spread 39, max spread 45, got 4 drops
Total number of curves 195306
Starting step 207
Analyzing 2 states in spread 39
Analyzing 61 states in spread 40
Analyzing 1199 states in spread 41
Analyzing 14044 states in spread 42
Analyzing 60000 states in spread 43
Analyzing 60000 states in spread 44
Finished step 207, minimal spread 39, max spread 45, got 3 drops
Total number of curves 188497
Starting step 208
Analyzing 1 states in spread 39
Analyzing 31 states in spread 40
Analyzing 554 states in spread 41
Analyzing 7911 states in spread 42
Analyzing 60000 states in spread 43
Analyzing 60000 states in spread 44
Finished step 208, minimal spread 39, max spread 45, got 4 drops
Total number of curves 167792
Starting step 209
Analyzing 1 states in spread 39
Analyzing 15 states in spread 40
Analyzing 310 states in spread 41
Analyzing 4069 states in spread 42
Analyzing 43397 states in spread 43
Analyzing 60000 states in spread 44
Analyzing 60000 states in spread 45
Finished step 209, minimal spread 39, max spread 46, got 5 drops
Total number of curves 207137
Starting step 210
Analyzing 1 states in spread 39
Analyzing 16 states in spread 40
Analyzing 163 states in spread 41
Analyzing 2379 states in spread 42
Analyzing 24578 states in spread 43
Analyzing 60000 states in spread 44
Analyzing 60000 states in spread 45
Finished step 210, minimal spread 39, max spread 46, got 7 drops
Total number of curves 196564
Starting step 211
Analyzing 2 states in spread 39
Analyzing 15 states in spread 40
Analyzing 151 states in spread 41
Analyzing 1322 states in spread 42
Analyzing 15074 states in spread 43
Analyzing 60000 states in spread 44
Analyzing 60000 states in spread 45
Finished step 211, minimal spread 39, max spread 46, got 6 drops
Total number of curves 190200
Starting step 212
Analyzing 1 states in spread 39
Analyzing 18 states in spread 40
Analyzing 127 states in spread 41
Analyzing 1114 states in spread 42
Analyzing 8940 states in spread 43
Analyzing 60000 states in spread 44
Analyzing 60000 states in spread 45
Finished step 212, minimal spread 39, max spread 46, got 6 drops
Total number of curves 177207
Starting step 213
Analyzing 1 states in spread 39
Analyzing 9 states in spread 40
Analyzing 117 states in spread 41
Analyzing 905 states in spread 42
Analyzing 7206 states in spread 43
Analyzing 48969 states in spread 44
Analyzing 60000 states in spread 45
Analyzing 60000 states in spread 46
Finished step 213, minimal spread 40, max spread 47, got 6 drops
Total number of curves 227027
Starting step 214
Analyzing 8 states in spread 40
Analyzing 62 states in spread 41
Analyzing 743 states in spread 42
Analyzing 5765 states in spread 43
Analyzing 40449 states in spread 44
Analyzing 60000 states in spread 45
Analyzing 60000 states in spread 46
Finished step 214, minimal spread 40, max spread 47, got 1 drops
Total number of curves 218014
Starting step 215
Analyzing 1 states in spread 40
Analyzing 49 states in spread 41
Analyzing 422 states in spread 42
Analyzing 4525 states in spread 43
Analyzing 33017 states in spread 44
Analyzing 60000 states in spread 45
Analyzing 60000 states in spread 46
Finished step 215, minimal spread 41, max spread 47, got 6 drops
Total number of curves 208961
Starting step 216
Analyzing 12 states in spread 41
Analyzing 299 states in spread 42
Analyzing 2742 states in spread 43
Analyzing 25908 states in spread 44
Analyzing 60000 states in spread 45
Analyzing 60000 states in spread 46
Finished step 216, minimal spread 41, max spread 47, got 2 drops
Total number of curves 198501
Starting step 217
Analyzing 2 states in spread 41
Analyzing 110 states in spread 42
Analyzing 1833 states in spread 43
Analyzing 16556 states in spread 44
Analyzing 60000 states in spread 45
Analyzing 60000 states in spread 46
Finished step 217, minimal spread 41, max spread 47, got 7 drops
Total number of curves 191844
Starting step 218
Analyzing 2 states in spread 41
Analyzing 39 states in spread 42
Analyzing 859 states in spread 43
Analyzing 10944 states in spread 44
Analyzing 60000 states in spread 45
Analyzing 60000 states in spread 46
Finished step 218, minimal spread 41, max spread 47, got 7 drops
Total number of curves 182737
Starting step 219
Analyzing 2 states in spread 41
Analyzing 33 states in spread 42
Analyzing 397 states in spread 43
Analyzing 5860 states in spread 44
Analyzing 56445 states in spread 45
Analyzing 60000 states in spread 46
Finished step 219, minimal spread 41, max spread 47, got 3 drops
Total number of curves 157019
Starting step 220
Analyzing 1 states in spread 41
Analyzing 26 states in spread 42
Analyzing 291 states in spread 43
Analyzing 3072 states in spread 44
Analyzing 33629 states in spread 45
Analyzing 60000 states in spread 46
Analyzing 60000 states in spread 47
Finished step 220, minimal spread 41, max spread 48, got 0 drops
Total number of curves 201596
Starting step 221
Analyzing 1 states in spread 41
Analyzing 13 states in spread 42
Analyzing 213 states in spread 43
Analyzing 2150 states in spread 44
Analyzing 19219 states in spread 45
Analyzing 60000 states in spread 46
Analyzing 60000 states in spread 47
Finished step 221, minimal spread 41, max spread 48, got 5 drops
Total number of curves 195238
Starting step 222
Analyzing 1 states in spread 41
Analyzing 8 states in spread 42
Analyzing 108 states in spread 43
Analyzing 1555 states in spread 44
Analyzing 13566 states in spread 45
Analyzing 60000 states in spread 46
Analyzing 60000 states in spread 47
Finished step 222, minimal spread 41, max spread 48, got 7 drops
Total number of curves 190756
Starting step 223
Analyzing 1 states in spread 41
Analyzing 8 states in spread 42
Analyzing 57 states in spread 43
Analyzing 852 states in spread 44
Analyzing 9838 states in spread 45
Analyzing 60000 states in spread 46
Analyzing 60000 states in spread 47
Finished step 223, minimal spread 42, max spread 48, got 5 drops
Total number of curves 178076
Starting step 224
Analyzing 10 states in spread 42
Analyzing 53 states in spread 43
Analyzing 443 states in spread 44
Analyzing 5750 states in spread 45
Analyzing 51820 states in spread 46
Analyzing 60000 states in spread 47
Analyzing 60000 states in spread 48
Finished step 224, minimal spread 42, max spread 49, got 4 drops
Total number of curves 216456
Starting step 225
Analyzing 2 states in spread 42
Analyzing 59 states in spread 43
Analyzing 353 states in spread 44
Analyzing 3111 states in spread 45
Analyzing 32931 states in spread 46
Analyzing 60000 states in spread 47
Analyzing 60000 states in spread 48
Finished step 225, minimal spread 42, max spread 49, got 3 drops
Total number of curves 201740
Starting step 226
Analyzing 1 states in spread 42
Analyzing 20 states in spread 43
Analyzing 326 states in spread 44
Analyzing 2330 states in spread 45
Analyzing 19063 states in spread 46
Analyzing 60000 states in spread 47
Analyzing 60000 states in spread 48
Finished step 226, minimal spread 43, max spread 49, got 3 drops
Total number of curves 196184
Starting step 227
Analyzing 12 states in spread 43
Analyzing 149 states in spread 44
Analyzing 1913 states in spread 45
Analyzing 14110 states in spread 46
Analyzing 60000 states in spread 47
Analyzing 60000 states in spread 48
Finished step 227, minimal spread 43, max spread 49, got 4 drops
Total number of curves 192221
Starting step 228
Analyzing 5 states in spread 43
Analyzing 92 states in spread 44
Analyzing 1059 states in spread 45
Analyzing 11065 states in spread 46
Analyzing 60000 states in spread 47
Analyzing 60000 states in spread 48
Finished step 228, minimal spread 43, max spread 49, got 4 drops
Total number of curves 184693
Starting step 229
Analyzing 2 states in spread 43
Analyzing 56 states in spread 44
Analyzing 635 states in spread 45
Analyzing 6795 states in spread 46
Analyzing 57205 states in spread 47
Analyzing 60000 states in spread 48
Finished step 229, minimal spread 43, max spread 49, got 5 drops
Total number of curves 162633
Starting step 230
Analyzing 1 states in spread 43
Analyzing 29 states in spread 44
Analyzing 427 states in spread 45
Analyzing 4052 states in spread 46
Analyzing 38124 states in spread 47
Analyzing 60000 states in spread 48
Analyzing 60000 states in spread 49
Finished step 230, minimal spread 43, max spread 50, got 2 drops
Total number of curves 206648
Starting step 231
Analyzing 1 states in spread 43
Analyzing 11 states in spread 44
Analyzing 243 states in spread 45
Analyzing 2818 states in spread 46
Analyzing 23575 states in spread 47
Analyzing 60000 states in spread 48
Analyzing 60000 states in spread 49
Finished step 231, minimal spread 44, max spread 50, got 6 drops
Total number of curves 198706
Starting step 232
Analyzing 13 states in spread 44
Analyzing 98 states in spread 45
Analyzing 1680 states in spread 46
Analyzing 16915 states in spread 47
Analyzing 60000 states in spread 48
Analyzing 60000 states in spread 49
Finished step 232, minimal spread 43, max spread 50, got 9 drops
Total number of curves 191352
Starting step 233
Analyzing 1 states in spread 43
Analyzing 6 states in spread 44
Analyzing 100 states in spread 45
Analyzing 762 states in spread 46
Analyzing 10483 states in spread 47
Analyzing 60000 states in spread 48
Analyzing 60000 states in spread 49
Finished step 233, minimal spread 44, max spread 50, got 4 drops
Total number of curves 180994
Starting step 234
Analyzing 11 states in spread 44
Analyzing 54 states in spread 45
Analyzing 685 states in spread 46
Analyzing 5219 states in spread 47
Analyzing 55025 states in spread 48
Analyzing 60000 states in spread 49
Finished step 234, minimal spread 44, max spread 50, got 4 drops
Total number of curves 154784
Starting step 235
Analyzing 1 states in spread 44
Analyzing 79 states in spread 45
Analyzing 424 states in spread 46
Analyzing 4346 states in spread 47
Analyzing 29934 states in spread 48
Analyzing 60000 states in spread 49
Analyzing 60000 states in spread 50
Finished step 235, minimal spread 45, max spread 51, got 3 drops
Total number of curves 208021
Starting step 236
Analyzing 14 states in spread 45
Analyzing 501 states in spread 46
Analyzing 2897 states in spread 47
Analyzing 24609 states in spread 48
Analyzing 60000 states in spread 49
Analyzing 60000 states in spread 50
Finished step 236, minimal spread 45, max spread 51, got 3 drops
Total number of curves 200545
Starting step 237
Analyzing 4 states in spread 45
Analyzing 144 states in spread 46
Analyzing 3011 states in spread 47
Analyzing 17386 states in spread 48
Analyzing 60000 states in spread 49
Analyzing 60000 states in spread 50
Finished step 237, minimal spread 45, max spread 51, got 4 drops
Total number of curves 198340
Starting step 238
Analyzing 3 states in spread 45
Analyzing 67 states in spread 46
Analyzing 1149 states in spread 47
Analyzing 17121 states in spread 48
Analyzing 60000 states in spread 49
Analyzing 60000 states in spread 50
Finished step 238, minimal spread 45, max spread 51, got 9 drops
Total number of curves 188378
Starting step 239
Analyzing 2 states in spread 45
Analyzing 43 states in spread 46
Analyzing 633 states in spread 47
Analyzing 7700 states in spread 48
Analyzing 60000 states in spread 49
Analyzing 60000 states in spread 50
Finished step 239, minimal spread 45, max spread 51, got 6 drops
Total number of curves 165828
Starting step 240
Analyzing 1 states in spread 45
Analyzing 25 states in spread 46
Analyzing 395 states in spread 47
Analyzing 4572 states in spread 48
Analyzing 40835 states in spread 49
Analyzing 60000 states in spread 50
Analyzing 60000 states in spread 51
Finished step 240, minimal spread 46, max spread 52, got 7 drops
Total number of curves 209529
Starting step 241
Analyzing 16 states in spread 46
Analyzing 229 states in spread 47
Analyzing 2905 states in spread 48
Analyzing 26379 states in spread 49
Analyzing 60000 states in spread 50
Analyzing 60000 states in spread 51
Finished step 241, minimal spread 45, max spread 52, got 15 drops
Total number of curves 199584
Starting step 242
Analyzing 2 states in spread 45
Analyzing 10 states in spread 46
Analyzing 142 states in spread 47
Analyzing 1781 states in spread 48
Analyzing 17649 states in spread 49
Analyzing 60000 states in spread 50
Analyzing 60000 states in spread 51
Finished step 242, minimal spread 45, max spread 52, got 15 drops
Total number of curves 192700
Starting step 243
Analyzing 2 states in spread 45
Analyzing 21 states in spread 46
Analyzing 83 states in spread 47
Analyzing 1073 states in spread 48
Analyzing 11521 states in spread 49
Analyzing 60000 states in spread 50
Analyzing 60000 states in spread 51
Finished step 243, minimal spread 45, max spread 52, got 9 drops
Total number of curves 187879
Starting step 244
Analyzing 2 states in spread 45
Analyzing 20 states in spread 46
Analyzing 141 states in spread 47
Analyzing 626 states in spread 48
Analyzing 7090 states in spread 49
Analyzing 60000 states in spread 50
Analyzing 60000 states in spread 51
Finished step 244, minimal spread 45, max spread 52, got 7 drops
Total number of curves 164907
Starting step 245
Analyzing 2 states in spread 45
Analyzing 19 states in spread 46
Analyzing 129 states in spread 47
Analyzing 855 states in spread 48
Analyzing 4302 states in spread 49
Analyzing 39600 states in spread 50
Analyzing 60000 states in spread 51
Analyzing 60000 states in spread 52
Finished step 245, minimal spread 45, max spread 53, got 5 drops
Total number of curves 211480
Starting step 246
Analyzing 1 states in spread 45
Analyzing 20 states in spread 46
Analyzing 118 states in spread 47
Analyzing 771 states in spread 48
Analyzing 4969 states in spread 49
Analyzing 25601 states in spread 50
Analyzing 60000 states in spread 51
Analyzing 60000 states in spread 52
Finished step 246, minimal spread 45, max spread 53, got 6 drops
Total number of curves 212704
Starting step 247
Analyzing 2 states in spread 45
Analyzing 14 states in spread 46
Analyzing 132 states in spread 47
Analyzing 668 states in spread 48
Analyzing 4442 states in spread 49
Analyzing 27446 states in spread 50
Analyzing 60000 states in spread 51
Analyzing 60000 states in spread 52
Finished step 247, minimal spread 45, max spread 53, got 7 drops
Total number of curves 209166
Starting step 248
Analyzing 3 states in spread 45
Analyzing 21 states in spread 46
Analyzing 98 states in spread 47
Analyzing 767 states in spread 48
Analyzing 3706 states in spread 49
Analyzing 24571 states in spread 50
Analyzing 60000 states in spread 51
Analyzing 60000 states in spread 52
Finished step 248, minimal spread 45, max spread 53, got 7 drops
Total number of curves 205172
Starting step 249
Analyzing 5 states in spread 45
Analyzing 26 states in spread 46
Analyzing 146 states in spread 47
Analyzing 566 states in spread 48
Analyzing 4213 states in spread 49
Analyzing 20216 states in spread 50
Analyzing 60000 states in spread 51
Analyzing 60000 states in spread 52
Finished step 249, minimal spread 45, max spread 52, got 5 drops
Total number of curves 146707
Starting step 250
Analyzing 5 states in spread 45
Analyzing 46 states in spread 46
Analyzing 156 states in spread 47
Analyzing 854 states in spread 48
Analyzing 3096 states in spread 49
Analyzing 22550 states in spread 50
Analyzing 60000 states in spread 51
Analyzing 60000 states in spread 52
Finished step 250, minimal spread 45, max spread 51, got 3 drops
Total number of curves 82451
Starting step 251
Analyzing 1 states in spread 45
Analyzing 40 states in spread 46
Analyzing 285 states in spread 47
Analyzing 871 states in spread 48
Analyzing 4667 states in spread 49
Analyzing 16587 states in spread 50
Analyzing 60000 states in spread 51
Finished step 251, minimal spread 45, max spread 50, got 1 drops
Total number of curves 31156
Starting step 252
Analyzing 1 states in spread 45
Analyzing 10 states in spread 46
Analyzing 225 states in spread 47
Analyzing 1578 states in spread 48
Analyzing 4724 states in spread 49
Analyzing 24618 states in spread 50
Finished step 252, minimal spread 45, max spread 49, got 1 drops
Total number of curves 9554
Starting step 253
Analyzing 1 states in spread 45
Analyzing 10 states in spread 46
Analyzing 74 states in spread 47
Analyzing 1186 states in spread 48
Analyzing 8283 states in spread 49
Finished step 253, minimal spread 45, max spread 48, got 1 drops
Total number of curves 565
Starting step 254
Analyzing 1 states in spread 45
Analyzing 9 states in spread 46
Analyzing 72 states in spread 47
Analyzing 483 states in spread 48
Finished step 254, minimal spread 46, max spread 47, got 1 drops
Total number of curves 74
Starting step 255
Analyzing 9 states in spread 46
Analyzing 65 states in spread 47
Finished step 255, minimal spread 46, max spread 46, got 0 drops
Total number of curves 1
Starting step 256
Analyzing 1 states in spread 46
Altogether, runtime= 78.2925625
SUMMARY witness_output= logs/a3_mod7_exact_b60k_u180k_u120k_fs30_len300_seed0_20260310_witnesses.txt
SUMMARY found= False
SUMMARY first_depth= None
SUMMARY unique_witnesses= 0
SUMMARY total_hits= 0
SUMMARY accepted_hits= 0
SUMMARY rejected_hits= 0
SUMMARY witness_depth_histogram= {}
CUDA max_memory_allocated_bytes: 8062724096
CUDA max_memory_reserved_bytes: 9544138752
