Start: 2026-03-10T00:37:16-04:00
Host: a1128u08n01.mghpcc.ycrc.yale.edu
CUDA visible devices: 0
NVIDIA RTX 5000 Ada Generation, 32760 MiB, 0 %
Starting A3 torch search with p= 5 caps 50000 50000 totalcaps 50000 50000 FIRST_STEPS 12 device cuda
We have 6 atoms and 14 dual simples
Initialized step 1 with spreads: {1: 2}
Starting step 2
Analyzing 2 states in spread 1
Finished step 2, minimal spread 2, max spread 2, got 0 drops
Total number of curves 8
Starting step 3
Analyzing 8 states in spread 2
Finished step 3, minimal spread 3, max spread 3, got 0 drops
Total number of curves 36
Starting step 4
Analyzing 36 states in spread 3
Finished step 4, minimal spread 4, max spread 4, got 0 drops
Total number of curves 170
Starting step 5
Analyzing 170 states in spread 4
Finished step 5, minimal spread 5, max spread 5, got 0 drops
Total number of curves 816
Starting step 6
Analyzing 816 states in spread 5
Finished step 6, minimal spread 5, max spread 6, got 0 drops
Total number of curves 3938
Starting step 7
Analyzing 2 states in spread 5
Analyzing 3936 states in spread 6
Finished step 7, minimal spread 5, max spread 7, got 0 drops
Total number of curves 19040
Starting step 8
Analyzing 2 states in spread 5
Analyzing 40 states in spread 6
Analyzing 18998 states in spread 7
Finished step 8, minimal spread 6, max spread 8, got 0 drops
Total number of curves 50496
Starting step 9
Analyzing 39 states in spread 6
Analyzing 457 states in spread 7
Analyzing 50000 states in spread 8
Finished step 9, minimal spread 6, max spread 9, got 0 drops
Total number of curves 53565
Starting step 10
Analyzing 15 states in spread 6
Analyzing 415 states in spread 7
Analyzing 3135 states in spread 8
Analyzing 50000 states in spread 9
Finished step 10, minimal spread 6, max spread 10, got 0 drops
Total number of curves 69406
Starting step 11
Analyzing 8 states in spread 6
Analyzing 225 states in spread 7
Analyzing 2869 states in spread 8
Analyzing 16304 states in spread 9
Analyzing 50000 states in spread 10
Finished step 11, minimal spread 6, max spread 11, got 0 drops
Total number of curves 117439
Starting step 12
Analyzing 5 states in spread 6
Analyzing 157 states in spread 7
Analyzing 1781 states in spread 8
Analyzing 15496 states in spread 9
Analyzing 50000 states in spread 10
Finished step 12, minimal spread 6, max spread 11, got 0 drops
Total number of curves 112271
Starting step 13
Analyzing 5 states in spread 6
Analyzing 97 states in spread 7
Analyzing 1420 states in spread 8
Analyzing 10749 states in spread 9
Analyzing 50000 states in spread 10
Finished step 13, minimal spread 6, max spread 11, got 1 drops
Total number of curves 110392
Starting step 14
Analyzing 5 states in spread 6
Analyzing 71 states in spread 7
Analyzing 964 states in spread 8
Analyzing 9352 states in spread 9
Analyzing 50000 states in spread 10
Finished step 14, minimal spread 6, max spread 11, got 6 drops
Total number of curves 107757
Starting step 15
Analyzing 6 states in spread 6
Analyzing 67 states in spread 7
Analyzing 710 states in spread 8
Analyzing 6974 states in spread 9
Analyzing 50000 states in spread 10
Finished step 15, minimal spread 6, max spread 11, got 6 drops
Total number of curves 97240
Starting step 16
Analyzing 6 states in spread 6
Analyzing 84 states in spread 7
Analyzing 648 states in spread 8
Analyzing 5433 states in spread 9
Analyzing 41069 states in spread 10
Analyzing 50000 states in spread 11
Finished step 16, minimal spread 6, max spread 12, got 14 drops
Total number of curves 140069
Starting step 17
Analyzing 6 states in spread 6
Analyzing 89 states in spread 7
Analyzing 760 states in spread 8
Analyzing 5010 states in spread 9
Analyzing 34204 states in spread 10
Analyzing 50000 states in spread 11
Finished step 17, minimal spread 6, max spread 12, got 28 drops
Total number of curves 138927
Starting step 18
Analyzing 5 states in spread 6
Analyzing 88 states in spread 7
Analyzing 761 states in spread 8
Analyzing 5515 states in spread 9
Analyzing 32558 states in spread 10
Analyzing 50000 states in spread 11
Finished step 18, minimal spread 6, max spread 12, got 42 drops
Total number of curves 141271
Starting step 19
Analyzing 5 states in spread 6
Analyzing 69 states in spread 7
Analyzing 732 states in spread 8
Analyzing 5389 states in spread 9
Analyzing 35076 states in spread 10
Analyzing 50000 states in spread 11
Finished step 19, minimal spread 6, max spread 12, got 57 drops
Total number of curves 140169
Starting step 20
Analyzing 3 states in spread 6
Analyzing 70 states in spread 7
Analyzing 609 states in spread 8
Analyzing 5180 states in spread 9
Analyzing 34307 states in spread 10
Analyzing 50000 states in spread 11
Finished step 20, minimal spread 6, max spread 12, got 61 drops
Total number of curves 138326
Starting step 21
Analyzing 8 states in spread 6
Analyzing 66 states in spread 7
Analyzing 597 states in spread 8
Analyzing 4414 states in spread 9
Analyzing 33241 states in spread 10
Analyzing 50000 states in spread 11
Finished step 21, minimal spread 5, max spread 12, got 96 drops
Total number of curves 133928
Starting step 22
Analyzing 5 states in spread 5
Analyzing 19 states in spread 6
Analyzing 93 states in spread 7
Analyzing 586 states in spread 8
Analyzing 4276 states in spread 9
Analyzing 28949 states in spread 10
Analyzing 50000 states in spread 11
Finished step 22, minimal spread 5, max spread 12, got 79 drops
Total number of curves 133179
Starting step 23
Analyzing 9 states in spread 5
Analyzing 46 states in spread 6
Analyzing 148 states in spread 7
Analyzing 723 states in spread 8
Analyzing 4241 states in spread 9
Analyzing 28012 states in spread 10
Analyzing 50000 states in spread 11
Finished step 23, minimal spread 5, max spread 12, got 75 drops
Total number of curves 133958
Starting step 24
Analyzing 7 states in spread 5
Analyzing 80 states in spread 6
Analyzing 287 states in spread 7
Analyzing 1000 states in spread 8
Analyzing 4834 states in spread 9
Analyzing 27750 states in spread 10
Analyzing 50000 states in spread 11
Finished step 24, minimal spread 5, max spread 12, got 78 drops
Total number of curves 138611
Starting step 25
Analyzing 8 states in spread 5
Analyzing 64 states in spread 6
Analyzing 490 states in spread 7
Analyzing 1696 states in spread 8
Analyzing 6216 states in spread 9
Analyzing 30137 states in spread 10
Analyzing 50000 states in spread 11
Finished step 25, minimal spread 5, max spread 12, got 87 drops
Total number of curves 149798
Starting step 26
Analyzing 6 states in spread 5
Analyzing 68 states in spread 6
Analyzing 420 states in spread 7
Analyzing 2785 states in spread 8
Analyzing 9629 states in spread 9
Analyzing 36890 states in spread 10
Analyzing 50000 states in spread 11
Finished step 26, minimal spread 5, max spread 12, got 85 drops
Total number of curves 168207
Starting step 27
Analyzing 2 states in spread 5
Analyzing 60 states in spread 6
Analyzing 423 states in spread 7
Analyzing 2535 states in spread 8
Analyzing 15187 states in spread 9
Analyzing 50000 states in spread 10
Finished step 27, minimal spread 6, max spread 11, got 76 drops
Total number of curves 117535
Starting step 28
Analyzing 31 states in spread 6
Analyzing 432 states in spread 7
Analyzing 2522 states in spread 8
Analyzing 14550 states in spread 9
Analyzing 50000 states in spread 10
Finished step 28, minimal spread 6, max spread 11, got 69 drops
Total number of curves 117659
Starting step 29
Analyzing 10 states in spread 6
Analyzing 298 states in spread 7
Analyzing 2760 states in spread 8
Analyzing 14591 states in spread 9
Analyzing 50000 states in spread 10
Finished step 29, minimal spread 6, max spread 11, got 52 drops
Total number of curves 118638
Starting step 30
Analyzing 10 states in spread 6
Analyzing 157 states in spread 7
Analyzing 2163 states in spread 8
Analyzing 16308 states in spread 9
Analyzing 50000 states in spread 10
Finished step 30, minimal spread 6, max spread 11, got 39 drops
Total number of curves 115270
Starting step 31
Analyzing 12 states in spread 6
Analyzing 133 states in spread 7
Analyzing 1393 states in spread 8
Analyzing 13732 states in spread 9
Analyzing 50000 states in spread 10
Finished step 31, minimal spread 5, max spread 11, got 46 drops
Total number of curves 111259
Starting step 32
Analyzing 3 states in spread 5
Analyzing 17 states in spread 6
Analyzing 139 states in spread 7
Analyzing 1163 states in spread 8
Analyzing 9937 states in spread 9
Analyzing 50000 states in spread 10
Finished step 32, minimal spread 5, max spread 11, got 47 drops
Total number of curves 109868
Starting step 33
Analyzing 3 states in spread 5
Analyzing 34 states in spread 6
Analyzing 175 states in spread 7
Analyzing 1131 states in spread 8
Analyzing 8525 states in spread 9
Analyzing 50000 states in spread 10
Finished step 33, minimal spread 5, max spread 11, got 39 drops
Total number of curves 108507
Starting step 34
Analyzing 4 states in spread 5
Analyzing 37 states in spread 6
Analyzing 277 states in spread 7
Analyzing 1319 states in spread 8
Analyzing 8019 states in spread 9
Analyzing 48851 states in spread 10
Finished step 34, minimal spread 5, max spread 11, got 54 drops
Total number of curves 108716
Starting step 35
Analyzing 5 states in spread 5
Analyzing 39 states in spread 6
Analyzing 298 states in spread 7
Analyzing 1861 states in spread 8
Analyzing 8842 states in spread 9
Analyzing 47671 states in spread 10
Finished step 35, minimal spread 5, max spread 11, got 41 drops
Total number of curves 113875
Starting step 36
Analyzing 2 states in spread 5
Analyzing 52 states in spread 6
Analyzing 302 states in spread 7
Analyzing 2005 states in spread 8
Analyzing 11514 states in spread 9
Analyzing 50000 states in spread 10
Finished step 36, minimal spread 5, max spread 11, got 44 drops
Total number of curves 114785
Starting step 37
Analyzing 2 states in spread 5
Analyzing 34 states in spread 6
Analyzing 378 states in spread 7
Analyzing 1999 states in spread 8
Analyzing 12372 states in spread 9
Analyzing 50000 states in spread 10
Finished step 37, minimal spread 5, max spread 11, got 49 drops
Total number of curves 115034
Starting step 38
Analyzing 5 states in spread 5
Analyzing 42 states in spread 6
Analyzing 286 states in spread 7
Analyzing 2370 states in spread 8
Analyzing 12331 states in spread 9
Analyzing 50000 states in spread 10
Finished step 38, minimal spread 5, max spread 11, got 52 drops
Total number of curves 116490
Starting step 39
Analyzing 6 states in spread 5
Analyzing 58 states in spread 6
Analyzing 344 states in spread 7
Analyzing 2005 states in spread 8
Analyzing 14077 states in spread 9
Analyzing 50000 states in spread 10
Finished step 39, minimal spread 5, max spread 11, got 50 drops
Total number of curves 115556
Starting step 40
Analyzing 4 states in spread 5
Analyzing 62 states in spread 6
Analyzing 409 states in spread 7
Analyzing 2329 states in spread 8
Analyzing 12752 states in spread 9
Analyzing 50000 states in spread 10
Finished step 40, minimal spread 5, max spread 11, got 41 drops
Total number of curves 117476
Starting step 41
Analyzing 4 states in spread 5
Analyzing 47 states in spread 6
Analyzing 443 states in spread 7
Analyzing 2571 states in spread 8
Analyzing 14411 states in spread 9
Analyzing 50000 states in spread 10
Finished step 41, minimal spread 5, max spread 10, got 43 drops
Total number of curves 68710
Starting step 42
Analyzing 6 states in spread 5
Analyzing 47 states in spread 6
Analyzing 379 states in spread 7
Analyzing 2765 states in spread 8
Analyzing 15513 states in spread 9
Analyzing 50000 states in spread 10
Finished step 42, minimal spread 5, max spread 9, got 53 drops
Total number of curves 19511
Starting step 43
Analyzing 4 states in spread 5
Analyzing 60 states in spread 6
Analyzing 394 states in spread 7
Analyzing 2614 states in spread 8
Analyzing 16439 states in spread 9
Finished step 43, minimal spread 5, max spread 8, got 34 drops
Total number of curves 3292
Starting step 44
Analyzing 4 states in spread 5
Analyzing 42 states in spread 6
Analyzing 442 states in spread 7
Analyzing 2804 states in spread 8
Finished step 44, minimal spread 5, max spread 7, got 10 drops
Total number of curves 382
Starting step 45
Analyzing 2 states in spread 5
Analyzing 44 states in spread 6
Analyzing 336 states in spread 7
Finished step 45, minimal spread 5, max spread 6, got 5 drops
Total number of curves 32
Starting step 46
Analyzing 3 states in spread 5
Analyzing 29 states in spread 6
Finished step 46, minimal spread 4, max spread 5, got 3 drops
Total number of curves 6
Starting step 47
Analyzing 1 states in spread 4
Analyzing 5 states in spread 5
Finished step 47, minimal spread 4, max spread 4, got 1 drops
Total number of curves 1
Starting step 48
Analyzing 1 states in spread 4
Altogether, runtime= 2.608641357421875
SearchResult: SearchResult(witness=None, depth=None, runtime_seconds=2.608641357421875, device='cuda', found=False, spread_counts_by_depth={1: {1: 2}, 2: {2: 8}, 3: {3: 36}, 4: {4: 170}, 5: {5: 816}, 6: {5: 2, 6: 3936}, 7: {5: 2, 6: 40, 7: 18998}, 8: {6: 39, 7: 457, 8: 50000}, 9: {6: 15, 7: 415, 8: 3135, 9: 50000}, 10: {6: 8, 7: 225, 8: 2869, 9: 16304, 10: 50000}, 11: {6: 5, 7: 157, 8: 1781, 9: 15496, 10: 50000, 11: 50000}, 12: {6: 5, 7: 97, 8: 1420, 9: 10749, 10: 50000, 11: 50000}, 13: {6: 5, 7: 71, 8: 964, 9: 9352, 10: 50000, 11: 50000}, 14: {6: 6, 7: 67, 8: 710, 9: 6974, 10: 50000, 11: 50000}, 15: {6: 6, 7: 84, 8: 648, 9: 5433, 10: 41069, 11: 50000}, 16: {6: 6, 7: 89, 8: 760, 9: 5010, 10: 34204, 11: 50000, 12: 50000}, 17: {6: 5, 7: 88, 8: 761, 9: 5515, 10: 32558, 11: 50000, 12: 50000}, 18: {6: 5, 7: 69, 8: 732, 9: 5389, 10: 35076, 11: 50000, 12: 50000}, 19: {6: 3, 7: 70, 8: 609, 9: 5180, 10: 34307, 11: 50000, 12: 50000}, 20: {6: 8, 7: 66, 8: 597, 9: 4414, 10: 33241, 11: 50000, 12: 50000}, 21: {5: 5, 6: 19, 7: 93, 8: 586, 9: 4276, 10: 28949, 11: 50000, 12: 50000}, 22: {5: 9, 6: 46, 7: 148, 8: 723, 9: 4241, 10: 28012, 11: 50000, 12: 50000}, 23: {5: 7, 6: 80, 7: 287, 8: 1000, 9: 4834, 10: 27750, 11: 50000, 12: 50000}, 24: {5: 8, 6: 64, 7: 490, 8: 1696, 9: 6216, 10: 30137, 11: 50000, 12: 50000}, 25: {5: 6, 6: 68, 7: 420, 8: 2785, 9: 9629, 10: 36890, 11: 50000, 12: 50000}, 26: {5: 2, 6: 60, 7: 423, 8: 2535, 9: 15187, 10: 50000, 11: 50000, 12: 50000}, 27: {6: 31, 7: 432, 8: 2522, 9: 14550, 10: 50000, 11: 50000}, 28: {6: 10, 7: 298, 8: 2760, 9: 14591, 10: 50000, 11: 50000}, 29: {6: 10, 7: 157, 8: 2163, 9: 16308, 10: 50000, 11: 50000}, 30: {6: 12, 7: 133, 8: 1393, 9: 13732, 10: 50000, 11: 50000}, 31: {5: 3, 6: 17, 7: 139, 8: 1163, 9: 9937, 10: 50000, 11: 50000}, 32: {5: 3, 6: 34, 7: 175, 8: 1131, 9: 8525, 10: 50000, 11: 50000}, 33: {5: 4, 6: 37, 7: 277, 8: 1319, 9: 8019, 10: 48851, 11: 50000}, 34: {5: 5, 6: 39, 7: 298, 8: 1861, 9: 8842, 10: 47671, 11: 50000}, 35: {5: 2, 6: 52, 7: 302, 8: 2005, 9: 11514, 10: 50000, 11: 50000}, 36: {5: 2, 6: 34, 7: 378, 8: 1999, 9: 12372, 10: 50000, 11: 50000}, 37: {5: 5, 6: 42, 7: 286, 8: 2370, 9: 12331, 10: 50000, 11: 50000}, 38: {5: 6, 6: 58, 7: 344, 8: 2005, 9: 14077, 10: 50000, 11: 50000}, 39: {5: 4, 6: 62, 7: 409, 8: 2329, 9: 12752, 10: 50000, 11: 50000}, 40: {5: 4, 6: 47, 7: 443, 8: 2571, 9: 14411, 10: 50000, 11: 50000}, 41: {5: 6, 6: 47, 7: 379, 8: 2765, 9: 15513, 10: 50000}, 42: {5: 4, 6: 60, 7: 394, 8: 2614, 9: 16439}, 43: {5: 4, 6: 42, 7: 442, 8: 2804}, 44: {5: 2, 6: 44, 7: 336}, 45: {5: 3, 6: 29}, 46: {4: 1, 5: 5}, 47: {4: 1}, 48: {}, 49: {}, 50: {}})
End: 2026-03-10T00:37:21-04:00
