Start: 2026-03-10T00:58:21-04:00
Host: a1128u08n01.mghpcc.ycrc.yale.edu
CUDA visible devices: 0
NVIDIA RTX 5000 Ada Generation, 32760 MiB, 0 %
Starting A3 torch search with p= 7 caps 400000 400000 totalcaps 800000 800000 FIRST_STEPS 12 device cuda
We have 6 atoms and 14 dual simples
Initialized step 1 with spreads: {1: 2}
Starting step 2
Analyzing 2 states in spread 1
Finished step 2, minimal spread 2, max spread 2, got 0 drops
Total number of curves 8
Starting step 3
Analyzing 8 states in spread 2
Finished step 3, minimal spread 3, max spread 3, got 0 drops
Total number of curves 36
Starting step 4
Analyzing 36 states in spread 3
Finished step 4, minimal spread 4, max spread 4, got 0 drops
Total number of curves 170
Starting step 5
Analyzing 170 states in spread 4
Finished step 5, minimal spread 5, max spread 5, got 0 drops
Total number of curves 816
Starting step 6
Analyzing 816 states in spread 5
Finished step 6, minimal spread 5, max spread 6, got 0 drops
Total number of curves 3938
Starting step 7
Analyzing 2 states in spread 5
Analyzing 3936 states in spread 6
Finished step 7, minimal spread 5, max spread 7, got 0 drops
Total number of curves 19040
Starting step 8
Analyzing 2 states in spread 5
Analyzing 38 states in spread 6
Analyzing 19000 states in spread 7
Finished step 8, minimal spread 6, max spread 8, got 0 drops
Total number of curves 92118
Starting step 9
Analyzing 37 states in spread 6
Analyzing 415 states in spread 7
Analyzing 91666 states in spread 8
Finished step 9, minimal spread 6, max spread 9, got 0 drops
Total number of curves 403870
Starting step 10
Analyzing 5 states in spread 6
Analyzing 372 states in spread 7
Analyzing 3493 states in spread 8
Analyzing 400000 states in spread 9
Finished step 10, minimal spread 7, max spread 10, got 0 drops
Total number of curves 427465
Starting step 11
Analyzing 84 states in spread 7
Analyzing 2994 states in spread 8
Analyzing 24387 states in spread 9
Analyzing 400000 states in spread 10
Finished step 11, minimal spread 7, max spread 11, got 0 drops
Total number of curves 547530
Starting step 12
Analyzing 11 states in spread 7
Analyzing 895 states in spread 8
Analyzing 20568 states in spread 9
Analyzing 126056 states in spread 10
Analyzing 400000 states in spread 11
Finished step 12, minimal spread 7, max spread 12, got 0 drops
Total number of curves 918764
Starting step 13
Analyzing 6 states in spread 7
Analyzing 202 states in spread 8
Analyzing 7310 states in spread 9
Analyzing 111246 states in spread 10
Analyzing 400000 states in spread 11
Analyzing 400000 states in spread 12
Traceback (most recent call last):
  File "<stdin>", line 7, in <module>
  File "/nfs/roberts/project/pi_com36/com36/burau-experiments/curvemod/a3_gpu_search.py", line 338, in run_search
    bucket = _concat_bucket_parts(parts)
  File "/nfs/roberts/project/pi_com36/com36/burau-experiments/curvemod/a3_gpu_search.py", line 77, in _concat_bucket_parts
    states=torch.cat([part.states for part in parts], dim=0),
torch.OutOfMemoryError: CUDA out of memory. Tried to allocate 4.34 GiB. GPU 0 has a total capacity of 31.48 GiB of which 2.60 GiB is free. Including non-PyTorch memory, this process has 28.88 GiB memory in use. Of the allocated memory 18.95 GiB is allocated by PyTorch, and 9.58 GiB is reserved by PyTorch but unallocated. If reserved but unallocated memory is large try setting PYTORCH_CUDA_ALLOC_CONF=expandable_segments:True to avoid fragmentation.  See documentation for Memory Management  (https://pytorch.org/docs/stable/notes/cuda.html#environment-variables)
