Start: 2026-03-10T01:35:16-04:00
Host: a1128u08n01.mghpcc.ycrc.yale.edu
CUDA visible devices: 0
PYTORCH_CUDA_ALLOC_CONF=expandable_segments:True
NVIDIA RTX 5000 Ada Generation, 32760 MiB, 0 %
Starting A3 torch search with p= 7 caps 40000 40000 totalcaps 400000 400000 FIRST_STEPS 12 device cuda
We have 6 atoms and 14 dual simples
Initialized step 1 with spreads: {1: 2}
Starting step 2
Analyzing 2 states in spread 1
Finished step 2, minimal spread 2, max spread 2, got 0 drops
Total number of curves 8
Starting step 3
Analyzing 8 states in spread 2
Finished step 3, minimal spread 3, max spread 3, got 0 drops
Total number of curves 36
Starting step 4
Analyzing 36 states in spread 3
Finished step 4, minimal spread 4, max spread 4, got 0 drops
Total number of curves 170
Starting step 5
Analyzing 170 states in spread 4
Finished step 5, minimal spread 5, max spread 5, got 0 drops
Total number of curves 816
Starting step 6
Analyzing 816 states in spread 5
Finished step 6, minimal spread 5, max spread 6, got 0 drops
Total number of curves 3938
Starting step 7
Analyzing 2 states in spread 5
Analyzing 3936 states in spread 6
Finished step 7, minimal spread 5, max spread 7, got 0 drops
Total number of curves 19040
Starting step 8
Analyzing 2 states in spread 5
Analyzing 38 states in spread 6
Analyzing 19000 states in spread 7
Finished step 8, minimal spread 6, max spread 8, got 0 drops
Total number of curves 40452
Starting step 9
Analyzing 37 states in spread 6
Analyzing 415 states in spread 7
Analyzing 40000 states in spread 8
Finished step 9, minimal spread 6, max spread 9, got 0 drops
Total number of curves 43035
Starting step 10
Analyzing 5 states in spread 6
Analyzing 372 states in spread 7
Analyzing 2658 states in spread 8
Analyzing 40000 states in spread 9
Finished step 10, minimal spread 7, max spread 10, got 0 drops
Total number of curves 56146
Starting step 11
Analyzing 84 states in spread 7
Analyzing 2421 states in spread 8
Analyzing 13641 states in spread 9
Analyzing 40000 states in spread 10
Finished step 11, minimal spread 7, max spread 11, got 0 drops
Total number of curves 93623
Starting step 12
Analyzing 11 states in spread 7
Analyzing 712 states in spread 8
Analyzing 12900 states in spread 9
Analyzing 40000 states in spread 10
Analyzing 40000 states in spread 11
Finished step 12, minimal spread 7, max spread 12, got 0 drops
Total number of curves 124814
Starting step 13
Analyzing 6 states in spread 7
Analyzing 188 states in spread 8
Analyzing 4620 states in spread 9
Analyzing 40000 states in spread 10
Analyzing 40000 states in spread 11
Analyzing 40000 states in spread 12
Finished step 13, minimal spread 7, max spread 13, got 0 drops
Total number of curves 146521
Starting step 14
Analyzing 5 states in spread 7
Analyzing 85 states in spread 8
Analyzing 1747 states in spread 9
Analyzing 24684 states in spread 10
Analyzing 40000 states in spread 11
Analyzing 40000 states in spread 12
Analyzing 40000 states in spread 13
Finished step 14, minimal spread 7, max spread 14, got 0 drops
Total number of curves 172182
Starting step 15
Analyzing 1 states in spread 7
Analyzing 56 states in spread 8
Analyzing 765 states in spread 9
Analyzing 11360 states in spread 10
Analyzing 40000 states in spread 11
Analyzing 40000 states in spread 12
Analyzing 40000 states in spread 13
Analyzing 40000 states in spread 14
Finished step 15, minimal spread 7, max spread 15, got 0 drops
Total number of curves 205627
Starting step 16
Analyzing 1 states in spread 7
Analyzing 21 states in spread 8
Analyzing 458 states in spread 9
Analyzing 5147 states in spread 10
Analyzing 40000 states in spread 11
Analyzing 40000 states in spread 12
Analyzing 40000 states in spread 13
Analyzing 40000 states in spread 14
Analyzing 40000 states in spread 15
Finished step 16, minimal spread 7, max spread 16, got 0 drops
Total number of curves 230499
Starting step 17
Analyzing 1 states in spread 7
Analyzing 22 states in spread 8
Analyzing 229 states in spread 9
Analyzing 3026 states in spread 10
Analyzing 27221 states in spread 11
Analyzing 40000 states in spread 12
Analyzing 40000 states in spread 13
Analyzing 40000 states in spread 14
Analyzing 40000 states in spread 15
Analyzing 40000 states in spread 16
Finished step 17, minimal spread 7, max spread 17, got 2 drops
Total number of curves 258748
Starting step 18
Analyzing 1 states in spread 7
Analyzing 19 states in spread 8
Analyzing 213 states in spread 9
Analyzing 1736 states in spread 10
Analyzing 16779 states in spread 11
Analyzing 40000 states in spread 12
Analyzing 40000 states in spread 13
Analyzing 40000 states in spread 14
Analyzing 40000 states in spread 15
Analyzing 40000 states in spread 16
Analyzing 40000 states in spread 17
Finished step 18, minimal spread 7, max spread 18, got 2 drops
Total number of curves 292304
Starting step 19
Analyzing 1 states in spread 7
Analyzing 14 states in spread 8
Analyzing 161 states in spread 9
Analyzing 1476 states in spread 10
Analyzing 10652 states in spread 11
Analyzing 40000 states in spread 12
Analyzing 40000 states in spread 13
Analyzing 40000 states in spread 14
Analyzing 40000 states in spread 15
Analyzing 40000 states in spread 16
Analyzing 40000 states in spread 17
Analyzing 40000 states in spread 18
Finished step 19, minimal spread 7, max spread 19, got 4 drops
Total number of curves 330015
Starting step 20
Analyzing 1 states in spread 7
Analyzing 12 states in spread 8
Analyzing 99 states in spread 9
Analyzing 1115 states in spread 10
Analyzing 8788 states in spread 11
Analyzing 40000 states in spread 12
Analyzing 40000 states in spread 13
Analyzing 40000 states in spread 14
Analyzing 40000 states in spread 15
Analyzing 40000 states in spread 16
Analyzing 40000 states in spread 17
Analyzing 40000 states in spread 18
Analyzing 40000 states in spread 19
Finished step 20, minimal spread 6, max spread 20, got 4 drops
Total number of curves 367591
Starting step 21
Analyzing 1 states in spread 6
Analyzing 2 states in spread 7
Analyzing 10 states in spread 8
Analyzing 77 states in spread 9
Analyzing 637 states in spread 10
Analyzing 6864 states in spread 11
Analyzing 40000 states in spread 12
Analyzing 40000 states in spread 13
Analyzing 40000 states in spread 14
Analyzing 40000 states in spread 15
Analyzing 40000 states in spread 16
Analyzing 40000 states in spread 17
Analyzing 40000 states in spread 18
Analyzing 40000 states in spread 19
Analyzing 40000 states in spread 20
Finished step 21, minimal spread 6, max spread 21, got 1 drops
Total number of curves 401408
Starting step 22
Analyzing 1 states in spread 6
Analyzing 8 states in spread 7
Analyzing 11 states in spread 8
Analyzing 69 states in spread 9
Analyzing 486 states in spread 10
Analyzing 3908 states in spread 11
Analyzing 36925 states in spread 12
Analyzing 40000 states in spread 13
Analyzing 40000 states in spread 14
Analyzing 40000 states in spread 15
Analyzing 40000 states in spread 16
Analyzing 40000 states in spread 17
Analyzing 40000 states in spread 18
Analyzing 40000 states in spread 19
Analyzing 40000 states in spread 20
Analyzing 40000 states in spread 21
Finished step 22, minimal spread 6, max spread 22, got 1 drops
Total number of curves 425559
Starting step 23
Analyzing 1 states in spread 6
Analyzing 9 states in spread 7
Analyzing 42 states in spread 8
Analyzing 63 states in spread 9
Analyzing 424 states in spread 10
Analyzing 2993 states in spread 11
Analyzing 22027 states in spread 12
Analyzing 40000 states in spread 13
Analyzing 40000 states in spread 14
Analyzing 40000 states in spread 15
Analyzing 40000 states in spread 16
Analyzing 40000 states in spread 17
Analyzing 40000 states in spread 18
Analyzing 40000 states in spread 19
Analyzing 40000 states in spread 20
Analyzing 40000 states in spread 21
Analyzing 40000 states in spread 22
Finished step 23, minimal spread 6, max spread 23, got 0 drops
Total number of curves 460393
Starting step 24
Analyzing 1 states in spread 6
Analyzing 8 states in spread 7
Analyzing 55 states in spread 8
Analyzing 207 states in spread 9
Analyzing 359 states in spread 10
Analyzing 2503 states in spread 11
Analyzing 17260 states in spread 12
Analyzing 40000 states in spread 13
Analyzing 40000 states in spread 14
Analyzing 40000 states in spread 15
Analyzing 40000 states in spread 16
Analyzing 40000 states in spread 17
Analyzing 40000 states in spread 18
Analyzing 40000 states in spread 19
Analyzing 40000 states in spread 20
Analyzing 40000 states in spread 21
Analyzing 40000 states in spread 22
Finished step 24, minimal spread 7, max spread 23, got 2 drops
Total number of curves 457583
Starting step 25
Analyzing 9 states in spread 7
Analyzing 44 states in spread 8
Analyzing 304 states in spread 9
Analyzing 1023 states in spread 10
Analyzing 2046 states in spread 11
Analyzing 14157 states in spread 12
Analyzing 40000 states in spread 13
Analyzing 40000 states in spread 14
Analyzing 40000 states in spread 15
Analyzing 40000 states in spread 16
Analyzing 40000 states in spread 17
Analyzing 40000 states in spread 18
Analyzing 40000 states in spread 19
Analyzing 40000 states in spread 20
Analyzing 40000 states in spread 21
Analyzing 40000 states in spread 22
Finished step 25, minimal spread 8, max spread 23, got 4 drops
Total number of curves 458379
Starting step 26
Analyzing 52 states in spread 8
Analyzing 237 states in spread 9
Analyzing 1586 states in spread 10
Analyzing 5111 states in spread 11
Analyzing 11393 states in spread 12
Analyzing 40000 states in spread 13
Analyzing 40000 states in spread 14
Analyzing 40000 states in spread 15
Analyzing 40000 states in spread 16
Analyzing 40000 states in spread 17
Analyzing 40000 states in spread 18
Analyzing 40000 states in spread 19
Analyzing 40000 states in spread 20
Analyzing 40000 states in spread 21
Analyzing 40000 states in spread 22
Finished step 26, minimal spread 8, max spread 23, got 4 drops
Total number of curves 475304
Starting step 27
Analyzing 2 states in spread 8
Analyzing 279 states in spread 9
Analyzing 1246 states in spread 10
Analyzing 8061 states in spread 11
Analyzing 25716 states in spread 12
Analyzing 40000 states in spread 13
Analyzing 40000 states in spread 14
Analyzing 40000 states in spread 15
Analyzing 40000 states in spread 16
Analyzing 40000 states in spread 17
Analyzing 40000 states in spread 18
Analyzing 40000 states in spread 19
Analyzing 40000 states in spread 20
Analyzing 40000 states in spread 21
Analyzing 40000 states in spread 22
Finished step 27, minimal spread 8, max spread 23, got 3 drops
Total number of curves 487935
Starting step 28
Analyzing 1 states in spread 8
Analyzing 26 states in spread 9
Analyzing 1453 states in spread 10
Analyzing 6455 states in spread 11
Analyzing 40000 states in spread 12
Analyzing 40000 states in spread 13
Analyzing 40000 states in spread 14
Analyzing 40000 states in spread 15
Analyzing 40000 states in spread 16
Analyzing 40000 states in spread 17
Analyzing 40000 states in spread 18
Analyzing 40000 states in spread 19
Analyzing 40000 states in spread 20
Analyzing 40000 states in spread 21
Finished step 28, minimal spread 9, max spread 22, got 3 drops
Total number of curves 440751
Starting step 29
Analyzing 13 states in spread 9
Analyzing 205 states in spread 10
Analyzing 7457 states in spread 11
Analyzing 33076 states in spread 12
Analyzing 40000 states in spread 13
Analyzing 40000 states in spread 14
Analyzing 40000 states in spread 15
Analyzing 40000 states in spread 16
Analyzing 40000 states in spread 17
Analyzing 40000 states in spread 18
Analyzing 40000 states in spread 19
Analyzing 40000 states in spread 20
Analyzing 40000 states in spread 21
Finished step 29, minimal spread 9, max spread 22, got 0 drops
Total number of curves 439468
Starting step 30
Analyzing 3 states in spread 9
Analyzing 103 states in spread 10
Analyzing 1394 states in spread 11
Analyzing 37968 states in spread 12
Analyzing 40000 states in spread 13
Analyzing 40000 states in spread 14
Analyzing 40000 states in spread 15
Analyzing 40000 states in spread 16
Analyzing 40000 states in spread 17
Analyzing 40000 states in spread 18
Analyzing 40000 states in spread 19
Analyzing 40000 states in spread 20
Analyzing 40000 states in spread 21
Analyzing 40000 states in spread 22
Finished step 30, minimal spread 10, max spread 23, got 0 drops
Total number of curves 449501
Starting step 31
Analyzing 38 states in spread 10
Analyzing 728 states in spread 11
Analyzing 8735 states in spread 12
Analyzing 40000 states in spread 13
Analyzing 40000 states in spread 14
Analyzing 40000 states in spread 15
Analyzing 40000 states in spread 16
Analyzing 40000 states in spread 17
Analyzing 40000 states in spread 18
Analyzing 40000 states in spread 19
Analyzing 40000 states in spread 20
Analyzing 40000 states in spread 21
Analyzing 40000 states in spread 22
Finished step 31, minimal spread 10, max spread 23, got 1 drops
Total number of curves 445134
Starting step 32
Analyzing 11 states in spread 10
Analyzing 338 states in spread 11
Analyzing 4785 states in spread 12
Analyzing 40000 states in spread 13
Analyzing 40000 states in spread 14
Analyzing 40000 states in spread 15
Analyzing 40000 states in spread 16
Analyzing 40000 states in spread 17
Analyzing 40000 states in spread 18
Analyzing 40000 states in spread 19
Analyzing 40000 states in spread 20
Analyzing 40000 states in spread 21
Analyzing 40000 states in spread 22
Finished step 32, minimal spread 10, max spread 23, got 0 drops
Total number of curves 428691
Starting step 33
Analyzing 5 states in spread 10
Analyzing 163 states in spread 11
Analyzing 2477 states in spread 12
Analyzing 26046 states in spread 13
Analyzing 40000 states in spread 14
Analyzing 40000 states in spread 15
Analyzing 40000 states in spread 16
Analyzing 40000 states in spread 17
Analyzing 40000 states in spread 18
Analyzing 40000 states in spread 19
Analyzing 40000 states in spread 20
Analyzing 40000 states in spread 21
Analyzing 40000 states in spread 22
Analyzing 40000 states in spread 23
Finished step 33, minimal spread 10, max spread 24, got 1 drops
Total number of curves 456179
Starting step 34
Analyzing 2 states in spread 10
Analyzing 79 states in spread 11
Analyzing 1411 states in spread 12
Analyzing 14687 states in spread 13
Analyzing 40000 states in spread 14
Analyzing 40000 states in spread 15
Analyzing 40000 states in spread 16
Analyzing 40000 states in spread 17
Analyzing 40000 states in spread 18
Analyzing 40000 states in spread 19
Analyzing 40000 states in spread 20
Analyzing 40000 states in spread 21
Analyzing 40000 states in spread 22
Analyzing 40000 states in spread 23
Finished step 34, minimal spread 10, max spread 24, got 2 drops
Total number of curves 450019
Starting step 35
Analyzing 2 states in spread 10
Analyzing 38 states in spread 11
Analyzing 714 states in spread 12
Analyzing 9265 states in spread 13
Analyzing 40000 states in spread 14
Analyzing 40000 states in spread 15
Analyzing 40000 states in spread 16
Analyzing 40000 states in spread 17
Analyzing 40000 states in spread 18
Analyzing 40000 states in spread 19
Analyzing 40000 states in spread 20
Analyzing 40000 states in spread 21
Analyzing 40000 states in spread 22
Analyzing 40000 states in spread 23
Finished step 35, minimal spread 10, max spread 24, got 2 drops
Total number of curves 445414
Starting step 36
Analyzing 2 states in spread 10
Analyzing 31 states in spread 11
Analyzing 378 states in spread 12
Analyzing 5003 states in spread 13
Analyzing 40000 states in spread 14
Analyzing 40000 states in spread 15
Analyzing 40000 states in spread 16
Analyzing 40000 states in spread 17
Analyzing 40000 states in spread 18
Analyzing 40000 states in spread 19
Analyzing 40000 states in spread 20
Analyzing 40000 states in spread 21
Analyzing 40000 states in spread 22
Analyzing 40000 states in spread 23
Finished step 36, minimal spread 10, max spread 24, got 0 drops
Total number of curves 430708
Starting step 37
Analyzing 3 states in spread 10
Analyzing 18 states in spread 11
Analyzing 285 states in spread 12
Analyzing 2819 states in spread 13
Analyzing 27583 states in spread 14
Analyzing 40000 states in spread 15
Analyzing 40000 states in spread 16
Analyzing 40000 states in spread 17
Analyzing 40000 states in spread 18
Analyzing 40000 states in spread 19
Analyzing 40000 states in spread 20
Analyzing 40000 states in spread 21
Analyzing 40000 states in spread 22
Analyzing 40000 states in spread 23
Analyzing 40000 states in spread 24
Finished step 37, minimal spread 10, max spread 25, got 0 drops
Total number of curves 459144
Starting step 38
Analyzing 1 states in spread 10
Analyzing 29 states in spread 11
Analyzing 135 states in spread 12
Analyzing 2082 states in spread 13
Analyzing 16897 states in spread 14
Analyzing 40000 states in spread 15
Analyzing 40000 states in spread 16
Analyzing 40000 states in spread 17
Analyzing 40000 states in spread 18
Analyzing 40000 states in spread 19
Analyzing 40000 states in spread 20
Analyzing 40000 states in spread 21
Analyzing 40000 states in spread 22
Analyzing 40000 states in spread 23
Analyzing 40000 states in spread 24
Finished step 38, minimal spread 10, max spread 25, got 3 drops
Total number of curves 453878
Starting step 39
Analyzing 1 states in spread 10
Analyzing 10 states in spread 11
Analyzing 192 states in spread 12
Analyzing 998 states in spread 13
Analyzing 12677 states in spread 14
Analyzing 40000 states in spread 15
Analyzing 40000 states in spread 16
Analyzing 40000 states in spread 17
Analyzing 40000 states in spread 18
Analyzing 40000 states in spread 19
Analyzing 40000 states in spread 20
Analyzing 40000 states in spread 21
Analyzing 40000 states in spread 22
Analyzing 40000 states in spread 23
Analyzing 40000 states in spread 24
Finished step 39, minimal spread 10, max spread 25, got 8 drops
Total number of curves 447773
Starting step 40
Analyzing 1 states in spread 10
Analyzing 13 states in spread 11
Analyzing 72 states in spread 12
Analyzing 1203 states in spread 13
Analyzing 6484 states in spread 14
Analyzing 40000 states in spread 15
Analyzing 40000 states in spread 16
Analyzing 40000 states in spread 17
Analyzing 40000 states in spread 18
Analyzing 40000 states in spread 19
Analyzing 40000 states in spread 20
Analyzing 40000 states in spread 21
Analyzing 40000 states in spread 22
Analyzing 40000 states in spread 23
Analyzing 40000 states in spread 24
Finished step 40, minimal spread 10, max spread 25, got 7 drops
Total number of curves 441328
Starting step 41
Analyzing 1 states in spread 10
Analyzing 13 states in spread 11
Analyzing 82 states in spread 12
Analyzing 492 states in spread 13
Analyzing 7120 states in spread 14
Analyzing 33620 states in spread 15
Analyzing 40000 states in spread 16
Analyzing 40000 states in spread 17
Analyzing 40000 states in spread 18
Analyzing 40000 states in spread 19
Analyzing 40000 states in spread 20
Analyzing 40000 states in spread 21
Analyzing 40000 states in spread 22
Analyzing 40000 states in spread 23
Analyzing 40000 states in spread 24
Finished step 41, minimal spread 10, max spread 25, got 5 drops
Total number of curves 441504
Starting step 42
Analyzing 2 states in spread 10
Analyzing 8 states in spread 11
Analyzing 90 states in spread 12
Analyzing 491 states in spread 13
Analyzing 3182 states in spread 14
Analyzing 37731 states in spread 15
Analyzing 40000 states in spread 16
Analyzing 40000 states in spread 17
Analyzing 40000 states in spread 18
Analyzing 40000 states in spread 19
Analyzing 40000 states in spread 20
Analyzing 40000 states in spread 21
Analyzing 40000 states in spread 22
Analyzing 40000 states in spread 23
Analyzing 40000 states in spread 24
Finished step 42, minimal spread 10, max spread 25, got 5 drops
Total number of curves 421919
Starting step 43
Analyzing 3 states in spread 10
Analyzing 14 states in spread 11
Analyzing 50 states in spread 12
Analyzing 549 states in spread 13
Analyzing 2852 states in spread 14
Analyzing 18451 states in spread 15
Analyzing 40000 states in spread 16
Analyzing 40000 states in spread 17
Analyzing 40000 states in spread 18
Analyzing 40000 states in spread 19
Analyzing 40000 states in spread 20
Analyzing 40000 states in spread 21
Analyzing 40000 states in spread 22
Analyzing 40000 states in spread 23
Analyzing 40000 states in spread 24
Analyzing 40000 states in spread 25
Finished step 43, minimal spread 10, max spread 26, got 3 drops
Total number of curves 459290
Starting step 44
Analyzing 1 states in spread 10
Analyzing 29 states in spread 11
Analyzing 76 states in spread 12
Analyzing 305 states in spread 13
Analyzing 3132 states in spread 14
Analyzing 15747 states in spread 15
Analyzing 40000 states in spread 16
Analyzing 40000 states in spread 17
Analyzing 40000 states in spread 18
Analyzing 40000 states in spread 19
Analyzing 40000 states in spread 20
Analyzing 40000 states in spread 21
Analyzing 40000 states in spread 22
Analyzing 40000 states in spread 23
Analyzing 40000 states in spread 24
Analyzing 40000 states in spread 25
Finished step 44, minimal spread 10, max spread 26, got 3 drops
Total number of curves 459414
Starting step 45
Analyzing 1 states in spread 10
Analyzing 8 states in spread 11
Analyzing 182 states in spread 12
Analyzing 409 states in spread 13
Analyzing 1780 states in spread 14
Analyzing 17034 states in spread 15
Analyzing 40000 states in spread 16
Analyzing 40000 states in spread 17
Analyzing 40000 states in spread 18
Analyzing 40000 states in spread 19
Analyzing 40000 states in spread 20
Analyzing 40000 states in spread 21
Analyzing 40000 states in spread 22
Analyzing 40000 states in spread 23
Analyzing 40000 states in spread 24
Analyzing 40000 states in spread 25
Finished step 45, minimal spread 11, max spread 26, got 2 drops
Total number of curves 453269
Starting step 46
Analyzing 10 states in spread 11
Analyzing 48 states in spread 12
Analyzing 998 states in spread 13
Analyzing 2187 states in spread 14
Analyzing 10026 states in spread 15
Analyzing 40000 states in spread 16
Analyzing 40000 states in spread 17
Analyzing 40000 states in spread 18
Analyzing 40000 states in spread 19
Analyzing 40000 states in spread 20
Analyzing 40000 states in spread 21
Analyzing 40000 states in spread 22
Analyzing 40000 states in spread 23
Analyzing 40000 states in spread 24
Analyzing 40000 states in spread 25
Finished step 46, minimal spread 11, max spread 26, got 2 drops
Total number of curves 457131
Starting step 47
Analyzing 3 states in spread 11
Analyzing 65 states in spread 12
Analyzing 282 states in spread 13
Analyzing 5183 states in spread 14
Analyzing 11598 states in spread 15
Analyzing 40000 states in spread 16
Analyzing 40000 states in spread 17
Analyzing 40000 states in spread 18
Analyzing 40000 states in spread 19
Analyzing 40000 states in spread 20
Analyzing 40000 states in spread 21
Analyzing 40000 states in spread 22
Analyzing 40000 states in spread 23
Analyzing 40000 states in spread 24
Analyzing 40000 states in spread 25
Finished step 47, minimal spread 11, max spread 26, got 1 drops
Total number of curves 468339
Starting step 48
Analyzing 4 states in spread 11
Analyzing 31 states in spread 12
Analyzing 374 states in spread 13
Analyzing 1635 states in spread 14
Analyzing 26295 states in spread 15
Analyzing 40000 states in spread 16
Analyzing 40000 states in spread 17
Analyzing 40000 states in spread 18
Analyzing 40000 states in spread 19
Analyzing 40000 states in spread 20
Analyzing 40000 states in spread 21
Analyzing 40000 states in spread 22
Analyzing 40000 states in spread 23
Analyzing 40000 states in spread 24
Analyzing 40000 states in spread 25
Finished step 48, minimal spread 11, max spread 26, got 1 drops
Total number of curves 451551
Starting step 49
Analyzing 4 states in spread 11
Analyzing 34 states in spread 12
Analyzing 215 states in spread 13
Analyzing 2055 states in spread 14
Analyzing 9243 states in spread 15
Analyzing 40000 states in spread 16
Analyzing 40000 states in spread 17
Analyzing 40000 states in spread 18
Analyzing 40000 states in spread 19
Analyzing 40000 states in spread 20
Analyzing 40000 states in spread 21
Analyzing 40000 states in spread 22
Analyzing 40000 states in spread 23
Analyzing 40000 states in spread 24
Analyzing 40000 states in spread 25
Finished step 49, minimal spread 11, max spread 26, got 1 drops
Total number of curves 452539
Starting step 50
Analyzing 1 states in spread 11
Analyzing 38 states in spread 12
Analyzing 203 states in spread 13
Analyzing 1285 states in spread 14
Analyzing 11012 states in spread 15
Analyzing 40000 states in spread 16
Analyzing 40000 states in spread 17
Analyzing 40000 states in spread 18
Analyzing 40000 states in spread 19
Analyzing 40000 states in spread 20
Analyzing 40000 states in spread 21
Analyzing 40000 states in spread 22
Analyzing 40000 states in spread 23
Analyzing 40000 states in spread 24
Analyzing 40000 states in spread 25
Finished step 50, minimal spread 11, max spread 26, got 3 drops
Total number of curves 448622
Starting step 51
Analyzing 1 states in spread 11
Analyzing 10 states in spread 12
Analyzing 239 states in spread 13
Analyzing 1139 states in spread 14
Analyzing 7233 states in spread 15
Analyzing 40000 states in spread 16
Analyzing 40000 states in spread 17
Analyzing 40000 states in spread 18
Analyzing 40000 states in spread 19
Analyzing 40000 states in spread 20
Analyzing 40000 states in spread 21
Analyzing 40000 states in spread 22
Analyzing 40000 states in spread 23
Analyzing 40000 states in spread 24
Analyzing 40000 states in spread 25
Finished step 51, minimal spread 11, max spread 26, got 4 drops
Total number of curves 443963
Starting step 52
Analyzing 1 states in spread 11
Analyzing 11 states in spread 12
Analyzing 75 states in spread 13
Analyzing 1334 states in spread 14
Analyzing 6232 states in spread 15
Analyzing 36310 states in spread 16
Analyzing 40000 states in spread 17
Analyzing 40000 states in spread 18
Analyzing 40000 states in spread 19
Analyzing 40000 states in spread 20
Analyzing 40000 states in spread 21
Analyzing 40000 states in spread 22
Analyzing 40000 states in spread 23
Analyzing 40000 states in spread 24
Analyzing 40000 states in spread 25
Finished step 52, minimal spread 12, max spread 26, got 5 drops
Total number of curves 439667
Starting step 53
Analyzing 11 states in spread 12
Analyzing 82 states in spread 13
Analyzing 470 states in spread 14
Analyzing 7142 states in spread 15
Analyzing 31962 states in spread 16
Analyzing 40000 states in spread 17
Analyzing 40000 states in spread 18
Analyzing 40000 states in spread 19
Analyzing 40000 states in spread 20
Analyzing 40000 states in spread 21
Analyzing 40000 states in spread 22
Analyzing 40000 states in spread 23
Analyzing 40000 states in spread 24
Analyzing 40000 states in spread 25
Analyzing 40000 states in spread 26
Finished step 53, minimal spread 12, max spread 27, got 4 drops
Total number of curves 480228
Starting step 54
Analyzing 2 states in spread 12
Analyzing 75 states in spread 13
Analyzing 506 states in spread 14
Analyzing 2822 states in spread 15
Analyzing 36823 states in spread 16
Analyzing 40000 states in spread 17
Analyzing 40000 states in spread 18
Analyzing 40000 states in spread 19
Analyzing 40000 states in spread 20
Analyzing 40000 states in spread 21
Analyzing 40000 states in spread 22
Analyzing 40000 states in spread 23
Analyzing 40000 states in spread 24
Analyzing 40000 states in spread 25
Finished step 54, minimal spread 12, max spread 26, got 3 drops
Total number of curves 419376
Starting step 55
Analyzing 3 states in spread 12
Analyzing 27 states in spread 13
Analyzing 439 states in spread 14
Analyzing 2898 states in spread 15
Analyzing 16009 states in spread 16
Analyzing 40000 states in spread 17
Analyzing 40000 states in spread 18
Analyzing 40000 states in spread 19
Analyzing 40000 states in spread 20
Analyzing 40000 states in spread 21
Analyzing 40000 states in spread 22
Analyzing 40000 states in spread 23
Analyzing 40000 states in spread 24
Analyzing 40000 states in spread 25
Analyzing 40000 states in spread 26
Finished step 55, minimal spread 12, max spread 27, got 2 drops
Total number of curves 458569
Starting step 56
Analyzing 1 states in spread 12
Analyzing 34 states in spread 13
Analyzing 211 states in spread 14
Analyzing 2411 states in spread 15
Analyzing 15912 states in spread 16
Analyzing 40000 states in spread 17
Analyzing 40000 states in spread 18
Analyzing 40000 states in spread 19
Analyzing 40000 states in spread 20
Analyzing 40000 states in spread 21
Analyzing 40000 states in spread 22
Analyzing 40000 states in spread 23
Analyzing 40000 states in spread 24
Analyzing 40000 states in spread 25
Analyzing 40000 states in spread 26
Finished step 56, minimal spread 13, max spread 27, got 3 drops
Total number of curves 454534
Starting step 57
Analyzing 9 states in spread 13
Analyzing 249 states in spread 14
Analyzing 1399 states in spread 15
Analyzing 12877 states in spread 16
Analyzing 40000 states in spread 17
Analyzing 40000 states in spread 18
Analyzing 40000 states in spread 19
Analyzing 40000 states in spread 20
Analyzing 40000 states in spread 21
Analyzing 40000 states in spread 22
Analyzing 40000 states in spread 23
Analyzing 40000 states in spread 24
Analyzing 40000 states in spread 25
Analyzing 40000 states in spread 26
Finished step 57, minimal spread 14, max spread 27, got 4 drops
Total number of curves 449925
Starting step 58
Analyzing 79 states in spread 14
Analyzing 1546 states in spread 15
Analyzing 8300 states in spread 16
Analyzing 40000 states in spread 17
Analyzing 40000 states in spread 18
Analyzing 40000 states in spread 19
Analyzing 40000 states in spread 20
Analyzing 40000 states in spread 21
Analyzing 40000 states in spread 22
Analyzing 40000 states in spread 23
Analyzing 40000 states in spread 24
Analyzing 40000 states in spread 25
Analyzing 40000 states in spread 26
Finished step 58, minimal spread 14, max spread 27, got 2 drops
Total number of curves 449387
Starting step 59
Analyzing 15 states in spread 14
Analyzing 584 states in spread 15
Analyzing 8788 states in spread 16
Analyzing 40000 states in spread 17
Analyzing 40000 states in spread 18
Analyzing 40000 states in spread 19
Analyzing 40000 states in spread 20
Analyzing 40000 states in spread 21
Analyzing 40000 states in spread 22
Analyzing 40000 states in spread 23
Analyzing 40000 states in spread 24
Analyzing 40000 states in spread 25
Analyzing 40000 states in spread 26
Finished step 59, minimal spread 14, max spread 27, got 2 drops
Total number of curves 443992
Starting step 60
Analyzing 7 states in spread 14
Analyzing 190 states in spread 15
Analyzing 3795 states in spread 16
Analyzing 40000 states in spread 17
Analyzing 40000 states in spread 18
Analyzing 40000 states in spread 19
Analyzing 40000 states in spread 20
Analyzing 40000 states in spread 21
Analyzing 40000 states in spread 22
Analyzing 40000 states in spread 23
Analyzing 40000 states in spread 24
Analyzing 40000 states in spread 25
Analyzing 40000 states in spread 26
Finished step 60, minimal spread 14, max spread 27, got 2 drops
Total number of curves 423010
Starting step 61
Analyzing 4 states in spread 14
Analyzing 97 states in spread 15
Analyzing 1554 states in spread 16
Analyzing 21355 states in spread 17
Analyzing 40000 states in spread 18
Analyzing 40000 states in spread 19
Analyzing 40000 states in spread 20
Analyzing 40000 states in spread 21
Analyzing 40000 states in spread 22
Analyzing 40000 states in spread 23
Analyzing 40000 states in spread 24
Analyzing 40000 states in spread 25
Analyzing 40000 states in spread 26
Analyzing 40000 states in spread 27
Finished step 61, minimal spread 14, max spread 28, got 0 drops
Total number of curves 450984
Starting step 62
Analyzing 3 states in spread 14
Analyzing 49 states in spread 15
Analyzing 853 states in spread 16
Analyzing 10079 states in spread 17
Analyzing 40000 states in spread 18
Analyzing 40000 states in spread 19
Analyzing 40000 states in spread 20
Analyzing 40000 states in spread 21
Analyzing 40000 states in spread 22
Analyzing 40000 states in spread 23
Analyzing 40000 states in spread 24
Analyzing 40000 states in spread 25
Analyzing 40000 states in spread 26
Analyzing 40000 states in spread 27
Finished step 62, minimal spread 14, max spread 28, got 2 drops
Total number of curves 446412
Starting step 63
Analyzing 1 states in spread 14
Analyzing 35 states in spread 15
Analyzing 466 states in spread 16
Analyzing 5910 states in spread 17
Analyzing 40000 states in spread 18
Analyzing 40000 states in spread 19
Analyzing 40000 states in spread 20
Analyzing 40000 states in spread 21
Analyzing 40000 states in spread 22
Analyzing 40000 states in spread 23
Analyzing 40000 states in spread 24
Analyzing 40000 states in spread 25
Analyzing 40000 states in spread 26
Analyzing 40000 states in spread 27
Finished step 63, minimal spread 14, max spread 28, got 5 drops
Total number of curves 435636
Starting step 64
Analyzing 1 states in spread 14
Analyzing 22 states in spread 15
Analyzing 308 states in spread 16
Analyzing 3441 states in spread 17
Analyzing 31864 states in spread 18
Analyzing 40000 states in spread 19
Analyzing 40000 states in spread 20
Analyzing 40000 states in spread 21
Analyzing 40000 states in spread 22
Analyzing 40000 states in spread 23
Analyzing 40000 states in spread 24
Analyzing 40000 states in spread 25
Analyzing 40000 states in spread 26
Analyzing 40000 states in spread 27
Analyzing 40000 states in spread 28
Finished step 64, minimal spread 13, max spread 29, got 4 drops
Total number of curves 462487
Starting step 65
Analyzing 1 states in spread 13
Analyzing 3 states in spread 14
Analyzing 15 states in spread 15
Analyzing 210 states in spread 16
Analyzing 2176 states in spread 17
Analyzing 20082 states in spread 18
Analyzing 40000 states in spread 19
Analyzing 40000 states in spread 20
Analyzing 40000 states in spread 21
Analyzing 40000 states in spread 22
Analyzing 40000 states in spread 23
Analyzing 40000 states in spread 24
Analyzing 40000 states in spread 25
Analyzing 40000 states in spread 26
Analyzing 40000 states in spread 27
Analyzing 40000 states in spread 28
Finished step 65, minimal spread 13, max spread 29, got 2 drops
Total number of curves 454634
Starting step 66
Analyzing 1 states in spread 13
Analyzing 8 states in spread 14
Analyzing 21 states in spread 15
Analyzing 133 states in spread 16
Analyzing 1513 states in spread 17
Analyzing 12958 states in spread 18
Analyzing 40000 states in spread 19
Analyzing 40000 states in spread 20
Analyzing 40000 states in spread 21
Analyzing 40000 states in spread 22
Analyzing 40000 states in spread 23
Analyzing 40000 states in spread 24
Analyzing 40000 states in spread 25
Analyzing 40000 states in spread 26
Analyzing 40000 states in spread 27
Analyzing 40000 states in spread 28
Finished step 66, minimal spread 14, max spread 29, got 2 drops
Total number of curves 450421
Starting step 67
Analyzing 8 states in spread 14
Analyzing 42 states in spread 15
Analyzing 140 states in spread 16
Analyzing 944 states in spread 17
Analyzing 9287 states in spread 18
Analyzing 40000 states in spread 19
Analyzing 40000 states in spread 20
Analyzing 40000 states in spread 21
Analyzing 40000 states in spread 22
Analyzing 40000 states in spread 23
Analyzing 40000 states in spread 24
Analyzing 40000 states in spread 25
Analyzing 40000 states in spread 26
Analyzing 40000 states in spread 27
Analyzing 40000 states in spread 28
Finished step 67, minimal spread 14, max spread 29, got 2 drops
Total number of curves 447040
Starting step 68
Analyzing 1 states in spread 14
Analyzing 49 states in spread 15
Analyzing 222 states in spread 16
Analyzing 881 states in spread 17
Analyzing 5887 states in spread 18
Analyzing 40000 states in spread 19
Analyzing 40000 states in spread 20
Analyzing 40000 states in spread 21
Analyzing 40000 states in spread 22
Analyzing 40000 states in spread 23
Analyzing 40000 states in spread 24
Analyzing 40000 states in spread 25
Analyzing 40000 states in spread 26
Analyzing 40000 states in spread 27
Analyzing 40000 states in spread 28
Finished step 68, minimal spread 15, max spread 29, got 2 drops
Total number of curves 438184
Starting step 69
Analyzing 16 states in spread 15
Analyzing 267 states in spread 16
Analyzing 1188 states in spread 17
Analyzing 5201 states in spread 18
Analyzing 31512 states in spread 19
Analyzing 40000 states in spread 20
Analyzing 40000 states in spread 21
Analyzing 40000 states in spread 22
Analyzing 40000 states in spread 23
Analyzing 40000 states in spread 24
Analyzing 40000 states in spread 25
Analyzing 40000 states in spread 26
Analyzing 40000 states in spread 27
Analyzing 40000 states in spread 28
Analyzing 40000 states in spread 29
Finished step 69, minimal spread 15, max spread 30, got 2 drops
Total number of curves 476284
Starting step 70
Analyzing 6 states in spread 15
Analyzing 130 states in spread 16
Analyzing 1392 states in spread 17
Analyzing 6333 states in spread 18
Analyzing 28423 states in spread 19
Analyzing 40000 states in spread 20
Analyzing 40000 states in spread 21
Analyzing 40000 states in spread 22
Analyzing 40000 states in spread 23
Analyzing 40000 states in spread 24
Analyzing 40000 states in spread 25
Analyzing 40000 states in spread 26
Analyzing 40000 states in spread 27
Analyzing 40000 states in spread 28
Analyzing 40000 states in spread 29
Finished step 70, minimal spread 15, max spread 30, got 1 drops
Total number of curves 481197
Starting step 71
Analyzing 6 states in spread 15
Analyzing 65 states in spread 16
Analyzing 829 states in spread 17
Analyzing 7149 states in spread 18
Analyzing 33148 states in spread 19
Analyzing 40000 states in spread 20
Analyzing 40000 states in spread 21
Analyzing 40000 states in spread 22
Analyzing 40000 states in spread 23
Analyzing 40000 states in spread 24
Analyzing 40000 states in spread 25
Analyzing 40000 states in spread 26
Analyzing 40000 states in spread 27
Analyzing 40000 states in spread 28
Finished step 71, minimal spread 15, max spread 29, got 0 drops
Total number of curves 441661
Starting step 72
Analyzing 4 states in spread 15
Analyzing 57 states in spread 16
Analyzing 453 states in spread 17
Analyzing 4769 states in spread 18
Analyzing 36378 states in spread 19
Analyzing 40000 states in spread 20
Analyzing 40000 states in spread 21
Analyzing 40000 states in spread 22
Analyzing 40000 states in spread 23
Analyzing 40000 states in spread 24
Analyzing 40000 states in spread 25
Analyzing 40000 states in spread 26
Analyzing 40000 states in spread 27
Analyzing 40000 states in spread 28
Finished step 72, minimal spread 15, max spread 29, got 0 drops
Total number of curves 429028
Starting step 73
Analyzing 1 states in spread 15
Analyzing 37 states in spread 16
Analyzing 379 states in spread 17
Analyzing 2729 states in spread 18
Analyzing 25882 states in spread 19
Analyzing 40000 states in spread 20
Analyzing 40000 states in spread 21
Analyzing 40000 states in spread 22
Analyzing 40000 states in spread 23
Analyzing 40000 states in spread 24
Analyzing 40000 states in spread 25
Analyzing 40000 states in spread 26
Analyzing 40000 states in spread 27
Analyzing 40000 states in spread 28
Analyzing 40000 states in spread 29
Finished step 73, minimal spread 16, max spread 28, got 3 drops
Total number of curves 377917
Starting step 74
Analyzing 13 states in spread 16
Analyzing 240 states in spread 17
Analyzing 2287 states in spread 18
Analyzing 15377 states in spread 19
Analyzing 40000 states in spread 20
Analyzing 40000 states in spread 21
Analyzing 40000 states in spread 22
Analyzing 40000 states in spread 23
Analyzing 40000 states in spread 24
Analyzing 40000 states in spread 25
Analyzing 40000 states in spread 26
Analyzing 40000 states in spread 27
Analyzing 40000 states in spread 28
Finished step 74, minimal spread 16, max spread 27, got 1 drops
Total number of curves 334549
Starting step 75
Analyzing 5 states in spread 16
Analyzing 111 states in spread 17
Analyzing 1458 states in spread 18
Analyzing 12975 states in spread 19
Analyzing 40000 states in spread 20
Analyzing 40000 states in spread 21
Analyzing 40000 states in spread 22
Analyzing 40000 states in spread 23
Analyzing 40000 states in spread 24
Analyzing 40000 states in spread 25
Analyzing 40000 states in spread 26
Analyzing 40000 states in spread 27
Finished step 75, minimal spread 16, max spread 26, got 1 drops
Total number of curves 289359
Starting step 76
Analyzing 2 states in spread 16
Analyzing 60 states in spread 17
Analyzing 812 states in spread 18
Analyzing 8485 states in spread 19
Analyzing 40000 states in spread 20
Analyzing 40000 states in spread 21
Analyzing 40000 states in spread 22
Analyzing 40000 states in spread 23
Analyzing 40000 states in spread 24
Analyzing 40000 states in spread 25
Analyzing 40000 states in spread 26
Finished step 76, minimal spread 16, max spread 25, got 3 drops
Total number of curves 245787
Starting step 77
Analyzing 1 states in spread 16
Analyzing 29 states in spread 17
Analyzing 459 states in spread 18
Analyzing 5298 states in spread 19
Analyzing 40000 states in spread 20
Analyzing 40000 states in spread 21
Analyzing 40000 states in spread 22
Analyzing 40000 states in spread 23
Analyzing 40000 states in spread 24
Analyzing 40000 states in spread 25
Finished step 77, minimal spread 16, max spread 24, got 2 drops
Total number of curves 192073
Starting step 78
Analyzing 1 states in spread 16
Analyzing 16 states in spread 17
Analyzing 255 states in spread 18
Analyzing 3031 states in spread 19
Analyzing 28770 states in spread 20
Analyzing 40000 states in spread 21
Analyzing 40000 states in spread 22
Analyzing 40000 states in spread 23
Analyzing 40000 states in spread 24
Finished step 78, minimal spread 16, max spread 23, got 1 drops
Total number of curves 139385
Starting step 79
Analyzing 1 states in spread 16
Analyzing 9 states in spread 17
Analyzing 153 states in spread 18
Analyzing 1833 states in spread 19
Analyzing 17389 states in spread 20
Analyzing 40000 states in spread 21
Analyzing 40000 states in spread 22
Analyzing 40000 states in spread 23
Finished step 79, minimal spread 17, max spread 22, got 1 drops
Total number of curves 92518
Starting step 80
Analyzing 9 states in spread 17
Analyzing 82 states in spread 18
Analyzing 1184 states in spread 19
Analyzing 11243 states in spread 20
Analyzing 40000 states in spread 21
Analyzing 40000 states in spread 22
Finished step 80, minimal spread 17, max spread 21, got 2 drops
Total number of curves 48421
Starting step 81
Analyzing 1 states in spread 17
Analyzing 67 states in spread 18
Analyzing 654 states in spread 19
Analyzing 7699 states in spread 20
Analyzing 40000 states in spread 21
Finished step 81, minimal spread 17, max spread 20, got 3 drops
Total number of curves 4935
Starting step 82
Analyzing 1 states in spread 17
Analyzing 19 states in spread 18
Analyzing 480 states in spread 19
Analyzing 4435 states in spread 20
Finished step 82, minimal spread 17, max spread 19, got 5 drops
Total number of curves 215
Starting step 83
Analyzing 2 states in spread 17
Analyzing 15 states in spread 18
Analyzing 198 states in spread 19
Finished step 83, minimal spread 17, max spread 18, got 3 drops
Total number of curves 23
Starting step 84
Analyzing 1 states in spread 17
Analyzing 22 states in spread 18
Altogether, runtime= 19.8812421875
SUMMARY witness_output= /nfs/roberts/project/pi_com36/com36/burau-experiments/curvemod/logs/a3_mod7_bucket40k_total400k_len100_multi_20260310_013513_witnesses.txt
SUMMARY found= False
SUMMARY first_depth= None
SUMMARY unique_witnesses= 0
SUMMARY total_hits= 0
SUMMARY witness_depth_histogram= {}
CUDA max_memory_allocated_bytes: 4261157376
CUDA max_memory_reserved_bytes: 4980736000
End: 2026-03-10T01:35:38-04:00
