Starting A3 torch search with p= 5 caps 300000 300000 totalcaps 1500000 1000000 FIRST_STEPS 12 base_point 1 device cuda
We have 6 atoms and 14 dual simples
Initialized step 1 with spreads: {1: 2}
Starting step 2
Analyzing 2 states in spread 1
Finished step 2, minimal spread 2, max spread 2, got 0 drops
Total number of curves 8
Starting step 3
Analyzing 8 states in spread 2
Finished step 3, minimal spread 3, max spread 3, got 0 drops
Total number of curves 36
Starting step 4
Analyzing 36 states in spread 3
Finished step 4, minimal spread 4, max spread 4, got 0 drops
Total number of curves 170
Starting step 5
Analyzing 170 states in spread 4
Finished step 5, minimal spread 5, max spread 5, got 0 drops
Total number of curves 816
Starting step 6
Analyzing 816 states in spread 5
Finished step 6, minimal spread 5, max spread 6, got 0 drops
Total number of curves 3938
Starting step 7
Analyzing 2 states in spread 5
Analyzing 3936 states in spread 6
Finished step 7, minimal spread 5, max spread 7, got 0 drops
Total number of curves 19040
Starting step 8
Analyzing 2 states in spread 5
Analyzing 40 states in spread 6
Analyzing 18998 states in spread 7
Finished step 8, minimal spread 6, max spread 8, got 0 drops
Total number of curves 92118
Starting step 9
Analyzing 39 states in spread 6
Analyzing 457 states in spread 7
Analyzing 91622 states in spread 8
Finished step 9, minimal spread 6, max spread 9, got 0 drops
Total number of curves 304412
Starting step 10
Analyzing 15 states in spread 6
Analyzing 415 states in spread 7
Analyzing 3982 states in spread 8
Analyzing 300000 states in spread 9
Finished step 10, minimal spread 6, max spread 10, got 0 drops
Total number of curves 329811
Starting step 11
Analyzing 8 states in spread 6
Analyzing 225 states in spread 7
Analyzing 3512 states in spread 8
Analyzing 26066 states in spread 9
Analyzing 300000 states in spread 10
Finished step 11, minimal spread 6, max spread 11, got 0 drops
Total number of curves 458921
Starting step 12
Analyzing 5 states in spread 6
Analyzing 157 states in spread 7
Analyzing 2174 states in spread 8
Analyzing 23169 states in spread 9
Analyzing 133416 states in spread 10
Analyzing 300000 states in spread 11
Finished step 12, minimal spread 6, max spread 12, got 0 drops
Total number of curves 741195
Starting step 13
Analyzing 5 states in spread 6
Analyzing 97 states in spread 7
Analyzing 1693 states in spread 8
Analyzing 15674 states in spread 9
Analyzing 123726 states in spread 10
Analyzing 300000 states in spread 11
Analyzing 300000 states in spread 12
Finished step 13, minimal spread 6, max spread 13, got 3 drops
Total number of curves 1005477
Starting step 14
Analyzing 5 states in spread 6
Analyzing 73 states in spread 7
Analyzing 1149 states in spread 8
Analyzing 13008 states in spread 9
Analyzing 91242 states in spread 10
Analyzing 300000 states in spread 11
Analyzing 300000 states in spread 12
Analyzing 300000 states in spread 13
Finished step 14, minimal spread 6, max spread 14, got 16 drops
Total number of curves 1290819
Starting step 15
Analyzing 7 states in spread 6
Analyzing 71 states in spread 7
Analyzing 850 states in spread 8
Analyzing 9619 states in spread 9
Analyzing 80272 states in spread 10
Analyzing 300000 states in spread 11
Analyzing 300000 states in spread 12
Analyzing 300000 states in spread 13
Analyzing 300000 states in spread 14
Finished step 15, minimal spread 6, max spread 15, got 33 drops
Total number of curves 1572479
Starting step 16
Analyzing 7 states in spread 6
Analyzing 96 states in spread 7
Analyzing 792 states in spread 8
Analyzing 7510 states in spread 9
Analyzing 64074 states in spread 10
Analyzing 300000 states in spread 11
Analyzing 300000 states in spread 12
Analyzing 300000 states in spread 13
Analyzing 300000 states in spread 14
Finished step 16, minimal spread 6, max spread 15, got 74 drops
Total number of curves 1560865
Starting step 17
Analyzing 6 states in spread 6
Analyzing 102 states in spread 7
Analyzing 940 states in spread 8
Analyzing 6948 states in spread 9
Analyzing 52869 states in spread 10
Analyzing 300000 states in spread 11
Analyzing 300000 states in spread 12
Analyzing 300000 states in spread 13
Analyzing 300000 states in spread 14
Finished step 17, minimal spread 6, max spread 15, got 111 drops
Total number of curves 1551974
Starting step 18
Analyzing 5 states in spread 6
Analyzing 97 states in spread 7
Analyzing 956 states in spread 8
Analyzing 7464 states in spread 9
Analyzing 49472 states in spread 10
Analyzing 293980 states in spread 11
Analyzing 300000 states in spread 12
Analyzing 300000 states in spread 13
Analyzing 300000 states in spread 14
Finished step 18, minimal spread 6, max spread 15, got 153 drops
Total number of curves 1548565
Starting step 19
Analyzing 5 states in spread 6
Analyzing 84 states in spread 7
Analyzing 914 states in spread 8
Analyzing 7322 states in spread 9
Analyzing 51072 states in spread 10
Analyzing 289168 states in spread 11
Analyzing 300000 states in spread 12
Analyzing 300000 states in spread 13
Analyzing 300000 states in spread 14
Finished step 19, minimal spread 6, max spread 15, got 178 drops
Total number of curves 1557448
Starting step 20
Analyzing 5 states in spread 6
Analyzing 95 states in spread 7
Analyzing 820 states in spread 8
Analyzing 6989 states in spread 9
Analyzing 49539 states in spread 10
Analyzing 300000 states in spread 11
Analyzing 300000 states in spread 12
Analyzing 300000 states in spread 13
Analyzing 300000 states in spread 14
Finished step 20, minimal spread 6, max spread 15, got 223 drops
Total number of curves 1553904
Starting step 21
Analyzing 12 states in spread 6
Analyzing 106 states in spread 7
Analyzing 856 states in spread 8
Analyzing 6293 states in spread 9
Analyzing 47467 states in spread 10
Analyzing 299170 states in spread 11
Analyzing 300000 states in spread 12
Analyzing 300000 states in spread 13
Analyzing 300000 states in spread 14
Finished step 21, minimal spread 5, max spread 15, got 345 drops
Total number of curves 1542316
Starting step 22
Analyzing 5 states in spread 5
Analyzing 21 states in spread 6
Analyzing 141 states in spread 7
Analyzing 922 states in spread 8
Analyzing 6343 states in spread 9
Analyzing 43223 states in spread 10
Analyzing 291661 states in spread 11
Analyzing 300000 states in spread 12
Analyzing 300000 states in spread 13
Analyzing 300000 states in spread 14
Finished step 22, minimal spread 5, max spread 15, got 378 drops
Total number of curves 1522033
Starting step 23
Analyzing 9 states in spread 5
Analyzing 50 states in spread 6
Analyzing 174 states in spread 7
Analyzing 1104 states in spread 8
Analyzing 6693 states in spread 9
Analyzing 42865 states in spread 10
Analyzing 271138 states in spread 11
Analyzing 300000 states in spread 12
Analyzing 300000 states in spread 13
Analyzing 300000 states in spread 14
Finished step 23, minimal spread 5, max spread 15, got 454 drops
Total number of curves 1522379
Starting step 24
Analyzing 7 states in spread 5
Analyzing 85 states in spread 6
Analyzing 329 states in spread 7
Analyzing 1265 states in spread 8
Analyzing 7533 states in spread 9
Analyzing 44602 states in spread 10
Analyzing 268558 states in spread 11
Analyzing 300000 states in spread 12
Analyzing 300000 states in spread 13
Analyzing 300000 states in spread 14
Finished step 24, minimal spread 5, max spread 15, got 550 drops
Total number of curves 1536570
Starting step 25
Analyzing 8 states in spread 5
Analyzing 70 states in spread 6
Analyzing 543 states in spread 7
Analyzing 2050 states in spread 8
Analyzing 8439 states in spread 9
Analyzing 48187 states in spread 10
Analyzing 277273 states in spread 11
Analyzing 300000 states in spread 12
Analyzing 300000 states in spread 13
Analyzing 300000 states in spread 14
Finished step 25, minimal spread 5, max spread 15, got 566 drops
Total number of curves 1562225
Starting step 26
Analyzing 6 states in spread 5
Analyzing 72 states in spread 6
Analyzing 484 states in spread 7
Analyzing 3204 states in spread 8
Analyzing 12308 states in spread 9
Analyzing 53087 states in spread 10
Analyzing 293064 states in spread 11
Analyzing 300000 states in spread 12
Analyzing 300000 states in spread 13
Analyzing 300000 states in spread 14
Finished step 26, minimal spread 5, max spread 15, got 609 drops
Total number of curves 1593709
Starting step 27
Analyzing 2 states in spread 5
Analyzing 63 states in spread 6
Analyzing 468 states in spread 7
Analyzing 3036 states in spread 8
Analyzing 18171 states in spread 9
Analyzing 71969 states in spread 10
Analyzing 300000 states in spread 11
Analyzing 300000 states in spread 12
Analyzing 300000 states in spread 13
Analyzing 300000 states in spread 14
Finished step 27, minimal spread 6, max spread 15, got 614 drops
Total number of curves 1622514
Starting step 28
Analyzing 35 states in spread 6
Analyzing 476 states in spread 7
Analyzing 2918 states in spread 8
Analyzing 18038 states in spread 9
Analyzing 101047 states in spread 10
Analyzing 300000 states in spread 11
Analyzing 300000 states in spread 12
Analyzing 300000 states in spread 13
Finished step 28, minimal spread 6, max spread 14, got 513 drops
Total number of curves 1324365
Starting step 29
Analyzing 13 states in spread 6
Analyzing 347 states in spread 7
Analyzing 3175 states in spread 8
Analyzing 17650 states in spread 9
Analyzing 103180 states in spread 10
Analyzing 300000 states in spread 11
Analyzing 300000 states in spread 12
Analyzing 300000 states in spread 13
Finished step 29, minimal spread 6, max spread 14, got 414 drops
Total number of curves 1325033
Starting step 30
Analyzing 13 states in spread 6
Analyzing 201 states in spread 7
Analyzing 2601 states in spread 8
Analyzing 19634 states in spread 9
Analyzing 102584 states in spread 10
Analyzing 300000 states in spread 11
Analyzing 300000 states in spread 12
Analyzing 300000 states in spread 13
Finished step 30, minimal spread 6, max spread 14, got 283 drops
Total number of curves 1333564
Starting step 31
Analyzing 17 states in spread 6
Analyzing 175 states in spread 7
Analyzing 1829 states in spread 8
Analyzing 17134 states in spread 9
Analyzing 114409 states in spread 10
Analyzing 300000 states in spread 11
Analyzing 300000 states in spread 12
Analyzing 300000 states in spread 13
Finished step 31, minimal spread 5, max spread 14, got 224 drops
Total number of curves 1319204
Starting step 32
Analyzing 3 states in spread 5
Analyzing 22 states in spread 6
Analyzing 204 states in spread 7
Analyzing 1556 states in spread 8
Analyzing 13405 states in spread 9
Analyzing 104014 states in spread 10
Analyzing 300000 states in spread 11
Analyzing 300000 states in spread 12
Analyzing 300000 states in spread 13
Finished step 32, minimal spread 5, max spread 14, got 196 drops
Total number of curves 1300323
Starting step 33
Analyzing 3 states in spread 5
Analyzing 36 states in spread 6
Analyzing 245 states in spread 7
Analyzing 1653 states in spread 8
Analyzing 11626 states in spread 9
Analyzing 86760 states in spread 10
Analyzing 300000 states in spread 11
Analyzing 300000 states in spread 12
Analyzing 300000 states in spread 13
Finished step 33, minimal spread 5, max spread 14, got 202 drops
Total number of curves 1291483
Starting step 34
Analyzing 4 states in spread 5
Analyzing 39 states in spread 6
Analyzing 315 states in spread 7
Analyzing 1877 states in spread 8
Analyzing 11822 states in spread 9
Analyzing 77426 states in spread 10
Analyzing 300000 states in spread 11
Analyzing 300000 states in spread 12
Analyzing 300000 states in spread 13
Analyzing 300000 states in spread 14
Finished step 34, minimal spread 5, max spread 15, got 226 drops
Total number of curves 1593059
Starting step 35
Analyzing 5 states in spread 5
Analyzing 41 states in spread 6
Analyzing 337 states in spread 7
Analyzing 2270 states in spread 8
Analyzing 12838 states in spread 9
Analyzing 77568 states in spread 10
Analyzing 300000 states in spread 11
Analyzing 300000 states in spread 12
Analyzing 300000 states in spread 13
Analyzing 300000 states in spread 14
Finished step 35, minimal spread 5, max spread 15, got 229 drops
Total number of curves 1599480
Starting step 36
Analyzing 2 states in spread 5
Analyzing 57 states in spread 6
Analyzing 345 states in spread 7
Analyzing 2429 states in spread 8
Analyzing 14866 states in spread 9
Analyzing 81781 states in spread 10
Analyzing 300000 states in spread 11
Analyzing 300000 states in spread 12
Analyzing 300000 states in spread 13
Analyzing 300000 states in spread 14
Finished step 36, minimal spread 5, max spread 15, got 247 drops
Total number of curves 1610348
Starting step 37
Analyzing 2 states in spread 5
Analyzing 41 states in spread 6
Analyzing 437 states in spread 7
Analyzing 2408 states in spread 8
Analyzing 15866 states in spread 9
Analyzing 91594 states in spread 10
Analyzing 300000 states in spread 11
Analyzing 300000 states in spread 12
Analyzing 300000 states in spread 13
Finished step 37, minimal spread 5, max spread 14, got 275 drops
Total number of curves 1315817
Starting step 38
Analyzing 5 states in spread 5
Analyzing 50 states in spread 6
Analyzing 359 states in spread 7
Analyzing 2881 states in spread 8
Analyzing 15590 states in spread 9
Analyzing 96932 states in spread 10
Analyzing 300000 states in spread 11
Analyzing 300000 states in spread 12
Analyzing 300000 states in spread 13
Finished step 38, minimal spread 5, max spread 14, got 273 drops
Total number of curves 1316107
Starting step 39
Analyzing 6 states in spread 5
Analyzing 62 states in spread 6
Analyzing 430 states in spread 7
Analyzing 2574 states in spread 8
Analyzing 17916 states in spread 9
Analyzing 95119 states in spread 10
Analyzing 300000 states in spread 11
Analyzing 300000 states in spread 12
Analyzing 300000 states in spread 13
Finished step 39, minimal spread 5, max spread 14, got 255 drops
Total number of curves 1326693
Starting step 40
Analyzing 4 states in spread 5
Analyzing 65 states in spread 6
Analyzing 466 states in spread 7
Analyzing 2999 states in spread 8
Analyzing 16826 states in spread 9
Analyzing 106333 states in spread 10
Analyzing 300000 states in spread 11
Analyzing 300000 states in spread 12
Analyzing 300000 states in spread 13
Finished step 40, minimal spread 5, max spread 14, got 238 drops
Total number of curves 1325475
Starting step 41
Analyzing 4 states in spread 5
Analyzing 49 states in spread 6
Analyzing 496 states in spread 7
Analyzing 3106 states in spread 8
Analyzing 19034 states in spread 9
Analyzing 102786 states in spread 10
Analyzing 300000 states in spread 11
Analyzing 300000 states in spread 12
Analyzing 300000 states in spread 13
Finished step 41, minimal spread 5, max spread 14, got 230 drops
Total number of curves 1337088
Starting step 42
Analyzing 6 states in spread 5
Analyzing 51 states in spread 6
Analyzing 424 states in spread 7
Analyzing 3286 states in spread 8
Analyzing 19606 states in spread 9
Analyzing 113715 states in spread 10
Analyzing 300000 states in spread 11
Analyzing 300000 states in spread 12
Analyzing 300000 states in spread 13
Finished step 42, minimal spread 5, max spread 14, got 243 drops
Total number of curves 1341556
Starting step 43
Analyzing 4 states in spread 5
Analyzing 65 states in spread 6
Analyzing 461 states in spread 7
Analyzing 3107 states in spread 8
Analyzing 20463 states in spread 9
Analyzing 117456 states in spread 10
Analyzing 300000 states in spread 11
Analyzing 300000 states in spread 12
Analyzing 300000 states in spread 13
Finished step 43, minimal spread 5, max spread 14, got 214 drops
Total number of curves 1345602
Starting step 44
Analyzing 5 states in spread 5
Analyzing 47 states in spread 6
Analyzing 519 states in spread 7
Analyzing 3401 states in spread 8
Analyzing 20204 states in spread 9
Analyzing 121426 states in spread 10
Analyzing 300000 states in spread 11
Analyzing 300000 states in spread 12
Analyzing 300000 states in spread 13
Finished step 44, minimal spread 5, max spread 14, got 229 drops
Total number of curves 1348466
Starting step 45
Analyzing 3 states in spread 5
Analyzing 55 states in spread 6
Analyzing 413 states in spread 7
Analyzing 3700 states in spread 8
Analyzing 22016 states in spread 9
Analyzing 122279 states in spread 10
Analyzing 300000 states in spread 11
Analyzing 300000 states in spread 12
Analyzing 300000 states in spread 13
Finished step 45, minimal spread 5, max spread 14, got 228 drops
Total number of curves 1359346
Starting step 46
Analyzing 4 states in spread 5
Analyzing 42 states in spread 6
Analyzing 449 states in spread 7
Analyzing 3135 states in spread 8
Analyzing 23650 states in spread 9
Analyzing 132066 states in spread 10
Analyzing 300000 states in spread 11
Analyzing 300000 states in spread 12
Analyzing 300000 states in spread 13
Finished step 46, minimal spread 4, max spread 14, got 241 drops
Total number of curves 1365609
Starting step 47
Analyzing 1 states in spread 4
Analyzing 7 states in spread 5
Analyzing 54 states in spread 6
Analyzing 404 states in spread 7
Analyzing 3245 states in spread 8
Analyzing 20939 states in spread 9
Analyzing 140959 states in spread 10
Analyzing 300000 states in spread 11
Analyzing 300000 states in spread 12
Analyzing 300000 states in spread 13
Finished step 47, minimal spread 4, max spread 14, got 244 drops
Total number of curves 1354204
Starting step 48
Analyzing 1 states in spread 4
Analyzing 16 states in spread 5
Analyzing 81 states in spread 6
Analyzing 455 states in spread 7
Analyzing 3098 states in spread 8
Analyzing 21339 states in spread 9
Analyzing 129214 states in spread 10
Analyzing 300000 states in spread 11
Analyzing 300000 states in spread 12
Analyzing 300000 states in spread 13
Finished step 48, minimal spread 5, max spread 14, got 252 drops
Total number of curves 1355669
Starting step 49
Analyzing 10 states in spread 5
Analyzing 139 states in spread 6
Analyzing 633 states in spread 7
Analyzing 3301 states in spread 8
Analyzing 20790 states in spread 9
Analyzing 130796 states in spread 10
Analyzing 300000 states in spread 11
Analyzing 300000 states in spread 12
Analyzing 300000 states in spread 13
Finished step 49, minimal spread 5, max spread 14, got 262 drops
Total number of curves 1355763
Starting step 50
Analyzing 6 states in spread 5
Analyzing 83 states in spread 6
Analyzing 917 states in spread 7
Analyzing 4291 states in spread 8
Analyzing 21759 states in spread 9
Analyzing 128707 states in spread 10
Analyzing 300000 states in spread 11
Analyzing 300000 states in spread 12
Analyzing 300000 states in spread 13
Finished step 50, minimal spread 5, max spread 14, got 272 drops
Total number of curves 1366943
Starting step 51
Analyzing 7 states in spread 5
Analyzing 77 states in spread 6
Analyzing 584 states in spread 7
Analyzing 5725 states in spread 8
Analyzing 26760 states in spread 9
Analyzing 133790 states in spread 10
Analyzing 300000 states in spread 11
Analyzing 300000 states in spread 12
Analyzing 300000 states in spread 13
Finished step 51, minimal spread 5, max spread 14, got 246 drops
Total number of curves 1396833
Starting step 52
Analyzing 8 states in spread 5
Analyzing 80 states in spread 6
Analyzing 615 states in spread 7
Analyzing 4032 states in spread 8
Analyzing 34042 states in spread 9
Analyzing 158056 states in spread 10
Analyzing 300000 states in spread 11
Analyzing 300000 states in spread 12
Analyzing 300000 states in spread 13
Finished step 52, minimal spread 5, max spread 14, got 246 drops
Total number of curves 1425864
Starting step 53
Analyzing 4 states in spread 5
Analyzing 80 states in spread 6
Analyzing 637 states in spread 7
Analyzing 4375 states in spread 8
Analyzing 26017 states in spread 9
Analyzing 194751 states in spread 10
Analyzing 300000 states in spread 11
Analyzing 300000 states in spread 12
Analyzing 300000 states in spread 13
Finished step 53, minimal spread 5, max spread 14, got 248 drops
Total number of curves 1391648
Starting step 54
Analyzing 2 states in spread 5
Analyzing 49 states in spread 6
Analyzing 621 states in spread 7
Analyzing 4473 states in spread 8
Analyzing 28097 states in spread 9
Analyzing 158406 states in spread 10
Analyzing 300000 states in spread 11
Analyzing 300000 states in spread 12
Analyzing 300000 states in spread 13
Finished step 54, minimal spread 5, max spread 14, got 279 drops
Total number of curves 1402884
Starting step 55
Analyzing 1 states in spread 5
Analyzing 31 states in spread 6
Analyzing 477 states in spread 7
Analyzing 4372 states in spread 8
Analyzing 28563 states in spread 9
Analyzing 169440 states in spread 10
Analyzing 300000 states in spread 11
Analyzing 300000 states in spread 12
Analyzing 300000 states in spread 13
Finished step 55, minimal spread 5, max spread 14, got 290 drops
Total number of curves 1404039
Starting step 56
Analyzing 2 states in spread 5
Analyzing 24 states in spread 6
Analyzing 359 states in spread 7
Analyzing 3757 states in spread 8
Analyzing 28123 states in spread 9
Analyzing 171774 states in spread 10
Analyzing 300000 states in spread 11
Analyzing 300000 states in spread 12
Analyzing 300000 states in spread 13
Finished step 56, minimal spread 5, max spread 14, got 303 drops
Total number of curves 1399550
Starting step 57
Analyzing 3 states in spread 5
Analyzing 32 states in spread 6
Analyzing 309 states in spread 7
Analyzing 3079 states in spread 8
Analyzing 25672 states in spread 9
Analyzing 170455 states in spread 10
Analyzing 300000 states in spread 11
Analyzing 300000 states in spread 12
Analyzing 300000 states in spread 13
Finished step 57, minimal spread 5, max spread 14, got 275 drops
Total number of curves 1385943
Starting step 58
Analyzing 3 states in spread 5
Analyzing 33 states in spread 6
Analyzing 336 states in spread 7
Analyzing 2690 states in spread 8
Analyzing 22379 states in spread 9
Analyzing 160502 states in spread 10
Analyzing 300000 states in spread 11
Analyzing 300000 states in spread 12
Analyzing 300000 states in spread 13
Finished step 58, minimal spread 4, max spread 13, got 296 drops
Total number of curves 1068299
Starting step 59
Analyzing 1 states in spread 4
Analyzing 5 states in spread 5
Analyzing 33 states in spread 6
Analyzing 337 states in spread 7
Analyzing 2818 states in spread 8
Analyzing 19875 states in spread 9
Analyzing 145230 states in spread 10
Analyzing 300000 states in spread 11
Analyzing 300000 states in spread 12
Analyzing 300000 states in spread 13
Finished step 59, minimal spread 4, max spread 12, got 313 drops
Total number of curves 755157
Starting step 60
Analyzing 3 states in spread 4
Analyzing 14 states in spread 5
Analyzing 48 states in spread 6
Analyzing 347 states in spread 7
Analyzing 2831 states in spread 8
Analyzing 20378 states in spread 9
Analyzing 131536 states in spread 10
Analyzing 300000 states in spread 11
Analyzing 300000 states in spread 12
Finished step 60, minimal spread 4, max spread 11, got 371 drops
Total number of curves 456768
Starting step 61
Analyzing 4 states in spread 4
Analyzing 27 states in spread 5
Analyzing 111 states in spread 6
Analyzing 415 states in spread 7
Analyzing 2857 states in spread 8
Analyzing 20247 states in spread 9
Analyzing 133107 states in spread 10
Analyzing 300000 states in spread 11
Finished step 61, minimal spread 4, max spread 10, got 369 drops
Total number of curves 155616
Starting step 62
Analyzing 5 states in spread 4
Analyzing 34 states in spread 5
Analyzing 182 states in spread 6
Analyzing 761 states in spread 7
Analyzing 3111 states in spread 8
Analyzing 20146 states in spread 9
Analyzing 131377 states in spread 10
Finished step 62, minimal spread 4, max spread 9, got 386 drops
Total number of curves 27580
Starting step 63
Analyzing 5 states in spread 4
Analyzing 49 states in spread 5
Analyzing 208 states in spread 6
Analyzing 1123 states in spread 7
Analyzing 4865 states in spread 8
Analyzing 21330 states in spread 9
Finished step 63, minimal spread 4, max spread 8, got 138 drops
Total number of curves 8365
Starting step 64
Analyzing 4 states in spread 4
Analyzing 52 states in spread 5
Analyzing 315 states in spread 6
Analyzing 1239 states in spread 7
Analyzing 6755 states in spread 8
Finished step 64, minimal spread 4, max spread 7, got 39 drops
Total number of curves 2310
Starting step 65
Analyzing 4 states in spread 4
Analyzing 46 states in spread 5
Analyzing 356 states in spread 6
Analyzing 1904 states in spread 7
Finished step 65, minimal spread 4, max spread 6, got 10 drops
Total number of curves 388
Starting step 66
Analyzing 4 states in spread 4
Analyzing 46 states in spread 5
Analyzing 338 states in spread 6
Finished step 66, minimal spread 4, max spread 5, got 5 drops
Total number of curves 52
Starting step 67
Analyzing 3 states in spread 4
Analyzing 49 states in spread 5
Finished step 67, minimal spread 4, max spread 4, got 5 drops
Total number of curves 7
Starting step 68
Analyzing 7 states in spread 4
Finished step 68, minimal spread 3, max spread 3, got 1 drops
Total number of curves 1
Starting step 69
Analyzing 1 states in spread 3
Finished step 69, minimal spread 2, max spread 2, got 1 drops
Total number of curves 1
Starting step 70
Analyzing 1 states in spread 2
Finished step 70, minimal spread 1, max spread 1, got 1 drops
Total number of curves 1
Altogether, runtime= 28.7926875
SUMMARY witness_output= logs/a3_mod5_len70_b300k_u1500k_u1000k_seed1_20260310_witnesses.txt
SUMMARY found= False
SUMMARY first_depth= None
SUMMARY unique_witnesses= 0
SUMMARY total_hits= 0
SUMMARY witness_depth_histogram= {}
CUDA max_memory_allocated_bytes: 10765712896
CUDA max_memory_reserved_bytes: 13455327232
