Start: 2026-03-10T01:00:45-04:00
Host: a1128u44n01.mghpcc.ycrc.yale.edu
PYTORCH_CUDA_ALLOC_CONF=expandable_segments:True
NVIDIA RTX 5000 Ada Generation, 32760 MiB, 0 %
Starting A3 torch search with p= 7 caps 400000 400000 totalcaps 800000 800000 FIRST_STEPS 12 device cuda
We have 6 atoms and 14 dual simples
Initialized step 1 with spreads: {1: 2}
Starting step 2
Analyzing 2 states in spread 1
Finished step 2, minimal spread 2, max spread 2, got 0 drops
Total number of curves 8
Starting step 3
Analyzing 8 states in spread 2
Finished step 3, minimal spread 3, max spread 3, got 0 drops
Total number of curves 36
Starting step 4
Analyzing 36 states in spread 3
Finished step 4, minimal spread 4, max spread 4, got 0 drops
Total number of curves 170
Starting step 5
Analyzing 170 states in spread 4
Finished step 5, minimal spread 5, max spread 5, got 0 drops
Total number of curves 816
Starting step 6
Analyzing 816 states in spread 5
Finished step 6, minimal spread 5, max spread 6, got 0 drops
Total number of curves 3938
Starting step 7
Analyzing 2 states in spread 5
Analyzing 3936 states in spread 6
Finished step 7, minimal spread 5, max spread 7, got 0 drops
Total number of curves 19040
Starting step 8
Analyzing 2 states in spread 5
Analyzing 38 states in spread 6
Analyzing 19000 states in spread 7
Finished step 8, minimal spread 6, max spread 8, got 0 drops
Total number of curves 92118
Starting step 9
Analyzing 37 states in spread 6
Analyzing 415 states in spread 7
Analyzing 91666 states in spread 8
Finished step 9, minimal spread 6, max spread 9, got 0 drops
Total number of curves 403870
Starting step 10
Analyzing 5 states in spread 6
Analyzing 372 states in spread 7
Analyzing 3493 states in spread 8
Analyzing 400000 states in spread 9
Finished step 10, minimal spread 7, max spread 10, got 0 drops
Total number of curves 427465
Starting step 11
Analyzing 84 states in spread 7
Analyzing 2994 states in spread 8
Analyzing 24387 states in spread 9
Analyzing 400000 states in spread 10
Finished step 11, minimal spread 7, max spread 11, got 0 drops
Total number of curves 547530
Starting step 12
Analyzing 11 states in spread 7
Analyzing 895 states in spread 8
Analyzing 20568 states in spread 9
Analyzing 126056 states in spread 10
Analyzing 400000 states in spread 11
Finished step 12, minimal spread 7, max spread 12, got 0 drops
Total number of curves 918764
Starting step 13
Analyzing 6 states in spread 7
Analyzing 202 states in spread 8
Analyzing 7310 states in spread 9
Analyzing 111246 states in spread 10
Analyzing 400000 states in spread 11
Analyzing 400000 states in spread 12
Finished step 13, minimal spread 7, max spread 13, got 0 drops
Total number of curves 1247716
Starting step 14
Analyzing 5 states in spread 7
Analyzing 90 states in spread 8
Analyzing 2303 states in spread 9
Analyzing 45318 states in spread 10
Analyzing 400000 states in spread 11
Analyzing 400000 states in spread 12
Finished step 14, minimal spread 7, max spread 13, got 0 drops
Total number of curves 1061874
Starting step 15
Analyzing 1 states in spread 7
Analyzing 59 states in spread 8
Analyzing 1026 states in spread 9
Analyzing 17948 states in spread 10
Analyzing 242840 states in spread 11
Analyzing 400000 states in spread 12
Analyzing 400000 states in spread 13
Finished step 15, minimal spread 7, max spread 14, got 1 drops
Total number of curves 1320619
Starting step 16
Analyzing 2 states in spread 7
Analyzing 23 states in spread 8
Analyzing 593 states in spread 9
Analyzing 8409 states in spread 10
Analyzing 111592 states in spread 11
Analyzing 400000 states in spread 12
Analyzing 400000 states in spread 13
Finished step 16, minimal spread 7, max spread 14, got 3 drops
Total number of curves 1260591
Starting step 17
Analyzing 2 states in spread 7
Analyzing 31 states in spread 8
Analyzing 293 states in spread 9
Analyzing 4707 states in spread 10
Analyzing 55558 states in spread 11
Analyzing 400000 states in spread 12
Analyzing 400000 states in spread 13
Finished step 17, minimal spread 7, max spread 14, got 9 drops
Total number of curves 1128627
Starting step 18
Analyzing 1 states in spread 7
Analyzing 29 states in spread 8
Analyzing 287 states in spread 9
Analyzing 2582 states in spread 10
Analyzing 31346 states in spread 11
Analyzing 294382 states in spread 12
Analyzing 400000 states in spread 13
Analyzing 400000 states in spread 14
Finished step 18, minimal spread 7, max spread 15, got 15 drops
Total number of curves 1397589
Starting step 19
Analyzing 1 states in spread 7
Analyzing 15 states in spread 8
Analyzing 234 states in spread 9
Analyzing 2155 states in spread 10
Analyzing 18307 states in spread 11
Analyzing 176877 states in spread 12
Analyzing 400000 states in spread 13
Analyzing 400000 states in spread 14
Finished step 19, minimal spread 7, max spread 15, got 20 drops
Total number of curves 1326418
Starting step 20
Analyzing 1 states in spread 7
Analyzing 13 states in spread 8
Analyzing 121 states in spread 9
Analyzing 1683 states in spread 10
Analyzing 14251 states in spread 11
Analyzing 110349 states in spread 12
Analyzing 400000 states in spread 13
Analyzing 400000 states in spread 14
Finished step 20, minimal spread 6, max spread 15, got 20 drops
Total number of curves 1296762
Starting step 21
Analyzing 1 states in spread 6
Analyzing 2 states in spread 7
Analyzing 11 states in spread 8
Analyzing 97 states in spread 9
Analyzing 896 states in spread 10
Analyzing 10912 states in spread 11
Analyzing 84843 states in spread 12
Analyzing 400000 states in spread 13
Analyzing 400000 states in spread 14
Finished step 21, minimal spread 6, max spread 15, got 19 drops
Total number of curves 1271820
Starting step 22
Analyzing 1 states in spread 6
Analyzing 8 states in spread 7
Analyzing 12 states in spread 8
Analyzing 79 states in spread 9
Analyzing 680 states in spread 10
Analyzing 6139 states in spread 11
Analyzing 64901 states in spread 12
Analyzing 400000 states in spread 13
Analyzing 400000 states in spread 14
Finished step 22, minimal spread 6, max spread 15, got 28 drops
Total number of curves 1189605
Starting step 23
Analyzing 1 states in spread 6
Analyzing 9 states in spread 7
Analyzing 42 states in spread 8
Analyzing 74 states in spread 9
Analyzing 522 states in spread 10
Analyzing 4553 states in spread 11
Analyzing 38519 states in spread 12
Analyzing 345885 states in spread 13
Analyzing 400000 states in spread 14
Analyzing 400000 states in spread 15
Finished step 23, minimal spread 6, max spread 16, got 27 drops
Total number of curves 1450040
Starting step 24
Analyzing 1 states in spread 6
Analyzing 8 states in spread 7
Analyzing 55 states in spread 8
Analyzing 209 states in spread 9
Analyzing 459 states in spread 10
Analyzing 3346 states in spread 11
Analyzing 28430 states in spread 12
Analyzing 217532 states in spread 13
Analyzing 400000 states in spread 14
Analyzing 400000 states in spread 15
Finished step 24, minimal spread 7, max spread 16, got 26 drops
Total number of curves 1388344
Starting step 25
Analyzing 9 states in spread 7
Analyzing 44 states in spread 8
Analyzing 304 states in spread 9
Analyzing 1050 states in spread 10
Analyzing 2787 states in spread 11
Analyzing 20572 states in spread 12
Analyzing 163578 states in spread 13
Analyzing 400000 states in spread 14
Analyzing 400000 states in spread 15
Finished step 25, minimal spread 8, max spread 16, got 21 drops
Total number of curves 1343424
Starting step 26
Analyzing 52 states in spread 8
Analyzing 237 states in spread 9
Analyzing 1594 states in spread 10
Analyzing 5380 states in spread 11
Analyzing 16510 states in spread 12
Analyzing 119651 states in spread 13
Analyzing 400000 states in spread 14
Analyzing 400000 states in spread 15
Finished step 26, minimal spread 8, max spread 16, got 26 drops
Total number of curves 1332227
Starting step 27
Analyzing 2 states in spread 8
Analyzing 279 states in spread 9
Analyzing 1251 states in spread 10
Analyzing 8189 states in spread 11
Analyzing 27926 states in spread 12
Analyzing 94580 states in spread 13
Analyzing 400000 states in spread 14
Analyzing 400000 states in spread 15
Finished step 27, minimal spread 8, max spread 16, got 31 drops
Total number of curves 1395062
Starting step 28
Analyzing 1 states in spread 8
Analyzing 26 states in spread 9
Analyzing 1455 states in spread 10
Analyzing 6544 states in spread 11
Analyzing 41701 states in spread 12
Analyzing 145335 states in spread 13
Analyzing 400000 states in spread 14
Analyzing 400000 states in spread 15
Finished step 28, minimal spread 9, max spread 16, got 31 drops
Total number of curves 1452977
Starting step 29
Analyzing 13 states in spread 9
Analyzing 205 states in spread 10
Analyzing 7501 states in spread 11
Analyzing 33991 states in spread 12
Analyzing 211267 states in spread 13
Analyzing 400000 states in spread 14
Analyzing 400000 states in spread 15
Finished step 29, minimal spread 9, max spread 16, got 31 drops
Total number of curves 1415462
Starting step 30
Analyzing 3 states in spread 9
Analyzing 104 states in spread 10
Analyzing 1413 states in spread 11
Analyzing 38487 states in spread 12
Analyzing 175455 states in spread 13
Analyzing 400000 states in spread 14
Analyzing 400000 states in spread 15
Finished step 30, minimal spread 10, max spread 16, got 21 drops
Total number of curves 1406535
Starting step 31
Analyzing 39 states in spread 10
Analyzing 747 states in spread 11
Analyzing 9024 states in spread 12
Analyzing 196725 states in spread 13
Analyzing 400000 states in spread 14
Analyzing 400000 states in spread 15
Finished step 31, minimal spread 10, max spread 16, got 15 drops
Total number of curves 1260130
Starting step 32
Analyzing 11 states in spread 10
Analyzing 353 states in spread 11
Analyzing 5008 states in spread 12
Analyzing 54758 states in spread 13
Analyzing 400000 states in spread 14
Analyzing 400000 states in spread 15
Finished step 32, minimal spread 10, max spread 16, got 13 drops
Total number of curves 1116495
Starting step 33
Analyzing 5 states in spread 10
Analyzing 169 states in spread 11
Analyzing 2639 states in spread 12
Analyzing 31765 states in spread 13
Analyzing 281917 states in spread 14
Analyzing 400000 states in spread 15
Analyzing 400000 states in spread 16
Finished step 33, minimal spread 10, max spread 17, got 8 drops
Total number of curves 1393828
Starting step 34
Analyzing 2 states in spread 10
Analyzing 85 states in spread 11
Analyzing 1490 states in spread 12
Analyzing 17789 states in spread 13
Analyzing 174462 states in spread 14
Analyzing 400000 states in spread 15
Analyzing 400000 states in spread 16
Finished step 34, minimal spread 10, max spread 17, got 12 drops
Total number of curves 1315823
Starting step 35
Analyzing 2 states in spread 10
Analyzing 42 states in spread 11
Analyzing 779 states in spread 12
Analyzing 10798 states in spread 13
Analyzing 104202 states in spread 14
Analyzing 400000 states in spread 15
Analyzing 400000 states in spread 16
Finished step 35, minimal spread 10, max spread 17, got 11 drops
Total number of curves 1273492
Starting step 36
Analyzing 2 states in spread 10
Analyzing 31 states in spread 11
Analyzing 429 states in spread 12
Analyzing 5973 states in spread 13
Analyzing 67057 states in spread 14
Analyzing 400000 states in spread 15
Analyzing 400000 states in spread 16
Finished step 36, minimal spread 10, max spread 17, got 13 drops
Total number of curves 1194562
Starting step 37
Analyzing 3 states in spread 10
Analyzing 19 states in spread 11
Analyzing 310 states in spread 12
Analyzing 3482 states in spread 13
Analyzing 39217 states in spread 14
Analyzing 351531 states in spread 15
Analyzing 400000 states in spread 16
Analyzing 400000 states in spread 17
Finished step 37, minimal spread 10, max spread 18, got 15 drops
Total number of curves 1447470
Starting step 38
Analyzing 1 states in spread 10
Analyzing 31 states in spread 11
Analyzing 158 states in spread 12
Analyzing 2463 states in spread 13
Analyzing 23856 states in spread 14
Analyzing 220961 states in spread 15
Analyzing 400000 states in spread 16
Analyzing 400000 states in spread 17
Finished step 38, minimal spread 10, max spread 18, got 20 drops
Total number of curves 1360069
Starting step 39
Analyzing 1 states in spread 10
Analyzing 11 states in spread 11
Analyzing 218 states in spread 12
Analyzing 1265 states in spread 13
Analyzing 16737 states in spread 14
Analyzing 141837 states in spread 15
Analyzing 400000 states in spread 16
Analyzing 400000 states in spread 17
Finished step 39, minimal spread 10, max spread 18, got 23 drops
Total number of curves 1311582
Starting step 40
Analyzing 1 states in spread 10
Analyzing 13 states in spread 11
Analyzing 86 states in spread 12
Analyzing 1424 states in spread 13
Analyzing 9030 states in spread 14
Analyzing 101028 states in spread 15
Analyzing 400000 states in spread 16
Analyzing 400000 states in spread 17
Finished step 40, minimal spread 10, max spread 18, got 27 drops
Total number of curves 1267248
Starting step 41
Analyzing 1 states in spread 10
Analyzing 13 states in spread 11
Analyzing 88 states in spread 12
Analyzing 630 states in spread 13
Analyzing 8911 states in spread 14
Analyzing 57605 states in spread 15
Analyzing 400000 states in spread 16
Analyzing 400000 states in spread 17
Finished step 41, minimal spread 10, max spread 18, got 32 drops
Total number of curves 1164218
Starting step 42
Analyzing 2 states in spread 10
Analyzing 8 states in spread 11
Analyzing 94 states in spread 12
Analyzing 565 states in spread 13
Analyzing 4318 states in spread 14
Analyzing 53112 states in spread 15
Analyzing 306119 states in spread 16
Analyzing 400000 states in spread 17
Analyzing 400000 states in spread 18
Finished step 42, minimal spread 10, max spread 19, got 37 drops
Total number of curves 1519110
Starting step 43
Analyzing 3 states in spread 10
Analyzing 15 states in spread 11
Analyzing 53 states in spread 12
Analyzing 594 states in spread 13
Analyzing 3556 states in spread 14
Analyzing 27834 states in spread 15
Analyzing 287055 states in spread 16
Analyzing 400000 states in spread 17
Analyzing 400000 states in spread 18
Finished step 43, minimal spread 10, max spread 19, got 32 drops
Total number of curves 1387512
Starting step 44
Analyzing 1 states in spread 10
Analyzing 30 states in spread 11
Analyzing 86 states in spread 12
Analyzing 334 states in spread 13
Analyzing 3549 states in spread 14
Analyzing 21731 states in spread 15
Analyzing 161781 states in spread 16
Analyzing 400000 states in spread 17
Analyzing 400000 states in spread 18
Finished step 44, minimal spread 10, max spread 19, got 29 drops
Total number of curves 1348221
Starting step 45
Analyzing 1 states in spread 10
Analyzing 8 states in spread 11
Analyzing 189 states in spread 12
Analyzing 476 states in spread 13
Analyzing 2052 states in spread 14
Analyzing 20578 states in spread 15
Analyzing 124917 states in spread 16
Analyzing 400000 states in spread 17
Analyzing 400000 states in spread 18
Finished step 45, minimal spread 11, max spread 19, got 33 drops
Total number of curves 1330895
Starting step 46
Analyzing 10 states in spread 11
Analyzing 50 states in spread 12
Analyzing 1045 states in spread 13
Analyzing 2613 states in spread 14
Analyzing 12340 states in spread 15
Analyzing 114837 states in spread 16
Analyzing 400000 states in spread 17
Analyzing 400000 states in spread 18
Finished step 46, minimal spread 11, max spread 19, got 28 drops
Total number of curves 1291740
Starting step 47
Analyzing 3 states in spread 11
Analyzing 66 states in spread 12
Analyzing 305 states in spread 13
Analyzing 5506 states in spread 14
Analyzing 14299 states in spread 15
Analyzing 71561 states in spread 16
Analyzing 400000 states in spread 17
Analyzing 400000 states in spread 18
Finished step 47, minimal spread 11, max spread 19, got 21 drops
Total number of curves 1276017
Starting step 48
Analyzing 4 states in spread 11
Analyzing 33 states in spread 12
Analyzing 390 states in spread 13
Analyzing 1824 states in spread 14
Analyzing 28358 states in spread 15
Analyzing 77568 states in spread 16
Analyzing 367840 states in spread 17
Analyzing 400000 states in spread 18
Finished step 48, minimal spread 11, max spread 19, got 16 drops
Total number of curves 1357372
Starting step 49
Analyzing 4 states in spread 11
Analyzing 36 states in spread 12
Analyzing 235 states in spread 13
Analyzing 2186 states in spread 14
Analyzing 10543 states in spread 15
Analyzing 144368 states in spread 16
Analyzing 400000 states in spread 17
Analyzing 400000 states in spread 18
Finished step 49, minimal spread 11, max spread 19, got 25 drops
Total number of curves 1272829
Starting step 50
Analyzing 1 states in spread 11
Analyzing 38 states in spread 12
Analyzing 225 states in spread 13
Analyzing 1426 states in spread 14
Analyzing 11920 states in spread 15
Analyzing 59219 states in spread 16
Analyzing 400000 states in spread 17
Analyzing 400000 states in spread 18
Finished step 50, minimal spread 11, max spread 19, got 27 drops
Total number of curves 1174165
Starting step 51
Analyzing 1 states in spread 11
Analyzing 10 states in spread 12
Analyzing 246 states in spread 13
Analyzing 1297 states in spread 14
Analyzing 8125 states in spread 15
Analyzing 63991 states in spread 16
Analyzing 300495 states in spread 17
Analyzing 400000 states in spread 18
Analyzing 400000 states in spread 19
Finished step 51, minimal spread 11, max spread 20, got 18 drops
Total number of curves 1580297
Starting step 52
Analyzing 1 states in spread 11
Analyzing 11 states in spread 12
Analyzing 78 states in spread 13
Analyzing 1406 states in spread 14
Analyzing 7195 states in spread 15
Analyzing 44876 states in spread 16
Analyzing 326730 states in spread 17
Analyzing 400000 states in spread 18
Analyzing 400000 states in spread 19
Finished step 52, minimal spread 12, max spread 20, got 23 drops
Total number of curves 1484635
Starting step 53
Analyzing 11 states in spread 12
Analyzing 85 states in spread 13
Analyzing 503 states in spread 14
Analyzing 7640 states in spread 15
Analyzing 39238 states in spread 16
Analyzing 237158 states in spread 17
Analyzing 400000 states in spread 18
Analyzing 400000 states in spread 19
Finished step 53, minimal spread 12, max spread 20, got 16 drops
Total number of curves 1452525
Starting step 54
Analyzing 2 states in spread 12
Analyzing 76 states in spread 13
Analyzing 537 states in spread 14
Analyzing 3075 states in spread 15
Analyzing 40678 states in spread 16
Analyzing 208157 states in spread 17
Analyzing 400000 states in spread 18
Analyzing 400000 states in spread 19
Finished step 54, minimal spread 12, max spread 20, got 17 drops
Total number of curves 1434721
Starting step 55
Analyzing 3 states in spread 12
Analyzing 28 states in spread 13
Analyzing 453 states in spread 14
Analyzing 3127 states in spread 15
Analyzing 18124 states in spread 16
Analyzing 212986 states in spread 17
Analyzing 400000 states in spread 18
Analyzing 400000 states in spread 19
Finished step 55, minimal spread 12, max spread 20, got 21 drops
Total number of curves 1323335
Starting step 56
Analyzing 1 states in spread 12
Analyzing 35 states in spread 13
Analyzing 225 states in spread 14
Analyzing 2535 states in spread 15
Analyzing 17591 states in spread 16
Analyzing 102948 states in spread 17
Analyzing 400000 states in spread 18
Analyzing 400000 states in spread 19
Finished step 56, minimal spread 13, max spread 20, got 23 drops
Total number of curves 1312316
Starting step 57
Analyzing 10 states in spread 13
Analyzing 265 states in spread 14
Analyzing 1506 states in spread 15
Analyzing 13905 states in spread 16
Analyzing 96630 states in spread 17
Analyzing 400000 states in spread 18
Analyzing 400000 states in spread 19
Finished step 57, minimal spread 13, max spread 20, got 26 drops
Total number of curves 1286443
Starting step 58
Analyzing 1 states in spread 13
Analyzing 94 states in spread 14
Analyzing 1672 states in spread 15
Analyzing 9084 states in spread 16
Analyzing 75592 states in spread 17
Analyzing 400000 states in spread 18
Analyzing 400000 states in spread 19
Finished step 58, minimal spread 14, max spread 20, got 21 drops
Total number of curves 1243311
Starting step 59
Analyzing 31 states in spread 14
Analyzing 708 states in spread 15
Analyzing 9617 states in spread 16
Analyzing 51992 states in spread 17
Analyzing 380963 states in spread 18
Analyzing 400000 states in spread 19
Finished step 59, minimal spread 14, max spread 20, got 13 drops
Total number of curves 1133972
Starting step 60
Analyzing 11 states in spread 14
Analyzing 316 states in spread 15
Analyzing 4612 states in spread 16
Analyzing 53101 states in spread 17
Analyzing 275932 states in spread 18
Analyzing 400000 states in spread 19
Analyzing 400000 states in spread 20
Finished step 60, minimal spread 14, max spread 21, got 13 drops
Total number of curves 1511216
Starting step 61
Analyzing 6 states in spread 14
Analyzing 141 states in spread 15
Analyzing 2365 states in spread 16
Analyzing 28047 states in spread 17
Analyzing 280657 states in spread 18
Analyzing 400000 states in spread 19
Analyzing 400000 states in spread 20
Finished step 61, minimal spread 14, max spread 21, got 16 drops
Total number of curves 1376425
Starting step 62
Analyzing 3 states in spread 14
Analyzing 74 states in spread 15
Analyzing 1212 states in spread 16
Analyzing 15633 states in spread 17
Analyzing 159503 states in spread 18
Analyzing 400000 states in spread 19
Analyzing 400000 states in spread 20
Finished step 62, minimal spread 14, max spread 21, got 29 drops
Total number of curves 1303950
Starting step 63
Analyzing 1 states in spread 14
Analyzing 42 states in spread 15
Analyzing 688 states in spread 16
Analyzing 8715 states in spread 17
Analyzing 94504 states in spread 18
Analyzing 400000 states in spread 19
Analyzing 400000 states in spread 20
Finished step 63, minimal spread 14, max spread 21, got 27 drops
Total number of curves 1261533
Starting step 64
Analyzing 1 states in spread 14
Analyzing 27 states in spread 15
Analyzing 409 states in spread 16
Analyzing 5222 states in spread 17
Analyzing 55874 states in spread 18
Analyzing 400000 states in spread 19
Analyzing 400000 states in spread 20
Finished step 64, minimal spread 13, max spread 21, got 33 drops
Total number of curves 1135376
Starting step 65
Analyzing 1 states in spread 13
Analyzing 3 states in spread 14
Analyzing 18 states in spread 15
Analyzing 283 states in spread 16
Analyzing 3170 states in spread 17
Analyzing 34820 states in spread 18
Analyzing 297081 states in spread 19
Analyzing 400000 states in spread 20
Analyzing 400000 states in spread 21
Finished step 65, minimal spread 13, max spread 22, got 20 drops
Total number of curves 1421138
Starting step 66
Analyzing 1 states in spread 13
Analyzing 8 states in spread 14
Analyzing 24 states in spread 15
Analyzing 177 states in spread 16
Analyzing 2218 states in spread 17
Analyzing 21597 states in spread 18
Analyzing 197113 states in spread 19
Analyzing 400000 states in spread 20
Analyzing 400000 states in spread 21
Finished step 66, minimal spread 14, max spread 22, got 20 drops
Total number of curves 1344530
Starting step 67
Analyzing 8 states in spread 14
Analyzing 43 states in spread 15
Analyzing 183 states in spread 16
Analyzing 1380 states in spread 17
Analyzing 15042 states in spread 18
Analyzing 127874 states in spread 19
Analyzing 400000 states in spread 20
Analyzing 400000 states in spread 21
Finished step 67, minimal spread 14, max spread 22, got 20 drops
Total number of curves 1301728
Starting step 68
Analyzing 1 states in spread 14
Analyzing 49 states in spread 15
Analyzing 241 states in spread 16
Analyzing 1242 states in spread 17
Analyzing 9524 states in spread 18
Analyzing 90671 states in spread 19
Analyzing 400000 states in spread 20
Analyzing 400000 states in spread 21
Finished step 68, minimal spread 15, max spread 22, got 19 drops
Total number of curves 1268725
Starting step 69
Analyzing 16 states in spread 15
Analyzing 279 states in spread 16
Analyzing 1378 states in spread 17
Analyzing 7944 states in spread 18
Analyzing 59108 states in spread 19
Analyzing 400000 states in spread 20
Analyzing 400000 states in spread 21
Finished step 69, minimal spread 15, max spread 22, got 18 drops
Total number of curves 1172216
Starting step 70
Analyzing 6 states in spread 15
Analyzing 134 states in spread 16
Analyzing 1533 states in spread 17
Analyzing 7884 states in spread 18
Analyzing 47839 states in spread 19
Analyzing 314820 states in spread 20
Analyzing 400000 states in spread 21
Analyzing 400000 states in spread 22
Finished step 70, minimal spread 15, max spread 23, got 25 drops
Total number of curves 1515393
Starting step 71
Analyzing 6 states in spread 15
Analyzing 68 states in spread 16
Analyzing 896 states in spread 17
Analyzing 8287 states in spread 18
Analyzing 44494 states in spread 19
Analyzing 261642 states in spread 20
Analyzing 400000 states in spread 21
Analyzing 400000 states in spread 22
Finished step 71, minimal spread 15, max spread 23, got 22 drops
Total number of curves 1490837
Starting step 72
Analyzing 4 states in spread 15
Analyzing 61 states in spread 16
Analyzing 495 states in spread 17
Analyzing 5410 states in spread 18
Analyzing 44548 states in spread 19
Analyzing 240319 states in spread 20
Analyzing 400000 states in spread 21
Analyzing 400000 states in spread 22
Finished step 72, minimal spread 15, max spread 23, got 20 drops
Total number of curves 1469743
Starting step 73
Analyzing 1 states in spread 15
Analyzing 40 states in spread 16
Analyzing 424 states in spread 17
Analyzing 3106 states in spread 18
Analyzing 30786 states in spread 19
Analyzing 235386 states in spread 20
Analyzing 400000 states in spread 21
Analyzing 400000 states in spread 22
Finished step 73, minimal spread 16, max spread 23, got 33 drops
Total number of curves 1389896
Starting step 74
Analyzing 13 states in spread 16
Analyzing 273 states in spread 17
Analyzing 2636 states in spread 18
Analyzing 18337 states in spread 19
Analyzing 168637 states in spread 20
Analyzing 400000 states in spread 21
Analyzing 400000 states in spread 22
Finished step 74, minimal spread 16, max spread 23, got 23 drops
Total number of curves 1321607
Starting step 75
Analyzing 5 states in spread 16
Analyzing 118 states in spread 17
Analyzing 1710 states in spread 18
Analyzing 15416 states in spread 19
Analyzing 104358 states in spread 20
Analyzing 400000 states in spread 21
Analyzing 400000 states in spread 22
Finished step 75, minimal spread 16, max spread 23, got 23 drops
Total number of curves 1298333
Starting step 76
Analyzing 2 states in spread 16
Analyzing 64 states in spread 17
Analyzing 904 states in spread 18
Analyzing 10226 states in spread 19
Analyzing 87137 states in spread 20
Analyzing 400000 states in spread 21
Analyzing 400000 states in spread 22
Finished step 76, minimal spread 16, max spread 23, got 29 drops
Total number of curves 1265746
Starting step 77
Analyzing 1 states in spread 16
Analyzing 29 states in spread 17
Analyzing 521 states in spread 18
Analyzing 6124 states in spread 19
Analyzing 59071 states in spread 20
Analyzing 400000 states in spread 21
Analyzing 400000 states in spread 22
Finished step 77, minimal spread 16, max spread 23, got 24 drops
Total number of curves 1150232
Starting step 78
Analyzing 1 states in spread 16
Analyzing 16 states in spread 17
Analyzing 277 states in spread 18
Analyzing 3595 states in spread 19
Analyzing 37911 states in spread 20
Analyzing 308432 states in spread 21
Analyzing 400000 states in spread 22
Analyzing 400000 states in spread 23
Finished step 78, minimal spread 16, max spread 24, got 20 drops
Total number of curves 1435745
Starting step 79
Analyzing 1 states in spread 16
Analyzing 9 states in spread 17
Analyzing 168 states in spread 18
Analyzing 2140 states in spread 19
Analyzing 22809 states in spread 20
Analyzing 210618 states in spread 21
Analyzing 400000 states in spread 22
Analyzing 400000 states in spread 23
Finished step 79, minimal spread 17, max spread 24, got 24 drops
Total number of curves 1348321
Starting step 80
Analyzing 9 states in spread 17
Analyzing 91 states in spread 18
Analyzing 1383 states in spread 19
Analyzing 14421 states in spread 20
Analyzing 132417 states in spread 21
Analyzing 400000 states in spread 22
Analyzing 400000 states in spread 23
Finished step 80, minimal spread 17, max spread 24, got 29 drops
Total number of curves 1298095
Starting step 81
Analyzing 1 states in spread 17
Analyzing 72 states in spread 18
Analyzing 783 states in spread 19
Analyzing 9662 states in spread 20
Analyzing 87577 states in spread 21
Analyzing 400000 states in spread 22
Analyzing 400000 states in spread 23
Finished step 81, minimal spread 17, max spread 24, got 28 drops
Total number of curves 1266411
Starting step 82
Analyzing 1 states in spread 17
Analyzing 22 states in spread 18
Analyzing 564 states in spread 19
Analyzing 5735 states in spread 20
Analyzing 60089 states in spread 21
Analyzing 400000 states in spread 22
Analyzing 400000 states in spread 23
Finished step 82, minimal spread 17, max spread 24, got 29 drops
Total number of curves 1161648
Starting step 83
Analyzing 2 states in spread 17
Analyzing 16 states in spread 18
Analyzing 252 states in spread 19
Analyzing 4009 states in spread 20
Analyzing 37252 states in spread 21
Analyzing 320117 states in spread 22
Analyzing 400000 states in spread 23
Analyzing 400000 states in spread 24
Finished step 83, minimal spread 17, max spread 25, got 36 drops
Total number of curves 1439202
Starting step 84
Analyzing 1 states in spread 17
Analyzing 24 states in spread 18
Analyzing 159 states in spread 19
Analyzing 2118 states in spread 20
Analyzing 25915 states in spread 21
Analyzing 210985 states in spread 22
Analyzing 400000 states in spread 23
Analyzing 400000 states in spread 24
Finished step 84, minimal spread 18, max spread 25, got 22 drops
Total number of curves 1367737
Starting step 85
Analyzing 11 states in spread 18
Analyzing 187 states in spread 19
Analyzing 1286 states in spread 20
Analyzing 14997 states in spread 21
Analyzing 151256 states in spread 22
Analyzing 400000 states in spread 23
Analyzing 400000 states in spread 24
Finished step 85, minimal spread 18, max spread 25, got 34 drops
Total number of curves 1303902
Starting step 86
Analyzing 4 states in spread 18
Analyzing 97 states in spread 19
Analyzing 1246 states in spread 20
Analyzing 9173 states in spread 21
Analyzing 93382 states in spread 22
Analyzing 400000 states in spread 23
Analyzing 400000 states in spread 24
Finished step 86, minimal spread 18, max spread 25, got 32 drops
Total number of curves 1267409
Starting step 87
Analyzing 2 states in spread 18
Analyzing 51 states in spread 19
Analyzing 722 states in spread 20
Analyzing 7877 states in spread 21
Analyzing 58757 states in spread 22
Analyzing 400000 states in spread 23
Analyzing 400000 states in spread 24
Finished step 87, minimal spread 18, max spread 25, got 43 drops
Total number of curves 1168282
Starting step 88
Analyzing 2 states in spread 18
Analyzing 32 states in spread 19
Analyzing 433 states in spread 20
Analyzing 4914 states in spread 21
Analyzing 47559 states in spread 22
Analyzing 315342 states in spread 23
Analyzing 400000 states in spread 24
Analyzing 400000 states in spread 25
Finished step 88, minimal spread 17, max spread 26, got 49 drops
Total number of curves 1494649
Starting step 89
Analyzing 1 states in spread 17
Analyzing 4 states in spread 18
Analyzing 29 states in spread 19
Analyzing 297 states in spread 20
Analyzing 3158 states in spread 21
Analyzing 30875 states in spread 22
Analyzing 260285 states in spread 23
Analyzing 400000 states in spread 24
Analyzing 400000 states in spread 25
Finished step 89, minimal spread 17, max spread 26, got 28 drops
Total number of curves 1399746
Starting step 90
Analyzing 1 states in spread 17
Analyzing 8 states in spread 18
Analyzing 39 states in spread 19
Analyzing 243 states in spread 20
Analyzing 2206 states in spread 21
Analyzing 20586 states in spread 22
Analyzing 176663 states in spread 23
Analyzing 400000 states in spread 24
Analyzing 400000 states in spread 25
Finished step 90, minimal spread 18, max spread 26, got 39 drops
Total number of curves 1338597
Starting step 91
Analyzing 9 states in spread 18
Analyzing 48 states in spread 19
Analyzing 278 states in spread 20
Analyzing 1688 states in spread 21
Analyzing 14442 states in spread 22
Analyzing 122132 states in spread 23
Analyzing 400000 states in spread 24
Analyzing 400000 states in spread 25
Finished step 91, minimal spread 19, max spread 26, got 38 drops
Total number of curves 1299540
Starting step 92
Analyzing 55 states in spread 19
Analyzing 286 states in spread 20
Analyzing 1741 states in spread 21
Analyzing 10715 states in spread 22
Analyzing 86743 states in spread 23
Analyzing 400000 states in spread 24
Analyzing 400000 states in spread 25
Finished step 92, minimal spread 19, max spread 26, got 35 drops
Total number of curves 1276229
Starting step 93
Analyzing 4 states in spread 19
Analyzing 313 states in spread 20
Analyzing 1667 states in spread 21
Analyzing 10364 states in spread 22
Analyzing 63881 states in spread 23
Analyzing 400000 states in spread 24
Analyzing 400000 states in spread 25
Finished step 93, minimal spread 19, max spread 26, got 43 drops
Total number of curves 1207690
Starting step 94
Analyzing 3 states in spread 19
Analyzing 54 states in spread 20
Analyzing 1736 states in spread 21
Analyzing 9535 states in spread 22
Analyzing 59510 states in spread 23
Analyzing 336852 states in spread 24
Analyzing 400000 states in spread 25
Finished step 94, minimal spread 19, max spread 26, got 27 drops
Total number of curves 1181649
Starting step 95
Analyzing 1 states in spread 19
Analyzing 34 states in spread 20
Analyzing 444 states in spread 21
Analyzing 9520 states in spread 22
Analyzing 53335 states in spread 23
Analyzing 318315 states in spread 24
Analyzing 400000 states in spread 25
Analyzing 400000 states in spread 26
Finished step 95, minimal spread 19, max spread 27, got 39 drops
Total number of curves 1540773
Starting step 96
Analyzing 1 states in spread 19
Analyzing 13 states in spread 20
Analyzing 276 states in spread 21
Analyzing 3113 states in spread 22
Analyzing 51669 states in spread 23
Analyzing 285701 states in spread 24
Analyzing 400000 states in spread 25
Analyzing 400000 states in spread 26
Finished step 96, minimal spread 19, max spread 27, got 40 drops
Total number of curves 1496060
Starting step 97
Analyzing 1 states in spread 19
Analyzing 10 states in spread 20
Analyzing 120 states in spread 21
Analyzing 1985 states in spread 22
Analyzing 19812 states in spread 23
Analyzing 274132 states in spread 24
Analyzing 400000 states in spread 25
Analyzing 400000 states in spread 26
Finished step 97, minimal spread 20, max spread 27, got 28 drops
Total number of curves 1331720
Starting step 98
Analyzing 8 states in spread 20
Analyzing 70 states in spread 21
Analyzing 956 states in spread 22
Analyzing 13024 states in spread 23
Analyzing 117662 states in spread 24
Analyzing 400000 states in spread 25
Analyzing 400000 states in spread 26
Finished step 98, minimal spread 20, max spread 27, got 33 drops
Total number of curves 1286936
Starting step 99
Analyzing 1 states in spread 20
Analyzing 55 states in spread 21
Analyzing 536 states in spread 22
Analyzing 6782 states in spread 23
Analyzing 79562 states in spread 24
Analyzing 400000 states in spread 25
Analyzing 400000 states in spread 26
Finished step 99, minimal spread 20, max spread 27, got 37 drops
Total number of curves 1248521
Starting step 100
Analyzing 1 states in spread 20
Analyzing 26 states in spread 21
Analyzing 390 states in spread 22
Analyzing 3869 states in spread 23
Analyzing 44235 states in spread 24
Analyzing 400000 states in spread 25
Analyzing 400000 states in spread 26
Finished step 100, minimal spread 20, max spread 27, got 39 drops
Total number of curves 1074016
Starting step 101
Analyzing 2 states in spread 20
Analyzing 20 states in spread 21
Analyzing 254 states in spread 22
Analyzing 2691 states in spread 23
Analyzing 26076 states in spread 24
Analyzing 244973 states in spread 25
Analyzing 400000 states in spread 26
Analyzing 400000 states in spread 27
Finished step 101, minimal spread 21, max spread 28, got 41 drops
Total number of curves 1373377
Starting step 102
Analyzing 24 states in spread 21
Analyzing 196 states in spread 22
Analyzing 1931 states in spread 23
Analyzing 17827 states in spread 24
Analyzing 153399 states in spread 25
Analyzing 400000 states in spread 26
Analyzing 400000 states in spread 27
Finished step 102, minimal spread 21, max spread 28, got 30 drops
Total number of curves 1321182
Starting step 103
Analyzing 6 states in spread 21
Analyzing 196 states in spread 22
Analyzing 1462 states in spread 23
Analyzing 13043 states in spread 24
Analyzing 106475 states in spread 25
Analyzing 400000 states in spread 26
Analyzing 400000 states in spread 27
Finished step 103, minimal spread 20, max spread 28, got 33 drops
Total number of curves 1290068
Starting step 104
Analyzing 1 states in spread 20
Analyzing 4 states in spread 21
Analyzing 82 states in spread 22
Analyzing 1351 states in spread 23
Analyzing 9689 states in spread 24
Analyzing 78941 states in spread 25
Analyzing 400000 states in spread 26
Analyzing 400000 states in spread 27
Finished step 104, minimal spread 20, max spread 28, got 28 drops
Total number of curves 1267799
Starting step 105
Analyzing 1 states in spread 20
Analyzing 8 states in spread 21
Analyzing 50 states in spread 22
Analyzing 673 states in spread 23
Analyzing 8498 states in spread 24
Analyzing 58569 states in spread 25
Analyzing 400000 states in spread 26
Analyzing 400000 states in spread 27
Finished step 105, minimal spread 20, max spread 28, got 36 drops
Total number of curves 1171125
Starting step 106
Analyzing 1 states in spread 20
Analyzing 8 states in spread 21
Analyzing 59 states in spread 22
Analyzing 450 states in spread 23
Analyzing 4579 states in spread 24
Analyzing 50086 states in spread 25
Analyzing 315942 states in spread 26
Analyzing 400000 states in spread 27
Analyzing 400000 states in spread 28
Finished step 106, minimal spread 20, max spread 29, got 23 drops
Total number of curves 1506210
Starting step 107
Analyzing 1 states in spread 20
Analyzing 7 states in spread 21
Analyzing 57 states in spread 22
Analyzing 415 states in spread 23
Analyzing 3257 states in spread 24
Analyzing 28465 states in spread 25
Analyzing 274008 states in spread 26
Analyzing 400000 states in spread 27
Analyzing 400000 states in spread 28
Finished step 107, minimal spread 21, max spread 29, got 31 drops
Total number of curves 1388343
Starting step 108
Analyzing 8 states in spread 21
Analyzing 41 states in spread 22
Analyzing 389 states in spread 23
Analyzing 2735 states in spread 24
Analyzing 20882 states in spread 25
Analyzing 164288 states in spread 26
Analyzing 400000 states in spread 27
Analyzing 400000 states in spread 28
Finished step 108, minimal spread 22, max spread 29, got 31 drops
Total number of curves 1342808
Starting step 109
Analyzing 48 states in spread 22
Analyzing 248 states in spread 23
Analyzing 2468 states in spread 24
Analyzing 16929 states in spread 25
Analyzing 123115 states in spread 26
Analyzing 400000 states in spread 27
Analyzing 400000 states in spread 28
Finished step 109, minimal spread 22, max spread 29, got 33 drops
Total number of curves 1315428
Starting step 110
Analyzing 4 states in spread 22
Analyzing 275 states in spread 23
Analyzing 1518 states in spread 24
Analyzing 14714 states in spread 25
Analyzing 98917 states in spread 26
Analyzing 400000 states in spread 27
Analyzing 400000 states in spread 28
Finished step 110, minimal spread 22, max spread 29, got 39 drops
Total number of curves 1294986
Starting step 111
Analyzing 3 states in spread 22
Analyzing 45 states in spread 23
Analyzing 1573 states in spread 24
Analyzing 9209 states in spread 25
Analyzing 84156 states in spread 26
Analyzing 400000 states in spread 27
Analyzing 400000 states in spread 28
Finished step 111, minimal spread 22, max spread 29, got 30 drops
Total number of curves 1263644
Starting step 112
Analyzing 4 states in spread 22
Analyzing 33 states in spread 23
Analyzing 392 states in spread 24
Analyzing 8954 states in spread 25
Analyzing 54261 states in spread 26
Analyzing 400000 states in spread 27
Analyzing 400000 states in spread 28
Finished step 112, minimal spread 22, max spread 29, got 24 drops
Total number of curves 1143759
Starting step 113
Analyzing 1 states in spread 22
Analyzing 36 states in spread 23
Analyzing 273 states in spread 24
Analyzing 2947 states in spread 25
Analyzing 50342 states in spread 26
Analyzing 290160 states in spread 27
Analyzing 400000 states in spread 28
Analyzing 400000 states in spread 29
Finished step 113, minimal spread 22, max spread 30, got 33 drops
Total number of curves 1491223
Starting step 114
Analyzing 1 states in spread 22
Analyzing 12 states in spread 23
Analyzing 254 states in spread 24
Analyzing 1974 states in spread 25
Analyzing 19921 states in spread 26
Analyzing 269061 states in spread 27
Analyzing 400000 states in spread 28
Analyzing 400000 states in spread 29
Finished step 114, minimal spread 22, max spread 30, got 29 drops
Total number of curves 1335239
Starting step 115
Analyzing 2 states in spread 22
Analyzing 13 states in spread 23
Analyzing 123 states in spread 24
Analyzing 1691 states in spread 25
Analyzing 13007 states in spread 26
Analyzing 120403 states in spread 27
Analyzing 400000 states in spread 28
Analyzing 400000 states in spread 29
Finished step 115, minimal spread 22, max spread 30, got 35 drops
Total number of curves 1291091
Starting step 116
Analyzing 2 states in spread 22
Analyzing 23 states in spread 23
Analyzing 104 states in spread 24
Analyzing 950 states in spread 25
Analyzing 10743 states in spread 26
Analyzing 79269 states in spread 27
Analyzing 400000 states in spread 28
Analyzing 400000 states in spread 29
Finished step 116, minimal spread 22, max spread 30, got 33 drops
Total number of curves 1271872
Starting step 117
Analyzing 2 states in spread 22
Analyzing 21 states in spread 23
Analyzing 154 states in spread 24
Analyzing 721 states in spread 25
Analyzing 6485 states in spread 26
Analyzing 64489 states in spread 27
Analyzing 400000 states in spread 28
Analyzing 400000 states in spread 29
Finished step 117, minimal spread 22, max spread 30, got 29 drops
Total number of curves 1188017
Starting step 118
Analyzing 1 states in spread 22
Analyzing 20 states in spread 23
Analyzing 138 states in spread 24
Analyzing 928 states in spread 25
Analyzing 4701 states in spread 26
Analyzing 40775 states in spread 27
Analyzing 341454 states in spread 28
Analyzing 400000 states in spread 29
Analyzing 400000 states in spread 30
Finished step 118, minimal spread 23, max spread 31, got 34 drops
Total number of curves 1464172
Starting step 119
Analyzing 13 states in spread 23
Analyzing 130 states in spread 24
Analyzing 814 states in spread 25
Analyzing 5418 states in spread 26
Analyzing 29045 states in spread 27
Analyzing 228752 states in spread 28
Analyzing 400000 states in spread 29
Analyzing 400000 states in spread 30
Finished step 119, minimal spread 23, max spread 31, got 35 drops
Total number of curves 1401932
Starting step 120
Analyzing 1 states in spread 23
Analyzing 96 states in spread 24
Analyzing 766 states in spread 25
Analyzing 4674 states in spread 26
Analyzing 30787 states in spread 27
Analyzing 165608 states in spread 28
Analyzing 400000 states in spread 29
Analyzing 400000 states in spread 30
Finished step 120, minimal spread 23, max spread 31, got 36 drops
Total number of curves 1399828
Starting step 121
Analyzing 1 states in spread 23
Analyzing 15 states in spread 24
Analyzing 610 states in spread 25
Analyzing 4353 states in spread 26
Analyzing 26173 states in spread 27
Analyzing 168676 states in spread 28
Analyzing 400000 states in spread 29
Analyzing 400000 states in spread 30
Finished step 121, minimal spread 24, max spread 31, got 36 drops
Total number of curves 1370559
Starting step 122
Analyzing 16 states in spread 24
Analyzing 148 states in spread 25
Analyzing 3577 states in spread 26
Analyzing 24037 states in spread 27
Analyzing 142781 states in spread 28
Analyzing 400000 states in spread 29
Analyzing 400000 states in spread 30
Finished step 122, minimal spread 24, max spread 31, got 36 drops
Total number of curves 1351081
Starting step 123
Analyzing 10 states in spread 24
Analyzing 136 states in spread 25
Analyzing 1136 states in spread 26
Analyzing 19965 states in spread 27
Analyzing 129834 states in spread 28
Analyzing 400000 states in spread 29
Analyzing 400000 states in spread 30
Finished step 123, minimal spread 24, max spread 31, got 27 drops
Total number of curves 1317094
Starting step 124
Analyzing 5 states in spread 24
Analyzing 101 states in spread 25
Analyzing 954 states in spread 26
Analyzing 7623 states in spread 27
Analyzing 108411 states in spread 28
Analyzing 400000 states in spread 29
Analyzing 400000 states in spread 30
Finished step 124, minimal spread 24, max spread 31, got 19 drops
Total number of curves 1254040
Starting step 125
Analyzing 2 states in spread 24
Analyzing 60 states in spread 25
Analyzing 700 states in spread 26
Analyzing 6161 states in spread 27
Analyzing 47117 states in spread 28
Analyzing 400000 states in spread 29
Analyzing 400000 states in spread 30
Finished step 125, minimal spread 24, max spread 31, got 26 drops
Total number of curves 1093038
Starting step 126
Analyzing 1 states in spread 24
Analyzing 31 states in spread 25
Analyzing 459 states in spread 26
Analyzing 4503 states in spread 27
Analyzing 37272 states in spread 28
Analyzing 250772 states in spread 29
Analyzing 400000 states in spread 30
Analyzing 400000 states in spread 31
Finished step 126, minimal spread 24, max spread 32, got 17 drops
Total number of curves 1434652
Starting step 127
Analyzing 1 states in spread 24
Analyzing 13 states in spread 25
Analyzing 244 states in spread 26
Analyzing 3088 states in spread 27
Analyzing 27396 states in spread 28
Analyzing 203910 states in spread 29
Analyzing 400000 states in spread 30
Analyzing 400000 states in spread 31
Finished step 127, minimal spread 25, max spread 32, got 14 drops
Total number of curves 1375036
Starting step 128
Analyzing 11 states in spread 25
Analyzing 105 states in spread 26
Analyzing 1707 states in spread 27
Analyzing 19236 states in spread 28
Analyzing 153977 states in spread 29
Analyzing 400000 states in spread 30
Analyzing 400000 states in spread 31
Finished step 128, minimal spread 25, max spread 32, got 17 drops
Total number of curves 1323020
Starting step 129
Analyzing 4 states in spread 25
Analyzing 80 states in spread 26
Analyzing 819 states in spread 27
Analyzing 11060 states in spread 28
Analyzing 111057 states in spread 29
Analyzing 400000 states in spread 30
Analyzing 400000 states in spread 31
Finished step 129, minimal spread 24, max spread 32, got 23 drops
Total number of curves 1273035
Starting step 130
Analyzing 1 states in spread 24
Analyzing 3 states in spread 25
Analyzing 40 states in spread 26
Analyzing 582 states in spread 27
Analyzing 5806 states in spread 28
Analyzing 66603 states in spread 29
Analyzing 400000 states in spread 30
Analyzing 400000 states in spread 31
Finished step 130, minimal spread 24, max spread 32, got 21 drops
Total number of curves 1189758
Starting step 131
Analyzing 1 states in spread 24
Analyzing 11 states in spread 25
Analyzing 26 states in spread 26
Analyzing 310 states in spread 27
Analyzing 4014 states in spread 28
Analyzing 37530 states in spread 29
Analyzing 347866 states in spread 30
Analyzing 400000 states in spread 31
Analyzing 400000 states in spread 32
Finished step 131, minimal spread 24, max spread 33, got 18 drops
Total number of curves 1439122
Starting step 132
Analyzing 1 states in spread 24
Analyzing 7 states in spread 25
Analyzing 66 states in spread 26
Analyzing 214 states in spread 27
Analyzing 2272 states in spread 28
Analyzing 25734 states in spread 29
Analyzing 210828 states in spread 30
Analyzing 400000 states in spread 31
Analyzing 400000 states in spread 32
Finished step 132, minimal spread 24, max spread 33, got 13 drops
Total number of curves 1365516
Starting step 133
Analyzing 1 states in spread 24
Analyzing 8 states in spread 25
Analyzing 37 states in spread 26
Analyzing 368 states in spread 27
Analyzing 1586 states in spread 28
Analyzing 15391 states in spread 29
Analyzing 148125 states in spread 30
Analyzing 400000 states in spread 31
Analyzing 400000 states in spread 32
Finished step 133, minimal spread 24, max spread 33, got 21 drops
Total number of curves 1306324
Starting step 134
Analyzing 1 states in spread 24
Analyzing 8 states in spread 25
Analyzing 46 states in spread 26
Analyzing 203 states in spread 27
Analyzing 2091 states in spread 28
Analyzing 10743 states in spread 29
Analyzing 93232 states in spread 30
Analyzing 400000 states in spread 31
Analyzing 400000 states in spread 32
Finished step 134, minimal spread 24, max spread 33, got 29 drops
Total number of curves 1279577
Starting step 135
Analyzing 1 states in spread 24
Analyzing 7 states in spread 25
Analyzing 46 states in spread 26
Analyzing 252 states in spread 27
Analyzing 1204 states in spread 28
Analyzing 12037 states in spread 29
Analyzing 66030 states in spread 30
Analyzing 400000 states in spread 31
Analyzing 400000 states in spread 32
Finished step 135, minimal spread 24, max spread 33, got 31 drops
Total number of curves 1223593
Starting step 136
Analyzing 2 states in spread 24
Analyzing 7 states in spread 25
Analyzing 36 states in spread 26
Analyzing 251 states in spread 27
Analyzing 1386 states in spread 28
Analyzing 7346 states in spread 29
Analyzing 67899 states in spread 30
Analyzing 346666 states in spread 31
Analyzing 400000 states in spread 32
Finished step 136, minimal spread 24, max spread 33, got 30 drops
Total number of curves 1211234
Starting step 137
Analyzing 2 states in spread 24
Analyzing 17 states in spread 25
Analyzing 34 states in spread 26
Analyzing 197 states in spread 27
Analyzing 1360 states in spread 28
Analyzing 7722 states in spread 29
Analyzing 43425 states in spread 30
Analyzing 358477 states in spread 31
Analyzing 400000 states in spread 32
Finished step 137, minimal spread 24, max spread 33, got 37 drops
Total number of curves 1091948
Starting step 138
Analyzing 1 states in spread 24
Analyzing 17 states in spread 25
Analyzing 95 states in spread 26
Analyzing 179 states in spread 27
Analyzing 1091 states in spread 28
Analyzing 7401 states in spread 29
Analyzing 42736 states in spread 30
Analyzing 240428 states in spread 31
Analyzing 400000 states in spread 32
Analyzing 400000 states in spread 33
Finished step 138, minimal spread 25, max spread 34, got 34 drops
Total number of curves 1477860
Starting step 139
Analyzing 11 states in spread 25
Analyzing 99 states in spread 26
Analyzing 487 states in spread 27
Analyzing 973 states in spread 28
Analyzing 5989 states in spread 29
Analyzing 40052 states in spread 30
Analyzing 230249 states in spread 31
Analyzing 400000 states in spread 32
Analyzing 400000 states in spread 33
Finished step 139, minimal spread 26, max spread 34, got 37 drops
Total number of curves 1454119
Starting step 140
Analyzing 76 states in spread 26
Analyzing 523 states in spread 27
Analyzing 2451 states in spread 28
Analyzing 5268 states in spread 29
Analyzing 32466 states in spread 30
Analyzing 213335 states in spread 31
Analyzing 400000 states in spread 32
Analyzing 400000 states in spread 33
Finished step 140, minimal spread 26, max spread 34, got 38 drops
Total number of curves 1417495
Starting step 141
Analyzing 2 states in spread 26
Analyzing 446 states in spread 27
Analyzing 2684 states in spread 28
Analyzing 12263 states in spread 29
Analyzing 28345 states in spread 30
Analyzing 173755 states in spread 31
Analyzing 400000 states in spread 32
Analyzing 400000 states in spread 33
Finished step 141, minimal spread 27, max spread 34, got 29 drops
Total number of curves 1428527
Starting step 142
Analyzing 37 states in spread 27
Analyzing 2438 states in spread 28
Analyzing 13592 states in spread 29
Analyzing 61273 states in spread 30
Analyzing 151187 states in spread 31
Analyzing 400000 states in spread 32
Analyzing 400000 states in spread 33
Finished step 142, minimal spread 27, max spread 34, got 27 drops
Total number of curves 1588070
Starting step 143
Analyzing 12 states in spread 27
Analyzing 369 states in spread 28
Analyzing 12784 states in spread 29
Analyzing 68409 states in spread 30
Analyzing 306496 states in spread 31
Analyzing 400000 states in spread 32
Analyzing 400000 states in spread 33
Finished step 143, minimal spread 27, max spread 34, got 23 drops
Total number of curves 1611982
Starting step 144
Analyzing 5 states in spread 27
Analyzing 177 states in spread 28
Analyzing 2678 states in spread 29
Analyzing 65641 states in spread 30
Analyzing 343481 states in spread 31
Analyzing 400000 states in spread 32
Finished step 144, minimal spread 27, max spread 33, got 16 drops
Total number of curves 1152528
Starting step 145
Analyzing 3 states in spread 27
Analyzing 83 states in spread 28
Analyzing 1478 states in spread 29
Analyzing 17033 states in spread 30
Analyzing 333931 states in spread 31
Analyzing 400000 states in spread 32
Analyzing 400000 states in spread 33
Finished step 145, minimal spread 27, max spread 34, got 8 drops
Total number of curves 1312360
Starting step 146
Analyzing 1 states in spread 27
Analyzing 54 states in spread 28
Analyzing 765 states in spread 29
Analyzing 10120 states in spread 30
Analyzing 101420 states in spread 31
Analyzing 400000 states in spread 32
Analyzing 400000 states in spread 33
Finished step 146, minimal spread 27, max spread 34, got 9 drops
Total number of curves 1269295
Starting step 147
Analyzing 1 states in spread 27
Analyzing 23 states in spread 28
Analyzing 492 states in spread 29
Analyzing 5705 states in spread 30
Analyzing 63074 states in spread 31
Analyzing 400000 states in spread 32
Analyzing 400000 states in spread 33
Finished step 147, minimal spread 27, max spread 34, got 19 drops
Total number of curves 1167243
Starting step 148
Analyzing 1 states in spread 27
Analyzing 21 states in spread 28
Analyzing 239 states in spread 29
Analyzing 3651 states in spread 30
Analyzing 37774 states in spread 31
Analyzing 325557 states in spread 32
Analyzing 400000 states in spread 33
Analyzing 400000 states in spread 34
Finished step 148, minimal spread 28, max spread 35, got 22 drops
Total number of curves 1436434
Starting step 149
Analyzing 15 states in spread 28
Analyzing 200 states in spread 29
Analyzing 1933 states in spread 30
Analyzing 24429 states in spread 31
Analyzing 209857 states in spread 32
Analyzing 400000 states in spread 33
Analyzing 400000 states in spread 34
Finished step 149, minimal spread 27, max spread 35, got 19 drops
Total number of curves 1357289
Starting step 150
Analyzing 1 states in spread 27
Analyzing 6 states in spread 28
Analyzing 131 states in spread 29
Analyzing 1494 states in spread 30
Analyzing 13676 states in spread 31
Analyzing 141981 states in spread 32
Analyzing 400000 states in spread 33
Analyzing 400000 states in spread 34
Finished step 150, minimal spread 27, max spread 35, got 21 drops
Total number of curves 1295149
Starting step 151
Analyzing 1 states in spread 27
Analyzing 13 states in spread 28
Analyzing 73 states in spread 29
Analyzing 918 states in spread 30
Analyzing 10026 states in spread 31
Analyzing 84118 states in spread 32
Analyzing 400000 states in spread 33
Analyzing 400000 states in spread 34
Finished step 151, minimal spread 28, max spread 35, got 21 drops
Total number of curves 1267855
Starting step 152
Analyzing 12 states in spread 28
Analyzing 101 states in spread 29
Analyzing 581 states in spread 30
Analyzing 6078 states in spread 31
Analyzing 61083 states in spread 32
Analyzing 400000 states in spread 33
Analyzing 400000 states in spread 34
Finished step 152, minimal spread 28, max spread 35, got 19 drops
Total number of curves 1168843
Starting step 153
Analyzing 4 states in spread 28
Analyzing 90 states in spread 29
Analyzing 644 states in spread 30
Analyzing 3990 states in spread 31
Analyzing 37833 states in spread 32
Analyzing 326282 states in spread 33
Analyzing 400000 states in spread 34
Analyzing 400000 states in spread 35
Finished step 153, minimal spread 28, max spread 36, got 23 drops
Total number of curves 1442695
Starting step 154
Analyzing 2 states in spread 28
Analyzing 45 states in spread 29
Analyzing 551 states in spread 30
Analyzing 3879 states in spread 31
Analyzing 25283 states in spread 32
Analyzing 212935 states in spread 33
Analyzing 400000 states in spread 34
Analyzing 400000 states in spread 35
Finished step 154, minimal spread 28, max spread 36, got 31 drops
Total number of curves 1372869
Starting step 155
Analyzing 1 states in spread 28
Analyzing 20 states in spread 29
Analyzing 333 states in spread 30
Analyzing 3238 states in spread 31
Analyzing 22689 states in spread 32
Analyzing 146588 states in spread 33
Analyzing 400000 states in spread 34
Analyzing 400000 states in spread 35
Finished step 155, minimal spread 29, max spread 36, got 22 drops
Total number of curves 1348095
Starting step 156
Analyzing 16 states in spread 29
Analyzing 164 states in spread 30
Analyzing 2132 states in spread 31
Analyzing 18561 states in spread 32
Analyzing 127222 states in spread 33
Analyzing 400000 states in spread 34
Analyzing 400000 states in spread 35
Finished step 156, minimal spread 29, max spread 36, got 17 drops
Total number of curves 1317375
Starting step 157
Analyzing 6 states in spread 29
Analyzing 133 states in spread 30
Analyzing 1156 states in spread 31
Analyzing 12769 states in spread 32
Analyzing 103311 states in spread 33
Analyzing 400000 states in spread 34
Analyzing 400000 states in spread 35
Finished step 157, minimal spread 29, max spread 36, got 31 drops
Total number of curves 1281535
Starting step 158
Analyzing 1 states in spread 29
Analyzing 74 states in spread 30
Analyzing 906 states in spread 31
Analyzing 7430 states in spread 32
Analyzing 73124 states in spread 33
Analyzing 400000 states in spread 34
Analyzing 400000 states in spread 35
Finished step 158, minimal spread 29, max spread 36, got 25 drops
Total number of curves 1224545
Starting step 159
Analyzing 1 states in spread 29
Analyzing 14 states in spread 30
Analyzing 583 states in spread 31
Analyzing 5748 states in spread 32
Analyzing 44696 states in spread 33
Analyzing 373503 states in spread 34
Analyzing 400000 states in spread 35
Finished step 159, minimal spread 30, max spread 36, got 23 drops
Total number of curves 1081796
Starting step 160
Analyzing 14 states in spread 30
Analyzing 160 states in spread 31
Analyzing 3876 states in spread 32
Analyzing 34525 states in spread 33
Analyzing 243221 states in spread 34
Analyzing 400000 states in spread 35
Analyzing 400000 states in spread 36
Finished step 160, minimal spread 29, max spread 37, got 37 drops
Total number of curves 1417372
Starting step 161
Analyzing 1 states in spread 29
Analyzing 8 states in spread 30
Analyzing 139 states in spread 31
Analyzing 1428 states in spread 32
Analyzing 23676 states in spread 33
Analyzing 192120 states in spread 34
Analyzing 400000 states in spread 35
Analyzing 400000 states in spread 36
Finished step 161, minimal spread 29, max spread 37, got 35 drops
Total number of curves 1346835
Starting step 162
Analyzing 2 states in spread 29
Analyzing 11 states in spread 30
Analyzing 87 states in spread 31
Analyzing 1150 states in spread 32
Analyzing 10457 states in spread 33
Analyzing 135128 states in spread 34
Analyzing 400000 states in spread 35
Analyzing 400000 states in spread 36
Finished step 162, minimal spread 29, max spread 37, got 36 drops
Total number of curves 1276004
Starting step 163
Analyzing 1 states in spread 29
Analyzing 19 states in spread 30
Analyzing 87 states in spread 31
Analyzing 739 states in spread 32
Analyzing 8083 states in spread 33
Analyzing 67075 states in spread 34
Analyzing 400000 states in spread 35
Analyzing 400000 states in spread 36
Finished step 163, minimal spread 30, max spread 37, got 41 drops
Total number of curves 1203029
Starting step 164
Analyzing 9 states in spread 30
Analyzing 127 states in spread 31
Analyzing 653 states in spread 32
Analyzing 5274 states in spread 33
Analyzing 51001 states in spread 34
Analyzing 345965 states in spread 35
Analyzing 400000 states in spread 36
Finished step 164, minimal spread 30, max spread 37, got 31 drops
Total number of curves 1115217
Starting step 165
Analyzing 1 states in spread 30
Analyzing 75 states in spread 31
Analyzing 799 states in spread 32
Analyzing 4411 states in spread 33
Analyzing 33877 states in spread 34
Analyzing 276054 states in spread 35
Analyzing 400000 states in spread 36
Analyzing 400000 states in spread 37
Finished step 165, minimal spread 30, max spread 36, got 24 drops
Total number of curves 624182
Starting step 166
Analyzing 2 states in spread 30
Analyzing 22 states in spread 31
Analyzing 519 states in spread 32
Analyzing 4731 states in spread 33
Analyzing 27461 states in spread 34
Analyzing 191447 states in spread 35
Analyzing 400000 states in spread 36
Finished step 166, minimal spread 30, max spread 35, got 20 drops
Total number of curves 186527
Starting step 167
Analyzing 1 states in spread 30
Analyzing 21 states in spread 31
Analyzing 202 states in spread 32
Analyzing 3225 states in spread 33
Analyzing 27027 states in spread 34
Analyzing 156051 states in spread 35
Finished step 167, minimal spread 30, max spread 34, got 25 drops
Total number of curves 20644
Starting step 168
Analyzing 1 states in spread 30
Analyzing 11 states in spread 31
Analyzing 165 states in spread 32
Analyzing 1487 states in spread 33
Analyzing 18980 states in spread 34
Finished step 168, minimal spread 30, max spread 33, got 9 drops
Total number of curves 1268
Starting step 169
Analyzing 1 states in spread 30
Analyzing 12 states in spread 31
Analyzing 104 states in spread 32
Analyzing 1151 states in spread 33
Finished step 169, minimal spread 31, max spread 32, got 2 drops
Total number of curves 118
Starting step 170
Analyzing 14 states in spread 31
Analyzing 104 states in spread 32
Finished step 170, minimal spread 31, max spread 31, got 0 drops
Total number of curves 1
Starting step 171
Analyzing 1 states in spread 31
Altogether, runtime= 230.02565625
SearchResult: SearchResult(witness=None, depth=None, runtime_seconds=230.02565625, device='cuda', found=False, spread_counts_by_depth={1: {1: 2}, 2: {2: 8}, 3: {3: 36}, 4: {4: 170}, 5: {5: 816}, 6: {5: 2, 6: 3936}, 7: {5: 2, 6: 38, 7: 19000}, 8: {6: 37, 7: 415, 8: 91666}, 9: {6: 5, 7: 372, 8: 3493, 9: 400000}, 10: {7: 84, 8: 2994, 9: 24387, 10: 400000}, 11: {7: 11, 8: 895, 9: 20568, 10: 126056, 11: 400000}, 12: {7: 6, 8: 202, 9: 7310, 10: 111246, 11: 400000, 12: 400000}, 13: {7: 5, 8: 90, 9: 2303, 10: 45318, 11: 400000, 12: 400000, 13: 400000}, 14: {7: 1, 8: 59, 9: 1026, 10: 17948, 11: 242840, 12: 400000, 13: 400000}, 15: {7: 2, 8: 23, 9: 593, 10: 8409, 11: 111592, 12: 400000, 13: 400000, 14: 400000}, 16: {7: 2, 8: 31, 9: 293, 10: 4707, 11: 55558, 12: 400000, 13: 400000, 14: 400000}, 17: {7: 1, 8: 29, 9: 287, 10: 2582, 11: 31346, 12: 294382, 13: 400000, 14: 400000}, 18: {7: 1, 8: 15, 9: 234, 10: 2155, 11: 18307, 12: 176877, 13: 400000, 14: 400000, 15: 400000}, 19: {7: 1, 8: 13, 9: 121, 10: 1683, 11: 14251, 12: 110349, 13: 400000, 14: 400000, 15: 400000}, 20: {6: 1, 7: 2, 8: 11, 9: 97, 10: 896, 11: 10912, 12: 84843, 13: 400000, 14: 400000, 15: 400000}, 21: {6: 1, 7: 8, 8: 12, 9: 79, 10: 680, 11: 6139, 12: 64901, 13: 400000, 14: 400000, 15: 400000}, 22: {6: 1, 7: 9, 8: 42, 9: 74, 10: 522, 11: 4553, 12: 38519, 13: 345885, 14: 400000, 15: 400000}, 23: {6: 1, 7: 8, 8: 55, 9: 209, 10: 459, 11: 3346, 12: 28430, 13: 217532, 14: 400000, 15: 400000, 16: 400000}, 24: {7: 9, 8: 44, 9: 304, 10: 1050, 11: 2787, 12: 20572, 13: 163578, 14: 400000, 15: 400000, 16: 400000}, 25: {8: 52, 9: 237, 10: 1594, 11: 5380, 12: 16510, 13: 119651, 14: 400000, 15: 400000, 16: 400000}, 26: {8: 2, 9: 279, 10: 1251, 11: 8189, 12: 27926, 13: 94580, 14: 400000, 15: 400000, 16: 400000}, 27: {8: 1, 9: 26, 10: 1455, 11: 6544, 12: 41701, 13: 145335, 14: 400000, 15: 400000, 16: 400000}, 28: {9: 13, 10: 205, 11: 7501, 12: 33991, 13: 211267, 14: 400000, 15: 400000, 16: 400000}, 29: {9: 3, 10: 104, 11: 1413, 12: 38487, 13: 175455, 14: 400000, 15: 400000, 16: 400000}, 30: {10: 39, 11: 747, 12: 9024, 13: 196725, 14: 400000, 15: 400000, 16: 400000}, 31: {10: 11, 11: 353, 12: 5008, 13: 54758, 14: 400000, 15: 400000, 16: 400000}, 32: {10: 5, 11: 169, 12: 2639, 13: 31765, 14: 281917, 15: 400000, 16: 400000}, 33: {10: 2, 11: 85, 12: 1490, 13: 17789, 14: 174462, 15: 400000, 16: 400000, 17: 400000}, 34: {10: 2, 11: 42, 12: 779, 13: 10798, 14: 104202, 15: 400000, 16: 400000, 17: 400000}, 35: {10: 2, 11: 31, 12: 429, 13: 5973, 14: 67057, 15: 400000, 16: 400000, 17: 400000}, 36: {10: 3, 11: 19, 12: 310, 13: 3482, 14: 39217, 15: 351531, 16: 400000, 17: 400000}, 37: {10: 1, 11: 31, 12: 158, 13: 2463, 14: 23856, 15: 220961, 16: 400000, 17: 400000, 18: 400000}, 38: {10: 1, 11: 11, 12: 218, 13: 1265, 14: 16737, 15: 141837, 16: 400000, 17: 400000, 18: 400000}, 39: {10: 1, 11: 13, 12: 86, 13: 1424, 14: 9030, 15: 101028, 16: 400000, 17: 400000, 18: 400000}, 40: {10: 1, 11: 13, 12: 88, 13: 630, 14: 8911, 15: 57605, 16: 400000, 17: 400000, 18: 400000}, 41: {10: 2, 11: 8, 12: 94, 13: 565, 14: 4318, 15: 53112, 16: 306119, 17: 400000, 18: 400000}, 42: {10: 3, 11: 15, 12: 53, 13: 594, 14: 3556, 15: 27834, 16: 287055, 17: 400000, 18: 400000, 19: 400000}, 43: {10: 1, 11: 30, 12: 86, 13: 334, 14: 3549, 15: 21731, 16: 161781, 17: 400000, 18: 400000, 19: 400000}, 44: {10: 1, 11: 8, 12: 189, 13: 476, 14: 2052, 15: 20578, 16: 124917, 17: 400000, 18: 400000, 19: 400000}, 45: {11: 10, 12: 50, 13: 1045, 14: 2613, 15: 12340, 16: 114837, 17: 400000, 18: 400000, 19: 400000}, 46: {11: 3, 12: 66, 13: 305, 14: 5506, 15: 14299, 16: 71561, 17: 400000, 18: 400000, 19: 400000}, 47: {11: 4, 12: 33, 13: 390, 14: 1824, 15: 28358, 16: 77568, 17: 367840, 18: 400000, 19: 400000}, 48: {11: 4, 12: 36, 13: 235, 14: 2186, 15: 10543, 16: 144368, 17: 400000, 18: 400000, 19: 400000}, 49: {11: 1, 12: 38, 13: 225, 14: 1426, 15: 11920, 16: 59219, 17: 400000, 18: 400000, 19: 400000}, 50: {11: 1, 12: 10, 13: 246, 14: 1297, 15: 8125, 16: 63991, 17: 300495, 18: 400000, 19: 400000}, 51: {11: 1, 12: 11, 13: 78, 14: 1406, 15: 7195, 16: 44876, 17: 326730, 18: 400000, 19: 400000, 20: 400000}, 52: {12: 11, 13: 85, 14: 503, 15: 7640, 16: 39238, 17: 237158, 18: 400000, 19: 400000, 20: 400000}, 53: {12: 2, 13: 76, 14: 537, 15: 3075, 16: 40678, 17: 208157, 18: 400000, 19: 400000, 20: 400000}, 54: {12: 3, 13: 28, 14: 453, 15: 3127, 16: 18124, 17: 212986, 18: 400000, 19: 400000, 20: 400000}, 55: {12: 1, 13: 35, 14: 225, 15: 2535, 16: 17591, 17: 102948, 18: 400000, 19: 400000, 20: 400000}, 56: {13: 10, 14: 265, 15: 1506, 16: 13905, 17: 96630, 18: 400000, 19: 400000, 20: 400000}, 57: {13: 1, 14: 94, 15: 1672, 16: 9084, 17: 75592, 18: 400000, 19: 400000, 20: 400000}, 58: {14: 31, 15: 708, 16: 9617, 17: 51992, 18: 380963, 19: 400000, 20: 400000}, 59: {14: 11, 15: 316, 16: 4612, 17: 53101, 18: 275932, 19: 400000, 20: 400000}, 60: {14: 6, 15: 141, 16: 2365, 17: 28047, 18: 280657, 19: 400000, 20: 400000, 21: 400000}, 61: {14: 3, 15: 74, 16: 1212, 17: 15633, 18: 159503, 19: 400000, 20: 400000, 21: 400000}, 62: {14: 1, 15: 42, 16: 688, 17: 8715, 18: 94504, 19: 400000, 20: 400000, 21: 400000}, 63: {14: 1, 15: 27, 16: 409, 17: 5222, 18: 55874, 19: 400000, 20: 400000, 21: 400000}, 64: {13: 1, 14: 3, 15: 18, 16: 283, 17: 3170, 18: 34820, 19: 297081, 20: 400000, 21: 400000}, 65: {13: 1, 14: 8, 15: 24, 16: 177, 17: 2218, 18: 21597, 19: 197113, 20: 400000, 21: 400000, 22: 400000}, 66: {14: 8, 15: 43, 16: 183, 17: 1380, 18: 15042, 19: 127874, 20: 400000, 21: 400000, 22: 400000}, 67: {14: 1, 15: 49, 16: 241, 17: 1242, 18: 9524, 19: 90671, 20: 400000, 21: 400000, 22: 400000}, 68: {15: 16, 16: 279, 17: 1378, 18: 7944, 19: 59108, 20: 400000, 21: 400000, 22: 400000}, 69: {15: 6, 16: 134, 17: 1533, 18: 7884, 19: 47839, 20: 314820, 21: 400000, 22: 400000}, 70: {15: 6, 16: 68, 17: 896, 18: 8287, 19: 44494, 20: 261642, 21: 400000, 22: 400000, 23: 400000}, 71: {15: 4, 16: 61, 17: 495, 18: 5410, 19: 44548, 20: 240319, 21: 400000, 22: 400000, 23: 400000}, 72: {15: 1, 16: 40, 17: 424, 18: 3106, 19: 30786, 20: 235386, 21: 400000, 22: 400000, 23: 400000}, 73: {16: 13, 17: 273, 18: 2636, 19: 18337, 20: 168637, 21: 400000, 22: 400000, 23: 400000}, 74: {16: 5, 17: 118, 18: 1710, 19: 15416, 20: 104358, 21: 400000, 22: 400000, 23: 400000}, 75: {16: 2, 17: 64, 18: 904, 19: 10226, 20: 87137, 21: 400000, 22: 400000, 23: 400000}, 76: {16: 1, 17: 29, 18: 521, 19: 6124, 20: 59071, 21: 400000, 22: 400000, 23: 400000}, 77: {16: 1, 17: 16, 18: 277, 19: 3595, 20: 37911, 21: 308432, 22: 400000, 23: 400000}, 78: {16: 1, 17: 9, 18: 168, 19: 2140, 20: 22809, 21: 210618, 22: 400000, 23: 400000, 24: 400000}, 79: {17: 9, 18: 91, 19: 1383, 20: 14421, 21: 132417, 22: 400000, 23: 400000, 24: 400000}, 80: {17: 1, 18: 72, 19: 783, 20: 9662, 21: 87577, 22: 400000, 23: 400000, 24: 400000}, 81: {17: 1, 18: 22, 19: 564, 20: 5735, 21: 60089, 22: 400000, 23: 400000, 24: 400000}, 82: {17: 2, 18: 16, 19: 252, 20: 4009, 21: 37252, 22: 320117, 23: 400000, 24: 400000}, 83: {17: 1, 18: 24, 19: 159, 20: 2118, 21: 25915, 22: 210985, 23: 400000, 24: 400000, 25: 400000}, 84: {18: 11, 19: 187, 20: 1286, 21: 14997, 22: 151256, 23: 400000, 24: 400000, 25: 400000}, 85: {18: 4, 19: 97, 20: 1246, 21: 9173, 22: 93382, 23: 400000, 24: 400000, 25: 400000}, 86: {18: 2, 19: 51, 20: 722, 21: 7877, 22: 58757, 23: 400000, 24: 400000, 25: 400000}, 87: {18: 2, 19: 32, 20: 433, 21: 4914, 22: 47559, 23: 315342, 24: 400000, 25: 400000}, 88: {17: 1, 18: 4, 19: 29, 20: 297, 21: 3158, 22: 30875, 23: 260285, 24: 400000, 25: 400000, 26: 400000}, 89: {17: 1, 18: 8, 19: 39, 20: 243, 21: 2206, 22: 20586, 23: 176663, 24: 400000, 25: 400000, 26: 400000}, 90: {18: 9, 19: 48, 20: 278, 21: 1688, 22: 14442, 23: 122132, 24: 400000, 25: 400000, 26: 400000}, 91: {19: 55, 20: 286, 21: 1741, 22: 10715, 23: 86743, 24: 400000, 25: 400000, 26: 400000}, 92: {19: 4, 20: 313, 21: 1667, 22: 10364, 23: 63881, 24: 400000, 25: 400000, 26: 400000}, 93: {19: 3, 20: 54, 21: 1736, 22: 9535, 23: 59510, 24: 336852, 25: 400000, 26: 400000}, 94: {19: 1, 20: 34, 21: 444, 22: 9520, 23: 53335, 24: 318315, 25: 400000, 26: 400000}, 95: {19: 1, 20: 13, 21: 276, 22: 3113, 23: 51669, 24: 285701, 25: 400000, 26: 400000, 27: 400000}, 96: {19: 1, 20: 10, 21: 120, 22: 1985, 23: 19812, 24: 274132, 25: 400000, 26: 400000, 27: 400000}, 97: {20: 8, 21: 70, 22: 956, 23: 13024, 24: 117662, 25: 400000, 26: 400000, 27: 400000}, 98: {20: 1, 21: 55, 22: 536, 23: 6782, 24: 79562, 25: 400000, 26: 400000, 27: 400000}, 99: {20: 1, 21: 26, 22: 390, 23: 3869, 24: 44235, 25: 400000, 26: 400000, 27: 400000}, 100: {20: 2, 21: 20, 22: 254, 23: 2691, 24: 26076, 25: 244973, 26: 400000, 27: 400000}, 101: {21: 24, 22: 196, 23: 1931, 24: 17827, 25: 153399, 26: 400000, 27: 400000, 28: 400000}, 102: {21: 6, 22: 196, 23: 1462, 24: 13043, 25: 106475, 26: 400000, 27: 400000, 28: 400000}, 103: {20: 1, 21: 4, 22: 82, 23: 1351, 24: 9689, 25: 78941, 26: 400000, 27: 400000, 28: 400000}, 104: {20: 1, 21: 8, 22: 50, 23: 673, 24: 8498, 25: 58569, 26: 400000, 27: 400000, 28: 400000}, 105: {20: 1, 21: 8, 22: 59, 23: 450, 24: 4579, 25: 50086, 26: 315942, 27: 400000, 28: 400000}, 106: {20: 1, 21: 7, 22: 57, 23: 415, 24: 3257, 25: 28465, 26: 274008, 27: 400000, 28: 400000, 29: 400000}, 107: {21: 8, 22: 41, 23: 389, 24: 2735, 25: 20882, 26: 164288, 27: 400000, 28: 400000, 29: 400000}, 108: {22: 48, 23: 248, 24: 2468, 25: 16929, 26: 123115, 27: 400000, 28: 400000, 29: 400000}, 109: {22: 4, 23: 275, 24: 1518, 25: 14714, 26: 98917, 27: 400000, 28: 400000, 29: 400000}, 110: {22: 3, 23: 45, 24: 1573, 25: 9209, 26: 84156, 27: 400000, 28: 400000, 29: 400000}, 111: {22: 4, 23: 33, 24: 392, 25: 8954, 26: 54261, 27: 400000, 28: 400000, 29: 400000}, 112: {22: 1, 23: 36, 24: 273, 25: 2947, 26: 50342, 27: 290160, 28: 400000, 29: 400000}, 113: {22: 1, 23: 12, 24: 254, 25: 1974, 26: 19921, 27: 269061, 28: 400000, 29: 400000, 30: 400000}, 114: {22: 2, 23: 13, 24: 123, 25: 1691, 26: 13007, 27: 120403, 28: 400000, 29: 400000, 30: 400000}, 115: {22: 2, 23: 23, 24: 104, 25: 950, 26: 10743, 27: 79269, 28: 400000, 29: 400000, 30: 400000}, 116: {22: 2, 23: 21, 24: 154, 25: 721, 26: 6485, 27: 64489, 28: 400000, 29: 400000, 30: 400000}, 117: {22: 1, 23: 20, 24: 138, 25: 928, 26: 4701, 27: 40775, 28: 341454, 29: 400000, 30: 400000}, 118: {23: 13, 24: 130, 25: 814, 26: 5418, 27: 29045, 28: 228752, 29: 400000, 30: 400000, 31: 400000}, 119: {23: 1, 24: 96, 25: 766, 26: 4674, 27: 30787, 28: 165608, 29: 400000, 30: 400000, 31: 400000}, 120: {23: 1, 24: 15, 25: 610, 26: 4353, 27: 26173, 28: 168676, 29: 400000, 30: 400000, 31: 400000}, 121: {24: 16, 25: 148, 26: 3577, 27: 24037, 28: 142781, 29: 400000, 30: 400000, 31: 400000}, 122: {24: 10, 25: 136, 26: 1136, 27: 19965, 28: 129834, 29: 400000, 30: 400000, 31: 400000}, 123: {24: 5, 25: 101, 26: 954, 27: 7623, 28: 108411, 29: 400000, 30: 400000, 31: 400000}, 124: {24: 2, 25: 60, 26: 700, 27: 6161, 28: 47117, 29: 400000, 30: 400000, 31: 400000}, 125: {24: 1, 25: 31, 26: 459, 27: 4503, 28: 37272, 29: 250772, 30: 400000, 31: 400000}, 126: {24: 1, 25: 13, 26: 244, 27: 3088, 28: 27396, 29: 203910, 30: 400000, 31: 400000, 32: 400000}, 127: {25: 11, 26: 105, 27: 1707, 28: 19236, 29: 153977, 30: 400000, 31: 400000, 32: 400000}, 128: {25: 4, 26: 80, 27: 819, 28: 11060, 29: 111057, 30: 400000, 31: 400000, 32: 400000}, 129: {24: 1, 25: 3, 26: 40, 27: 582, 28: 5806, 29: 66603, 30: 400000, 31: 400000, 32: 400000}, 130: {24: 1, 25: 11, 26: 26, 27: 310, 28: 4014, 29: 37530, 30: 347866, 31: 400000, 32: 400000}, 131: {24: 1, 25: 7, 26: 66, 27: 214, 28: 2272, 29: 25734, 30: 210828, 31: 400000, 32: 400000, 33: 400000}, 132: {24: 1, 25: 8, 26: 37, 27: 368, 28: 1586, 29: 15391, 30: 148125, 31: 400000, 32: 400000, 33: 400000}, 133: {24: 1, 25: 8, 26: 46, 27: 203, 28: 2091, 29: 10743, 30: 93232, 31: 400000, 32: 400000, 33: 400000}, 134: {24: 1, 25: 7, 26: 46, 27: 252, 28: 1204, 29: 12037, 30: 66030, 31: 400000, 32: 400000, 33: 400000}, 135: {24: 2, 25: 7, 26: 36, 27: 251, 28: 1386, 29: 7346, 30: 67899, 31: 346666, 32: 400000, 33: 400000}, 136: {24: 2, 25: 17, 26: 34, 27: 197, 28: 1360, 29: 7722, 30: 43425, 31: 358477, 32: 400000, 33: 400000}, 137: {24: 1, 25: 17, 26: 95, 27: 179, 28: 1091, 29: 7401, 30: 42736, 31: 240428, 32: 400000, 33: 400000}, 138: {25: 11, 26: 99, 27: 487, 28: 973, 29: 5989, 30: 40052, 31: 230249, 32: 400000, 33: 400000, 34: 400000}, 139: {26: 76, 27: 523, 28: 2451, 29: 5268, 30: 32466, 31: 213335, 32: 400000, 33: 400000, 34: 400000}, 140: {26: 2, 27: 446, 28: 2684, 29: 12263, 30: 28345, 31: 173755, 32: 400000, 33: 400000, 34: 400000}, 141: {27: 37, 28: 2438, 29: 13592, 30: 61273, 31: 151187, 32: 400000, 33: 400000, 34: 400000}, 142: {27: 12, 28: 369, 29: 12784, 30: 68409, 31: 306496, 32: 400000, 33: 400000, 34: 400000}, 143: {27: 5, 28: 177, 29: 2678, 30: 65641, 31: 343481, 32: 400000, 33: 400000, 34: 400000}, 144: {27: 3, 28: 83, 29: 1478, 30: 17033, 31: 333931, 32: 400000, 33: 400000}, 145: {27: 1, 28: 54, 29: 765, 30: 10120, 31: 101420, 32: 400000, 33: 400000, 34: 400000}, 146: {27: 1, 28: 23, 29: 492, 30: 5705, 31: 63074, 32: 400000, 33: 400000, 34: 400000}, 147: {27: 1, 28: 21, 29: 239, 30: 3651, 31: 37774, 32: 325557, 33: 400000, 34: 400000}, 148: {28: 15, 29: 200, 30: 1933, 31: 24429, 32: 209857, 33: 400000, 34: 400000, 35: 400000}, 149: {27: 1, 28: 6, 29: 131, 30: 1494, 31: 13676, 32: 141981, 33: 400000, 34: 400000, 35: 400000}, 150: {27: 1, 28: 13, 29: 73, 30: 918, 31: 10026, 32: 84118, 33: 400000, 34: 400000, 35: 400000}, 151: {28: 12, 29: 101, 30: 581, 31: 6078, 32: 61083, 33: 400000, 34: 400000, 35: 400000}, 152: {28: 4, 29: 90, 30: 644, 31: 3990, 32: 37833, 33: 326282, 34: 400000, 35: 400000}, 153: {28: 2, 29: 45, 30: 551, 31: 3879, 32: 25283, 33: 212935, 34: 400000, 35: 400000, 36: 400000}, 154: {28: 1, 29: 20, 30: 333, 31: 3238, 32: 22689, 33: 146588, 34: 400000, 35: 400000, 36: 400000}, 155: {29: 16, 30: 164, 31: 2132, 32: 18561, 33: 127222, 34: 400000, 35: 400000, 36: 400000}, 156: {29: 6, 30: 133, 31: 1156, 32: 12769, 33: 103311, 34: 400000, 35: 400000, 36: 400000}, 157: {29: 1, 30: 74, 31: 906, 32: 7430, 33: 73124, 34: 400000, 35: 400000, 36: 400000}, 158: {29: 1, 30: 14, 31: 583, 32: 5748, 33: 44696, 34: 373503, 35: 400000, 36: 400000}, 159: {30: 14, 31: 160, 32: 3876, 33: 34525, 34: 243221, 35: 400000, 36: 400000}, 160: {29: 1, 30: 8, 31: 139, 32: 1428, 33: 23676, 34: 192120, 35: 400000, 36: 400000, 37: 400000}, 161: {29: 2, 30: 11, 31: 87, 32: 1150, 33: 10457, 34: 135128, 35: 400000, 36: 400000, 37: 400000}, 162: {29: 1, 30: 19, 31: 87, 32: 739, 33: 8083, 34: 67075, 35: 400000, 36: 400000, 37: 400000}, 163: {30: 9, 31: 127, 32: 653, 33: 5274, 34: 51001, 35: 345965, 36: 400000, 37: 400000}, 164: {30: 1, 31: 75, 32: 799, 33: 4411, 34: 33877, 35: 276054, 36: 400000, 37: 400000}, 165: {30: 2, 31: 22, 32: 519, 33: 4731, 34: 27461, 35: 191447, 36: 400000}, 166: {30: 1, 31: 21, 32: 202, 33: 3225, 34: 27027, 35: 156051}, 167: {30: 1, 31: 11, 32: 165, 33: 1487, 34: 18980}, 168: {30: 1, 31: 12, 32: 104, 33: 1151}, 169: {31: 14, 32: 104}, 170: {31: 1}, 171: {}, 172: {}, 173: {}, 174: {}, 175: {}, 176: {}, 177: {}, 178: {}, 179: {}, 180: {}, 181: {}, 182: {}, 183: {}, 184: {}, 185: {}, 186: {}, 187: {}, 188: {}, 189: {}, 190: {}, 191: {}, 192: {}, 193: {}, 194: {}, 195: {}, 196: {}, 197: {}, 198: {}, 199: {}, 200: {}})
CUDA max_memory_allocated_bytes: 30620428800
CUDA max_memory_reserved_bytes: 33420214272
End: 2026-03-10T01:04:37-04:00
