Start: 2026-03-10T01:25:18-04:00
Host: a1128u05n01.mghpcc.ycrc.yale.edu
CUDA visible devices: 0
PYTORCH_CUDA_ALLOC_CONF=expandable_segments:True
NVIDIA RTX 5000 Ada Generation, 32760 MiB, 0 %
Starting A3 torch search with p= 5 caps 40000 40000 totalcaps 400000 400000 FIRST_STEPS 12 device cuda
We have 6 atoms and 14 dual simples
Initialized step 1 with spreads: {1: 2}
Starting step 2
Analyzing 2 states in spread 1
Finished step 2, minimal spread 2, max spread 2, got 0 drops
Total number of curves 8
Starting step 3
Analyzing 8 states in spread 2
Finished step 3, minimal spread 3, max spread 3, got 0 drops
Total number of curves 36
Starting step 4
Analyzing 36 states in spread 3
Finished step 4, minimal spread 4, max spread 4, got 0 drops
Total number of curves 170
Starting step 5
Analyzing 170 states in spread 4
Finished step 5, minimal spread 5, max spread 5, got 0 drops
Total number of curves 816
Starting step 6
Analyzing 816 states in spread 5
Finished step 6, minimal spread 5, max spread 6, got 0 drops
Total number of curves 3938
Starting step 7
Analyzing 2 states in spread 5
Analyzing 3936 states in spread 6
Finished step 7, minimal spread 5, max spread 7, got 0 drops
Total number of curves 19040
Starting step 8
Analyzing 2 states in spread 5
Analyzing 40 states in spread 6
Analyzing 18998 states in spread 7
Finished step 8, minimal spread 6, max spread 8, got 0 drops
Total number of curves 40496
Starting step 9
Analyzing 39 states in spread 6
Analyzing 457 states in spread 7
Analyzing 40000 states in spread 8
Finished step 9, minimal spread 6, max spread 9, got 0 drops
Total number of curves 43359
Starting step 10
Analyzing 15 states in spread 6
Analyzing 415 states in spread 7
Analyzing 2929 states in spread 8
Analyzing 40000 states in spread 9
Finished step 10, minimal spread 6, max spread 10, got 0 drops
Total number of curves 57997
Starting step 11
Analyzing 8 states in spread 6
Analyzing 225 states in spread 7
Analyzing 2716 states in spread 8
Analyzing 15048 states in spread 9
Analyzing 40000 states in spread 10
Finished step 11, minimal spread 6, max spread 11, got 0 drops
Total number of curves 96401
Starting step 12
Analyzing 5 states in spread 6
Analyzing 157 states in spread 7
Analyzing 1671 states in spread 8
Analyzing 14568 states in spread 9
Analyzing 40000 states in spread 10
Analyzing 40000 states in spread 11
Finished step 12, minimal spread 6, max spread 12, got 0 drops
Total number of curves 131463
Starting step 13
Analyzing 5 states in spread 6
Analyzing 97 states in spread 7
Analyzing 1354 states in spread 8
Analyzing 10007 states in spread 9
Analyzing 40000 states in spread 10
Analyzing 40000 states in spread 11
Analyzing 40000 states in spread 12
Finished step 13, minimal spread 6, max spread 13, got 1 drops
Total number of curves 169862
Starting step 14
Analyzing 5 states in spread 6
Analyzing 71 states in spread 7
Analyzing 921 states in spread 8
Analyzing 8865 states in spread 9
Analyzing 40000 states in spread 10
Analyzing 40000 states in spread 11
Analyzing 40000 states in spread 12
Analyzing 40000 states in spread 13
Finished step 14, minimal spread 6, max spread 14, got 5 drops
Total number of curves 207334
Starting step 15
Analyzing 6 states in spread 6
Analyzing 65 states in spread 7
Analyzing 680 states in spread 8
Analyzing 6583 states in spread 9
Analyzing 40000 states in spread 10
Analyzing 40000 states in spread 11
Analyzing 40000 states in spread 12
Analyzing 40000 states in spread 13
Analyzing 40000 states in spread 14
Finished step 15, minimal spread 6, max spread 15, got 4 drops
Total number of curves 242308
Starting step 16
Analyzing 6 states in spread 6
Analyzing 82 states in spread 7
Analyzing 614 states in spread 8
Analyzing 5153 states in spread 9
Analyzing 36453 states in spread 10
Analyzing 40000 states in spread 11
Analyzing 40000 states in spread 12
Analyzing 40000 states in spread 13
Analyzing 40000 states in spread 14
Analyzing 40000 states in spread 15
Finished step 16, minimal spread 6, max spread 16, got 13 drops
Total number of curves 276348
Starting step 17
Analyzing 6 states in spread 6
Analyzing 87 states in spread 7
Analyzing 731 states in spread 8
Analyzing 4732 states in spread 9
Analyzing 30792 states in spread 10
Analyzing 40000 states in spread 11
Analyzing 40000 states in spread 12
Analyzing 40000 states in spread 13
Analyzing 40000 states in spread 14
Analyzing 40000 states in spread 15
Analyzing 40000 states in spread 16
Finished step 17, minimal spread 6, max spread 17, got 18 drops
Total number of curves 315704
Starting step 18
Analyzing 5 states in spread 6
Analyzing 87 states in spread 7
Analyzing 731 states in spread 8
Analyzing 5244 states in spread 9
Analyzing 29637 states in spread 10
Analyzing 40000 states in spread 11
Analyzing 40000 states in spread 12
Analyzing 40000 states in spread 13
Analyzing 40000 states in spread 14
Analyzing 40000 states in spread 15
Analyzing 40000 states in spread 16
Analyzing 40000 states in spread 17
Finished step 18, minimal spread 6, max spread 18, got 29 drops
Total number of curves 358299
Starting step 19
Analyzing 5 states in spread 6
Analyzing 66 states in spread 7
Analyzing 709 states in spread 8
Analyzing 5120 states in spread 9
Analyzing 32399 states in spread 10
Analyzing 40000 states in spread 11
Analyzing 40000 states in spread 12
Analyzing 40000 states in spread 13
Analyzing 40000 states in spread 14
Analyzing 40000 states in spread 15
Analyzing 40000 states in spread 16
Analyzing 40000 states in spread 17
Analyzing 40000 states in spread 18
Finished step 19, minimal spread 6, max spread 19, got 47 drops
Total number of curves 397562
Starting step 20
Analyzing 3 states in spread 6
Analyzing 66 states in spread 7
Analyzing 569 states in spread 8
Analyzing 4962 states in spread 9
Analyzing 31962 states in spread 10
Analyzing 40000 states in spread 11
Analyzing 40000 states in spread 12
Analyzing 40000 states in spread 13
Analyzing 40000 states in spread 14
Analyzing 40000 states in spread 15
Analyzing 40000 states in spread 16
Analyzing 40000 states in spread 17
Analyzing 40000 states in spread 18
Analyzing 40000 states in spread 19
Finished step 20, minimal spread 6, max spread 20, got 47 drops
Total number of curves 436084
Starting step 21
Analyzing 7 states in spread 6
Analyzing 61 states in spread 7
Analyzing 550 states in spread 8
Analyzing 4112 states in spread 9
Analyzing 31354 states in spread 10
Analyzing 40000 states in spread 11
Analyzing 40000 states in spread 12
Analyzing 40000 states in spread 13
Analyzing 40000 states in spread 14
Analyzing 40000 states in spread 15
Analyzing 40000 states in spread 16
Analyzing 40000 states in spread 17
Analyzing 40000 states in spread 18
Analyzing 40000 states in spread 19
Analyzing 40000 states in spread 20
Finished step 21, minimal spread 5, max spread 21, got 87 drops
Total number of curves 471366
Starting step 22
Analyzing 4 states in spread 5
Analyzing 16 states in spread 6
Analyzing 84 states in spread 7
Analyzing 540 states in spread 8
Analyzing 3922 states in spread 9
Analyzing 26800 states in spread 10
Analyzing 40000 states in spread 11
Analyzing 40000 states in spread 12
Analyzing 40000 states in spread 13
Analyzing 40000 states in spread 14
Analyzing 40000 states in spread 15
Analyzing 40000 states in spread 16
Analyzing 40000 states in spread 17
Analyzing 40000 states in spread 18
Analyzing 40000 states in spread 19
Analyzing 40000 states in spread 20
Finished step 22, minimal spread 5, max spread 21, got 68 drops
Total number of curves 470240
Starting step 23
Analyzing 8 states in spread 5
Analyzing 38 states in spread 6
Analyzing 125 states in spread 7
Analyzing 654 states in spread 8
Analyzing 3890 states in spread 9
Analyzing 25525 states in spread 10
Analyzing 40000 states in spread 11
Analyzing 40000 states in spread 12
Analyzing 40000 states in spread 13
Analyzing 40000 states in spread 14
Analyzing 40000 states in spread 15
Analyzing 40000 states in spread 16
Analyzing 40000 states in spread 17
Analyzing 40000 states in spread 18
Analyzing 40000 states in spread 19
Analyzing 40000 states in spread 20
Finished step 23, minimal spread 5, max spread 21, got 61 drops
Total number of curves 470845
Starting step 24
Analyzing 7 states in spread 5
Analyzing 71 states in spread 6
Analyzing 240 states in spread 7
Analyzing 843 states in spread 8
Analyzing 4343 states in spread 9
Analyzing 25341 states in spread 10
Analyzing 40000 states in spread 11
Analyzing 40000 states in spread 12
Analyzing 40000 states in spread 13
Analyzing 40000 states in spread 14
Analyzing 40000 states in spread 15
Analyzing 40000 states in spread 16
Analyzing 40000 states in spread 17
Analyzing 40000 states in spread 18
Analyzing 40000 states in spread 19
Analyzing 40000 states in spread 20
Finished step 24, minimal spread 5, max spread 21, got 65 drops
Total number of curves 474145
Starting step 25
Analyzing 8 states in spread 5
Analyzing 63 states in spread 6
Analyzing 433 states in spread 7
Analyzing 1416 states in spread 8
Analyzing 5239 states in spread 9
Analyzing 26986 states in spread 10
Analyzing 40000 states in spread 11
Analyzing 40000 states in spread 12
Analyzing 40000 states in spread 13
Analyzing 40000 states in spread 14
Analyzing 40000 states in spread 15
Analyzing 40000 states in spread 16
Analyzing 40000 states in spread 17
Analyzing 40000 states in spread 18
Analyzing 40000 states in spread 19
Analyzing 40000 states in spread 20
Finished step 25, minimal spread 5, max spread 21, got 75 drops
Total number of curves 482243
Starting step 26
Analyzing 6 states in spread 5
Analyzing 67 states in spread 6
Analyzing 402 states in spread 7
Analyzing 2446 states in spread 8
Analyzing 8048 states in spread 9
Analyzing 31274 states in spread 10
Analyzing 40000 states in spread 11
Analyzing 40000 states in spread 12
Analyzing 40000 states in spread 13
Analyzing 40000 states in spread 14
Analyzing 40000 states in spread 15
Analyzing 40000 states in spread 16
Analyzing 40000 states in spread 17
Analyzing 40000 states in spread 18
Analyzing 40000 states in spread 19
Finished step 26, minimal spread 5, max spread 20, got 73 drops
Total number of curves 456120
Starting step 27
Analyzing 2 states in spread 5
Analyzing 60 states in spread 6
Analyzing 412 states in spread 7
Analyzing 2377 states in spread 8
Analyzing 13269 states in spread 9
Analyzing 40000 states in spread 10
Analyzing 40000 states in spread 11
Analyzing 40000 states in spread 12
Analyzing 40000 states in spread 13
Analyzing 40000 states in spread 14
Analyzing 40000 states in spread 15
Analyzing 40000 states in spread 16
Analyzing 40000 states in spread 17
Analyzing 40000 states in spread 18
Analyzing 40000 states in spread 19
Finished step 27, minimal spread 6, max spread 20, got 64 drops
Total number of curves 456330
Starting step 28
Analyzing 31 states in spread 6
Analyzing 431 states in spread 7
Analyzing 2413 states in spread 8
Analyzing 13455 states in spread 9
Analyzing 40000 states in spread 10
Analyzing 40000 states in spread 11
Analyzing 40000 states in spread 12
Analyzing 40000 states in spread 13
Analyzing 40000 states in spread 14
Analyzing 40000 states in spread 15
Analyzing 40000 states in spread 16
Analyzing 40000 states in spread 17
Analyzing 40000 states in spread 18
Analyzing 40000 states in spread 19
Finished step 28, minimal spread 6, max spread 20, got 55 drops
Total number of curves 456766
Starting step 29
Analyzing 10 states in spread 6
Analyzing 296 states in spread 7
Analyzing 2720 states in spread 8
Analyzing 13740 states in spread 9
Analyzing 40000 states in spread 10
Analyzing 40000 states in spread 11
Analyzing 40000 states in spread 12
Analyzing 40000 states in spread 13
Analyzing 40000 states in spread 14
Analyzing 40000 states in spread 15
Analyzing 40000 states in spread 16
Analyzing 40000 states in spread 17
Analyzing 40000 states in spread 18
Analyzing 40000 states in spread 19
Finished step 29, minimal spread 6, max spread 20, got 31 drops
Total number of curves 458126
Starting step 30
Analyzing 9 states in spread 6
Analyzing 154 states in spread 7
Analyzing 2124 states in spread 8
Analyzing 15839 states in spread 9
Analyzing 40000 states in spread 10
Analyzing 40000 states in spread 11
Analyzing 40000 states in spread 12
Analyzing 40000 states in spread 13
Analyzing 40000 states in spread 14
Analyzing 40000 states in spread 15
Analyzing 40000 states in spread 16
Analyzing 40000 states in spread 17
Analyzing 40000 states in spread 18
Analyzing 40000 states in spread 19
Finished step 30, minimal spread 6, max spread 20, got 27 drops
Total number of curves 454775
Starting step 31
Analyzing 11 states in spread 6
Analyzing 126 states in spread 7
Analyzing 1353 states in spread 8
Analyzing 13285 states in spread 9
Analyzing 40000 states in spread 10
Analyzing 40000 states in spread 11
Analyzing 40000 states in spread 12
Analyzing 40000 states in spread 13
Analyzing 40000 states in spread 14
Analyzing 40000 states in spread 15
Analyzing 40000 states in spread 16
Analyzing 40000 states in spread 17
Analyzing 40000 states in spread 18
Analyzing 40000 states in spread 19
Finished step 31, minimal spread 5, max spread 20, got 30 drops
Total number of curves 450778
Starting step 32
Analyzing 3 states in spread 5
Analyzing 17 states in spread 6
Analyzing 129 states in spread 7
Analyzing 1102 states in spread 8
Analyzing 9527 states in spread 9
Analyzing 40000 states in spread 10
Analyzing 40000 states in spread 11
Analyzing 40000 states in spread 12
Analyzing 40000 states in spread 13
Analyzing 40000 states in spread 14
Analyzing 40000 states in spread 15
Analyzing 40000 states in spread 16
Analyzing 40000 states in spread 17
Analyzing 40000 states in spread 18
Analyzing 40000 states in spread 19
Finished step 32, minimal spread 5, max spread 20, got 31 drops
Total number of curves 449274
Starting step 33
Analyzing 3 states in spread 5
Analyzing 34 states in spread 6
Analyzing 167 states in spread 7
Analyzing 1046 states in spread 8
Analyzing 8024 states in spread 9
Analyzing 40000 states in spread 10
Analyzing 40000 states in spread 11
Analyzing 40000 states in spread 12
Analyzing 40000 states in spread 13
Analyzing 40000 states in spread 14
Analyzing 40000 states in spread 15
Analyzing 40000 states in spread 16
Analyzing 40000 states in spread 17
Analyzing 40000 states in spread 18
Analyzing 40000 states in spread 19
Finished step 33, minimal spread 5, max spread 20, got 30 drops
Total number of curves 448967
Starting step 34
Analyzing 4 states in spread 5
Analyzing 36 states in spread 6
Analyzing 268 states in spread 7
Analyzing 1236 states in spread 8
Analyzing 7423 states in spread 9
Analyzing 40000 states in spread 10
Analyzing 40000 states in spread 11
Analyzing 40000 states in spread 12
Analyzing 40000 states in spread 13
Analyzing 40000 states in spread 14
Analyzing 40000 states in spread 15
Analyzing 40000 states in spread 16
Analyzing 40000 states in spread 17
Analyzing 40000 states in spread 18
Analyzing 40000 states in spread 19
Finished step 34, minimal spread 5, max spread 20, got 39 drops
Total number of curves 450328
Starting step 35
Analyzing 5 states in spread 5
Analyzing 38 states in spread 6
Analyzing 283 states in spread 7
Analyzing 1778 states in spread 8
Analyzing 8224 states in spread 9
Analyzing 40000 states in spread 10
Analyzing 40000 states in spread 11
Analyzing 40000 states in spread 12
Analyzing 40000 states in spread 13
Analyzing 40000 states in spread 14
Analyzing 40000 states in spread 15
Analyzing 40000 states in spread 16
Analyzing 40000 states in spread 17
Analyzing 40000 states in spread 18
Analyzing 40000 states in spread 19
Finished step 35, minimal spread 5, max spread 20, got 34 drops
Total number of curves 453132
Starting step 36
Analyzing 2 states in spread 5
Analyzing 52 states in spread 6
Analyzing 289 states in spread 7
Analyzing 1885 states in spread 8
Analyzing 10904 states in spread 9
Analyzing 40000 states in spread 10
Analyzing 40000 states in spread 11
Analyzing 40000 states in spread 12
Analyzing 40000 states in spread 13
Analyzing 40000 states in spread 14
Analyzing 40000 states in spread 15
Analyzing 40000 states in spread 16
Analyzing 40000 states in spread 17
Analyzing 40000 states in spread 18
Analyzing 40000 states in spread 19
Finished step 36, minimal spread 5, max spread 20, got 35 drops
Total number of curves 453857
Starting step 37
Analyzing 2 states in spread 5
Analyzing 34 states in spread 6
Analyzing 369 states in spread 7
Analyzing 1897 states in spread 8
Analyzing 11555 states in spread 9
Analyzing 40000 states in spread 10
Analyzing 40000 states in spread 11
Analyzing 40000 states in spread 12
Analyzing 40000 states in spread 13
Analyzing 40000 states in spread 14
Analyzing 40000 states in spread 15
Analyzing 40000 states in spread 16
Analyzing 40000 states in spread 17
Analyzing 40000 states in spread 18
Analyzing 40000 states in spread 19
Finished step 37, minimal spread 5, max spread 20, got 43 drops
Total number of curves 454221
Starting step 38
Analyzing 5 states in spread 5
Analyzing 41 states in spread 6
Analyzing 277 states in spread 7
Analyzing 2277 states in spread 8
Analyzing 11621 states in spread 9
Analyzing 40000 states in spread 10
Analyzing 40000 states in spread 11
Analyzing 40000 states in spread 12
Analyzing 40000 states in spread 13
Analyzing 40000 states in spread 14
Analyzing 40000 states in spread 15
Analyzing 40000 states in spread 16
Analyzing 40000 states in spread 17
Analyzing 40000 states in spread 18
Analyzing 40000 states in spread 19
Finished step 38, minimal spread 5, max spread 20, got 34 drops
Total number of curves 455678
Starting step 39
Analyzing 6 states in spread 5
Analyzing 56 states in spread 6
Analyzing 334 states in spread 7
Analyzing 1903 states in spread 8
Analyzing 13379 states in spread 9
Analyzing 40000 states in spread 10
Analyzing 40000 states in spread 11
Analyzing 40000 states in spread 12
Analyzing 40000 states in spread 13
Analyzing 40000 states in spread 14
Analyzing 40000 states in spread 15
Analyzing 40000 states in spread 16
Analyzing 40000 states in spread 17
Analyzing 40000 states in spread 18
Analyzing 40000 states in spread 19
Finished step 39, minimal spread 5, max spread 20, got 30 drops
Total number of curves 454644
Starting step 40
Analyzing 4 states in spread 5
Analyzing 61 states in spread 6
Analyzing 390 states in spread 7
Analyzing 2252 states in spread 8
Analyzing 11937 states in spread 9
Analyzing 40000 states in spread 10
Analyzing 40000 states in spread 11
Analyzing 40000 states in spread 12
Analyzing 40000 states in spread 13
Analyzing 40000 states in spread 14
Analyzing 40000 states in spread 15
Analyzing 40000 states in spread 16
Analyzing 40000 states in spread 17
Analyzing 40000 states in spread 18
Analyzing 40000 states in spread 19
Finished step 40, minimal spread 5, max spread 20, got 24 drops
Total number of curves 456731
Starting step 41
Analyzing 4 states in spread 5
Analyzing 45 states in spread 6
Analyzing 433 states in spread 7
Analyzing 2443 states in spread 8
Analyzing 13806 states in spread 9
Analyzing 40000 states in spread 10
Analyzing 40000 states in spread 11
Analyzing 40000 states in spread 12
Analyzing 40000 states in spread 13
Analyzing 40000 states in spread 14
Analyzing 40000 states in spread 15
Analyzing 40000 states in spread 16
Analyzing 40000 states in spread 17
Analyzing 40000 states in spread 18
Analyzing 40000 states in spread 19
Finished step 41, minimal spread 5, max spread 20, got 27 drops
Total number of curves 457764
Starting step 42
Analyzing 5 states in spread 5
Analyzing 45 states in spread 6
Analyzing 362 states in spread 7
Analyzing 2693 states in spread 8
Analyzing 14659 states in spread 9
Analyzing 40000 states in spread 10
Analyzing 40000 states in spread 11
Analyzing 40000 states in spread 12
Analyzing 40000 states in spread 13
Analyzing 40000 states in spread 14
Analyzing 40000 states in spread 15
Analyzing 40000 states in spread 16
Analyzing 40000 states in spread 17
Analyzing 40000 states in spread 18
Analyzing 40000 states in spread 19
Finished step 42, minimal spread 5, max spread 20, got 26 drops
Total number of curves 458796
Starting step 43
Analyzing 2 states in spread 5
Analyzing 51 states in spread 6
Analyzing 382 states in spread 7
Analyzing 2493 states in spread 8
Analyzing 15868 states in spread 9
Analyzing 40000 states in spread 10
Analyzing 40000 states in spread 11
Analyzing 40000 states in spread 12
Analyzing 40000 states in spread 13
Analyzing 40000 states in spread 14
Analyzing 40000 states in spread 15
Analyzing 40000 states in spread 16
Analyzing 40000 states in spread 17
Analyzing 40000 states in spread 18
Analyzing 40000 states in spread 19
Finished step 43, minimal spread 5, max spread 20, got 29 drops
Total number of curves 458578
Starting step 44
Analyzing 2 states in spread 5
Analyzing 27 states in spread 6
Analyzing 393 states in spread 7
Analyzing 2710 states in spread 8
Analyzing 15446 states in spread 9
Analyzing 40000 states in spread 10
Analyzing 40000 states in spread 11
Analyzing 40000 states in spread 12
Analyzing 40000 states in spread 13
Analyzing 40000 states in spread 14
Analyzing 40000 states in spread 15
Analyzing 40000 states in spread 16
Analyzing 40000 states in spread 17
Analyzing 40000 states in spread 18
Analyzing 40000 states in spread 19
Finished step 44, minimal spread 5, max spread 20, got 41 drops
Total number of curves 459954
Starting step 45
Analyzing 1 states in spread 5
Analyzing 28 states in spread 6
Analyzing 257 states in spread 7
Analyzing 2729 states in spread 8
Analyzing 16939 states in spread 9
Analyzing 40000 states in spread 10
Analyzing 40000 states in spread 11
Analyzing 40000 states in spread 12
Analyzing 40000 states in spread 13
Analyzing 40000 states in spread 14
Analyzing 40000 states in spread 15
Analyzing 40000 states in spread 16
Analyzing 40000 states in spread 17
Analyzing 40000 states in spread 18
Analyzing 40000 states in spread 19
Finished step 45, minimal spread 5, max spread 20, got 30 drops
Total number of curves 459332
Starting step 46
Analyzing 1 states in spread 5
Analyzing 20 states in spread 6
Analyzing 254 states in spread 7
Analyzing 2006 states in spread 8
Analyzing 17051 states in spread 9
Analyzing 40000 states in spread 10
Analyzing 40000 states in spread 11
Analyzing 40000 states in spread 12
Analyzing 40000 states in spread 13
Analyzing 40000 states in spread 14
Analyzing 40000 states in spread 15
Analyzing 40000 states in spread 16
Analyzing 40000 states in spread 17
Analyzing 40000 states in spread 18
Analyzing 40000 states in spread 19
Finished step 46, minimal spread 5, max spread 20, got 29 drops
Total number of curves 455664
Starting step 47
Analyzing 2 states in spread 5
Analyzing 22 states in spread 6
Analyzing 204 states in spread 7
Analyzing 1914 states in spread 8
Analyzing 13522 states in spread 9
Analyzing 40000 states in spread 10
Analyzing 40000 states in spread 11
Analyzing 40000 states in spread 12
Analyzing 40000 states in spread 13
Analyzing 40000 states in spread 14
Analyzing 40000 states in spread 15
Analyzing 40000 states in spread 16
Analyzing 40000 states in spread 17
Analyzing 40000 states in spread 18
Analyzing 40000 states in spread 19
Finished step 47, minimal spread 5, max spread 20, got 37 drops
Total number of curves 454642
Starting step 48
Analyzing 4 states in spread 5
Analyzing 36 states in spread 6
Analyzing 212 states in spread 7
Analyzing 1641 states in spread 8
Analyzing 12749 states in spread 9
Analyzing 40000 states in spread 10
Analyzing 40000 states in spread 11
Analyzing 40000 states in spread 12
Analyzing 40000 states in spread 13
Analyzing 40000 states in spread 14
Analyzing 40000 states in spread 15
Analyzing 40000 states in spread 16
Analyzing 40000 states in spread 17
Analyzing 40000 states in spread 18
Analyzing 40000 states in spread 19
Finished step 48, minimal spread 5, max spread 20, got 31 drops
Total number of curves 453339
Starting step 49
Analyzing 2 states in spread 5
Analyzing 48 states in spread 6
Analyzing 297 states in spread 7
Analyzing 1663 states in spread 8
Analyzing 11329 states in spread 9
Analyzing 40000 states in spread 10
Analyzing 40000 states in spread 11
Analyzing 40000 states in spread 12
Analyzing 40000 states in spread 13
Analyzing 40000 states in spread 14
Analyzing 40000 states in spread 15
Analyzing 40000 states in spread 16
Analyzing 40000 states in spread 17
Analyzing 40000 states in spread 18
Analyzing 40000 states in spread 19
Finished step 49, minimal spread 5, max spread 20, got 39 drops
Total number of curves 453875
Starting step 50
Analyzing 3 states in spread 5
Analyzing 26 states in spread 6
Analyzing 352 states in spread 7
Analyzing 2090 states in spread 8
Analyzing 11404 states in spread 9
Analyzing 40000 states in spread 10
Analyzing 40000 states in spread 11
Analyzing 40000 states in spread 12
Analyzing 40000 states in spread 13
Analyzing 40000 states in spread 14
Analyzing 40000 states in spread 15
Analyzing 40000 states in spread 16
Analyzing 40000 states in spread 17
Analyzing 40000 states in spread 18
Analyzing 40000 states in spread 19
Finished step 50, minimal spread 5, max spread 20, got 48 drops
Total number of curves 455938
Starting step 51
Analyzing 2 states in spread 5
Analyzing 36 states in spread 6
Analyzing 222 states in spread 7
Analyzing 2365 states in spread 8
Analyzing 13313 states in spread 9
Analyzing 40000 states in spread 10
Analyzing 40000 states in spread 11
Analyzing 40000 states in spread 12
Analyzing 40000 states in spread 13
Analyzing 40000 states in spread 14
Analyzing 40000 states in spread 15
Analyzing 40000 states in spread 16
Analyzing 40000 states in spread 17
Analyzing 40000 states in spread 18
Analyzing 40000 states in spread 19
Finished step 51, minimal spread 5, max spread 20, got 40 drops
Total number of curves 456704
Starting step 52
Analyzing 1 states in spread 5
Analyzing 29 states in spread 6
Analyzing 283 states in spread 7
Analyzing 1711 states in spread 8
Analyzing 14680 states in spread 9
Analyzing 40000 states in spread 10
Analyzing 40000 states in spread 11
Analyzing 40000 states in spread 12
Analyzing 40000 states in spread 13
Analyzing 40000 states in spread 14
Analyzing 40000 states in spread 15
Analyzing 40000 states in spread 16
Analyzing 40000 states in spread 17
Analyzing 40000 states in spread 18
Analyzing 40000 states in spread 19
Finished step 52, minimal spread 5, max spread 20, got 38 drops
Total number of curves 453878
Starting step 53
Analyzing 1 states in spread 5
Analyzing 16 states in spread 6
Analyzing 267 states in spread 7
Analyzing 2023 states in spread 8
Analyzing 11571 states in spread 9
Analyzing 40000 states in spread 10
Analyzing 40000 states in spread 11
Analyzing 40000 states in spread 12
Analyzing 40000 states in spread 13
Analyzing 40000 states in spread 14
Analyzing 40000 states in spread 15
Analyzing 40000 states in spread 16
Analyzing 40000 states in spread 17
Analyzing 40000 states in spread 18
Analyzing 40000 states in spread 19
Finished step 53, minimal spread 5, max spread 20, got 36 drops
Total number of curves 455135
Starting step 54
Analyzing 1 states in spread 5
Analyzing 16 states in spread 6
Analyzing 179 states in spread 7
Analyzing 1978 states in spread 8
Analyzing 12961 states in spread 9
Analyzing 40000 states in spread 10
Analyzing 40000 states in spread 11
Analyzing 40000 states in spread 12
Analyzing 40000 states in spread 13
Analyzing 40000 states in spread 14
Analyzing 40000 states in spread 15
Analyzing 40000 states in spread 16
Analyzing 40000 states in spread 17
Analyzing 40000 states in spread 18
Analyzing 40000 states in spread 19
Finished step 54, minimal spread 5, max spread 20, got 40 drops
Total number of curves 454481
Starting step 55
Analyzing 1 states in spread 5
Analyzing 16 states in spread 6
Analyzing 177 states in spread 7
Analyzing 1508 states in spread 8
Analyzing 12779 states in spread 9
Analyzing 40000 states in spread 10
Analyzing 40000 states in spread 11
Analyzing 40000 states in spread 12
Analyzing 40000 states in spread 13
Analyzing 40000 states in spread 14
Analyzing 40000 states in spread 15
Analyzing 40000 states in spread 16
Analyzing 40000 states in spread 17
Analyzing 40000 states in spread 18
Analyzing 40000 states in spread 19
Finished step 55, minimal spread 5, max spread 20, got 36 drops
Total number of curves 452138
Starting step 56
Analyzing 2 states in spread 5
Analyzing 16 states in spread 6
Analyzing 169 states in spread 7
Analyzing 1446 states in spread 8
Analyzing 10505 states in spread 9
Analyzing 40000 states in spread 10
Analyzing 40000 states in spread 11
Analyzing 40000 states in spread 12
Analyzing 40000 states in spread 13
Analyzing 40000 states in spread 14
Analyzing 40000 states in spread 15
Analyzing 40000 states in spread 16
Analyzing 40000 states in spread 17
Analyzing 40000 states in spread 18
Analyzing 40000 states in spread 19
Finished step 56, minimal spread 5, max spread 20, got 29 drops
Total number of curves 451563
Starting step 57
Analyzing 2 states in spread 5
Analyzing 19 states in spread 6
Analyzing 159 states in spread 7
Analyzing 1382 states in spread 8
Analyzing 10001 states in spread 9
Analyzing 40000 states in spread 10
Analyzing 40000 states in spread 11
Analyzing 40000 states in spread 12
Analyzing 40000 states in spread 13
Analyzing 40000 states in spread 14
Analyzing 40000 states in spread 15
Analyzing 40000 states in spread 16
Analyzing 40000 states in spread 17
Analyzing 40000 states in spread 18
Analyzing 40000 states in spread 19
Finished step 57, minimal spread 6, max spread 20, got 21 drops
Total number of curves 451129
Starting step 58
Analyzing 16 states in spread 6
Analyzing 169 states in spread 7
Analyzing 1260 states in spread 8
Analyzing 9684 states in spread 9
Analyzing 40000 states in spread 10
Analyzing 40000 states in spread 11
Analyzing 40000 states in spread 12
Analyzing 40000 states in spread 13
Analyzing 40000 states in spread 14
Analyzing 40000 states in spread 15
Analyzing 40000 states in spread 16
Analyzing 40000 states in spread 17
Analyzing 40000 states in spread 18
Analyzing 40000 states in spread 19
Finished step 58, minimal spread 6, max spread 20, got 23 drops
Total number of curves 450200
Starting step 59
Analyzing 3 states in spread 6
Analyzing 150 states in spread 7
Analyzing 1321 states in spread 8
Analyzing 8726 states in spread 9
Analyzing 40000 states in spread 10
Analyzing 40000 states in spread 11
Analyzing 40000 states in spread 12
Analyzing 40000 states in spread 13
Analyzing 40000 states in spread 14
Analyzing 40000 states in spread 15
Analyzing 40000 states in spread 16
Analyzing 40000 states in spread 17
Analyzing 40000 states in spread 18
Analyzing 40000 states in spread 19
Finished step 59, minimal spread 6, max spread 20, got 20 drops
Total number of curves 450453
Starting step 60
Analyzing 3 states in spread 6
Analyzing 80 states in spread 7
Analyzing 1220 states in spread 8
Analyzing 9150 states in spread 9
Analyzing 40000 states in spread 10
Analyzing 40000 states in spread 11
Analyzing 40000 states in spread 12
Analyzing 40000 states in spread 13
Analyzing 40000 states in spread 14
Analyzing 40000 states in spread 15
Analyzing 40000 states in spread 16
Analyzing 40000 states in spread 17
Analyzing 40000 states in spread 18
Analyzing 40000 states in spread 19
Finished step 60, minimal spread 6, max spread 20, got 30 drops
Total number of curves 449398
Starting step 61
Analyzing 8 states in spread 6
Analyzing 69 states in spread 7
Analyzing 868 states in spread 8
Analyzing 8453 states in spread 9
Analyzing 40000 states in spread 10
Analyzing 40000 states in spread 11
Analyzing 40000 states in spread 12
Analyzing 40000 states in spread 13
Analyzing 40000 states in spread 14
Analyzing 40000 states in spread 15
Analyzing 40000 states in spread 16
Analyzing 40000 states in spread 17
Analyzing 40000 states in spread 18
Analyzing 40000 states in spread 19
Finished step 61, minimal spread 5, max spread 20, got 43 drops
Total number of curves 447564
Starting step 62
Analyzing 2 states in spread 5
Analyzing 11 states in spread 6
Analyzing 120 states in spread 7
Analyzing 733 states in spread 8
Analyzing 6698 states in spread 9
Analyzing 40000 states in spread 10
Analyzing 40000 states in spread 11
Analyzing 40000 states in spread 12
Analyzing 40000 states in spread 13
Analyzing 40000 states in spread 14
Analyzing 40000 states in spread 15
Analyzing 40000 states in spread 16
Analyzing 40000 states in spread 17
Analyzing 40000 states in spread 18
Analyzing 40000 states in spread 19
Finished step 62, minimal spread 5, max spread 20, got 33 drops
Total number of curves 446056
Starting step 63
Analyzing 2 states in spread 5
Analyzing 20 states in spread 6
Analyzing 127 states in spread 7
Analyzing 1001 states in spread 8
Analyzing 5840 states in spread 9
Analyzing 39066 states in spread 10
Analyzing 40000 states in spread 11
Analyzing 40000 states in spread 12
Analyzing 40000 states in spread 13
Analyzing 40000 states in spread 14
Analyzing 40000 states in spread 15
Analyzing 40000 states in spread 16
Analyzing 40000 states in spread 17
Analyzing 40000 states in spread 18
Analyzing 40000 states in spread 19
Finished step 63, minimal spread 5, max spread 20, got 28 drops
Total number of curves 444491
Starting step 64
Analyzing 2 states in spread 5
Analyzing 23 states in spread 6
Analyzing 164 states in spread 7
Analyzing 1009 states in spread 8
Analyzing 6971 states in spread 9
Analyzing 36322 states in spread 10
Analyzing 40000 states in spread 11
Analyzing 40000 states in spread 12
Analyzing 40000 states in spread 13
Analyzing 40000 states in spread 14
Analyzing 40000 states in spread 15
Analyzing 40000 states in spread 16
Analyzing 40000 states in spread 17
Analyzing 40000 states in spread 18
Analyzing 40000 states in spread 19
Finished step 64, minimal spread 5, max spread 20, got 45 drops
Total number of curves 448238
Starting step 65
Analyzing 3 states in spread 5
Analyzing 27 states in spread 6
Analyzing 186 states in spread 7
Analyzing 1146 states in spread 8
Analyzing 6876 states in spread 9
Analyzing 40000 states in spread 10
Analyzing 40000 states in spread 11
Analyzing 40000 states in spread 12
Analyzing 40000 states in spread 13
Analyzing 40000 states in spread 14
Analyzing 40000 states in spread 15
Analyzing 40000 states in spread 16
Analyzing 40000 states in spread 17
Analyzing 40000 states in spread 18
Analyzing 40000 states in spread 19
Finished step 65, minimal spread 5, max spread 20, got 55 drops
Total number of curves 448969
Starting step 66
Analyzing 1 states in spread 5
Analyzing 34 states in spread 6
Analyzing 215 states in spread 7
Analyzing 1256 states in spread 8
Analyzing 7463 states in spread 9
Analyzing 40000 states in spread 10
Analyzing 40000 states in spread 11
Analyzing 40000 states in spread 12
Analyzing 40000 states in spread 13
Analyzing 40000 states in spread 14
Analyzing 40000 states in spread 15
Analyzing 40000 states in spread 16
Analyzing 40000 states in spread 17
Analyzing 40000 states in spread 18
Analyzing 40000 states in spread 19
Finished step 66, minimal spread 5, max spread 20, got 42 drops
Total number of curves 449701
Starting step 67
Analyzing 1 states in spread 5
Analyzing 17 states in spread 6
Analyzing 265 states in spread 7
Analyzing 1418 states in spread 8
Analyzing 8000 states in spread 9
Analyzing 40000 states in spread 10
Analyzing 40000 states in spread 11
Analyzing 40000 states in spread 12
Analyzing 40000 states in spread 13
Analyzing 40000 states in spread 14
Analyzing 40000 states in spread 15
Analyzing 40000 states in spread 16
Analyzing 40000 states in spread 17
Analyzing 40000 states in spread 18
Analyzing 40000 states in spread 19
Finished step 67, minimal spread 4, max spread 20, got 65 drops
Total number of curves 450716
Starting step 68
Analyzing 1 states in spread 4
Analyzing 5 states in spread 5
Analyzing 13 states in spread 6
Analyzing 184 states in spread 7
Analyzing 1751 states in spread 8
Analyzing 8762 states in spread 9
Analyzing 40000 states in spread 10
Analyzing 40000 states in spread 11
Analyzing 40000 states in spread 12
Analyzing 40000 states in spread 13
Analyzing 40000 states in spread 14
Analyzing 40000 states in spread 15
Analyzing 40000 states in spread 16
Analyzing 40000 states in spread 17
Analyzing 40000 states in spread 18
Analyzing 40000 states in spread 19
Finished step 68, minimal spread 3, max spread 20, got 55 drops
Total number of curves 452261
Starting step 69
Analyzing 1 states in spread 3
Analyzing 3 states in spread 4
Analyzing 11 states in spread 5
Analyzing 35 states in spread 6
Analyzing 137 states in spread 7
Analyzing 1441 states in spread 8
Analyzing 10633 states in spread 9
Analyzing 40000 states in spread 10
Analyzing 40000 states in spread 11
Analyzing 40000 states in spread 12
Analyzing 40000 states in spread 13
Analyzing 40000 states in spread 14
Analyzing 40000 states in spread 15
Analyzing 40000 states in spread 16
Analyzing 40000 states in spread 17
Analyzing 40000 states in spread 18
Analyzing 40000 states in spread 19
Finished step 69, minimal spread 2, max spread 20, got 68 drops
Total number of curves 451045
Starting step 70
Analyzing 1 states in spread 2
Analyzing 3 states in spread 3
Analyzing 10 states in spread 4
Analyzing 20 states in spread 5
Analyzing 62 states in spread 6
Analyzing 239 states in spread 7
Analyzing 1164 states in spread 8
Analyzing 9546 states in spread 9
Analyzing 40000 states in spread 10
Analyzing 40000 states in spread 11
Analyzing 40000 states in spread 12
Analyzing 40000 states in spread 13
Analyzing 40000 states in spread 14
Analyzing 40000 states in spread 15
Analyzing 40000 states in spread 16
Analyzing 40000 states in spread 17
Analyzing 40000 states in spread 18
Analyzing 40000 states in spread 19
Finished step 70, minimal spread 1, max spread 20, got 53 drops
Total number of curves 450265
Starting step 71
Analyzing 1 states in spread 1
Found witness #1 for p=5 at depth 71: [[2, -3, -2], [-2, 1, 2, -3, -2, -1], [-2, -1], [-2, -1], [-3, -2], [-2, 1, 2, -3, -2, -1], [1, -2, -1], [2, -3, -2, -1], [-2, 1, 2, -3, -2, -1], [1, -2, -1], [-1], [-2], [1, -2, -1], [2, -3, -2], [2, -3, -2], [-2, 1, 2, -3, -2, -1], [1, -2, -1], [2, -3, -2], [2, -3, -2], [1, -2, -1], [1, -2, -1], [1, -2, -1], [-1, -3], [2, -3, -2], [-2], [1, -2, -1], [-1], [2, -3, -2], [2, -3, -2], [1, -2, -1], [-1, -3], [-2, 1, 2, -3, -2, -1], [1, -2, -1], [2, -3, -2], [-2], [-3], [1, 2, -3, -2, -1], [1, -2, -1], [2, -3, -2], [-2, 1, 2, -3, -2, -1], [-1, -3], [2, -3, -2], [1, -2, -1], [1, -2, -1], [-1], [2, -3, -2], [1, 2, -3, -2, -1], [1, -2, -1], [-1, -3], [2, -3, -2], [2, -3, -2], [2, -3, -2], [1, -2, -1], [1, -2, -1], [2, -3, -2], [-2, 1, 2, -3, -2, -1], [1, -2, -1], [1, -2, -1], [2, -3, -2], [1, 2, -3, -2, -1], [-1], [2, -3, -2], [-2, 1, 2, -3, -2, -1], [1, -2, -1], [-3, -2], [-2, 1, 2, -3, -2, -1], [-3, 1, -2, -1], [2, -3, -2, -1], [2, -3, -2, -1], [-2, 1, 2, -3, -2, -1], [1, -2, -1]]
Found witness #2 for p=5 at depth 71: [[-3, -2], [-2, 1, 2, -3, -2, -1], [-2, -1], [-2, -1], [-3, -2], [-2, 1, 2, -3, -2, -1], [1, -2, -1], [2, -3, -2, -1], [-2, 1, 2, -3, -2, -1], [1, -2, -1], [-1], [-2], [1, -2, -1], [2, -3, -2], [2, -3, -2], [-2, 1, 2, -3, -2, -1], [1, -2, -1], [2, -3, -2], [2, -3, -2], [1, -2, -1], [1, -2, -1], [1, -2, -1], [-1, -3], [2, -3, -2], [-2], [1, -2, -1], [-1], [2, -3, -2], [2, -3, -2], [1, -2, -1], [-1, -3], [-2, 1, 2, -3, -2, -1], [1, -2, -1], [2, -3, -2], [-2], [-3], [1, 2, -3, -2, -1], [1, -2, -1], [2, -3, -2], [-2, 1, 2, -3, -2, -1], [-1, -3], [2, -3, -2], [1, -2, -1], [1, -2, -1], [-1], [2, -3, -2], [1, 2, -3, -2, -1], [1, -2, -1], [-1, -3], [2, -3, -2], [2, -3, -2], [2, -3, -2], [1, -2, -1], [1, -2, -1], [2, -3, -2], [-2, 1, 2, -3, -2, -1], [1, -2, -1], [1, -2, -1], [2, -3, -2], [1, 2, -3, -2, -1], [-1], [2, -3, -2], [-2, 1, 2, -3, -2, -1], [1, -2, -1], [-3, -2], [-2, 1, 2, -3, -2, -1], [-3, 1, -2, -1], [2, -3, -2, -1], [2, -3, -2, -1], [-2, 1, 2, -3, -2, -1], [1, -2, -1]]
Analyzing 2 states in spread 2
Analyzing 8 states in spread 3
Analyzing 16 states in spread 4
Analyzing 54 states in spread 5
Analyzing 116 states in spread 6
Analyzing 346 states in spread 7
Analyzing 1597 states in spread 8
Analyzing 8125 states in spread 9
Analyzing 40000 states in spread 10
Analyzing 40000 states in spread 11
Analyzing 40000 states in spread 12
Analyzing 40000 states in spread 13
Analyzing 40000 states in spread 14
Analyzing 40000 states in spread 15
Analyzing 40000 states in spread 16
Analyzing 40000 states in spread 17
Analyzing 40000 states in spread 18
Analyzing 40000 states in spread 19
Finished step 71, minimal spread 1, max spread 20, got 58 drops
Total number of curves 453131
Starting step 72
Analyzing 3 states in spread 1
Found witness #3 for p=5 at depth 72: [[-1], [2, -3, -2, -1], [-2, 1, 2, -3, -2, -1], [-2, -1], [-2, -1], [-3, -2], [-2, 1, 2, -3, -2, -1], [1, -2, -1], [2, -3, -2, -1], [-2, 1, 2, -3, -2, -1], [1, -2, -1], [-1], [-2], [1, -2, -1], [2, -3, -2], [2, -3, -2], [-2, 1, 2, -3, -2, -1], [1, -2, -1], [2, -3, -2], [2, -3, -2], [1, -2, -1], [1, -2, -1], [1, -2, -1], [-1, -3], [2, -3, -2], [-2], [1, -2, -1], [-1], [2, -3, -2], [2, -3, -2], [1, -2, -1], [-1, -3], [-2, 1, 2, -3, -2, -1], [1, -2, -1], [2, -3, -2], [-2], [-3], [1, 2, -3, -2, -1], [1, -2, -1], [2, -3, -2], [-2, 1, 2, -3, -2, -1], [-1, -3], [2, -3, -2], [1, -2, -1], [1, -2, -1], [-1], [2, -3, -2], [1, 2, -3, -2, -1], [1, -2, -1], [-1, -3], [2, -3, -2], [2, -3, -2], [2, -3, -2], [1, -2, -1], [1, -2, -1], [2, -3, -2], [-2, 1, 2, -3, -2, -1], [1, -2, -1], [1, -2, -1], [2, -3, -2], [1, 2, -3, -2, -1], [-1], [2, -3, -2], [-2, 1, 2, -3, -2, -1], [1, -2, -1], [-3, -2], [-2, 1, 2, -3, -2, -1], [-3, 1, -2, -1], [2, -3, -2, -1], [2, -3, -2, -1], [-2, 1, 2, -3, -2, -1], [1, -2, -1]]
Analyzing 7 states in spread 2
Analyzing 10 states in spread 3
Analyzing 43 states in spread 4
Analyzing 82 states in spread 5
Analyzing 277 states in spread 6
Analyzing 640 states in spread 7
Analyzing 2033 states in spread 8
Analyzing 10036 states in spread 9
Analyzing 40000 states in spread 10
Analyzing 40000 states in spread 11
Analyzing 40000 states in spread 12
Analyzing 40000 states in spread 13
Analyzing 40000 states in spread 14
Analyzing 40000 states in spread 15
Analyzing 40000 states in spread 16
Analyzing 40000 states in spread 17
Analyzing 40000 states in spread 18
Analyzing 40000 states in spread 19
Finished step 72, minimal spread 1, max spread 20, got 43 drops
Total number of curves 457643
Starting step 73
Analyzing 4 states in spread 1
Found witness #4 for p=5 at depth 73: [[1, 2, -3, -2, -1], [-1, -3], [2, -3, -2, -1], [-2, 1, 2, -3, -2, -1], [-2, -1], [-2, -1], [-3, -2], [-2, 1, 2, -3, -2, -1], [1, -2, -1], [2, -3, -2, -1], [-2, 1, 2, -3, -2, -1], [1, -2, -1], [-1], [-2], [1, -2, -1], [2, -3, -2], [2, -3, -2], [-2, 1, 2, -3, -2, -1], [1, -2, -1], [2, -3, -2], [2, -3, -2], [1, -2, -1], [1, -2, -1], [1, -2, -1], [-1, -3], [2, -3, -2], [-2], [1, -2, -1], [-1], [2, -3, -2], [2, -3, -2], [1, -2, -1], [-1, -3], [-2, 1, 2, -3, -2, -1], [1, -2, -1], [2, -3, -2], [-2], [-3], [1, 2, -3, -2, -1], [1, -2, -1], [2, -3, -2], [-2, 1, 2, -3, -2, -1], [-1, -3], [2, -3, -2], [1, -2, -1], [1, -2, -1], [-1], [2, -3, -2], [1, 2, -3, -2, -1], [1, -2, -1], [-1, -3], [2, -3, -2], [2, -3, -2], [2, -3, -2], [1, -2, -1], [1, -2, -1], [2, -3, -2], [-2, 1, 2, -3, -2, -1], [1, -2, -1], [1, -2, -1], [2, -3, -2], [1, 2, -3, -2, -1], [-1], [2, -3, -2], [-2, 1, 2, -3, -2, -1], [1, -2, -1], [-3, -2], [-2, 1, 2, -3, -2, -1], [-3, 1, -2, -1], [2, -3, -2, -1], [2, -3, -2, -1], [-2, 1, 2, -3, -2, -1], [1, -2, -1]]
Found witness #5 for p=5 at depth 73: [[1, 2, -3, -2, -1], [2, -3, -2, -1], [2, -3, -2, -1], [-2, 1, 2, -3, -2, -1], [-2, -1], [-2, -1], [-3, -2], [-2, 1, 2, -3, -2, -1], [1, -2, -1], [2, -3, -2, -1], [-2, 1, 2, -3, -2, -1], [1, -2, -1], [-1], [-2], [1, -2, -1], [2, -3, -2], [2, -3, -2], [-2, 1, 2, -3, -2, -1], [1, -2, -1], [2, -3, -2], [2, -3, -2], [1, -2, -1], [1, -2, -1], [1, -2, -1], [-1, -3], [2, -3, -2], [-2], [1, -2, -1], [-1], [2, -3, -2], [2, -3, -2], [1, -2, -1], [-1, -3], [-2, 1, 2, -3, -2, -1], [1, -2, -1], [2, -3, -2], [-2], [-3], [1, 2, -3, -2, -1], [1, -2, -1], [2, -3, -2], [-2, 1, 2, -3, -2, -1], [-1, -3], [2, -3, -2], [1, -2, -1], [1, -2, -1], [-1], [2, -3, -2], [1, 2, -3, -2, -1], [1, -2, -1], [-1, -3], [2, -3, -2], [2, -3, -2], [2, -3, -2], [1, -2, -1], [1, -2, -1], [2, -3, -2], [-2, 1, 2, -3, -2, -1], [1, -2, -1], [1, -2, -1], [2, -3, -2], [1, 2, -3, -2, -1], [-1], [2, -3, -2], [-2, 1, 2, -3, -2, -1], [1, -2, -1], [-3, -2], [-2, 1, 2, -3, -2, -1], [-3, 1, -2, -1], [2, -3, -2, -1], [2, -3, -2, -1], [-2, 1, 2, -3, -2, -1], [1, -2, -1]]
Analyzing 15 states in spread 2
Analyzing 38 states in spread 3
Analyzing 51 states in spread 4
Analyzing 214 states in spread 5
Analyzing 407 states in spread 6
Analyzing 1408 states in spread 7
Analyzing 3523 states in spread 8
Analyzing 11983 states in spread 9
Analyzing 40000 states in spread 10
Analyzing 40000 states in spread 11
Analyzing 40000 states in spread 12
Analyzing 40000 states in spread 13
Analyzing 40000 states in spread 14
Analyzing 40000 states in spread 15
Analyzing 40000 states in spread 16
Analyzing 40000 states in spread 17
Analyzing 40000 states in spread 18
Analyzing 40000 states in spread 19
Finished step 73, minimal spread 1, max spread 20, got 37 drops
Total number of curves 470082
Starting step 74
Analyzing 9 states in spread 1
Found witness #6 for p=5 at depth 74: [[-3], [-2, 1, 2, -3, -2, -1], [-1, -3], [2, -3, -2, -1], [-2, 1, 2, -3, -2, -1], [-2, -1], [-2, -1], [-3, -2], [-2, 1, 2, -3, -2, -1], [1, -2, -1], [2, -3, -2, -1], [-2, 1, 2, -3, -2, -1], [1, -2, -1], [-1], [-2], [1, -2, -1], [2, -3, -2], [2, -3, -2], [-2, 1, 2, -3, -2, -1], [1, -2, -1], [2, -3, -2], [2, -3, -2], [1, -2, -1], [1, -2, -1], [1, -2, -1], [-1, -3], [2, -3, -2], [-2], [1, -2, -1], [-1], [2, -3, -2], [2, -3, -2], [1, -2, -1], [-1, -3], [-2, 1, 2, -3, -2, -1], [1, -2, -1], [2, -3, -2], [-2], [-3], [1, 2, -3, -2, -1], [1, -2, -1], [2, -3, -2], [-2, 1, 2, -3, -2, -1], [-1, -3], [2, -3, -2], [1, -2, -1], [1, -2, -1], [-1], [2, -3, -2], [1, 2, -3, -2, -1], [1, -2, -1], [-1, -3], [2, -3, -2], [2, -3, -2], [2, -3, -2], [1, -2, -1], [1, -2, -1], [2, -3, -2], [-2, 1, 2, -3, -2, -1], [1, -2, -1], [1, -2, -1], [2, -3, -2], [1, 2, -3, -2, -1], [-1], [2, -3, -2], [-2, 1, 2, -3, -2, -1], [1, -2, -1], [-3, -2], [-2, 1, 2, -3, -2, -1], [-3, 1, -2, -1], [2, -3, -2, -1], [2, -3, -2, -1], [-2, 1, 2, -3, -2, -1], [1, -2, -1]]
Found witness #7 for p=5 at depth 74: [[-3], [-3, 1, -2, -1], [-1, -3], [2, -3, -2, -1], [-2, 1, 2, -3, -2, -1], [-2, -1], [-2, -1], [-3, -2], [-2, 1, 2, -3, -2, -1], [1, -2, -1], [2, -3, -2, -1], [-2, 1, 2, -3, -2, -1], [1, -2, -1], [-1], [-2], [1, -2, -1], [2, -3, -2], [2, -3, -2], [-2, 1, 2, -3, -2, -1], [1, -2, -1], [2, -3, -2], [2, -3, -2], [1, -2, -1], [1, -2, -1], [1, -2, -1], [-1, -3], [2, -3, -2], [-2], [1, -2, -1], [-1], [2, -3, -2], [2, -3, -2], [1, -2, -1], [-1, -3], [-2, 1, 2, -3, -2, -1], [1, -2, -1], [2, -3, -2], [-2], [-3], [1, 2, -3, -2, -1], [1, -2, -1], [2, -3, -2], [-2, 1, 2, -3, -2, -1], [-1, -3], [2, -3, -2], [1, -2, -1], [1, -2, -1], [-1], [2, -3, -2], [1, 2, -3, -2, -1], [1, -2, -1], [-1, -3], [2, -3, -2], [2, -3, -2], [2, -3, -2], [1, -2, -1], [1, -2, -1], [2, -3, -2], [-2, 1, 2, -3, -2, -1], [1, -2, -1], [1, -2, -1], [2, -3, -2], [1, 2, -3, -2, -1], [-1], [2, -3, -2], [-2, 1, 2, -3, -2, -1], [1, -2, -1], [-3, -2], [-2, 1, 2, -3, -2, -1], [-3, 1, -2, -1], [2, -3, -2, -1], [2, -3, -2, -1], [-2, 1, 2, -3, -2, -1], [1, -2, -1]]
Found witness #8 for p=5 at depth 74: [[2, -3, -2], [2, -3, -2, -1], [2, -3, -2, -1], [2, -3, -2, -1], [-2, 1, 2, -3, -2, -1], [-2, -1], [-2, -1], [-3, -2], [-2, 1, 2, -3, -2, -1], [1, -2, -1], [2, -3, -2, -1], [-2, 1, 2, -3, -2, -1], [1, -2, -1], [-1], [-2], [1, -2, -1], [2, -3, -2], [2, -3, -2], [-2, 1, 2, -3, -2, -1], [1, -2, -1], [2, -3, -2], [2, -3, -2], [1, -2, -1], [1, -2, -1], [1, -2, -1], [-1, -3], [2, -3, -2], [-2], [1, -2, -1], [-1], [2, -3, -2], [2, -3, -2], [1, -2, -1], [-1, -3], [-2, 1, 2, -3, -2, -1], [1, -2, -1], [2, -3, -2], [-2], [-3], [1, 2, -3, -2, -1], [1, -2, -1], [2, -3, -2], [-2, 1, 2, -3, -2, -1], [-1, -3], [2, -3, -2], [1, -2, -1], [1, -2, -1], [-1], [2, -3, -2], [1, 2, -3, -2, -1], [1, -2, -1], [-1, -3], [2, -3, -2], [2, -3, -2], [2, -3, -2], [1, -2, -1], [1, -2, -1], [2, -3, -2], [-2, 1, 2, -3, -2, -1], [1, -2, -1], [1, -2, -1], [2, -3, -2], [1, 2, -3, -2, -1], [-1], [2, -3, -2], [-2, 1, 2, -3, -2, -1], [1, -2, -1], [-3, -2], [-2, 1, 2, -3, -2, -1], [-3, 1, -2, -1], [2, -3, -2, -1], [2, -3, -2, -1], [-2, 1, 2, -3, -2, -1], [1, -2, -1]]
Analyzing 21 states in spread 2
Analyzing 73 states in spread 3
Analyzing 190 states in spread 4
Analyzing 255 states in spread 5
Analyzing 1053 states in spread 6
Analyzing 2030 states in spread 7
Analyzing 7223 states in spread 8
Analyzing 19228 states in spread 9
Analyzing 40000 states in spread 10
Analyzing 40000 states in spread 11
Analyzing 40000 states in spread 12
Analyzing 40000 states in spread 13
Analyzing 40000 states in spread 14
Analyzing 40000 states in spread 15
Analyzing 40000 states in spread 16
Analyzing 40000 states in spread 17
Analyzing 40000 states in spread 18
Analyzing 40000 states in spread 19
Finished step 74, minimal spread 1, max spread 20, got 42 drops
Total number of curves 495351
Starting step 75
Analyzing 18 states in spread 1
Found witness #9 for p=5 at depth 75: [[-2], [-1, -3], [-2, 1, 2, -3, -2, -1], [-1, -3], [2, -3, -2, -1], [-2, 1, 2, -3, -2, -1], [-2, -1], [-2, -1], [-3, -2], [-2, 1, 2, -3, -2, -1], [1, -2, -1], [2, -3, -2, -1], [-2, 1, 2, -3, -2, -1], [1, -2, -1], [-1], [-2], [1, -2, -1], [2, -3, -2], [2, -3, -2], [-2, 1, 2, -3, -2, -1], [1, -2, -1], [2, -3, -2], [2, -3, -2], [1, -2, -1], [1, -2, -1], [1, -2, -1], [-1, -3], [2, -3, -2], [-2], [1, -2, -1], [-1], [2, -3, -2], [2, -3, -2], [1, -2, -1], [-1, -3], [-2, 1, 2, -3, -2, -1], [1, -2, -1], [2, -3, -2], [-2], [-3], [1, 2, -3, -2, -1], [1, -2, -1], [2, -3, -2], [-2, 1, 2, -3, -2, -1], [-1, -3], [2, -3, -2], [1, -2, -1], [1, -2, -1], [-1], [2, -3, -2], [1, 2, -3, -2, -1], [1, -2, -1], [-1, -3], [2, -3, -2], [2, -3, -2], [2, -3, -2], [1, -2, -1], [1, -2, -1], [2, -3, -2], [-2, 1, 2, -3, -2, -1], [1, -2, -1], [1, -2, -1], [2, -3, -2], [1, 2, -3, -2, -1], [-1], [2, -3, -2], [-2, 1, 2, -3, -2, -1], [1, -2, -1], [-3, -2], [-2, 1, 2, -3, -2, -1], [-3, 1, -2, -1], [2, -3, -2, -1], [2, -3, -2, -1], [-2, 1, 2, -3, -2, -1], [1, -2, -1]]
Found witness #10 for p=5 at depth 75: [[-2], [-3, -2], [-2, 1, 2, -3, -2, -1], [-1, -3], [2, -3, -2, -1], [-2, 1, 2, -3, -2, -1], [-2, -1], [-2, -1], [-3, -2], [-2, 1, 2, -3, -2, -1], [1, -2, -1], [2, -3, -2, -1], [-2, 1, 2, -3, -2, -1], [1, -2, -1], [-1], [-2], [1, -2, -1], [2, -3, -2], [2, -3, -2], [-2, 1, 2, -3, -2, -1], [1, -2, -1], [2, -3, -2], [2, -3, -2], [1, -2, -1], [1, -2, -1], [1, -2, -1], [-1, -3], [2, -3, -2], [-2], [1, -2, -1], [-1], [2, -3, -2], [2, -3, -2], [1, -2, -1], [-1, -3], [-2, 1, 2, -3, -2, -1], [1, -2, -1], [2, -3, -2], [-2], [-3], [1, 2, -3, -2, -1], [1, -2, -1], [2, -3, -2], [-2, 1, 2, -3, -2, -1], [-1, -3], [2, -3, -2], [1, -2, -1], [1, -2, -1], [-1], [2, -3, -2], [1, 2, -3, -2, -1], [1, -2, -1], [-1, -3], [2, -3, -2], [2, -3, -2], [2, -3, -2], [1, -2, -1], [1, -2, -1], [2, -3, -2], [-2, 1, 2, -3, -2, -1], [1, -2, -1], [1, -2, -1], [2, -3, -2], [1, 2, -3, -2, -1], [-1], [2, -3, -2], [-2, 1, 2, -3, -2, -1], [1, -2, -1], [-3, -2], [-2, 1, 2, -3, -2, -1], [-3, 1, -2, -1], [2, -3, -2, -1], [2, -3, -2, -1], [-2, 1, 2, -3, -2, -1], [1, -2, -1]]
Reached witness print limit (10); suppressing further witness dumps.
Analyzing 50 states in spread 2
Analyzing 103 states in spread 3
Analyzing 354 states in spread 4
Analyzing 928 states in spread 5
Analyzing 1265 states in spread 6
Analyzing 5187 states in spread 7
Analyzing 10291 states in spread 8
Analyzing 37155 states in spread 9
Analyzing 40000 states in spread 10
Analyzing 40000 states in spread 11
Analyzing 40000 states in spread 12
Analyzing 40000 states in spread 13
Analyzing 40000 states in spread 14
Analyzing 40000 states in spread 15
Analyzing 40000 states in spread 16
Analyzing 40000 states in spread 17
Analyzing 40000 states in spread 18
Finished step 75, minimal spread 1, max spread 19, got 30 drops
Total number of curves 479093
Starting step 76
Analyzing 25 states in spread 1
Analyzing 102 states in spread 2
Analyzing 254 states in spread 3
Analyzing 499 states in spread 4
Analyzing 1724 states in spread 5
Analyzing 4522 states in spread 6
Analyzing 6305 states in spread 7
Analyzing 25662 states in spread 8
Analyzing 40000 states in spread 9
Analyzing 40000 states in spread 10
Analyzing 40000 states in spread 11
Analyzing 40000 states in spread 12
Analyzing 40000 states in spread 13
Analyzing 40000 states in spread 14
Analyzing 40000 states in spread 15
Analyzing 40000 states in spread 16
Analyzing 40000 states in spread 17
Analyzing 40000 states in spread 18
Finished step 76, minimal spread 1, max spread 19, got 20 drops
Total number of curves 506425
Starting step 77
Analyzing 40 states in spread 1
Analyzing 133 states in spread 2
Analyzing 514 states in spread 3
Analyzing 1248 states in spread 4
Analyzing 2441 states in spread 5
Analyzing 8413 states in spread 6
Analyzing 22049 states in spread 7
Analyzing 31587 states in spread 8
Analyzing 40000 states in spread 9
Analyzing 40000 states in spread 10
Analyzing 40000 states in spread 11
Analyzing 40000 states in spread 12
Analyzing 40000 states in spread 13
Analyzing 40000 states in spread 14
Analyzing 40000 states in spread 15
Analyzing 40000 states in spread 16
Analyzing 40000 states in spread 17
Finished step 77, minimal spread 1, max spread 18, got 23 drops
Total number of curves 501546
Starting step 78
Analyzing 70 states in spread 1
Analyzing 212 states in spread 2
Analyzing 659 states in spread 3
Analyzing 2522 states in spread 4
Analyzing 6088 states in spread 5
Analyzing 11995 states in spread 6
Analyzing 40000 states in spread 7
Analyzing 40000 states in spread 8
Analyzing 40000 states in spread 9
Analyzing 40000 states in spread 10
Analyzing 40000 states in spread 11
Analyzing 40000 states in spread 12
Analyzing 40000 states in spread 13
Analyzing 40000 states in spread 14
Analyzing 40000 states in spread 15
Analyzing 40000 states in spread 16
Finished step 78, minimal spread 1, max spread 17, got 21 drops
Total number of curves 486746
Starting step 79
Analyzing 110 states in spread 1
Analyzing 379 states in spread 2
Analyzing 1054 states in spread 3
Analyzing 3217 states in spread 4
Analyzing 12306 states in spread 5
Analyzing 29680 states in spread 6
Analyzing 40000 states in spread 7
Analyzing 40000 states in spread 8
Analyzing 40000 states in spread 9
Analyzing 40000 states in spread 10
Analyzing 40000 states in spread 11
Analyzing 40000 states in spread 12
Analyzing 40000 states in spread 13
Analyzing 40000 states in spread 14
Analyzing 40000 states in spread 15
Finished step 79, minimal spread 1, max spread 16, got 20 drops
Total number of curves 463570
Starting step 80
Analyzing 171 states in spread 1
Analyzing 584 states in spread 2
Analyzing 1892 states in spread 3
Analyzing 5168 states in spread 4
Analyzing 15755 states in spread 5
Analyzing 40000 states in spread 6
Analyzing 40000 states in spread 7
Analyzing 40000 states in spread 8
Analyzing 40000 states in spread 9
Analyzing 40000 states in spread 10
Analyzing 40000 states in spread 11
Analyzing 40000 states in spread 12
Analyzing 40000 states in spread 13
Analyzing 40000 states in spread 14
Analyzing 40000 states in spread 15
Finished step 80, minimal spread 1, max spread 16, got 29 drops
Total number of curves 478681
Starting step 81
Analyzing 274 states in spread 1
Analyzing 902 states in spread 2
Analyzing 2903 states in spread 3
Analyzing 9265 states in spread 4
Analyzing 25337 states in spread 5
Analyzing 40000 states in spread 6
Analyzing 40000 states in spread 7
Analyzing 40000 states in spread 8
Analyzing 40000 states in spread 9
Analyzing 40000 states in spread 10
Analyzing 40000 states in spread 11
Analyzing 40000 states in spread 12
Analyzing 40000 states in spread 13
Analyzing 40000 states in spread 14
Analyzing 40000 states in spread 15
Finished step 81, minimal spread 1, max spread 16, got 42 drops
Total number of curves 500556
Starting step 82
Analyzing 432 states in spread 1
Analyzing 1452 states in spread 2
Analyzing 4477 states in spread 3
Analyzing 14195 states in spread 4
Analyzing 40000 states in spread 5
Analyzing 40000 states in spread 6
Analyzing 40000 states in spread 7
Analyzing 40000 states in spread 8
Analyzing 40000 states in spread 9
Analyzing 40000 states in spread 10
Analyzing 40000 states in spread 11
Analyzing 40000 states in spread 12
Analyzing 40000 states in spread 13
Analyzing 40000 states in spread 14
Finished step 82, minimal spread 1, max spread 15, got 60 drops
Total number of curves 472072
Starting step 83
Analyzing 672 states in spread 1
Analyzing 2278 states in spread 2
Analyzing 7212 states in spread 3
Analyzing 21910 states in spread 4
Analyzing 40000 states in spread 5
Analyzing 40000 states in spread 6
Analyzing 40000 states in spread 7
Analyzing 40000 states in spread 8
Analyzing 40000 states in spread 9
Analyzing 40000 states in spread 10
Analyzing 40000 states in spread 11
Analyzing 40000 states in spread 12
Analyzing 40000 states in spread 13
Analyzing 40000 states in spread 14
Finished step 83, minimal spread 1, max spread 15, got 88 drops
Total number of curves 491169
Starting step 84
Analyzing 1048 states in spread 1
Analyzing 3537 states in spread 2
Analyzing 11308 states in spread 3
Analyzing 35276 states in spread 4
Analyzing 40000 states in spread 5
Analyzing 40000 states in spread 6
Analyzing 40000 states in spread 7
Analyzing 40000 states in spread 8
Analyzing 40000 states in spread 9
Analyzing 40000 states in spread 10
Analyzing 40000 states in spread 11
Analyzing 40000 states in spread 12
Analyzing 40000 states in spread 13
Finished step 84, minimal spread 1, max spread 14, got 129 drops
Total number of curves 464696
Starting step 85
Analyzing 1630 states in spread 1
Analyzing 5518 states in spread 2
Analyzing 17548 states in spread 3
Analyzing 40000 states in spread 4
Analyzing 40000 states in spread 5
Analyzing 40000 states in spread 6
Analyzing 40000 states in spread 7
Analyzing 40000 states in spread 8
Analyzing 40000 states in spread 9
Analyzing 40000 states in spread 10
Analyzing 40000 states in spread 11
Analyzing 40000 states in spread 12
Analyzing 40000 states in spread 13
Finished step 85, minimal spread 1, max spread 14, got 189 drops
Total number of curves 478459
Starting step 86
Analyzing 2521 states in spread 1
Analyzing 8568 states in spread 2
Analyzing 27370 states in spread 3
Analyzing 40000 states in spread 4
Analyzing 40000 states in spread 5
Analyzing 40000 states in spread 6
Analyzing 40000 states in spread 7
Analyzing 40000 states in spread 8
Analyzing 40000 states in spread 9
Analyzing 40000 states in spread 10
Analyzing 40000 states in spread 11
Analyzing 40000 states in spread 12
Analyzing 40000 states in spread 13
Finished step 86, minimal spread 1, max spread 14, got 277 drops
Total number of curves 497137
Starting step 87
Analyzing 3890 states in spread 1
Analyzing 13247 states in spread 2
Analyzing 40000 states in spread 3
Analyzing 40000 states in spread 4
Analyzing 40000 states in spread 5
Analyzing 40000 states in spread 6
Analyzing 40000 states in spread 7
Analyzing 40000 states in spread 8
Analyzing 40000 states in spread 9
Analyzing 40000 states in spread 10
Analyzing 40000 states in spread 11
Analyzing 40000 states in spread 12
Finished step 87, minimal spread 1, max spread 13, got 406 drops
Total number of curves 466429
Starting step 88
Analyzing 5991 states in spread 1
Analyzing 20438 states in spread 2
Analyzing 40000 states in spread 3
Analyzing 40000 states in spread 4
Analyzing 40000 states in spread 5
Analyzing 40000 states in spread 6
Analyzing 40000 states in spread 7
Analyzing 40000 states in spread 8
Analyzing 40000 states in spread 9
Analyzing 40000 states in spread 10
Analyzing 40000 states in spread 11
Analyzing 40000 states in spread 12
Finished step 88, minimal spread 1, max spread 13, got 595 drops
Total number of curves 480656
Starting step 89
Analyzing 9202 states in spread 1
Analyzing 31454 states in spread 2
Analyzing 40000 states in spread 3
Analyzing 40000 states in spread 4
Analyzing 40000 states in spread 5
Analyzing 40000 states in spread 6
Analyzing 40000 states in spread 7
Analyzing 40000 states in spread 8
Analyzing 40000 states in spread 9
Analyzing 40000 states in spread 10
Analyzing 40000 states in spread 11
Finished step 89, minimal spread 1, max spread 12, got 872 drops
Total number of curves 454103
Starting step 90
Analyzing 14103 states in spread 1
Analyzing 40000 states in spread 2
Analyzing 40000 states in spread 3
Analyzing 40000 states in spread 4
Analyzing 40000 states in spread 5
Analyzing 40000 states in spread 6
Analyzing 40000 states in spread 7
Analyzing 40000 states in spread 8
Analyzing 40000 states in spread 9
Analyzing 40000 states in spread 10
Analyzing 40000 states in spread 11
Finished step 90, minimal spread 1, max spread 11, got 1278 drops
Total number of curves 421576
Starting step 91
Analyzing 21576 states in spread 1
Analyzing 40000 states in spread 2
Analyzing 40000 states in spread 3
Analyzing 40000 states in spread 4
Analyzing 40000 states in spread 5
Analyzing 40000 states in spread 6
Analyzing 40000 states in spread 7
Analyzing 40000 states in spread 8
Analyzing 40000 states in spread 9
Analyzing 40000 states in spread 10
Analyzing 40000 states in spread 11
Finished step 91, minimal spread 1, max spread 10, got 1873 drops
Total number of curves 392950
Starting step 92
Analyzing 32950 states in spread 1
Analyzing 40000 states in spread 2
Analyzing 40000 states in spread 3
Analyzing 40000 states in spread 4
Analyzing 40000 states in spread 5
Analyzing 40000 states in spread 6
Analyzing 40000 states in spread 7
Analyzing 40000 states in spread 8
Analyzing 40000 states in spread 9
Analyzing 40000 states in spread 10
Finished step 92, minimal spread 1, max spread 9, got 2745 drops
Total number of curves 360000
Starting step 93
Analyzing 40000 states in spread 1
Analyzing 40000 states in spread 2
Analyzing 40000 states in spread 3
Analyzing 40000 states in spread 4
Analyzing 40000 states in spread 5
Analyzing 40000 states in spread 6
Analyzing 40000 states in spread 7
Analyzing 40000 states in spread 8
Analyzing 40000 states in spread 9
Finished step 93, minimal spread 1, max spread 8, got 3220 drops
Total number of curves 320000
Starting step 94
Analyzing 40000 states in spread 1
Analyzing 40000 states in spread 2
Analyzing 40000 states in spread 3
Analyzing 40000 states in spread 4
Analyzing 40000 states in spread 5
Analyzing 40000 states in spread 6
Analyzing 40000 states in spread 7
Analyzing 40000 states in spread 8
Finished step 94, minimal spread 1, max spread 7, got 3049 drops
Total number of curves 280000
Starting step 95
Analyzing 40000 states in spread 1
Analyzing 40000 states in spread 2
Analyzing 40000 states in spread 3
Analyzing 40000 states in spread 4
Analyzing 40000 states in spread 5
Analyzing 40000 states in spread 6
Analyzing 40000 states in spread 7
Finished step 95, minimal spread 1, max spread 6, got 2926 drops
Total number of curves 240000
Starting step 96
Analyzing 40000 states in spread 1
Analyzing 40000 states in spread 2
Analyzing 40000 states in spread 3
Analyzing 40000 states in spread 4
Analyzing 40000 states in spread 5
Analyzing 40000 states in spread 6
Finished step 96, minimal spread 1, max spread 5, got 2918 drops
Total number of curves 200000
Starting step 97
Analyzing 40000 states in spread 1
Analyzing 40000 states in spread 2
Analyzing 40000 states in spread 3
Analyzing 40000 states in spread 4
Analyzing 40000 states in spread 5
Finished step 97, minimal spread 1, max spread 4, got 2782 drops
Total number of curves 160000
Starting step 98
Analyzing 40000 states in spread 1
Analyzing 40000 states in spread 2
Analyzing 40000 states in spread 3
Analyzing 40000 states in spread 4
Finished step 98, minimal spread 1, max spread 3, got 2641 drops
Total number of curves 120000
Starting step 99
Analyzing 40000 states in spread 1
Analyzing 40000 states in spread 2
Analyzing 40000 states in spread 3
Finished step 99, minimal spread 1, max spread 2, got 2574 drops
Total number of curves 80000
Starting step 100
Analyzing 40000 states in spread 1
Analyzing 40000 states in spread 2
Finished step 100, minimal spread 1, max spread 1, got 2539 drops
Total number of curves 40000
Altogether, runtime= 34.70304296875
SUMMARY witness_output= /nfs/roberts/project/pi_com36/com36/burau-experiments/curvemod/logs/a3_mod5_bucket40k_total400k_len100_multi_20260310_012505_witnesses.txt
SUMMARY found= True
SUMMARY first_depth= 71
SUMMARY unique_witnesses= 31289
SUMMARY total_hits= 31289
SUMMARY witness_depth_histogram= {71: 2, 72: 1, 73: 2, 74: 3, 75: 4, 76: 6, 77: 9, 78: 13, 79: 19, 80: 28, 81: 41, 82: 60, 83: 88, 84: 129, 85: 189, 86: 277, 87: 406, 88: 595, 89: 872, 90: 1278, 91: 1873, 92: 2745, 93: 3220, 94: 3049, 95: 2926, 96: 2918, 97: 2782, 98: 2641, 99: 2574, 100: 2539}
SUMMARY witness_1_depth= 71
SUMMARY witness_1= [[2, -3, -2], [-2, 1, 2, -3, -2, -1], [-2, -1], [-2, -1], [-3, -2], [-2, 1, 2, -3, -2, -1], [1, -2, -1], [2, -3, -2, -1], [-2, 1, 2, -3, -2, -1], [1, -2, -1], [-1], [-2], [1, -2, -1], [2, -3, -2], [2, -3, -2], [-2, 1, 2, -3, -2, -1], [1, -2, -1], [2, -3, -2], [2, -3, -2], [1, -2, -1], [1, -2, -1], [1, -2, -1], [-1, -3], [2, -3, -2], [-2], [1, -2, -1], [-1], [2, -3, -2], [2, -3, -2], [1, -2, -1], [-1, -3], [-2, 1, 2, -3, -2, -1], [1, -2, -1], [2, -3, -2], [-2], [-3], [1, 2, -3, -2, -1], [1, -2, -1], [2, -3, -2], [-2, 1, 2, -3, -2, -1], [-1, -3], [2, -3, -2], [1, -2, -1], [1, -2, -1], [-1], [2, -3, -2], [1, 2, -3, -2, -1], [1, -2, -1], [-1, -3], [2, -3, -2], [2, -3, -2], [2, -3, -2], [1, -2, -1], [1, -2, -1], [2, -3, -2], [-2, 1, 2, -3, -2, -1], [1, -2, -1], [1, -2, -1], [2, -3, -2], [1, 2, -3, -2, -1], [-1], [2, -3, -2], [-2, 1, 2, -3, -2, -1], [1, -2, -1], [-3, -2], [-2, 1, 2, -3, -2, -1], [-3, 1, -2, -1], [2, -3, -2, -1], [2, -3, -2, -1], [-2, 1, 2, -3, -2, -1], [1, -2, -1]]
SUMMARY witness_2_depth= 71
SUMMARY witness_2= [[-3, -2], [-2, 1, 2, -3, -2, -1], [-2, -1], [-2, -1], [-3, -2], [-2, 1, 2, -3, -2, -1], [1, -2, -1], [2, -3, -2, -1], [-2, 1, 2, -3, -2, -1], [1, -2, -1], [-1], [-2], [1, -2, -1], [2, -3, -2], [2, -3, -2], [-2, 1, 2, -3, -2, -1], [1, -2, -1], [2, -3, -2], [2, -3, -2], [1, -2, -1], [1, -2, -1], [1, -2, -1], [-1, -3], [2, -3, -2], [-2], [1, -2, -1], [-1], [2, -3, -2], [2, -3, -2], [1, -2, -1], [-1, -3], [-2, 1, 2, -3, -2, -1], [1, -2, -1], [2, -3, -2], [-2], [-3], [1, 2, -3, -2, -1], [1, -2, -1], [2, -3, -2], [-2, 1, 2, -3, -2, -1], [-1, -3], [2, -3, -2], [1, -2, -1], [1, -2, -1], [-1], [2, -3, -2], [1, 2, -3, -2, -1], [1, -2, -1], [-1, -3], [2, -3, -2], [2, -3, -2], [2, -3, -2], [1, -2, -1], [1, -2, -1], [2, -3, -2], [-2, 1, 2, -3, -2, -1], [1, -2, -1], [1, -2, -1], [2, -3, -2], [1, 2, -3, -2, -1], [-1], [2, -3, -2], [-2, 1, 2, -3, -2, -1], [1, -2, -1], [-3, -2], [-2, 1, 2, -3, -2, -1], [-3, 1, -2, -1], [2, -3, -2, -1], [2, -3, -2, -1], [-2, 1, 2, -3, -2, -1], [1, -2, -1]]
SUMMARY witness_3_depth= 72
SUMMARY witness_3= [[-1], [2, -3, -2, -1], [-2, 1, 2, -3, -2, -1], [-2, -1], [-2, -1], [-3, -2], [-2, 1, 2, -3, -2, -1], [1, -2, -1], [2, -3, -2, -1], [-2, 1, 2, -3, -2, -1], [1, -2, -1], [-1], [-2], [1, -2, -1], [2, -3, -2], [2, -3, -2], [-2, 1, 2, -3, -2, -1], [1, -2, -1], [2, -3, -2], [2, -3, -2], [1, -2, -1], [1, -2, -1], [1, -2, -1], [-1, -3], [2, -3, -2], [-2], [1, -2, -1], [-1], [2, -3, -2], [2, -3, -2], [1, -2, -1], [-1, -3], [-2, 1, 2, -3, -2, -1], [1, -2, -1], [2, -3, -2], [-2], [-3], [1, 2, -3, -2, -1], [1, -2, -1], [2, -3, -2], [-2, 1, 2, -3, -2, -1], [-1, -3], [2, -3, -2], [1, -2, -1], [1, -2, -1], [-1], [2, -3, -2], [1, 2, -3, -2, -1], [1, -2, -1], [-1, -3], [2, -3, -2], [2, -3, -2], [2, -3, -2], [1, -2, -1], [1, -2, -1], [2, -3, -2], [-2, 1, 2, -3, -2, -1], [1, -2, -1], [1, -2, -1], [2, -3, -2], [1, 2, -3, -2, -1], [-1], [2, -3, -2], [-2, 1, 2, -3, -2, -1], [1, -2, -1], [-3, -2], [-2, 1, 2, -3, -2, -1], [-3, 1, -2, -1], [2, -3, -2, -1], [2, -3, -2, -1], [-2, 1, 2, -3, -2, -1], [1, -2, -1]]
SUMMARY witness_4_depth= 73
SUMMARY witness_4= [[1, 2, -3, -2, -1], [-1, -3], [2, -3, -2, -1], [-2, 1, 2, -3, -2, -1], [-2, -1], [-2, -1], [-3, -2], [-2, 1, 2, -3, -2, -1], [1, -2, -1], [2, -3, -2, -1], [-2, 1, 2, -3, -2, -1], [1, -2, -1], [-1], [-2], [1, -2, -1], [2, -3, -2], [2, -3, -2], [-2, 1, 2, -3, -2, -1], [1, -2, -1], [2, -3, -2], [2, -3, -2], [1, -2, -1], [1, -2, -1], [1, -2, -1], [-1, -3], [2, -3, -2], [-2], [1, -2, -1], [-1], [2, -3, -2], [2, -3, -2], [1, -2, -1], [-1, -3], [-2, 1, 2, -3, -2, -1], [1, -2, -1], [2, -3, -2], [-2], [-3], [1, 2, -3, -2, -1], [1, -2, -1], [2, -3, -2], [-2, 1, 2, -3, -2, -1], [-1, -3], [2, -3, -2], [1, -2, -1], [1, -2, -1], [-1], [2, -3, -2], [1, 2, -3, -2, -1], [1, -2, -1], [-1, -3], [2, -3, -2], [2, -3, -2], [2, -3, -2], [1, -2, -1], [1, -2, -1], [2, -3, -2], [-2, 1, 2, -3, -2, -1], [1, -2, -1], [1, -2, -1], [2, -3, -2], [1, 2, -3, -2, -1], [-1], [2, -3, -2], [-2, 1, 2, -3, -2, -1], [1, -2, -1], [-3, -2], [-2, 1, 2, -3, -2, -1], [-3, 1, -2, -1], [2, -3, -2, -1], [2, -3, -2, -1], [-2, 1, 2, -3, -2, -1], [1, -2, -1]]
SUMMARY witness_5_depth= 73
SUMMARY witness_5= [[1, 2, -3, -2, -1], [2, -3, -2, -1], [2, -3, -2, -1], [-2, 1, 2, -3, -2, -1], [-2, -1], [-2, -1], [-3, -2], [-2, 1, 2, -3, -2, -1], [1, -2, -1], [2, -3, -2, -1], [-2, 1, 2, -3, -2, -1], [1, -2, -1], [-1], [-2], [1, -2, -1], [2, -3, -2], [2, -3, -2], [-2, 1, 2, -3, -2, -1], [1, -2, -1], [2, -3, -2], [2, -3, -2], [1, -2, -1], [1, -2, -1], [1, -2, -1], [-1, -3], [2, -3, -2], [-2], [1, -2, -1], [-1], [2, -3, -2], [2, -3, -2], [1, -2, -1], [-1, -3], [-2, 1, 2, -3, -2, -1], [1, -2, -1], [2, -3, -2], [-2], [-3], [1, 2, -3, -2, -1], [1, -2, -1], [2, -3, -2], [-2, 1, 2, -3, -2, -1], [-1, -3], [2, -3, -2], [1, -2, -1], [1, -2, -1], [-1], [2, -3, -2], [1, 2, -3, -2, -1], [1, -2, -1], [-1, -3], [2, -3, -2], [2, -3, -2], [2, -3, -2], [1, -2, -1], [1, -2, -1], [2, -3, -2], [-2, 1, 2, -3, -2, -1], [1, -2, -1], [1, -2, -1], [2, -3, -2], [1, 2, -3, -2, -1], [-1], [2, -3, -2], [-2, 1, 2, -3, -2, -1], [1, -2, -1], [-3, -2], [-2, 1, 2, -3, -2, -1], [-3, 1, -2, -1], [2, -3, -2, -1], [2, -3, -2, -1], [-2, 1, 2, -3, -2, -1], [1, -2, -1]]
SUMMARY witness_6_depth= 74
SUMMARY witness_6= [[-3], [-2, 1, 2, -3, -2, -1], [-1, -3], [2, -3, -2, -1], [-2, 1, 2, -3, -2, -1], [-2, -1], [-2, -1], [-3, -2], [-2, 1, 2, -3, -2, -1], [1, -2, -1], [2, -3, -2, -1], [-2, 1, 2, -3, -2, -1], [1, -2, -1], [-1], [-2], [1, -2, -1], [2, -3, -2], [2, -3, -2], [-2, 1, 2, -3, -2, -1], [1, -2, -1], [2, -3, -2], [2, -3, -2], [1, -2, -1], [1, -2, -1], [1, -2, -1], [-1, -3], [2, -3, -2], [-2], [1, -2, -1], [-1], [2, -3, -2], [2, -3, -2], [1, -2, -1], [-1, -3], [-2, 1, 2, -3, -2, -1], [1, -2, -1], [2, -3, -2], [-2], [-3], [1, 2, -3, -2, -1], [1, -2, -1], [2, -3, -2], [-2, 1, 2, -3, -2, -1], [-1, -3], [2, -3, -2], [1, -2, -1], [1, -2, -1], [-1], [2, -3, -2], [1, 2, -3, -2, -1], [1, -2, -1], [-1, -3], [2, -3, -2], [2, -3, -2], [2, -3, -2], [1, -2, -1], [1, -2, -1], [2, -3, -2], [-2, 1, 2, -3, -2, -1], [1, -2, -1], [1, -2, -1], [2, -3, -2], [1, 2, -3, -2, -1], [-1], [2, -3, -2], [-2, 1, 2, -3, -2, -1], [1, -2, -1], [-3, -2], [-2, 1, 2, -3, -2, -1], [-3, 1, -2, -1], [2, -3, -2, -1], [2, -3, -2, -1], [-2, 1, 2, -3, -2, -1], [1, -2, -1]]
SUMMARY witness_7_depth= 74
SUMMARY witness_7= [[-3], [-3, 1, -2, -1], [-1, -3], [2, -3, -2, -1], [-2, 1, 2, -3, -2, -1], [-2, -1], [-2, -1], [-3, -2], [-2, 1, 2, -3, -2, -1], [1, -2, -1], [2, -3, -2, -1], [-2, 1, 2, -3, -2, -1], [1, -2, -1], [-1], [-2], [1, -2, -1], [2, -3, -2], [2, -3, -2], [-2, 1, 2, -3, -2, -1], [1, -2, -1], [2, -3, -2], [2, -3, -2], [1, -2, -1], [1, -2, -1], [1, -2, -1], [-1, -3], [2, -3, -2], [-2], [1, -2, -1], [-1], [2, -3, -2], [2, -3, -2], [1, -2, -1], [-1, -3], [-2, 1, 2, -3, -2, -1], [1, -2, -1], [2, -3, -2], [-2], [-3], [1, 2, -3, -2, -1], [1, -2, -1], [2, -3, -2], [-2, 1, 2, -3, -2, -1], [-1, -3], [2, -3, -2], [1, -2, -1], [1, -2, -1], [-1], [2, -3, -2], [1, 2, -3, -2, -1], [1, -2, -1], [-1, -3], [2, -3, -2], [2, -3, -2], [2, -3, -2], [1, -2, -1], [1, -2, -1], [2, -3, -2], [-2, 1, 2, -3, -2, -1], [1, -2, -1], [1, -2, -1], [2, -3, -2], [1, 2, -3, -2, -1], [-1], [2, -3, -2], [-2, 1, 2, -3, -2, -1], [1, -2, -1], [-3, -2], [-2, 1, 2, -3, -2, -1], [-3, 1, -2, -1], [2, -3, -2, -1], [2, -3, -2, -1], [-2, 1, 2, -3, -2, -1], [1, -2, -1]]
SUMMARY witness_8_depth= 74
SUMMARY witness_8= [[2, -3, -2], [2, -3, -2, -1], [2, -3, -2, -1], [2, -3, -2, -1], [-2, 1, 2, -3, -2, -1], [-2, -1], [-2, -1], [-3, -2], [-2, 1, 2, -3, -2, -1], [1, -2, -1], [2, -3, -2, -1], [-2, 1, 2, -3, -2, -1], [1, -2, -1], [-1], [-2], [1, -2, -1], [2, -3, -2], [2, -3, -2], [-2, 1, 2, -3, -2, -1], [1, -2, -1], [2, -3, -2], [2, -3, -2], [1, -2, -1], [1, -2, -1], [1, -2, -1], [-1, -3], [2, -3, -2], [-2], [1, -2, -1], [-1], [2, -3, -2], [2, -3, -2], [1, -2, -1], [-1, -3], [-2, 1, 2, -3, -2, -1], [1, -2, -1], [2, -3, -2], [-2], [-3], [1, 2, -3, -2, -1], [1, -2, -1], [2, -3, -2], [-2, 1, 2, -3, -2, -1], [-1, -3], [2, -3, -2], [1, -2, -1], [1, -2, -1], [-1], [2, -3, -2], [1, 2, -3, -2, -1], [1, -2, -1], [-1, -3], [2, -3, -2], [2, -3, -2], [2, -3, -2], [1, -2, -1], [1, -2, -1], [2, -3, -2], [-2, 1, 2, -3, -2, -1], [1, -2, -1], [1, -2, -1], [2, -3, -2], [1, 2, -3, -2, -1], [-1], [2, -3, -2], [-2, 1, 2, -3, -2, -1], [1, -2, -1], [-3, -2], [-2, 1, 2, -3, -2, -1], [-3, 1, -2, -1], [2, -3, -2, -1], [2, -3, -2, -1], [-2, 1, 2, -3, -2, -1], [1, -2, -1]]
SUMMARY witness_9_depth= 75
SUMMARY witness_9= [[-2], [-1, -3], [-2, 1, 2, -3, -2, -1], [-1, -3], [2, -3, -2, -1], [-2, 1, 2, -3, -2, -1], [-2, -1], [-2, -1], [-3, -2], [-2, 1, 2, -3, -2, -1], [1, -2, -1], [2, -3, -2, -1], [-2, 1, 2, -3, -2, -1], [1, -2, -1], [-1], [-2], [1, -2, -1], [2, -3, -2], [2, -3, -2], [-2, 1, 2, -3, -2, -1], [1, -2, -1], [2, -3, -2], [2, -3, -2], [1, -2, -1], [1, -2, -1], [1, -2, -1], [-1, -3], [2, -3, -2], [-2], [1, -2, -1], [-1], [2, -3, -2], [2, -3, -2], [1, -2, -1], [-1, -3], [-2, 1, 2, -3, -2, -1], [1, -2, -1], [2, -3, -2], [-2], [-3], [1, 2, -3, -2, -1], [1, -2, -1], [2, -3, -2], [-2, 1, 2, -3, -2, -1], [-1, -3], [2, -3, -2], [1, -2, -1], [1, -2, -1], [-1], [2, -3, -2], [1, 2, -3, -2, -1], [1, -2, -1], [-1, -3], [2, -3, -2], [2, -3, -2], [2, -3, -2], [1, -2, -1], [1, -2, -1], [2, -3, -2], [-2, 1, 2, -3, -2, -1], [1, -2, -1], [1, -2, -1], [2, -3, -2], [1, 2, -3, -2, -1], [-1], [2, -3, -2], [-2, 1, 2, -3, -2, -1], [1, -2, -1], [-3, -2], [-2, 1, 2, -3, -2, -1], [-3, 1, -2, -1], [2, -3, -2, -1], [2, -3, -2, -1], [-2, 1, 2, -3, -2, -1], [1, -2, -1]]
SUMMARY witness_10_depth= 75
SUMMARY witness_10= [[-2], [-3, -2], [-2, 1, 2, -3, -2, -1], [-1, -3], [2, -3, -2, -1], [-2, 1, 2, -3, -2, -1], [-2, -1], [-2, -1], [-3, -2], [-2, 1, 2, -3, -2, -1], [1, -2, -1], [2, -3, -2, -1], [-2, 1, 2, -3, -2, -1], [1, -2, -1], [-1], [-2], [1, -2, -1], [2, -3, -2], [2, -3, -2], [-2, 1, 2, -3, -2, -1], [1, -2, -1], [2, -3, -2], [2, -3, -2], [1, -2, -1], [1, -2, -1], [1, -2, -1], [-1, -3], [2, -3, -2], [-2], [1, -2, -1], [-1], [2, -3, -2], [2, -3, -2], [1, -2, -1], [-1, -3], [-2, 1, 2, -3, -2, -1], [1, -2, -1], [2, -3, -2], [-2], [-3], [1, 2, -3, -2, -1], [1, -2, -1], [2, -3, -2], [-2, 1, 2, -3, -2, -1], [-1, -3], [2, -3, -2], [1, -2, -1], [1, -2, -1], [-1], [2, -3, -2], [1, 2, -3, -2, -1], [1, -2, -1], [-1, -3], [2, -3, -2], [2, -3, -2], [2, -3, -2], [1, -2, -1], [1, -2, -1], [2, -3, -2], [-2, 1, 2, -3, -2, -1], [1, -2, -1], [1, -2, -1], [2, -3, -2], [1, 2, -3, -2, -1], [-1], [2, -3, -2], [-2, 1, 2, -3, -2, -1], [1, -2, -1], [-3, -2], [-2, 1, 2, -3, -2, -1], [-3, 1, -2, -1], [2, -3, -2, -1], [2, -3, -2, -1], [-2, 1, 2, -3, -2, -1], [1, -2, -1]]
CUDA max_memory_allocated_bytes: 4306205184
CUDA max_memory_reserved_bytes: 4961861632
End: 2026-03-10T01:25:58-04:00
