Start: 2026-03-10T01:45:24-04:00
Host: a1128u08n01.mghpcc.ycrc.yale.edu
CUDA visible devices: 0
PYTORCH_CUDA_ALLOC_CONF=expandable_segments:True
NVIDIA RTX 5000 Ada Generation, 32760 MiB, 0 %
Starting A3 torch search with p= 7 caps 40000 40000 totalcaps 400000 400000 FIRST_STEPS 12 base_point 2 device cuda
We have 6 atoms and 14 dual simples
Initialized step 1 with spreads: {1: 2}
Starting step 2
Analyzing 2 states in spread 1
Finished step 2, minimal spread 2, max spread 2, got 0 drops
Total number of curves 8
Starting step 3
Analyzing 8 states in spread 2
Finished step 3, minimal spread 3, max spread 3, got 0 drops
Total number of curves 36
Starting step 4
Analyzing 36 states in spread 3
Finished step 4, minimal spread 4, max spread 4, got 0 drops
Total number of curves 170
Starting step 5
Analyzing 170 states in spread 4
Finished step 5, minimal spread 5, max spread 5, got 0 drops
Total number of curves 816
Starting step 6
Analyzing 816 states in spread 5
Finished step 6, minimal spread 5, max spread 6, got 0 drops
Total number of curves 3938
Starting step 7
Analyzing 2 states in spread 5
Analyzing 3936 states in spread 6
Finished step 7, minimal spread 5, max spread 7, got 0 drops
Total number of curves 19040
Starting step 8
Analyzing 2 states in spread 5
Analyzing 38 states in spread 6
Analyzing 19000 states in spread 7
Finished step 8, minimal spread 6, max spread 8, got 0 drops
Total number of curves 40452
Starting step 9
Analyzing 37 states in spread 6
Analyzing 415 states in spread 7
Analyzing 40000 states in spread 8
Finished step 9, minimal spread 6, max spread 9, got 0 drops
Total number of curves 43021
Starting step 10
Analyzing 5 states in spread 6
Analyzing 372 states in spread 7
Analyzing 2644 states in spread 8
Analyzing 40000 states in spread 9
Finished step 10, minimal spread 7, max spread 10, got 0 drops
Total number of curves 56046
Starting step 11
Analyzing 84 states in spread 7
Analyzing 2407 states in spread 8
Analyzing 13555 states in spread 9
Analyzing 40000 states in spread 10
Finished step 11, minimal spread 7, max spread 11, got 0 drops
Total number of curves 93614
Starting step 12
Analyzing 11 states in spread 7
Analyzing 684 states in spread 8
Analyzing 12919 states in spread 9
Analyzing 40000 states in spread 10
Analyzing 40000 states in spread 11
Finished step 12, minimal spread 7, max spread 12, got 0 drops
Total number of curves 124588
Starting step 13
Analyzing 6 states in spread 7
Analyzing 179 states in spread 8
Analyzing 4403 states in spread 9
Analyzing 40000 states in spread 10
Analyzing 40000 states in spread 11
Analyzing 40000 states in spread 12
Finished step 13, minimal spread 7, max spread 13, got 0 drops
Total number of curves 145391
Starting step 14
Analyzing 5 states in spread 7
Analyzing 81 states in spread 8
Analyzing 1652 states in spread 9
Analyzing 23653 states in spread 10
Analyzing 40000 states in spread 11
Analyzing 40000 states in spread 12
Analyzing 40000 states in spread 13
Finished step 14, minimal spread 7, max spread 14, got 0 drops
Total number of curves 171568
Starting step 15
Analyzing 1 states in spread 7
Analyzing 56 states in spread 8
Analyzing 712 states in spread 9
Analyzing 10799 states in spread 10
Analyzing 40000 states in spread 11
Analyzing 40000 states in spread 12
Analyzing 40000 states in spread 13
Analyzing 40000 states in spread 14
Finished step 15, minimal spread 7, max spread 15, got 1 drops
Total number of curves 205245
Starting step 16
Analyzing 2 states in spread 7
Analyzing 22 states in spread 8
Analyzing 443 states in spread 9
Analyzing 4778 states in spread 10
Analyzing 40000 states in spread 11
Analyzing 40000 states in spread 12
Analyzing 40000 states in spread 13
Analyzing 40000 states in spread 14
Analyzing 40000 states in spread 15
Finished step 16, minimal spread 7, max spread 16, got 0 drops
Total number of curves 228677
Starting step 17
Analyzing 2 states in spread 7
Analyzing 29 states in spread 8
Analyzing 224 states in spread 9
Analyzing 2852 states in spread 10
Analyzing 25570 states in spread 11
Analyzing 40000 states in spread 12
Analyzing 40000 states in spread 13
Analyzing 40000 states in spread 14
Analyzing 40000 states in spread 15
Analyzing 40000 states in spread 16
Finished step 17, minimal spread 7, max spread 17, got 1 drops
Total number of curves 257816
Starting step 18
Analyzing 1 states in spread 7
Analyzing 26 states in spread 8
Analyzing 240 states in spread 9
Analyzing 1643 states in spread 10
Analyzing 15906 states in spread 11
Analyzing 40000 states in spread 12
Analyzing 40000 states in spread 13
Analyzing 40000 states in spread 14
Analyzing 40000 states in spread 15
Analyzing 40000 states in spread 16
Analyzing 40000 states in spread 17
Finished step 18, minimal spread 7, max spread 18, got 1 drops
Total number of curves 291926
Starting step 19
Analyzing 1 states in spread 7
Analyzing 14 states in spread 8
Analyzing 194 states in spread 9
Analyzing 1570 states in spread 10
Analyzing 10147 states in spread 11
Analyzing 40000 states in spread 12
Analyzing 40000 states in spread 13
Analyzing 40000 states in spread 14
Analyzing 40000 states in spread 15
Analyzing 40000 states in spread 16
Analyzing 40000 states in spread 17
Analyzing 40000 states in spread 18
Finished step 19, minimal spread 7, max spread 19, got 3 drops
Total number of curves 330549
Starting step 20
Analyzing 1 states in spread 7
Analyzing 13 states in spread 8
Analyzing 99 states in spread 9
Analyzing 1268 states in spread 10
Analyzing 9168 states in spread 11
Analyzing 40000 states in spread 12
Analyzing 40000 states in spread 13
Analyzing 40000 states in spread 14
Analyzing 40000 states in spread 15
Analyzing 40000 states in spread 16
Analyzing 40000 states in spread 17
Analyzing 40000 states in spread 18
Analyzing 40000 states in spread 19
Finished step 20, minimal spread 6, max spread 20, got 4 drops
Total number of curves 368313
Starting step 21
Analyzing 1 states in spread 6
Analyzing 2 states in spread 7
Analyzing 11 states in spread 8
Analyzing 85 states in spread 9
Analyzing 634 states in spread 10
Analyzing 7580 states in spread 11
Analyzing 40000 states in spread 12
Analyzing 40000 states in spread 13
Analyzing 40000 states in spread 14
Analyzing 40000 states in spread 15
Analyzing 40000 states in spread 16
Analyzing 40000 states in spread 17
Analyzing 40000 states in spread 18
Analyzing 40000 states in spread 19
Analyzing 40000 states in spread 20
Finished step 21, minimal spread 6, max spread 21, got 3 drops
Total number of curves 404532
Starting step 22
Analyzing 1 states in spread 6
Analyzing 8 states in spread 7
Analyzing 12 states in spread 8
Analyzing 78 states in spread 9
Analyzing 529 states in spread 10
Analyzing 3904 states in spread 11
Analyzing 40000 states in spread 12
Analyzing 40000 states in spread 13
Analyzing 40000 states in spread 14
Analyzing 40000 states in spread 15
Analyzing 40000 states in spread 16
Analyzing 40000 states in spread 17
Analyzing 40000 states in spread 18
Analyzing 40000 states in spread 19
Analyzing 40000 states in spread 20
Analyzing 40000 states in spread 21
Finished step 22, minimal spread 6, max spread 22, got 3 drops
Total number of curves 425800
Starting step 23
Analyzing 1 states in spread 6
Analyzing 9 states in spread 7
Analyzing 42 states in spread 8
Analyzing 73 states in spread 9
Analyzing 482 states in spread 10
Analyzing 3182 states in spread 11
Analyzing 22011 states in spread 12
Analyzing 40000 states in spread 13
Analyzing 40000 states in spread 14
Analyzing 40000 states in spread 15
Analyzing 40000 states in spread 16
Analyzing 40000 states in spread 17
Analyzing 40000 states in spread 18
Analyzing 40000 states in spread 19
Analyzing 40000 states in spread 20
Analyzing 40000 states in spread 21
Analyzing 40000 states in spread 22
Finished step 23, minimal spread 6, max spread 23, got 2 drops
Total number of curves 461574
Starting step 24
Analyzing 1 states in spread 6
Analyzing 8 states in spread 7
Analyzing 55 states in spread 8
Analyzing 207 states in spread 9
Analyzing 430 states in spread 10
Analyzing 2815 states in spread 11
Analyzing 18058 states in spread 12
Analyzing 40000 states in spread 13
Analyzing 40000 states in spread 14
Analyzing 40000 states in spread 15
Analyzing 40000 states in spread 16
Analyzing 40000 states in spread 17
Analyzing 40000 states in spread 18
Analyzing 40000 states in spread 19
Analyzing 40000 states in spread 20
Analyzing 40000 states in spread 21
Analyzing 40000 states in spread 22
Finished step 24, minimal spread 7, max spread 23, got 1 drops
Total number of curves 459515
Starting step 25
Analyzing 9 states in spread 7
Analyzing 44 states in spread 8
Analyzing 304 states in spread 9
Analyzing 1027 states in spread 10
Analyzing 2441 states in spread 11
Analyzing 15690 states in spread 12
Analyzing 40000 states in spread 13
Analyzing 40000 states in spread 14
Analyzing 40000 states in spread 15
Analyzing 40000 states in spread 16
Analyzing 40000 states in spread 17
Analyzing 40000 states in spread 18
Analyzing 40000 states in spread 19
Analyzing 40000 states in spread 20
Analyzing 40000 states in spread 21
Analyzing 40000 states in spread 22
Finished step 25, minimal spread 8, max spread 23, got 2 drops
Total number of curves 460446
Starting step 26
Analyzing 52 states in spread 8
Analyzing 237 states in spread 9
Analyzing 1588 states in spread 10
Analyzing 5140 states in spread 11
Analyzing 13429 states in spread 12
Analyzing 40000 states in spread 13
Analyzing 40000 states in spread 14
Analyzing 40000 states in spread 15
Analyzing 40000 states in spread 16
Analyzing 40000 states in spread 17
Analyzing 40000 states in spread 18
Analyzing 40000 states in spread 19
Analyzing 40000 states in spread 20
Analyzing 40000 states in spread 21
Analyzing 40000 states in spread 22
Finished step 26, minimal spread 8, max spread 23, got 1 drops
Total number of curves 475483
Starting step 27
Analyzing 2 states in spread 8
Analyzing 279 states in spread 9
Analyzing 1248 states in spread 10
Analyzing 8072 states in spread 11
Analyzing 25882 states in spread 12
Analyzing 40000 states in spread 13
Analyzing 40000 states in spread 14
Analyzing 40000 states in spread 15
Analyzing 40000 states in spread 16
Analyzing 40000 states in spread 17
Analyzing 40000 states in spread 18
Analyzing 40000 states in spread 19
Analyzing 40000 states in spread 20
Analyzing 40000 states in spread 21
Analyzing 40000 states in spread 22
Finished step 27, minimal spread 8, max spread 23, got 2 drops
Total number of curves 487956
Starting step 28
Analyzing 1 states in spread 8
Analyzing 26 states in spread 9
Analyzing 1454 states in spread 10
Analyzing 6475 states in spread 11
Analyzing 40000 states in spread 12
Analyzing 40000 states in spread 13
Analyzing 40000 states in spread 14
Analyzing 40000 states in spread 15
Analyzing 40000 states in spread 16
Analyzing 40000 states in spread 17
Analyzing 40000 states in spread 18
Analyzing 40000 states in spread 19
Analyzing 40000 states in spread 20
Analyzing 40000 states in spread 21
Finished step 28, minimal spread 9, max spread 22, got 4 drops
Total number of curves 440926
Starting step 29
Analyzing 13 states in spread 9
Analyzing 205 states in spread 10
Analyzing 7470 states in spread 11
Analyzing 33238 states in spread 12
Analyzing 40000 states in spread 13
Analyzing 40000 states in spread 14
Analyzing 40000 states in spread 15
Analyzing 40000 states in spread 16
Analyzing 40000 states in spread 17
Analyzing 40000 states in spread 18
Analyzing 40000 states in spread 19
Analyzing 40000 states in spread 20
Analyzing 40000 states in spread 21
Finished step 29, minimal spread 9, max spread 22, got 1 drops
Total number of curves 439601
Starting step 30
Analyzing 3 states in spread 9
Analyzing 103 states in spread 10
Analyzing 1397 states in spread 11
Analyzing 38098 states in spread 12
Analyzing 40000 states in spread 13
Analyzing 40000 states in spread 14
Analyzing 40000 states in spread 15
Analyzing 40000 states in spread 16
Analyzing 40000 states in spread 17
Analyzing 40000 states in spread 18
Analyzing 40000 states in spread 19
Analyzing 40000 states in spread 20
Analyzing 40000 states in spread 21
Analyzing 40000 states in spread 22
Finished step 30, minimal spread 10, max spread 23, got 1 drops
Total number of curves 449548
Starting step 31
Analyzing 38 states in spread 10
Analyzing 729 states in spread 11
Analyzing 8781 states in spread 12
Analyzing 40000 states in spread 13
Analyzing 40000 states in spread 14
Analyzing 40000 states in spread 15
Analyzing 40000 states in spread 16
Analyzing 40000 states in spread 17
Analyzing 40000 states in spread 18
Analyzing 40000 states in spread 19
Analyzing 40000 states in spread 20
Analyzing 40000 states in spread 21
Analyzing 40000 states in spread 22
Finished step 31, minimal spread 10, max spread 23, got 1 drops
Total number of curves 445145
Starting step 32
Analyzing 11 states in spread 10
Analyzing 339 states in spread 11
Analyzing 4795 states in spread 12
Analyzing 40000 states in spread 13
Analyzing 40000 states in spread 14
Analyzing 40000 states in spread 15
Analyzing 40000 states in spread 16
Analyzing 40000 states in spread 17
Analyzing 40000 states in spread 18
Analyzing 40000 states in spread 19
Analyzing 40000 states in spread 20
Analyzing 40000 states in spread 21
Analyzing 40000 states in spread 22
Finished step 32, minimal spread 10, max spread 23, got 0 drops
Total number of curves 428706
Starting step 33
Analyzing 5 states in spread 10
Analyzing 163 states in spread 11
Analyzing 2484 states in spread 12
Analyzing 26054 states in spread 13
Analyzing 40000 states in spread 14
Analyzing 40000 states in spread 15
Analyzing 40000 states in spread 16
Analyzing 40000 states in spread 17
Analyzing 40000 states in spread 18
Analyzing 40000 states in spread 19
Analyzing 40000 states in spread 20
Analyzing 40000 states in spread 21
Analyzing 40000 states in spread 22
Analyzing 40000 states in spread 23
Finished step 33, minimal spread 10, max spread 24, got 1 drops
Total number of curves 456202
Starting step 34
Analyzing 2 states in spread 10
Analyzing 79 states in spread 11
Analyzing 1412 states in spread 12
Analyzing 14709 states in spread 13
Analyzing 40000 states in spread 14
Analyzing 40000 states in spread 15
Analyzing 40000 states in spread 16
Analyzing 40000 states in spread 17
Analyzing 40000 states in spread 18
Analyzing 40000 states in spread 19
Analyzing 40000 states in spread 20
Analyzing 40000 states in spread 21
Analyzing 40000 states in spread 22
Analyzing 40000 states in spread 23
Finished step 34, minimal spread 10, max spread 24, got 2 drops
Total number of curves 449996
Starting step 35
Analyzing 2 states in spread 10
Analyzing 38 states in spread 11
Analyzing 715 states in spread 12
Analyzing 9241 states in spread 13
Analyzing 40000 states in spread 14
Analyzing 40000 states in spread 15
Analyzing 40000 states in spread 16
Analyzing 40000 states in spread 17
Analyzing 40000 states in spread 18
Analyzing 40000 states in spread 19
Analyzing 40000 states in spread 20
Analyzing 40000 states in spread 21
Analyzing 40000 states in spread 22
Analyzing 40000 states in spread 23
Finished step 35, minimal spread 10, max spread 24, got 3 drops
Total number of curves 445430
Starting step 36
Analyzing 2 states in spread 10
Analyzing 31 states in spread 11
Analyzing 379 states in spread 12
Analyzing 5018 states in spread 13
Analyzing 40000 states in spread 14
Analyzing 40000 states in spread 15
Analyzing 40000 states in spread 16
Analyzing 40000 states in spread 17
Analyzing 40000 states in spread 18
Analyzing 40000 states in spread 19
Analyzing 40000 states in spread 20
Analyzing 40000 states in spread 21
Analyzing 40000 states in spread 22
Analyzing 40000 states in spread 23
Finished step 36, minimal spread 10, max spread 24, got 1 drops
Total number of curves 430940
Starting step 37
Analyzing 3 states in spread 10
Analyzing 19 states in spread 11
Analyzing 288 states in spread 12
Analyzing 2833 states in spread 13
Analyzing 27797 states in spread 14
Analyzing 40000 states in spread 15
Analyzing 40000 states in spread 16
Analyzing 40000 states in spread 17
Analyzing 40000 states in spread 18
Analyzing 40000 states in spread 19
Analyzing 40000 states in spread 20
Analyzing 40000 states in spread 21
Analyzing 40000 states in spread 22
Analyzing 40000 states in spread 23
Analyzing 40000 states in spread 24
Finished step 37, minimal spread 10, max spread 25, got 0 drops
Total number of curves 459368
Starting step 38
Analyzing 1 states in spread 10
Analyzing 30 states in spread 11
Analyzing 144 states in spread 12
Analyzing 2098 states in spread 13
Analyzing 17095 states in spread 14
Analyzing 40000 states in spread 15
Analyzing 40000 states in spread 16
Analyzing 40000 states in spread 17
Analyzing 40000 states in spread 18
Analyzing 40000 states in spread 19
Analyzing 40000 states in spread 20
Analyzing 40000 states in spread 21
Analyzing 40000 states in spread 22
Analyzing 40000 states in spread 23
Analyzing 40000 states in spread 24
Finished step 38, minimal spread 10, max spread 25, got 1 drops
Total number of curves 454109
Starting step 39
Analyzing 1 states in spread 10
Analyzing 11 states in spread 11
Analyzing 197 states in spread 12
Analyzing 1050 states in spread 13
Analyzing 12850 states in spread 14
Analyzing 40000 states in spread 15
Analyzing 40000 states in spread 16
Analyzing 40000 states in spread 17
Analyzing 40000 states in spread 18
Analyzing 40000 states in spread 19
Analyzing 40000 states in spread 20
Analyzing 40000 states in spread 21
Analyzing 40000 states in spread 22
Analyzing 40000 states in spread 23
Analyzing 40000 states in spread 24
Finished step 39, minimal spread 10, max spread 25, got 5 drops
Total number of curves 448099
Starting step 40
Analyzing 1 states in spread 10
Analyzing 12 states in spread 11
Analyzing 75 states in spread 12
Analyzing 1231 states in spread 13
Analyzing 6780 states in spread 14
Analyzing 40000 states in spread 15
Analyzing 40000 states in spread 16
Analyzing 40000 states in spread 17
Analyzing 40000 states in spread 18
Analyzing 40000 states in spread 19
Analyzing 40000 states in spread 20
Analyzing 40000 states in spread 21
Analyzing 40000 states in spread 22
Analyzing 40000 states in spread 23
Analyzing 40000 states in spread 24
Finished step 40, minimal spread 10, max spread 25, got 6 drops
Total number of curves 442925
Starting step 41
Analyzing 1 states in spread 10
Analyzing 11 states in spread 11
Analyzing 75 states in spread 12
Analyzing 507 states in spread 13
Analyzing 7281 states in spread 14
Analyzing 35050 states in spread 15
Analyzing 40000 states in spread 16
Analyzing 40000 states in spread 17
Analyzing 40000 states in spread 18
Analyzing 40000 states in spread 19
Analyzing 40000 states in spread 20
Analyzing 40000 states in spread 21
Analyzing 40000 states in spread 22
Analyzing 40000 states in spread 23
Analyzing 40000 states in spread 24
Finished step 41, minimal spread 10, max spread 25, got 7 drops
Total number of curves 442363
Starting step 42
Analyzing 2 states in spread 10
Analyzing 8 states in spread 11
Analyzing 76 states in spread 12
Analyzing 463 states in spread 13
Analyzing 3238 states in spread 14
Analyzing 38576 states in spread 15
Analyzing 40000 states in spread 16
Analyzing 40000 states in spread 17
Analyzing 40000 states in spread 18
Analyzing 40000 states in spread 19
Analyzing 40000 states in spread 20
Analyzing 40000 states in spread 21
Analyzing 40000 states in spread 22
Analyzing 40000 states in spread 23
Analyzing 40000 states in spread 24
Finished step 42, minimal spread 10, max spread 25, got 9 drops
Total number of curves 422026
Starting step 43
Analyzing 3 states in spread 10
Analyzing 14 states in spread 11
Analyzing 51 states in spread 12
Analyzing 478 states in spread 13
Analyzing 2713 states in spread 14
Analyzing 18767 states in spread 15
Analyzing 40000 states in spread 16
Analyzing 40000 states in spread 17
Analyzing 40000 states in spread 18
Analyzing 40000 states in spread 19
Analyzing 40000 states in spread 20
Analyzing 40000 states in spread 21
Analyzing 40000 states in spread 22
Analyzing 40000 states in spread 23
Analyzing 40000 states in spread 24
Analyzing 40000 states in spread 25
Finished step 43, minimal spread 10, max spread 26, got 5 drops
Total number of curves 458330
Starting step 44
Analyzing 1 states in spread 10
Analyzing 29 states in spread 11
Analyzing 76 states in spread 12
Analyzing 314 states in spread 13
Analyzing 2774 states in spread 14
Analyzing 15136 states in spread 15
Analyzing 40000 states in spread 16
Analyzing 40000 states in spread 17
Analyzing 40000 states in spread 18
Analyzing 40000 states in spread 19
Analyzing 40000 states in spread 20
Analyzing 40000 states in spread 21
Analyzing 40000 states in spread 22
Analyzing 40000 states in spread 23
Analyzing 40000 states in spread 24
Analyzing 40000 states in spread 25
Finished step 44, minimal spread 10, max spread 26, got 4 drops
Total number of curves 457749
Starting step 45
Analyzing 1 states in spread 10
Analyzing 8 states in spread 11
Analyzing 182 states in spread 12
Analyzing 412 states in spread 13
Analyzing 1827 states in spread 14
Analyzing 15319 states in spread 15
Analyzing 40000 states in spread 16
Analyzing 40000 states in spread 17
Analyzing 40000 states in spread 18
Analyzing 40000 states in spread 19
Analyzing 40000 states in spread 20
Analyzing 40000 states in spread 21
Analyzing 40000 states in spread 22
Analyzing 40000 states in spread 23
Analyzing 40000 states in spread 24
Analyzing 40000 states in spread 25
Finished step 45, minimal spread 11, max spread 26, got 1 drops
Total number of curves 453549
Starting step 46
Analyzing 10 states in spread 11
Analyzing 48 states in spread 12
Analyzing 1000 states in spread 13
Analyzing 2214 states in spread 14
Analyzing 10277 states in spread 15
Analyzing 40000 states in spread 16
Analyzing 40000 states in spread 17
Analyzing 40000 states in spread 18
Analyzing 40000 states in spread 19
Analyzing 40000 states in spread 20
Analyzing 40000 states in spread 21
Analyzing 40000 states in spread 22
Analyzing 40000 states in spread 23
Analyzing 40000 states in spread 24
Analyzing 40000 states in spread 25
Finished step 46, minimal spread 11, max spread 26, got 1 drops
Total number of curves 457321
Starting step 47
Analyzing 3 states in spread 11
Analyzing 65 states in spread 12
Analyzing 284 states in spread 13
Analyzing 5203 states in spread 14
Analyzing 11766 states in spread 15
Analyzing 40000 states in spread 16
Analyzing 40000 states in spread 17
Analyzing 40000 states in spread 18
Analyzing 40000 states in spread 19
Analyzing 40000 states in spread 20
Analyzing 40000 states in spread 21
Analyzing 40000 states in spread 22
Analyzing 40000 states in spread 23
Analyzing 40000 states in spread 24
Analyzing 40000 states in spread 25
Finished step 47, minimal spread 11, max spread 26, got 2 drops
Total number of curves 468498
Starting step 48
Analyzing 4 states in spread 11
Analyzing 32 states in spread 12
Analyzing 377 states in spread 13
Analyzing 1652 states in spread 14
Analyzing 26433 states in spread 15
Analyzing 40000 states in spread 16
Analyzing 40000 states in spread 17
Analyzing 40000 states in spread 18
Analyzing 40000 states in spread 19
Analyzing 40000 states in spread 20
Analyzing 40000 states in spread 21
Analyzing 40000 states in spread 22
Analyzing 40000 states in spread 23
Analyzing 40000 states in spread 24
Analyzing 40000 states in spread 25
Finished step 48, minimal spread 11, max spread 26, got 1 drops
Total number of curves 451692
Starting step 49
Analyzing 4 states in spread 11
Analyzing 35 states in spread 12
Analyzing 224 states in spread 13
Analyzing 2077 states in spread 14
Analyzing 9352 states in spread 15
Analyzing 40000 states in spread 16
Analyzing 40000 states in spread 17
Analyzing 40000 states in spread 18
Analyzing 40000 states in spread 19
Analyzing 40000 states in spread 20
Analyzing 40000 states in spread 21
Analyzing 40000 states in spread 22
Analyzing 40000 states in spread 23
Analyzing 40000 states in spread 24
Analyzing 40000 states in spread 25
Finished step 49, minimal spread 11, max spread 26, got 1 drops
Total number of curves 452736
Starting step 50
Analyzing 1 states in spread 11
Analyzing 38 states in spread 12
Analyzing 213 states in spread 13
Analyzing 1338 states in spread 14
Analyzing 11146 states in spread 15
Analyzing 40000 states in spread 16
Analyzing 40000 states in spread 17
Analyzing 40000 states in spread 18
Analyzing 40000 states in spread 19
Analyzing 40000 states in spread 20
Analyzing 40000 states in spread 21
Analyzing 40000 states in spread 22
Analyzing 40000 states in spread 23
Analyzing 40000 states in spread 24
Analyzing 40000 states in spread 25
Finished step 50, minimal spread 11, max spread 26, got 3 drops
Total number of curves 448971
Starting step 51
Analyzing 1 states in spread 11
Analyzing 10 states in spread 12
Analyzing 242 states in spread 13
Analyzing 1204 states in spread 14
Analyzing 7514 states in spread 15
Analyzing 40000 states in spread 16
Analyzing 40000 states in spread 17
Analyzing 40000 states in spread 18
Analyzing 40000 states in spread 19
Analyzing 40000 states in spread 20
Analyzing 40000 states in spread 21
Analyzing 40000 states in spread 22
Analyzing 40000 states in spread 23
Analyzing 40000 states in spread 24
Analyzing 40000 states in spread 25
Finished step 51, minimal spread 11, max spread 26, got 4 drops
Total number of curves 445647
Starting step 52
Analyzing 1 states in spread 11
Analyzing 11 states in spread 12
Analyzing 76 states in spread 13
Analyzing 1366 states in spread 14
Analyzing 6596 states in spread 15
Analyzing 37597 states in spread 16
Analyzing 40000 states in spread 17
Analyzing 40000 states in spread 18
Analyzing 40000 states in spread 19
Analyzing 40000 states in spread 20
Analyzing 40000 states in spread 21
Analyzing 40000 states in spread 22
Analyzing 40000 states in spread 23
Analyzing 40000 states in spread 24
Analyzing 40000 states in spread 25
Finished step 52, minimal spread 12, max spread 26, got 5 drops
Total number of curves 441776
Starting step 53
Analyzing 11 states in spread 12
Analyzing 83 states in spread 13
Analyzing 480 states in spread 14
Analyzing 7359 states in spread 15
Analyzing 33843 states in spread 16
Analyzing 40000 states in spread 17
Analyzing 40000 states in spread 18
Analyzing 40000 states in spread 19
Analyzing 40000 states in spread 20
Analyzing 40000 states in spread 21
Analyzing 40000 states in spread 22
Analyzing 40000 states in spread 23
Analyzing 40000 states in spread 24
Analyzing 40000 states in spread 25
Finished step 53, minimal spread 12, max spread 26, got 2 drops
Total number of curves 441491
Starting step 54
Analyzing 2 states in spread 12
Analyzing 76 states in spread 13
Analyzing 515 states in spread 14
Analyzing 2889 states in spread 15
Analyzing 38009 states in spread 16
Analyzing 40000 states in spread 17
Analyzing 40000 states in spread 18
Analyzing 40000 states in spread 19
Analyzing 40000 states in spread 20
Analyzing 40000 states in spread 21
Analyzing 40000 states in spread 22
Analyzing 40000 states in spread 23
Analyzing 40000 states in spread 24
Analyzing 40000 states in spread 25
Finished step 54, minimal spread 12, max spread 26, got 2 drops
Total number of curves 419867
Starting step 55
Analyzing 3 states in spread 12
Analyzing 28 states in spread 13
Analyzing 446 states in spread 14
Analyzing 2957 states in spread 15
Analyzing 16433 states in spread 16
Analyzing 40000 states in spread 17
Analyzing 40000 states in spread 18
Analyzing 40000 states in spread 19
Analyzing 40000 states in spread 20
Analyzing 40000 states in spread 21
Analyzing 40000 states in spread 22
Analyzing 40000 states in spread 23
Analyzing 40000 states in spread 24
Analyzing 40000 states in spread 25
Analyzing 40000 states in spread 26
Finished step 55, minimal spread 12, max spread 27, got 1 drops
Total number of curves 458989
Starting step 56
Analyzing 1 states in spread 12
Analyzing 34 states in spread 13
Analyzing 220 states in spread 14
Analyzing 2447 states in spread 15
Analyzing 16287 states in spread 16
Analyzing 40000 states in spread 17
Analyzing 40000 states in spread 18
Analyzing 40000 states in spread 19
Analyzing 40000 states in spread 20
Analyzing 40000 states in spread 21
Analyzing 40000 states in spread 22
Analyzing 40000 states in spread 23
Analyzing 40000 states in spread 24
Analyzing 40000 states in spread 25
Analyzing 40000 states in spread 26
Finished step 56, minimal spread 13, max spread 27, got 2 drops
Total number of curves 454825
Starting step 57
Analyzing 9 states in spread 13
Analyzing 251 states in spread 14
Analyzing 1453 states in spread 15
Analyzing 13112 states in spread 16
Analyzing 40000 states in spread 17
Analyzing 40000 states in spread 18
Analyzing 40000 states in spread 19
Analyzing 40000 states in spread 20
Analyzing 40000 states in spread 21
Analyzing 40000 states in spread 22
Analyzing 40000 states in spread 23
Analyzing 40000 states in spread 24
Analyzing 40000 states in spread 25
Analyzing 40000 states in spread 26
Finished step 57, minimal spread 14, max spread 27, got 2 drops
Total number of curves 450263
Starting step 58
Analyzing 82 states in spread 14
Analyzing 1572 states in spread 15
Analyzing 8609 states in spread 16
Analyzing 40000 states in spread 17
Analyzing 40000 states in spread 18
Analyzing 40000 states in spread 19
Analyzing 40000 states in spread 20
Analyzing 40000 states in spread 21
Analyzing 40000 states in spread 22
Analyzing 40000 states in spread 23
Analyzing 40000 states in spread 24
Analyzing 40000 states in spread 25
Analyzing 40000 states in spread 26
Finished step 58, minimal spread 14, max spread 27, got 2 drops
Total number of curves 449619
Starting step 59
Analyzing 18 states in spread 14
Analyzing 622 states in spread 15
Analyzing 8979 states in spread 16
Analyzing 40000 states in spread 17
Analyzing 40000 states in spread 18
Analyzing 40000 states in spread 19
Analyzing 40000 states in spread 20
Analyzing 40000 states in spread 21
Analyzing 40000 states in spread 22
Analyzing 40000 states in spread 23
Analyzing 40000 states in spread 24
Analyzing 40000 states in spread 25
Analyzing 40000 states in spread 26
Finished step 59, minimal spread 14, max spread 27, got 0 drops
Total number of curves 444282
Starting step 60
Analyzing 7 states in spread 14
Analyzing 226 states in spread 15
Analyzing 4049 states in spread 16
Analyzing 40000 states in spread 17
Analyzing 40000 states in spread 18
Analyzing 40000 states in spread 19
Analyzing 40000 states in spread 20
Analyzing 40000 states in spread 21
Analyzing 40000 states in spread 22
Analyzing 40000 states in spread 23
Analyzing 40000 states in spread 24
Analyzing 40000 states in spread 25
Analyzing 40000 states in spread 26
Finished step 60, minimal spread 14, max spread 27, got 1 drops
Total number of curves 424602
Starting step 61
Analyzing 3 states in spread 14
Analyzing 101 states in spread 15
Analyzing 1809 states in spread 16
Analyzing 22689 states in spread 17
Analyzing 40000 states in spread 18
Analyzing 40000 states in spread 19
Analyzing 40000 states in spread 20
Analyzing 40000 states in spread 21
Analyzing 40000 states in spread 22
Analyzing 40000 states in spread 23
Analyzing 40000 states in spread 24
Analyzing 40000 states in spread 25
Analyzing 40000 states in spread 26
Analyzing 40000 states in spread 27
Finished step 61, minimal spread 14, max spread 28, got 1 drops
Total number of curves 452489
Starting step 62
Analyzing 3 states in spread 14
Analyzing 43 states in spread 15
Analyzing 912 states in spread 16
Analyzing 11531 states in spread 17
Analyzing 40000 states in spread 18
Analyzing 40000 states in spread 19
Analyzing 40000 states in spread 20
Analyzing 40000 states in spread 21
Analyzing 40000 states in spread 22
Analyzing 40000 states in spread 23
Analyzing 40000 states in spread 24
Analyzing 40000 states in spread 25
Analyzing 40000 states in spread 26
Analyzing 40000 states in spread 27
Finished step 62, minimal spread 14, max spread 28, got 1 drops
Total number of curves 446890
Starting step 63
Analyzing 1 states in spread 14
Analyzing 35 states in spread 15
Analyzing 452 states in spread 16
Analyzing 6402 states in spread 17
Analyzing 40000 states in spread 18
Analyzing 40000 states in spread 19
Analyzing 40000 states in spread 20
Analyzing 40000 states in spread 21
Analyzing 40000 states in spread 22
Analyzing 40000 states in spread 23
Analyzing 40000 states in spread 24
Analyzing 40000 states in spread 25
Analyzing 40000 states in spread 26
Analyzing 40000 states in spread 27
Finished step 63, minimal spread 14, max spread 28, got 6 drops
Total number of curves 437877
Starting step 64
Analyzing 1 states in spread 14
Analyzing 22 states in spread 15
Analyzing 312 states in spread 16
Analyzing 3494 states in spread 17
Analyzing 34048 states in spread 18
Analyzing 40000 states in spread 19
Analyzing 40000 states in spread 20
Analyzing 40000 states in spread 21
Analyzing 40000 states in spread 22
Analyzing 40000 states in spread 23
Analyzing 40000 states in spread 24
Analyzing 40000 states in spread 25
Analyzing 40000 states in spread 26
Analyzing 40000 states in spread 27
Analyzing 40000 states in spread 28
Finished step 64, minimal spread 13, max spread 29, got 5 drops
Total number of curves 462931
Starting step 65
Analyzing 1 states in spread 13
Analyzing 3 states in spread 14
Analyzing 16 states in spread 15
Analyzing 215 states in spread 16
Analyzing 2243 states in spread 17
Analyzing 20453 states in spread 18
Analyzing 40000 states in spread 19
Analyzing 40000 states in spread 20
Analyzing 40000 states in spread 21
Analyzing 40000 states in spread 22
Analyzing 40000 states in spread 23
Analyzing 40000 states in spread 24
Analyzing 40000 states in spread 25
Analyzing 40000 states in spread 26
Analyzing 40000 states in spread 27
Analyzing 40000 states in spread 28
Finished step 65, minimal spread 13, max spread 29, got 4 drops
Total number of curves 455223
Starting step 66
Analyzing 1 states in spread 13
Analyzing 8 states in spread 14
Analyzing 23 states in spread 15
Analyzing 143 states in spread 16
Analyzing 1574 states in spread 17
Analyzing 13474 states in spread 18
Analyzing 40000 states in spread 19
Analyzing 40000 states in spread 20
Analyzing 40000 states in spread 21
Analyzing 40000 states in spread 22
Analyzing 40000 states in spread 23
Analyzing 40000 states in spread 24
Analyzing 40000 states in spread 25
Analyzing 40000 states in spread 26
Analyzing 40000 states in spread 27
Analyzing 40000 states in spread 28
Finished step 66, minimal spread 14, max spread 29, got 1 drops
Total number of curves 450920
Starting step 67
Analyzing 8 states in spread 14
Analyzing 42 states in spread 15
Analyzing 163 states in spread 16
Analyzing 1007 states in spread 17
Analyzing 9700 states in spread 18
Analyzing 40000 states in spread 19
Analyzing 40000 states in spread 20
Analyzing 40000 states in spread 21
Analyzing 40000 states in spread 22
Analyzing 40000 states in spread 23
Analyzing 40000 states in spread 24
Analyzing 40000 states in spread 25
Analyzing 40000 states in spread 26
Analyzing 40000 states in spread 27
Analyzing 40000 states in spread 28
Finished step 67, minimal spread 14, max spread 29, got 1 drops
Total number of curves 447539
Starting step 68
Analyzing 1 states in spread 14
Analyzing 49 states in spread 15
Analyzing 226 states in spread 16
Analyzing 1030 states in spread 17
Analyzing 6233 states in spread 18
Analyzing 40000 states in spread 19
Analyzing 40000 states in spread 20
Analyzing 40000 states in spread 21
Analyzing 40000 states in spread 22
Analyzing 40000 states in spread 23
Analyzing 40000 states in spread 24
Analyzing 40000 states in spread 25
Analyzing 40000 states in spread 26
Analyzing 40000 states in spread 27
Analyzing 40000 states in spread 28
Finished step 68, minimal spread 15, max spread 29, got 1 drops
Total number of curves 440443
Starting step 69
Analyzing 16 states in spread 15
Analyzing 270 states in spread 16
Analyzing 1222 states in spread 17
Analyzing 6032 states in spread 18
Analyzing 32903 states in spread 19
Analyzing 40000 states in spread 20
Analyzing 40000 states in spread 21
Analyzing 40000 states in spread 22
Analyzing 40000 states in spread 23
Analyzing 40000 states in spread 24
Analyzing 40000 states in spread 25
Analyzing 40000 states in spread 26
Analyzing 40000 states in spread 27
Analyzing 40000 states in spread 28
Finished step 69, minimal spread 15, max spread 29, got 2 drops
Total number of curves 440533
Starting step 70
Analyzing 6 states in spread 15
Analyzing 132 states in spread 16
Analyzing 1416 states in spread 17
Analyzing 6550 states in spread 18
Analyzing 32429 states in spread 19
Analyzing 40000 states in spread 20
Analyzing 40000 states in spread 21
Analyzing 40000 states in spread 22
Analyzing 40000 states in spread 23
Analyzing 40000 states in spread 24
Analyzing 40000 states in spread 25
Analyzing 40000 states in spread 26
Analyzing 40000 states in spread 27
Analyzing 40000 states in spread 28
Finished step 70, minimal spread 15, max spread 29, got 1 drops
Total number of curves 442537
Starting step 71
Analyzing 6 states in spread 15
Analyzing 67 states in spread 16
Analyzing 846 states in spread 17
Analyzing 7302 states in spread 18
Analyzing 34316 states in spread 19
Analyzing 40000 states in spread 20
Analyzing 40000 states in spread 21
Analyzing 40000 states in spread 22
Analyzing 40000 states in spread 23
Analyzing 40000 states in spread 24
Analyzing 40000 states in spread 25
Analyzing 40000 states in spread 26
Analyzing 40000 states in spread 27
Analyzing 40000 states in spread 28
Finished step 71, minimal spread 15, max spread 29, got 1 drops
Total number of curves 442689
Starting step 72
Analyzing 4 states in spread 15
Analyzing 59 states in spread 16
Analyzing 468 states in spread 17
Analyzing 4872 states in spread 18
Analyzing 37286 states in spread 19
Analyzing 40000 states in spread 20
Analyzing 40000 states in spread 21
Analyzing 40000 states in spread 22
Analyzing 40000 states in spread 23
Analyzing 40000 states in spread 24
Analyzing 40000 states in spread 25
Analyzing 40000 states in spread 26
Analyzing 40000 states in spread 27
Analyzing 40000 states in spread 28
Finished step 72, minimal spread 15, max spread 29, got 1 drops
Total number of curves 429709
Starting step 73
Analyzing 1 states in spread 15
Analyzing 38 states in spread 16
Analyzing 398 states in spread 17
Analyzing 2819 states in spread 18
Analyzing 26453 states in spread 19
Analyzing 40000 states in spread 20
Analyzing 40000 states in spread 21
Analyzing 40000 states in spread 22
Analyzing 40000 states in spread 23
Analyzing 40000 states in spread 24
Analyzing 40000 states in spread 25
Analyzing 40000 states in spread 26
Analyzing 40000 states in spread 27
Analyzing 40000 states in spread 28
Analyzing 40000 states in spread 29
Finished step 73, minimal spread 16, max spread 28, got 3 drops
Total number of curves 378561
Starting step 74
Analyzing 13 states in spread 16
Analyzing 252 states in spread 17
Analyzing 2404 states in spread 18
Analyzing 15892 states in spread 19
Analyzing 40000 states in spread 20
Analyzing 40000 states in spread 21
Analyzing 40000 states in spread 22
Analyzing 40000 states in spread 23
Analyzing 40000 states in spread 24
Analyzing 40000 states in spread 25
Analyzing 40000 states in spread 26
Analyzing 40000 states in spread 27
Analyzing 40000 states in spread 28
Finished step 74, minimal spread 16, max spread 27, got 0 drops
Total number of curves 335270
Starting step 75
Analyzing 5 states in spread 16
Analyzing 113 states in spread 17
Analyzing 1537 states in spread 18
Analyzing 13615 states in spread 19
Analyzing 40000 states in spread 20
Analyzing 40000 states in spread 21
Analyzing 40000 states in spread 22
Analyzing 40000 states in spread 23
Analyzing 40000 states in spread 24
Analyzing 40000 states in spread 25
Analyzing 40000 states in spread 26
Analyzing 40000 states in spread 27
Finished step 75, minimal spread 16, max spread 26, got 1 drops
Total number of curves 289839
Starting step 76
Analyzing 2 states in spread 16
Analyzing 61 states in spread 17
Analyzing 840 states in spread 18
Analyzing 8936 states in spread 19
Analyzing 40000 states in spread 20
Analyzing 40000 states in spread 21
Analyzing 40000 states in spread 22
Analyzing 40000 states in spread 23
Analyzing 40000 states in spread 24
Analyzing 40000 states in spread 25
Analyzing 40000 states in spread 26
Finished step 76, minimal spread 16, max spread 25, got 3 drops
Total number of curves 246024
Starting step 77
Analyzing 1 states in spread 16
Analyzing 29 states in spread 17
Analyzing 476 states in spread 18
Analyzing 5518 states in spread 19
Analyzing 40000 states in spread 20
Analyzing 40000 states in spread 21
Analyzing 40000 states in spread 22
Analyzing 40000 states in spread 23
Analyzing 40000 states in spread 24
Analyzing 40000 states in spread 25
Finished step 77, minimal spread 16, max spread 24, got 3 drops
Total number of curves 193176
Starting step 78
Analyzing 1 states in spread 16
Analyzing 16 states in spread 17
Analyzing 260 states in spread 18
Analyzing 3157 states in spread 19
Analyzing 29742 states in spread 20
Analyzing 40000 states in spread 21
Analyzing 40000 states in spread 22
Analyzing 40000 states in spread 23
Analyzing 40000 states in spread 24
Finished step 78, minimal spread 16, max spread 23, got 2 drops
Total number of curves 140009
Starting step 79
Analyzing 1 states in spread 16
Analyzing 9 states in spread 17
Analyzing 155 states in spread 18
Analyzing 1893 states in spread 19
Analyzing 17951 states in spread 20
Analyzing 40000 states in spread 21
Analyzing 40000 states in spread 22
Analyzing 40000 states in spread 23
Finished step 79, minimal spread 17, max spread 22, got 2 drops
Total number of curves 92906
Starting step 80
Analyzing 9 states in spread 17
Analyzing 84 states in spread 18
Analyzing 1211 states in spread 19
Analyzing 11602 states in spread 20
Analyzing 40000 states in spread 21
Analyzing 40000 states in spread 22
Finished step 80, minimal spread 17, max spread 21, got 4 drops
Total number of curves 48614
Starting step 81
Analyzing 1 states in spread 17
Analyzing 68 states in spread 18
Analyzing 668 states in spread 19
Analyzing 7877 states in spread 20
Analyzing 40000 states in spread 21
Finished step 81, minimal spread 17, max spread 20, got 2 drops
Total number of curves 5037
Starting step 82
Analyzing 1 states in spread 17
Analyzing 19 states in spread 18
Analyzing 485 states in spread 19
Analyzing 4532 states in spread 20
Finished step 82, minimal spread 17, max spread 19, got 2 drops
Total number of curves 213
Starting step 83
Analyzing 1 states in spread 17
Analyzing 12 states in spread 18
Analyzing 200 states in spread 19
Finished step 83, minimal spread 18, max spread 18, got 1 drops
Total number of curves 13
Starting step 84
Analyzing 13 states in spread 18
Altogether, runtime= 19.85631640625
SUMMARY witness_output= /nfs/roberts/project/pi_com36/com36/burau-experiments/curvemod/logs/a3_mod7_sigma2_bucket40k_total400k_len100_20260310_014505_witnesses.txt
SUMMARY found= False
SUMMARY first_depth= None
SUMMARY unique_witnesses= 0
SUMMARY total_hits= 0
SUMMARY witness_depth_histogram= {}
CUDA max_memory_allocated_bytes: 4258799616
CUDA max_memory_reserved_bytes: 4938792960
End: 2026-03-10T01:45:46-04:00
