Starting A3 torch search with p= 5 caps 300000 300000 totalcaps 1500000 1000000 FIRST_STEPS 12 base_point 1 device cuda
We have 6 atoms and 14 dual simples
Initialized step 1 with spreads: {1: 2}
Starting step 2
Analyzing 2 states in spread 1
Finished step 2, minimal spread 2, max spread 2, got 0 drops
Total number of curves 8
Starting step 3
Analyzing 8 states in spread 2
Finished step 3, minimal spread 3, max spread 3, got 0 drops
Total number of curves 36
Starting step 4
Analyzing 36 states in spread 3
Finished step 4, minimal spread 4, max spread 4, got 0 drops
Total number of curves 170
Starting step 5
Analyzing 170 states in spread 4
Finished step 5, minimal spread 5, max spread 5, got 0 drops
Total number of curves 816
Starting step 6
Analyzing 816 states in spread 5
Finished step 6, minimal spread 5, max spread 6, got 0 drops
Total number of curves 3938
Starting step 7
Analyzing 2 states in spread 5
Analyzing 3936 states in spread 6
Finished step 7, minimal spread 5, max spread 7, got 0 drops
Total number of curves 19040
Starting step 8
Analyzing 2 states in spread 5
Analyzing 40 states in spread 6
Analyzing 18998 states in spread 7
Finished step 8, minimal spread 6, max spread 8, got 0 drops
Total number of curves 92118
Starting step 9
Analyzing 39 states in spread 6
Analyzing 457 states in spread 7
Analyzing 91622 states in spread 8
Finished step 9, minimal spread 6, max spread 9, got 0 drops
Total number of curves 304412
Starting step 10
Analyzing 15 states in spread 6
Analyzing 415 states in spread 7
Analyzing 3982 states in spread 8
Analyzing 300000 states in spread 9
Finished step 10, minimal spread 6, max spread 10, got 0 drops
Total number of curves 329842
Starting step 11
Analyzing 8 states in spread 6
Analyzing 225 states in spread 7
Analyzing 3512 states in spread 8
Analyzing 26097 states in spread 9
Analyzing 300000 states in spread 10
Finished step 11, minimal spread 6, max spread 11, got 0 drops
Total number of curves 459210
Starting step 12
Analyzing 5 states in spread 6
Analyzing 157 states in spread 7
Analyzing 2174 states in spread 8
Analyzing 23208 states in spread 9
Analyzing 133666 states in spread 10
Analyzing 300000 states in spread 11
Finished step 12, minimal spread 6, max spread 12, got 0 drops
Total number of curves 741467
Starting step 13
Analyzing 5 states in spread 6
Analyzing 97 states in spread 7
Analyzing 1693 states in spread 8
Analyzing 15705 states in spread 9
Analyzing 123967 states in spread 10
Analyzing 300000 states in spread 11
Analyzing 300000 states in spread 12
Finished step 13, minimal spread 6, max spread 13, got 3 drops
Total number of curves 1005847
Starting step 14
Analyzing 5 states in spread 6
Analyzing 73 states in spread 7
Analyzing 1149 states in spread 8
Analyzing 13054 states in spread 9
Analyzing 91566 states in spread 10
Analyzing 300000 states in spread 11
Analyzing 300000 states in spread 12
Analyzing 300000 states in spread 13
Finished step 14, minimal spread 6, max spread 14, got 18 drops
Total number of curves 1291111
Starting step 15
Analyzing 7 states in spread 6
Analyzing 71 states in spread 7
Analyzing 852 states in spread 8
Analyzing 9712 states in spread 9
Analyzing 80469 states in spread 10
Analyzing 300000 states in spread 11
Analyzing 300000 states in spread 12
Analyzing 300000 states in spread 13
Analyzing 300000 states in spread 14
Finished step 15, minimal spread 6, max spread 15, got 37 drops
Total number of curves 1573083
Starting step 16
Analyzing 7 states in spread 6
Analyzing 96 states in spread 7
Analyzing 798 states in spread 8
Analyzing 7591 states in spread 9
Analyzing 64591 states in spread 10
Analyzing 300000 states in spread 11
Analyzing 300000 states in spread 12
Analyzing 300000 states in spread 13
Analyzing 300000 states in spread 14
Finished step 16, minimal spread 6, max spread 15, got 72 drops
Total number of curves 1561513
Starting step 17
Analyzing 6 states in spread 6
Analyzing 104 states in spread 7
Analyzing 953 states in spread 8
Analyzing 7002 states in spread 9
Analyzing 53448 states in spread 10
Analyzing 300000 states in spread 11
Analyzing 300000 states in spread 12
Analyzing 300000 states in spread 13
Analyzing 300000 states in spread 14
Finished step 17, minimal spread 6, max spread 15, got 106 drops
Total number of curves 1555223
Starting step 18
Analyzing 5 states in spread 6
Analyzing 100 states in spread 7
Analyzing 969 states in spread 8
Analyzing 7570 states in spread 9
Analyzing 49772 states in spread 10
Analyzing 296807 states in spread 11
Analyzing 300000 states in spread 12
Analyzing 300000 states in spread 13
Analyzing 300000 states in spread 14
Finished step 18, minimal spread 6, max spread 15, got 156 drops
Total number of curves 1550847
Starting step 19
Analyzing 6 states in spread 6
Analyzing 86 states in spread 7
Analyzing 931 states in spread 8
Analyzing 7419 states in spread 9
Analyzing 51632 states in spread 10
Analyzing 290773 states in spread 11
Analyzing 300000 states in spread 12
Analyzing 300000 states in spread 13
Analyzing 300000 states in spread 14
Finished step 19, minimal spread 6, max spread 15, got 171 drops
Total number of curves 1558159
Starting step 20
Analyzing 6 states in spread 6
Analyzing 103 states in spread 7
Analyzing 833 states in spread 8
Analyzing 7088 states in spread 9
Analyzing 50129 states in spread 10
Analyzing 300000 states in spread 11
Analyzing 300000 states in spread 12
Analyzing 300000 states in spread 13
Analyzing 300000 states in spread 14
Finished step 20, minimal spread 6, max spread 15, got 236 drops
Total number of curves 1555510
Starting step 21
Analyzing 10 states in spread 6
Analyzing 109 states in spread 7
Analyzing 904 states in spread 8
Analyzing 6405 states in spread 9
Analyzing 48082 states in spread 10
Analyzing 300000 states in spread 11
Analyzing 300000 states in spread 12
Analyzing 300000 states in spread 13
Analyzing 300000 states in spread 14
Finished step 21, minimal spread 5, max spread 15, got 353 drops
Total number of curves 1546084
Starting step 22
Analyzing 5 states in spread 5
Analyzing 21 states in spread 6
Analyzing 125 states in spread 7
Analyzing 959 states in spread 8
Analyzing 6634 states in spread 9
Analyzing 43959 states in spread 10
Analyzing 294381 states in spread 11
Analyzing 300000 states in spread 12
Analyzing 300000 states in spread 13
Analyzing 300000 states in spread 14
Finished step 22, minimal spread 5, max spread 15, got 406 drops
Total number of curves 1527544
Starting step 23
Analyzing 9 states in spread 5
Analyzing 49 states in spread 6
Analyzing 176 states in spread 7
Analyzing 1021 states in spread 8
Analyzing 6950 states in spread 9
Analyzing 44477 states in spread 10
Analyzing 274862 states in spread 11
Analyzing 300000 states in spread 12
Analyzing 300000 states in spread 13
Analyzing 300000 states in spread 14
Finished step 23, minimal spread 5, max spread 15, got 494 drops
Total number of curves 1531608
Starting step 24
Analyzing 7 states in spread 5
Analyzing 83 states in spread 6
Analyzing 326 states in spread 7
Analyzing 1271 states in spread 8
Analyzing 7190 states in spread 9
Analyzing 46091 states in spread 10
Analyzing 276640 states in spread 11
Analyzing 300000 states in spread 12
Analyzing 300000 states in spread 13
Analyzing 300000 states in spread 14
Finished step 24, minimal spread 5, max spread 15, got 594 drops
Total number of curves 1543114
Starting step 25
Analyzing 8 states in spread 5
Analyzing 67 states in spread 6
Analyzing 530 states in spread 7
Analyzing 2035 states in spread 8
Analyzing 8456 states in spread 9
Analyzing 46908 states in spread 10
Analyzing 285110 states in spread 11
Analyzing 300000 states in spread 12
Analyzing 300000 states in spread 13
Analyzing 300000 states in spread 14
Finished step 25, minimal spread 5, max spread 15, got 602 drops
Total number of curves 1557436
Starting step 26
Analyzing 6 states in spread 5
Analyzing 71 states in spread 6
Analyzing 463 states in spread 7
Analyzing 3140 states in spread 8
Analyzing 12256 states in spread 9
Analyzing 53247 states in spread 10
Analyzing 288253 states in spread 11
Analyzing 300000 states in spread 12
Analyzing 300000 states in spread 13
Analyzing 300000 states in spread 14
Finished step 26, minimal spread 5, max spread 15, got 623 drops
Total number of curves 1593176
Starting step 27
Analyzing 2 states in spread 5
Analyzing 63 states in spread 6
Analyzing 464 states in spread 7
Analyzing 2922 states in spread 8
Analyzing 17844 states in spread 9
Analyzing 71881 states in spread 10
Analyzing 300000 states in spread 11
Analyzing 300000 states in spread 12
Analyzing 300000 states in spread 13
Analyzing 300000 states in spread 14
Finished step 27, minimal spread 6, max spread 15, got 650 drops
Total number of curves 1620391
Starting step 28
Analyzing 36 states in spread 6
Analyzing 477 states in spread 7
Analyzing 2891 states in spread 8
Analyzing 17439 states in spread 9
Analyzing 99548 states in spread 10
Analyzing 300000 states in spread 11
Analyzing 300000 states in spread 12
Analyzing 300000 states in spread 13
Finished step 28, minimal spread 6, max spread 14, got 546 drops
Total number of curves 1321243
Starting step 29
Analyzing 14 states in spread 6
Analyzing 358 states in spread 7
Analyzing 3158 states in spread 8
Analyzing 17427 states in spread 9
Analyzing 100286 states in spread 10
Analyzing 300000 states in spread 11
Analyzing 300000 states in spread 12
Analyzing 300000 states in spread 13
Finished step 29, minimal spread 5, max spread 14, got 427 drops
Total number of curves 1323526
Starting step 30
Analyzing 1 states in spread 5
Analyzing 14 states in spread 6
Analyzing 212 states in spread 7
Analyzing 2654 states in spread 8
Analyzing 19400 states in spread 9
Analyzing 101245 states in spread 10
Analyzing 300000 states in spread 11
Analyzing 300000 states in spread 12
Analyzing 300000 states in spread 13
Finished step 30, minimal spread 4, max spread 14, got 298 drops
Total number of curves 1332135
Starting step 31
Analyzing 1 states in spread 4
Analyzing 3 states in spread 5
Analyzing 23 states in spread 6
Analyzing 183 states in spread 7
Analyzing 1882 states in spread 8
Analyzing 17327 states in spread 9
Analyzing 112716 states in spread 10
Analyzing 300000 states in spread 11
Analyzing 300000 states in spread 12
Analyzing 300000 states in spread 13
Finished step 31, minimal spread 3, max spread 14, got 265 drops
Total number of curves 1320080
Starting step 32
Analyzing 1 states in spread 3
Analyzing 3 states in spread 4
Analyzing 13 states in spread 5
Analyzing 36 states in spread 6
Analyzing 232 states in spread 7
Analyzing 1616 states in spread 8
Analyzing 13600 states in spread 9
Analyzing 104579 states in spread 10
Analyzing 300000 states in spread 11
Analyzing 300000 states in spread 12
Analyzing 300000 states in spread 13
Finished step 32, minimal spread 2, max spread 14, got 235 drops
Total number of curves 1301532
Starting step 33
Analyzing 1 states in spread 2
Analyzing 3 states in spread 3
Analyzing 9 states in spread 4
Analyzing 20 states in spread 5
Analyzing 88 states in spread 6
Analyzing 311 states in spread 7
Analyzing 1819 states in spread 8
Analyzing 11982 states in spread 9
Analyzing 87299 states in spread 10
Analyzing 300000 states in spread 11
Analyzing 300000 states in spread 12
Analyzing 300000 states in spread 13
Finished step 33, minimal spread 1, max spread 14, got 235 drops
Total number of curves 1294878
Starting step 34
Analyzing 1 states in spread 1
Found witness #1 for p=5 at depth 34: [[-1, -3], [1, -2, -1], [2, -3, -2], [1, -2, -1], [1, 2, -3, -2, -1], [2, -3, -2], [1, -2, -1], [-2], [-1], [1, -2, -1], [-2, 1, 2, -3, -2, -1], [-3, -2], [-1, -3], [1, 2, -3, -2, -1], [2, -3, -2], [-1, -3], [-2, -1], [-2, -1], [-2, 1, 2, -3, -2, -1], [2, -3, -2], [1, -2, -1], [1, 2, -3, -2, -1], [-3], [1, -2, -1], [-2, 1, 2, -3, -2, -1], [2, -3, -2, -1], [-1, -3], [-2], [2, -3, -2], [-1, -3], [-3, 1, -2, -1], [-3, 1, -2, -1], [-3, -2], [-1, -3]]
Analyzing 2 states in spread 2
Analyzing 8 states in spread 3
Analyzing 18 states in spread 4
Analyzing 51 states in spread 5
Analyzing 128 states in spread 6
Analyzing 577 states in spread 7
Analyzing 2217 states in spread 8
Analyzing 12734 states in spread 9
Analyzing 79142 states in spread 10
Analyzing 300000 states in spread 11
Analyzing 300000 states in spread 12
Analyzing 300000 states in spread 13
Analyzing 300000 states in spread 14
Finished step 34, minimal spread 1, max spread 15, got 248 drops
Total number of curves 1601501
Starting step 35
Analyzing 2 states in spread 1
Analyzing 8 states in spread 2
Analyzing 10 states in spread 3
Analyzing 43 states in spread 4
Analyzing 97 states in spread 5
Analyzing 277 states in spread 6
Analyzing 781 states in spread 7
Analyzing 3582 states in spread 8
Analyzing 14575 states in spread 9
Analyzing 82126 states in spread 10
Analyzing 300000 states in spread 11
Analyzing 300000 states in spread 12
Analyzing 300000 states in spread 13
Finished step 35, minimal spread 1, max spread 14, got 238 drops
Total number of curves 1318663
Starting step 36
Analyzing 2 states in spread 1
Analyzing 10 states in spread 2
Analyzing 42 states in spread 3
Analyzing 50 states in spread 4
Analyzing 221 states in spread 5
Analyzing 519 states in spread 6
Analyzing 1494 states in spread 7
Analyzing 4631 states in spread 8
Analyzing 21389 states in spread 9
Analyzing 90305 states in spread 10
Analyzing 300000 states in spread 11
Analyzing 300000 states in spread 12
Analyzing 300000 states in spread 13
Finished step 36, minimal spread 1, max spread 14, got 253 drops
Total number of curves 1362656
Starting step 37
Analyzing 4 states in spread 1
Analyzing 10 states in spread 2
Analyzing 51 states in spread 3
Analyzing 210 states in spread 4
Analyzing 246 states in spread 5
Analyzing 1135 states in spread 6
Analyzing 2724 states in spread 7
Analyzing 7992 states in spread 8
Analyzing 26729 states in spread 9
Analyzing 123555 states in spread 10
Analyzing 300000 states in spread 11
Analyzing 300000 states in spread 12
Analyzing 300000 states in spread 13
Finished step 37, minimal spread 1, max spread 14, got 263 drops
Total number of curves 1415545
Starting step 38
Analyzing 8 states in spread 1
Analyzing 24 states in spread 2
Analyzing 51 states in spread 3
Analyzing 253 states in spread 4
Analyzing 1024 states in spread 5
Analyzing 1254 states in spread 6
Analyzing 5766 states in spread 7
Analyzing 14150 states in spread 8
Analyzing 42777 states in spread 9
Analyzing 150238 states in spread 10
Analyzing 300000 states in spread 11
Analyzing 300000 states in spread 12
Analyzing 300000 states in spread 13
Finished step 38, minimal spread 1, max spread 14, got 248 drops
Total number of curves 1543223
Starting step 39
Analyzing 10 states in spread 1
Analyzing 38 states in spread 2
Analyzing 122 states in spread 3
Analyzing 250 states in spread 4
Analyzing 1268 states in spread 5
Analyzing 5000 states in spread 6
Analyzing 6431 states in spread 7
Analyzing 29136 states in spread 8
Analyzing 73197 states in spread 9
Analyzing 227771 states in spread 10
Analyzing 300000 states in spread 11
Analyzing 300000 states in spread 12
Analyzing 300000 states in spread 13
Finished step 39, minimal spread 1, max spread 14, got 229 drops
Total number of curves 1712739
Starting step 40
Analyzing 14 states in spread 1
Analyzing 54 states in spread 2
Analyzing 181 states in spread 3
Analyzing 603 states in spread 4
Analyzing 1237 states in spread 5
Analyzing 6338 states in spread 6
Analyzing 24432 states in spread 7
Analyzing 33040 states in spread 8
Analyzing 146840 states in spread 9
Analyzing 300000 states in spread 10
Analyzing 300000 states in spread 11
Analyzing 300000 states in spread 12
Finished step 40, minimal spread 1, max spread 13, got 175 drops
Total number of curves 1531047
Starting step 41
Analyzing 22 states in spread 1
Analyzing 76 states in spread 2
Analyzing 273 states in spread 3
Analyzing 867 states in spread 4
Analyzing 2953 states in spread 5
Analyzing 6194 states in spread 6
Analyzing 31600 states in spread 7
Analyzing 119667 states in spread 8
Analyzing 169395 states in spread 9
Analyzing 300000 states in spread 10
Analyzing 300000 states in spread 11
Analyzing 300000 states in spread 12
Finished step 41, minimal spread 1, max spread 13, got 114 drops
Total number of curves 1709149
Starting step 42
Analyzing 32 states in spread 1
Analyzing 110 states in spread 2
Analyzing 378 states in spread 3
Analyzing 1344 states in spread 4
Analyzing 4215 states in spread 5
Analyzing 14491 states in spread 6
Analyzing 31261 states in spread 7
Analyzing 157318 states in spread 8
Analyzing 300000 states in spread 9
Analyzing 300000 states in spread 10
Analyzing 300000 states in spread 11
Finished step 42, minimal spread 1, max spread 12, got 61 drops
Total number of curves 1459590
Starting step 43
Analyzing 46 states in spread 1
Analyzing 170 states in spread 2
Analyzing 535 states in spread 3
Analyzing 1853 states in spread 4
Analyzing 6583 states in spread 5
Analyzing 20668 states in spread 6
Analyzing 71356 states in spread 7
Analyzing 158379 states in spread 8
Analyzing 300000 states in spread 9
Analyzing 300000 states in spread 10
Analyzing 300000 states in spread 11
Finished step 43, minimal spread 1, max spread 12, got 28 drops
Total number of curves 1647150
Starting step 44
Analyzing 68 states in spread 1
Analyzing 244 states in spread 2
Analyzing 849 states in spread 3
Analyzing 2595 states in spread 4
Analyzing 9086 states in spread 5
Analyzing 32348 states in spread 6
Analyzing 101960 states in spread 7
Analyzing 300000 states in spread 8
Analyzing 300000 states in spread 9
Analyzing 300000 states in spread 10
Finished step 44, minimal spread 1, max spread 11, got 21 drops
Total number of curves 1422917
Starting step 45
Analyzing 100 states in spread 1
Analyzing 350 states in spread 2
Analyzing 1210 states in spread 3
Analyzing 4160 states in spread 4
Analyzing 12693 states in spread 5
Analyzing 44809 states in spread 6
Analyzing 159595 states in spread 7
Analyzing 300000 states in spread 8
Analyzing 300000 states in spread 9
Analyzing 300000 states in spread 10
Finished step 45, minimal spread 1, max spread 11, got 11 drops
Total number of curves 1513166
Starting step 46
Analyzing 146 states in spread 1
Analyzing 526 states in spread 2
Analyzing 1721 states in spread 3
Analyzing 5917 states in spread 4
Analyzing 20359 states in spread 5
Analyzing 62588 states in spread 6
Analyzing 221909 states in spread 7
Analyzing 300000 states in spread 8
Analyzing 300000 states in spread 9
Analyzing 300000 states in spread 10
Finished step 46, minimal spread 1, max spread 11, got 16 drops
Total number of curves 1641075
Starting step 47
Analyzing 214 states in spread 1
Analyzing 768 states in spread 2
Analyzing 2611 states in spread 3
Analyzing 8388 states in spread 4
Analyzing 28971 states in spread 5
Analyzing 100123 states in spread 6
Analyzing 300000 states in spread 7
Analyzing 300000 states in spread 8
Analyzing 300000 states in spread 9
Finished step 47, minimal spread 1, max spread 10, got 8 drops
Total number of curves 1401733
Starting step 48
Analyzing 314 states in spread 1
Analyzing 1114 states in spread 2
Analyzing 3804 states in spread 3
Analyzing 12769 states in spread 4
Analyzing 41059 states in spread 5
Analyzing 142673 states in spread 6
Analyzing 300000 states in spread 7
Analyzing 300000 states in spread 8
Analyzing 300000 states in spread 9
Finished step 48, minimal spread 1, max spread 10, got 3 drops
Total number of curves 1491065
Starting step 49
Analyzing 460 states in spread 1
Analyzing 1646 states in spread 2
Analyzing 5501 states in spread 3
Analyzing 18589 states in spread 4
Analyzing 62492 states in spread 5
Analyzing 202377 states in spread 6
Analyzing 300000 states in spread 7
Analyzing 300000 states in spread 8
Analyzing 300000 states in spread 9
Finished step 49, minimal spread 1, max spread 10, got 9 drops
Total number of curves 1629074
Starting step 50
Analyzing 674 states in spread 1
Analyzing 2412 states in spread 2
Analyzing 8153 states in spread 3
Analyzing 26853 states in spread 4
Analyzing 90982 states in spread 5
Analyzing 300000 states in spread 6
Analyzing 300000 states in spread 7
Analyzing 300000 states in spread 8
Finished step 50, minimal spread 1, max spread 9, got 4 drops
Total number of curves 1387718
Starting step 51
Analyzing 988 states in spread 1
Analyzing 3522 states in spread 2
Analyzing 11940 states in spread 3
Analyzing 39842 states in spread 4
Analyzing 131426 states in spread 5
Analyzing 300000 states in spread 6
Analyzing 300000 states in spread 7
Analyzing 300000 states in spread 8
Finished step 51, minimal spread 1, max spread 9, got 4 drops
Total number of curves 1477366
Starting step 52
Analyzing 1448 states in spread 1
Analyzing 5174 states in spread 2
Analyzing 17417 states in spread 3
Analyzing 58334 states in spread 4
Analyzing 194993 states in spread 5
Analyzing 300000 states in spread 6
Analyzing 300000 states in spread 7
Analyzing 300000 states in spread 8
Finished step 52, minimal spread 1, max spread 9, got 3 drops
Total number of curves 1605856
Starting step 53
Analyzing 2122 states in spread 1
Analyzing 7584 states in spread 2
Analyzing 25611 states in spread 3
Analyzing 85061 states in spread 4
Analyzing 285478 states in spread 5
Analyzing 300000 states in spread 6
Analyzing 300000 states in spread 7
Finished step 53, minimal spread 1, max spread 8, got 2 drops
Total number of curves 1376867
Starting step 54
Analyzing 3110 states in spread 1
Analyzing 11102 states in spread 2
Analyzing 37534 states in spread 3
Analyzing 125121 states in spread 4
Analyzing 300000 states in spread 5
Analyzing 300000 states in spread 6
Analyzing 300000 states in spread 7
Finished step 54, minimal spread 1, max spread 8, got 1 drops
Total number of curves 1459124
Starting step 55
Analyzing 4558 states in spread 1
Analyzing 16282 states in spread 2
Analyzing 54927 states in spread 3
Analyzing 183357 states in spread 4
Analyzing 300000 states in spread 5
Analyzing 300000 states in spread 6
Analyzing 300000 states in spread 7
Finished step 55, minimal spread 1, max spread 8, got 1 drops
Total number of curves 1579414
Starting step 56
Analyzing 6680 states in spread 1
Analyzing 23864 states in spread 2
Analyzing 80579 states in spread 3
Analyzing 268291 states in spread 4
Analyzing 300000 states in spread 5
Analyzing 300000 states in spread 6
Analyzing 300000 states in spread 7
Finished step 56, minimal spread 1, max spread 8, got 1 drops
Total number of curves 1662848
Starting step 57
Analyzing 9790 states in spread 1
Analyzing 34962 states in spread 2
Analyzing 118096 states in spread 3
Analyzing 300000 states in spread 4
Analyzing 300000 states in spread 5
Analyzing 300000 states in spread 6
Finished step 57, minimal spread 1, max spread 7, got 0 drops
Total number of curves 1438597
Starting step 58
Analyzing 14348 states in spread 1
Analyzing 51250 states in spread 2
Analyzing 172999 states in spread 3
Analyzing 300000 states in spread 4
Analyzing 300000 states in spread 5
Analyzing 300000 states in spread 6
Finished step 58, minimal spread 1, max spread 7, got 0 drops
Total number of curves 1549759
Starting step 59
Analyzing 21028 states in spread 1
Analyzing 75112 states in spread 2
Analyzing 253619 states in spread 3
Analyzing 300000 states in spread 4
Analyzing 300000 states in spread 5
Analyzing 300000 states in spread 6
Finished step 59, minimal spread 1, max spread 7, got 0 drops
Total number of curves 1640888
Starting step 60
Analyzing 30818 states in spread 1
Analyzing 110070 states in spread 2
Analyzing 300000 states in spread 3
Analyzing 300000 states in spread 4
Analyzing 300000 states in spread 5
Finished step 60, minimal spread 1, max spread 6, got 0 drops
Total number of curves 1406492
Starting step 61
Analyzing 45166 states in spread 1
Analyzing 161326 states in spread 2
Analyzing 300000 states in spread 3
Analyzing 300000 states in spread 4
Analyzing 300000 states in spread 5
Finished step 61, minimal spread 1, max spread 6, got 0 drops
Total number of curves 1502630
Starting step 62
Analyzing 66194 states in spread 1
Analyzing 236436 states in spread 2
Analyzing 300000 states in spread 3
Analyzing 300000 states in spread 4
Analyzing 300000 states in spread 5
Finished step 62, minimal spread 1, max spread 6, got 0 drops
Total number of curves 1597012
Starting step 63
Analyzing 97012 states in spread 1
Analyzing 300000 states in spread 2
Analyzing 300000 states in spread 3
Analyzing 300000 states in spread 4
Analyzing 300000 states in spread 5
Finished step 63, minimal spread 1, max spread 6, got 0 drops
Total number of curves 1642178
Starting step 64
Analyzing 142178 states in spread 1
Analyzing 300000 states in spread 2
Analyzing 300000 states in spread 3
Analyzing 300000 states in spread 4
Finished step 64, minimal spread 1, max spread 5, got 0 drops
Total number of curves 1408372
Starting step 65
Analyzing 208372 states in spread 1
Analyzing 300000 states in spread 2
Analyzing 300000 states in spread 3
Analyzing 300000 states in spread 4
Finished step 65, minimal spread 1, max spread 5, got 0 drops
Total number of curves 1500000
Starting step 66
Analyzing 300000 states in spread 1
Analyzing 300000 states in spread 2
Analyzing 300000 states in spread 3
Analyzing 300000 states in spread 4
Finished step 66, minimal spread 1, max spread 5, got 0 drops
Total number of curves 1500000
Starting step 67
Analyzing 300000 states in spread 1
Analyzing 300000 states in spread 2
Analyzing 300000 states in spread 3
Analyzing 300000 states in spread 4
Finished step 67, minimal spread 1, max spread 4, got 0 drops
Total number of curves 1200000
Starting step 68
Analyzing 300000 states in spread 1
Analyzing 300000 states in spread 2
Analyzing 300000 states in spread 3
Analyzing 300000 states in spread 4
Finished step 68, minimal spread 1, max spread 3, got 0 drops
Total number of curves 900000
Starting step 69
Analyzing 300000 states in spread 1
Analyzing 300000 states in spread 2
Analyzing 300000 states in spread 3
Finished step 69, minimal spread 1, max spread 2, got 0 drops
Total number of curves 600000
Starting step 70
Analyzing 300000 states in spread 1
Analyzing 300000 states in spread 2
Finished step 70, minimal spread 1, max spread 1, got 0 drops
Total number of curves 300000
Altogether, runtime= 33.21198046875
SUMMARY witness_output= logs/a3_mod5_len70_b300k_u1500k_u1000k_seed2_20260310_witnesses.txt
SUMMARY found= True
SUMMARY first_depth= 34
SUMMARY unique_witnesses= 1
SUMMARY total_hits= 1
SUMMARY witness_depth_histogram= {34: 1}
SUMMARY witness_1_depth= 34
SUMMARY witness_1= [[-1, -3], [1, -2, -1], [2, -3, -2], [1, -2, -1], [1, 2, -3, -2, -1], [2, -3, -2], [1, -2, -1], [-2], [-1], [1, -2, -1], [-2, 1, 2, -3, -2, -1], [-3, -2], [-1, -3], [1, 2, -3, -2, -1], [2, -3, -2], [-1, -3], [-2, -1], [-2, -1], [-2, 1, 2, -3, -2, -1], [2, -3, -2], [1, -2, -1], [1, 2, -3, -2, -1], [-3], [1, -2, -1], [-2, 1, 2, -3, -2, -1], [2, -3, -2, -1], [-1, -3], [-2], [2, -3, -2], [-1, -3], [-3, 1, -2, -1], [-3, 1, -2, -1], [-3, -2], [-1, -3]]
CUDA max_memory_allocated_bytes: 10748038656
CUDA max_memory_reserved_bytes: 13753122816
