Start: 2026-03-10T01:42:57-04:00
Host: a1128u08n01.mghpcc.ycrc.yale.edu
CUDA visible devices: 0
PYTORCH_CUDA_ALLOC_CONF=expandable_segments:True
NVIDIA RTX 5000 Ada Generation, 32760 MiB, 0 %
Starting A3 torch search with p= 5 caps 40000 40000 totalcaps 400000 400000 FIRST_STEPS 12 base_point 2 device cuda
We have 6 atoms and 14 dual simples
Initialized step 1 with spreads: {1: 2}
Starting step 2
Analyzing 2 states in spread 1
Finished step 2, minimal spread 2, max spread 2, got 0 drops
Total number of curves 8
Starting step 3
Analyzing 8 states in spread 2
Finished step 3, minimal spread 3, max spread 3, got 0 drops
Total number of curves 36
Starting step 4
Analyzing 36 states in spread 3
Finished step 4, minimal spread 4, max spread 4, got 0 drops
Total number of curves 170
Starting step 5
Analyzing 170 states in spread 4
Finished step 5, minimal spread 5, max spread 5, got 0 drops
Total number of curves 816
Starting step 6
Analyzing 816 states in spread 5
Finished step 6, minimal spread 5, max spread 6, got 0 drops
Total number of curves 3938
Starting step 7
Analyzing 2 states in spread 5
Analyzing 3936 states in spread 6
Finished step 7, minimal spread 5, max spread 7, got 0 drops
Total number of curves 19040
Starting step 8
Analyzing 2 states in spread 5
Analyzing 40 states in spread 6
Analyzing 18998 states in spread 7
Finished step 8, minimal spread 6, max spread 8, got 0 drops
Total number of curves 40496
Starting step 9
Analyzing 39 states in spread 6
Analyzing 457 states in spread 7
Analyzing 40000 states in spread 8
Finished step 9, minimal spread 6, max spread 9, got 0 drops
Total number of curves 43336
Starting step 10
Analyzing 15 states in spread 6
Analyzing 415 states in spread 7
Analyzing 2906 states in spread 8
Analyzing 40000 states in spread 9
Finished step 10, minimal spread 6, max spread 10, got 0 drops
Total number of curves 57925
Starting step 11
Analyzing 8 states in spread 6
Analyzing 225 states in spread 7
Analyzing 2709 states in spread 8
Analyzing 14983 states in spread 9
Analyzing 40000 states in spread 10
Finished step 11, minimal spread 6, max spread 11, got 0 drops
Total number of curves 96392
Starting step 12
Analyzing 5 states in spread 6
Analyzing 157 states in spread 7
Analyzing 1681 states in spread 8
Analyzing 14549 states in spread 9
Analyzing 40000 states in spread 10
Analyzing 40000 states in spread 11
Finished step 12, minimal spread 6, max spread 12, got 0 drops
Total number of curves 131504
Starting step 13
Analyzing 5 states in spread 6
Analyzing 97 states in spread 7
Analyzing 1348 states in spread 8
Analyzing 10054 states in spread 9
Analyzing 40000 states in spread 10
Analyzing 40000 states in spread 11
Analyzing 40000 states in spread 12
Finished step 13, minimal spread 6, max spread 13, got 2 drops
Total number of curves 169807
Starting step 14
Analyzing 5 states in spread 6
Analyzing 72 states in spread 7
Analyzing 923 states in spread 8
Analyzing 8807 states in spread 9
Analyzing 40000 states in spread 10
Analyzing 40000 states in spread 11
Analyzing 40000 states in spread 12
Analyzing 40000 states in spread 13
Finished step 14, minimal spread 6, max spread 14, got 7 drops
Total number of curves 207359
Starting step 15
Analyzing 7 states in spread 6
Analyzing 67 states in spread 7
Analyzing 680 states in spread 8
Analyzing 6605 states in spread 9
Analyzing 40000 states in spread 10
Analyzing 40000 states in spread 11
Analyzing 40000 states in spread 12
Analyzing 40000 states in spread 13
Analyzing 40000 states in spread 14
Finished step 15, minimal spread 6, max spread 15, got 6 drops
Total number of curves 242710
Starting step 16
Analyzing 7 states in spread 6
Analyzing 90 states in spread 7
Analyzing 609 states in spread 8
Analyzing 5140 states in spread 9
Analyzing 36864 states in spread 10
Analyzing 40000 states in spread 11
Analyzing 40000 states in spread 12
Analyzing 40000 states in spread 13
Analyzing 40000 states in spread 14
Analyzing 40000 states in spread 15
Finished step 16, minimal spread 6, max spread 16, got 11 drops
Total number of curves 276419
Starting step 17
Analyzing 6 states in spread 6
Analyzing 92 states in spread 7
Analyzing 751 states in spread 8
Analyzing 4712 states in spread 9
Analyzing 30858 states in spread 10
Analyzing 40000 states in spread 11
Analyzing 40000 states in spread 12
Analyzing 40000 states in spread 13
Analyzing 40000 states in spread 14
Analyzing 40000 states in spread 15
Analyzing 40000 states in spread 16
Finished step 17, minimal spread 6, max spread 17, got 20 drops
Total number of curves 315746
Starting step 18
Analyzing 5 states in spread 6
Analyzing 85 states in spread 7
Analyzing 754 states in spread 8
Analyzing 5312 states in spread 9
Analyzing 29590 states in spread 10
Analyzing 40000 states in spread 11
Analyzing 40000 states in spread 12
Analyzing 40000 states in spread 13
Analyzing 40000 states in spread 14
Analyzing 40000 states in spread 15
Analyzing 40000 states in spread 16
Analyzing 40000 states in spread 17
Finished step 18, minimal spread 6, max spread 18, got 37 drops
Total number of curves 358701
Starting step 19
Analyzing 5 states in spread 6
Analyzing 70 states in spread 7
Analyzing 708 states in spread 8
Analyzing 5256 states in spread 9
Analyzing 32662 states in spread 10
Analyzing 40000 states in spread 11
Analyzing 40000 states in spread 12
Analyzing 40000 states in spread 13
Analyzing 40000 states in spread 14
Analyzing 40000 states in spread 15
Analyzing 40000 states in spread 16
Analyzing 40000 states in spread 17
Analyzing 40000 states in spread 18
Finished step 19, minimal spread 6, max spread 19, got 43 drops
Total number of curves 398278
Starting step 20
Analyzing 4 states in spread 6
Analyzing 71 states in spread 7
Analyzing 603 states in spread 8
Analyzing 5005 states in spread 9
Analyzing 32595 states in spread 10
Analyzing 40000 states in spread 11
Analyzing 40000 states in spread 12
Analyzing 40000 states in spread 13
Analyzing 40000 states in spread 14
Analyzing 40000 states in spread 15
Analyzing 40000 states in spread 16
Analyzing 40000 states in spread 17
Analyzing 40000 states in spread 18
Analyzing 40000 states in spread 19
Finished step 20, minimal spread 6, max spread 20, got 53 drops
Total number of curves 436673
Starting step 21
Analyzing 8 states in spread 6
Analyzing 72 states in spread 7
Analyzing 584 states in spread 8
Analyzing 4325 states in spread 9
Analyzing 31684 states in spread 10
Analyzing 40000 states in spread 11
Analyzing 40000 states in spread 12
Analyzing 40000 states in spread 13
Analyzing 40000 states in spread 14
Analyzing 40000 states in spread 15
Analyzing 40000 states in spread 16
Analyzing 40000 states in spread 17
Analyzing 40000 states in spread 18
Analyzing 40000 states in spread 19
Analyzing 40000 states in spread 20
Finished step 21, minimal spread 5, max spread 21, got 89 drops
Total number of curves 472865
Starting step 22
Analyzing 4 states in spread 5
Analyzing 17 states in spread 6
Analyzing 92 states in spread 7
Analyzing 598 states in spread 8
Analyzing 4143 states in spread 9
Analyzing 28011 states in spread 10
Analyzing 40000 states in spread 11
Analyzing 40000 states in spread 12
Analyzing 40000 states in spread 13
Analyzing 40000 states in spread 14
Analyzing 40000 states in spread 15
Analyzing 40000 states in spread 16
Analyzing 40000 states in spread 17
Analyzing 40000 states in spread 18
Analyzing 40000 states in spread 19
Analyzing 40000 states in spread 20
Finished step 22, minimal spread 5, max spread 21, got 76 drops
Total number of curves 471977
Starting step 23
Analyzing 8 states in spread 5
Analyzing 39 states in spread 6
Analyzing 130 states in spread 7
Analyzing 692 states in spread 8
Analyzing 4237 states in spread 9
Analyzing 26871 states in spread 10
Analyzing 40000 states in spread 11
Analyzing 40000 states in spread 12
Analyzing 40000 states in spread 13
Analyzing 40000 states in spread 14
Analyzing 40000 states in spread 15
Analyzing 40000 states in spread 16
Analyzing 40000 states in spread 17
Analyzing 40000 states in spread 18
Analyzing 40000 states in spread 19
Analyzing 40000 states in spread 20
Finished step 23, minimal spread 5, max spread 21, got 76 drops
Total number of curves 473126
Starting step 24
Analyzing 7 states in spread 5
Analyzing 72 states in spread 6
Analyzing 248 states in spread 7
Analyzing 868 states in spread 8
Analyzing 4610 states in spread 9
Analyzing 27321 states in spread 10
Analyzing 40000 states in spread 11
Analyzing 40000 states in spread 12
Analyzing 40000 states in spread 13
Analyzing 40000 states in spread 14
Analyzing 40000 states in spread 15
Analyzing 40000 states in spread 16
Analyzing 40000 states in spread 17
Analyzing 40000 states in spread 18
Analyzing 40000 states in spread 19
Analyzing 40000 states in spread 20
Finished step 24, minimal spread 5, max spread 21, got 78 drops
Total number of curves 476092
Starting step 25
Analyzing 8 states in spread 5
Analyzing 65 states in spread 6
Analyzing 445 states in spread 7
Analyzing 1460 states in spread 8
Analyzing 5454 states in spread 9
Analyzing 28660 states in spread 10
Analyzing 40000 states in spread 11
Analyzing 40000 states in spread 12
Analyzing 40000 states in spread 13
Analyzing 40000 states in spread 14
Analyzing 40000 states in spread 15
Analyzing 40000 states in spread 16
Analyzing 40000 states in spread 17
Analyzing 40000 states in spread 18
Analyzing 40000 states in spread 19
Analyzing 40000 states in spread 20
Finished step 25, minimal spread 5, max spread 21, got 91 drops
Total number of curves 484147
Starting step 26
Analyzing 6 states in spread 5
Analyzing 69 states in spread 6
Analyzing 422 states in spread 7
Analyzing 2529 states in spread 8
Analyzing 8336 states in spread 9
Analyzing 32785 states in spread 10
Analyzing 40000 states in spread 11
Analyzing 40000 states in spread 12
Analyzing 40000 states in spread 13
Analyzing 40000 states in spread 14
Analyzing 40000 states in spread 15
Analyzing 40000 states in spread 16
Analyzing 40000 states in spread 17
Analyzing 40000 states in spread 18
Analyzing 40000 states in spread 19
Finished step 26, minimal spread 5, max spread 20, got 81 drops
Total number of curves 456782
Starting step 27
Analyzing 2 states in spread 5
Analyzing 61 states in spread 6
Analyzing 430 states in spread 7
Analyzing 2514 states in spread 8
Analyzing 13775 states in spread 9
Analyzing 40000 states in spread 10
Analyzing 40000 states in spread 11
Analyzing 40000 states in spread 12
Analyzing 40000 states in spread 13
Analyzing 40000 states in spread 14
Analyzing 40000 states in spread 15
Analyzing 40000 states in spread 16
Analyzing 40000 states in spread 17
Analyzing 40000 states in spread 18
Analyzing 40000 states in spread 19
Finished step 27, minimal spread 6, max spread 20, got 71 drops
Total number of curves 457251
Starting step 28
Analyzing 32 states in spread 6
Analyzing 443 states in spread 7
Analyzing 2529 states in spread 8
Analyzing 14247 states in spread 9
Analyzing 40000 states in spread 10
Analyzing 40000 states in spread 11
Analyzing 40000 states in spread 12
Analyzing 40000 states in spread 13
Analyzing 40000 states in spread 14
Analyzing 40000 states in spread 15
Analyzing 40000 states in spread 16
Analyzing 40000 states in spread 17
Analyzing 40000 states in spread 18
Analyzing 40000 states in spread 19
Finished step 28, minimal spread 6, max spread 20, got 53 drops
Total number of curves 457560
Starting step 29
Analyzing 10 states in spread 6
Analyzing 305 states in spread 7
Analyzing 2816 states in spread 8
Analyzing 14429 states in spread 9
Analyzing 40000 states in spread 10
Analyzing 40000 states in spread 11
Analyzing 40000 states in spread 12
Analyzing 40000 states in spread 13
Analyzing 40000 states in spread 14
Analyzing 40000 states in spread 15
Analyzing 40000 states in spread 16
Analyzing 40000 states in spread 17
Analyzing 40000 states in spread 18
Analyzing 40000 states in spread 19
Finished step 29, minimal spread 6, max spread 20, got 37 drops
Total number of curves 458867
Starting step 30
Analyzing 9 states in spread 6
Analyzing 158 states in spread 7
Analyzing 2197 states in spread 8
Analyzing 16503 states in spread 9
Analyzing 40000 states in spread 10
Analyzing 40000 states in spread 11
Analyzing 40000 states in spread 12
Analyzing 40000 states in spread 13
Analyzing 40000 states in spread 14
Analyzing 40000 states in spread 15
Analyzing 40000 states in spread 16
Analyzing 40000 states in spread 17
Analyzing 40000 states in spread 18
Analyzing 40000 states in spread 19
Finished step 30, minimal spread 6, max spread 20, got 35 drops
Total number of curves 455393
Starting step 31
Analyzing 12 states in spread 6
Analyzing 130 states in spread 7
Analyzing 1423 states in spread 8
Analyzing 13828 states in spread 9
Analyzing 40000 states in spread 10
Analyzing 40000 states in spread 11
Analyzing 40000 states in spread 12
Analyzing 40000 states in spread 13
Analyzing 40000 states in spread 14
Analyzing 40000 states in spread 15
Analyzing 40000 states in spread 16
Analyzing 40000 states in spread 17
Analyzing 40000 states in spread 18
Analyzing 40000 states in spread 19
Finished step 31, minimal spread 5, max spread 20, got 29 drops
Total number of curves 451453
Starting step 32
Analyzing 3 states in spread 5
Analyzing 18 states in spread 6
Analyzing 140 states in spread 7
Analyzing 1149 states in spread 8
Analyzing 10143 states in spread 9
Analyzing 40000 states in spread 10
Analyzing 40000 states in spread 11
Analyzing 40000 states in spread 12
Analyzing 40000 states in spread 13
Analyzing 40000 states in spread 14
Analyzing 40000 states in spread 15
Analyzing 40000 states in spread 16
Analyzing 40000 states in spread 17
Analyzing 40000 states in spread 18
Analyzing 40000 states in spread 19
Finished step 32, minimal spread 5, max spread 20, got 29 drops
Total number of curves 449825
Starting step 33
Analyzing 3 states in spread 5
Analyzing 34 states in spread 6
Analyzing 177 states in spread 7
Analyzing 1142 states in spread 8
Analyzing 8469 states in spread 9
Analyzing 40000 states in spread 10
Analyzing 40000 states in spread 11
Analyzing 40000 states in spread 12
Analyzing 40000 states in spread 13
Analyzing 40000 states in spread 14
Analyzing 40000 states in spread 15
Analyzing 40000 states in spread 16
Analyzing 40000 states in spread 17
Analyzing 40000 states in spread 18
Analyzing 40000 states in spread 19
Finished step 33, minimal spread 5, max spread 20, got 27 drops
Total number of curves 449757
Starting step 34
Analyzing 4 states in spread 5
Analyzing 36 states in spread 6
Analyzing 273 states in spread 7
Analyzing 1319 states in spread 8
Analyzing 8125 states in spread 9
Analyzing 40000 states in spread 10
Analyzing 40000 states in spread 11
Analyzing 40000 states in spread 12
Analyzing 40000 states in spread 13
Analyzing 40000 states in spread 14
Analyzing 40000 states in spread 15
Analyzing 40000 states in spread 16
Analyzing 40000 states in spread 17
Analyzing 40000 states in spread 18
Analyzing 40000 states in spread 19
Finished step 34, minimal spread 5, max spread 20, got 46 drops
Total number of curves 451013
Starting step 35
Analyzing 5 states in spread 5
Analyzing 38 states in spread 6
Analyzing 290 states in spread 7
Analyzing 1851 states in spread 8
Analyzing 8829 states in spread 9
Analyzing 40000 states in spread 10
Analyzing 40000 states in spread 11
Analyzing 40000 states in spread 12
Analyzing 40000 states in spread 13
Analyzing 40000 states in spread 14
Analyzing 40000 states in spread 15
Analyzing 40000 states in spread 16
Analyzing 40000 states in spread 17
Analyzing 40000 states in spread 18
Analyzing 40000 states in spread 19
Finished step 35, minimal spread 5, max spread 20, got 44 drops
Total number of curves 453828
Starting step 36
Analyzing 2 states in spread 5
Analyzing 52 states in spread 6
Analyzing 297 states in spread 7
Analyzing 1978 states in spread 8
Analyzing 11499 states in spread 9
Analyzing 40000 states in spread 10
Analyzing 40000 states in spread 11
Analyzing 40000 states in spread 12
Analyzing 40000 states in spread 13
Analyzing 40000 states in spread 14
Analyzing 40000 states in spread 15
Analyzing 40000 states in spread 16
Analyzing 40000 states in spread 17
Analyzing 40000 states in spread 18
Analyzing 40000 states in spread 19
Finished step 36, minimal spread 5, max spread 20, got 40 drops
Total number of curves 454663
Starting step 37
Analyzing 2 states in spread 5
Analyzing 34 states in spread 6
Analyzing 377 states in spread 7
Analyzing 1977 states in spread 8
Analyzing 12273 states in spread 9
Analyzing 40000 states in spread 10
Analyzing 40000 states in spread 11
Analyzing 40000 states in spread 12
Analyzing 40000 states in spread 13
Analyzing 40000 states in spread 14
Analyzing 40000 states in spread 15
Analyzing 40000 states in spread 16
Analyzing 40000 states in spread 17
Analyzing 40000 states in spread 18
Analyzing 40000 states in spread 19
Finished step 37, minimal spread 5, max spread 20, got 40 drops
Total number of curves 454882
Starting step 38
Analyzing 5 states in spread 5
Analyzing 41 states in spread 6
Analyzing 281 states in spread 7
Analyzing 2353 states in spread 8
Analyzing 12202 states in spread 9
Analyzing 40000 states in spread 10
Analyzing 40000 states in spread 11
Analyzing 40000 states in spread 12
Analyzing 40000 states in spread 13
Analyzing 40000 states in spread 14
Analyzing 40000 states in spread 15
Analyzing 40000 states in spread 16
Analyzing 40000 states in spread 17
Analyzing 40000 states in spread 18
Analyzing 40000 states in spread 19
Finished step 38, minimal spread 5, max spread 20, got 37 drops
Total number of curves 456278
Starting step 39
Analyzing 6 states in spread 5
Analyzing 56 states in spread 6
Analyzing 338 states in spread 7
Analyzing 1955 states in spread 8
Analyzing 13923 states in spread 9
Analyzing 40000 states in spread 10
Analyzing 40000 states in spread 11
Analyzing 40000 states in spread 12
Analyzing 40000 states in spread 13
Analyzing 40000 states in spread 14
Analyzing 40000 states in spread 15
Analyzing 40000 states in spread 16
Analyzing 40000 states in spread 17
Analyzing 40000 states in spread 18
Analyzing 40000 states in spread 19
Finished step 39, minimal spread 5, max spread 20, got 31 drops
Total number of curves 455138
Starting step 40
Analyzing 4 states in spread 5
Analyzing 61 states in spread 6
Analyzing 396 states in spread 7
Analyzing 2292 states in spread 8
Analyzing 12385 states in spread 9
Analyzing 40000 states in spread 10
Analyzing 40000 states in spread 11
Analyzing 40000 states in spread 12
Analyzing 40000 states in spread 13
Analyzing 40000 states in spread 14
Analyzing 40000 states in spread 15
Analyzing 40000 states in spread 16
Analyzing 40000 states in spread 17
Analyzing 40000 states in spread 18
Analyzing 40000 states in spread 19
Finished step 40, minimal spread 5, max spread 20, got 15 drops
Total number of curves 457095
Starting step 41
Analyzing 4 states in spread 5
Analyzing 45 states in spread 6
Analyzing 436 states in spread 7
Analyzing 2492 states in spread 8
Analyzing 14118 states in spread 9
Analyzing 40000 states in spread 10
Analyzing 40000 states in spread 11
Analyzing 40000 states in spread 12
Analyzing 40000 states in spread 13
Analyzing 40000 states in spread 14
Analyzing 40000 states in spread 15
Analyzing 40000 states in spread 16
Analyzing 40000 states in spread 17
Analyzing 40000 states in spread 18
Analyzing 40000 states in spread 19
Finished step 41, minimal spread 5, max spread 20, got 24 drops
Total number of curves 458139
Starting step 42
Analyzing 5 states in spread 5
Analyzing 46 states in spread 6
Analyzing 368 states in spread 7
Analyzing 2719 states in spread 8
Analyzing 15001 states in spread 9
Analyzing 40000 states in spread 10
Analyzing 40000 states in spread 11
Analyzing 40000 states in spread 12
Analyzing 40000 states in spread 13
Analyzing 40000 states in spread 14
Analyzing 40000 states in spread 15
Analyzing 40000 states in spread 16
Analyzing 40000 states in spread 17
Analyzing 40000 states in spread 18
Analyzing 40000 states in spread 19
Finished step 42, minimal spread 5, max spread 20, got 31 drops
Total number of curves 459079
Starting step 43
Analyzing 2 states in spread 5
Analyzing 52 states in spread 6
Analyzing 398 states in spread 7
Analyzing 2546 states in spread 8
Analyzing 16081 states in spread 9
Analyzing 40000 states in spread 10
Analyzing 40000 states in spread 11
Analyzing 40000 states in spread 12
Analyzing 40000 states in spread 13
Analyzing 40000 states in spread 14
Analyzing 40000 states in spread 15
Analyzing 40000 states in spread 16
Analyzing 40000 states in spread 17
Analyzing 40000 states in spread 18
Analyzing 40000 states in spread 19
Finished step 43, minimal spread 5, max spread 20, got 35 drops
Total number of curves 459043
Starting step 44
Analyzing 2 states in spread 5
Analyzing 28 states in spread 6
Analyzing 411 states in spread 7
Analyzing 2812 states in spread 8
Analyzing 15790 states in spread 9
Analyzing 40000 states in spread 10
Analyzing 40000 states in spread 11
Analyzing 40000 states in spread 12
Analyzing 40000 states in spread 13
Analyzing 40000 states in spread 14
Analyzing 40000 states in spread 15
Analyzing 40000 states in spread 16
Analyzing 40000 states in spread 17
Analyzing 40000 states in spread 18
Analyzing 40000 states in spread 19
Finished step 44, minimal spread 5, max spread 20, got 45 drops
Total number of curves 460645
Starting step 45
Analyzing 1 states in spread 5
Analyzing 30 states in spread 6
Analyzing 275 states in spread 7
Analyzing 2856 states in spread 8
Analyzing 17483 states in spread 9
Analyzing 40000 states in spread 10
Analyzing 40000 states in spread 11
Analyzing 40000 states in spread 12
Analyzing 40000 states in spread 13
Analyzing 40000 states in spread 14
Analyzing 40000 states in spread 15
Analyzing 40000 states in spread 16
Analyzing 40000 states in spread 17
Analyzing 40000 states in spread 18
Analyzing 40000 states in spread 19
Finished step 45, minimal spread 5, max spread 20, got 35 drops
Total number of curves 460214
Starting step 46
Analyzing 1 states in spread 5
Analyzing 23 states in spread 6
Analyzing 270 states in spread 7
Analyzing 2142 states in spread 8
Analyzing 17778 states in spread 9
Analyzing 40000 states in spread 10
Analyzing 40000 states in spread 11
Analyzing 40000 states in spread 12
Analyzing 40000 states in spread 13
Analyzing 40000 states in spread 14
Analyzing 40000 states in spread 15
Analyzing 40000 states in spread 16
Analyzing 40000 states in spread 17
Analyzing 40000 states in spread 18
Analyzing 40000 states in spread 19
Finished step 46, minimal spread 5, max spread 20, got 28 drops
Total number of curves 456636
Starting step 47
Analyzing 2 states in spread 5
Analyzing 22 states in spread 6
Analyzing 233 states in spread 7
Analyzing 2019 states in spread 8
Analyzing 14360 states in spread 9
Analyzing 40000 states in spread 10
Analyzing 40000 states in spread 11
Analyzing 40000 states in spread 12
Analyzing 40000 states in spread 13
Analyzing 40000 states in spread 14
Analyzing 40000 states in spread 15
Analyzing 40000 states in spread 16
Analyzing 40000 states in spread 17
Analyzing 40000 states in spread 18
Analyzing 40000 states in spread 19
Finished step 47, minimal spread 5, max spread 20, got 40 drops
Total number of curves 455539
Starting step 48
Analyzing 4 states in spread 5
Analyzing 37 states in spread 6
Analyzing 216 states in spread 7
Analyzing 1828 states in spread 8
Analyzing 13454 states in spread 9
Analyzing 40000 states in spread 10
Analyzing 40000 states in spread 11
Analyzing 40000 states in spread 12
Analyzing 40000 states in spread 13
Analyzing 40000 states in spread 14
Analyzing 40000 states in spread 15
Analyzing 40000 states in spread 16
Analyzing 40000 states in spread 17
Analyzing 40000 states in spread 18
Analyzing 40000 states in spread 19
Finished step 48, minimal spread 5, max spread 20, got 31 drops
Total number of curves 454497
Starting step 49
Analyzing 2 states in spread 5
Analyzing 50 states in spread 6
Analyzing 308 states in spread 7
Analyzing 1712 states in spread 8
Analyzing 12425 states in spread 9
Analyzing 40000 states in spread 10
Analyzing 40000 states in spread 11
Analyzing 40000 states in spread 12
Analyzing 40000 states in spread 13
Analyzing 40000 states in spread 14
Analyzing 40000 states in spread 15
Analyzing 40000 states in spread 16
Analyzing 40000 states in spread 17
Analyzing 40000 states in spread 18
Analyzing 40000 states in spread 19
Finished step 49, minimal spread 5, max spread 20, got 37 drops
Total number of curves 454401
Starting step 50
Analyzing 3 states in spread 5
Analyzing 28 states in spread 6
Analyzing 368 states in spread 7
Analyzing 2173 states in spread 8
Analyzing 11829 states in spread 9
Analyzing 40000 states in spread 10
Analyzing 40000 states in spread 11
Analyzing 40000 states in spread 12
Analyzing 40000 states in spread 13
Analyzing 40000 states in spread 14
Analyzing 40000 states in spread 15
Analyzing 40000 states in spread 16
Analyzing 40000 states in spread 17
Analyzing 40000 states in spread 18
Analyzing 40000 states in spread 19
Finished step 50, minimal spread 5, max spread 20, got 45 drops
Total number of curves 456632
Starting step 51
Analyzing 2 states in spread 5
Analyzing 37 states in spread 6
Analyzing 238 states in spread 7
Analyzing 2473 states in spread 8
Analyzing 13882 states in spread 9
Analyzing 40000 states in spread 10
Analyzing 40000 states in spread 11
Analyzing 40000 states in spread 12
Analyzing 40000 states in spread 13
Analyzing 40000 states in spread 14
Analyzing 40000 states in spread 15
Analyzing 40000 states in spread 16
Analyzing 40000 states in spread 17
Analyzing 40000 states in spread 18
Analyzing 40000 states in spread 19
Finished step 51, minimal spread 5, max spread 20, got 38 drops
Total number of curves 457510
Starting step 52
Analyzing 1 states in spread 5
Analyzing 30 states in spread 6
Analyzing 294 states in spread 7
Analyzing 1816 states in spread 8
Analyzing 15369 states in spread 9
Analyzing 40000 states in spread 10
Analyzing 40000 states in spread 11
Analyzing 40000 states in spread 12
Analyzing 40000 states in spread 13
Analyzing 40000 states in spread 14
Analyzing 40000 states in spread 15
Analyzing 40000 states in spread 16
Analyzing 40000 states in spread 17
Analyzing 40000 states in spread 18
Analyzing 40000 states in spread 19
Finished step 52, minimal spread 5, max spread 20, got 40 drops
Total number of curves 454628
Starting step 53
Analyzing 1 states in spread 5
Analyzing 16 states in spread 6
Analyzing 280 states in spread 7
Analyzing 2100 states in spread 8
Analyzing 12231 states in spread 9
Analyzing 40000 states in spread 10
Analyzing 40000 states in spread 11
Analyzing 40000 states in spread 12
Analyzing 40000 states in spread 13
Analyzing 40000 states in spread 14
Analyzing 40000 states in spread 15
Analyzing 40000 states in spread 16
Analyzing 40000 states in spread 17
Analyzing 40000 states in spread 18
Analyzing 40000 states in spread 19
Finished step 53, minimal spread 5, max spread 20, got 34 drops
Total number of curves 455747
Starting step 54
Analyzing 1 states in spread 5
Analyzing 16 states in spread 6
Analyzing 183 states in spread 7
Analyzing 2074 states in spread 8
Analyzing 13473 states in spread 9
Analyzing 40000 states in spread 10
Analyzing 40000 states in spread 11
Analyzing 40000 states in spread 12
Analyzing 40000 states in spread 13
Analyzing 40000 states in spread 14
Analyzing 40000 states in spread 15
Analyzing 40000 states in spread 16
Analyzing 40000 states in spread 17
Analyzing 40000 states in spread 18
Analyzing 40000 states in spread 19
Finished step 54, minimal spread 5, max spread 20, got 39 drops
Total number of curves 455153
Starting step 55
Analyzing 1 states in spread 5
Analyzing 16 states in spread 6
Analyzing 180 states in spread 7
Analyzing 1544 states in spread 8
Analyzing 13412 states in spread 9
Analyzing 40000 states in spread 10
Analyzing 40000 states in spread 11
Analyzing 40000 states in spread 12
Analyzing 40000 states in spread 13
Analyzing 40000 states in spread 14
Analyzing 40000 states in spread 15
Analyzing 40000 states in spread 16
Analyzing 40000 states in spread 17
Analyzing 40000 states in spread 18
Analyzing 40000 states in spread 19
Finished step 55, minimal spread 5, max spread 20, got 36 drops
Total number of curves 452451
Starting step 56
Analyzing 2 states in spread 5
Analyzing 16 states in spread 6
Analyzing 170 states in spread 7
Analyzing 1470 states in spread 8
Analyzing 10793 states in spread 9
Analyzing 40000 states in spread 10
Analyzing 40000 states in spread 11
Analyzing 40000 states in spread 12
Analyzing 40000 states in spread 13
Analyzing 40000 states in spread 14
Analyzing 40000 states in spread 15
Analyzing 40000 states in spread 16
Analyzing 40000 states in spread 17
Analyzing 40000 states in spread 18
Analyzing 40000 states in spread 19
Finished step 56, minimal spread 5, max spread 20, got 29 drops
Total number of curves 451778
Starting step 57
Analyzing 2 states in spread 5
Analyzing 19 states in spread 6
Analyzing 157 states in spread 7
Analyzing 1394 states in spread 8
Analyzing 10206 states in spread 9
Analyzing 40000 states in spread 10
Analyzing 40000 states in spread 11
Analyzing 40000 states in spread 12
Analyzing 40000 states in spread 13
Analyzing 40000 states in spread 14
Analyzing 40000 states in spread 15
Analyzing 40000 states in spread 16
Analyzing 40000 states in spread 17
Analyzing 40000 states in spread 18
Analyzing 40000 states in spread 19
Finished step 57, minimal spread 6, max spread 20, got 23 drops
Total number of curves 451262
Starting step 58
Analyzing 16 states in spread 6
Analyzing 168 states in spread 7
Analyzing 1251 states in spread 8
Analyzing 9827 states in spread 9
Analyzing 40000 states in spread 10
Analyzing 40000 states in spread 11
Analyzing 40000 states in spread 12
Analyzing 40000 states in spread 13
Analyzing 40000 states in spread 14
Analyzing 40000 states in spread 15
Analyzing 40000 states in spread 16
Analyzing 40000 states in spread 17
Analyzing 40000 states in spread 18
Analyzing 40000 states in spread 19
Finished step 58, minimal spread 6, max spread 20, got 22 drops
Total number of curves 450242
Starting step 59
Analyzing 3 states in spread 6
Analyzing 149 states in spread 7
Analyzing 1318 states in spread 8
Analyzing 8772 states in spread 9
Analyzing 40000 states in spread 10
Analyzing 40000 states in spread 11
Analyzing 40000 states in spread 12
Analyzing 40000 states in spread 13
Analyzing 40000 states in spread 14
Analyzing 40000 states in spread 15
Analyzing 40000 states in spread 16
Analyzing 40000 states in spread 17
Analyzing 40000 states in spread 18
Analyzing 40000 states in spread 19
Finished step 59, minimal spread 6, max spread 20, got 26 drops
Total number of curves 450494
Starting step 60
Analyzing 3 states in spread 6
Analyzing 80 states in spread 7
Analyzing 1221 states in spread 8
Analyzing 9190 states in spread 9
Analyzing 40000 states in spread 10
Analyzing 40000 states in spread 11
Analyzing 40000 states in spread 12
Analyzing 40000 states in spread 13
Analyzing 40000 states in spread 14
Analyzing 40000 states in spread 15
Analyzing 40000 states in spread 16
Analyzing 40000 states in spread 17
Analyzing 40000 states in spread 18
Analyzing 40000 states in spread 19
Finished step 60, minimal spread 6, max spread 20, got 41 drops
Total number of curves 449481
Starting step 61
Analyzing 9 states in spread 6
Analyzing 74 states in spread 7
Analyzing 878 states in spread 8
Analyzing 8520 states in spread 9
Analyzing 40000 states in spread 10
Analyzing 40000 states in spread 11
Analyzing 40000 states in spread 12
Analyzing 40000 states in spread 13
Analyzing 40000 states in spread 14
Analyzing 40000 states in spread 15
Analyzing 40000 states in spread 16
Analyzing 40000 states in spread 17
Analyzing 40000 states in spread 18
Analyzing 40000 states in spread 19
Finished step 61, minimal spread 5, max spread 20, got 54 drops
Total number of curves 447726
Starting step 62
Analyzing 2 states in spread 5
Analyzing 12 states in spread 6
Analyzing 132 states in spread 7
Analyzing 777 states in spread 8
Analyzing 6803 states in spread 9
Analyzing 40000 states in spread 10
Analyzing 40000 states in spread 11
Analyzing 40000 states in spread 12
Analyzing 40000 states in spread 13
Analyzing 40000 states in spread 14
Analyzing 40000 states in spread 15
Analyzing 40000 states in spread 16
Analyzing 40000 states in spread 17
Analyzing 40000 states in spread 18
Analyzing 40000 states in spread 19
Finished step 62, minimal spread 5, max spread 20, got 42 drops
Total number of curves 446907
Starting step 63
Analyzing 2 states in spread 5
Analyzing 21 states in spread 6
Analyzing 137 states in spread 7
Analyzing 1074 states in spread 8
Analyzing 6109 states in spread 9
Analyzing 39564 states in spread 10
Analyzing 40000 states in spread 11
Analyzing 40000 states in spread 12
Analyzing 40000 states in spread 13
Analyzing 40000 states in spread 14
Analyzing 40000 states in spread 15
Analyzing 40000 states in spread 16
Analyzing 40000 states in spread 17
Analyzing 40000 states in spread 18
Analyzing 40000 states in spread 19
Finished step 63, minimal spread 5, max spread 20, got 38 drops
Total number of curves 446290
Starting step 64
Analyzing 2 states in spread 5
Analyzing 24 states in spread 6
Analyzing 173 states in spread 7
Analyzing 1079 states in spread 8
Analyzing 7386 states in spread 9
Analyzing 37626 states in spread 10
Analyzing 40000 states in spread 11
Analyzing 40000 states in spread 12
Analyzing 40000 states in spread 13
Analyzing 40000 states in spread 14
Analyzing 40000 states in spread 15
Analyzing 40000 states in spread 16
Analyzing 40000 states in spread 17
Analyzing 40000 states in spread 18
Analyzing 40000 states in spread 19
Finished step 64, minimal spread 5, max spread 20, got 46 drops
Total number of curves 448719
Starting step 65
Analyzing 3 states in spread 5
Analyzing 28 states in spread 6
Analyzing 196 states in spread 7
Analyzing 1213 states in spread 8
Analyzing 7279 states in spread 9
Analyzing 40000 states in spread 10
Analyzing 40000 states in spread 11
Analyzing 40000 states in spread 12
Analyzing 40000 states in spread 13
Analyzing 40000 states in spread 14
Analyzing 40000 states in spread 15
Analyzing 40000 states in spread 16
Analyzing 40000 states in spread 17
Analyzing 40000 states in spread 18
Analyzing 40000 states in spread 19
Finished step 65, minimal spread 5, max spread 20, got 55 drops
Total number of curves 449450
Starting step 66
Analyzing 1 states in spread 5
Analyzing 35 states in spread 6
Analyzing 224 states in spread 7
Analyzing 1338 states in spread 8
Analyzing 7852 states in spread 9
Analyzing 40000 states in spread 10
Analyzing 40000 states in spread 11
Analyzing 40000 states in spread 12
Analyzing 40000 states in spread 13
Analyzing 40000 states in spread 14
Analyzing 40000 states in spread 15
Analyzing 40000 states in spread 16
Analyzing 40000 states in spread 17
Analyzing 40000 states in spread 18
Analyzing 40000 states in spread 19
Finished step 66, minimal spread 5, max spread 20, got 46 drops
Total number of curves 450296
Starting step 67
Analyzing 1 states in spread 5
Analyzing 17 states in spread 6
Analyzing 274 states in spread 7
Analyzing 1495 states in spread 8
Analyzing 8509 states in spread 9
Analyzing 40000 states in spread 10
Analyzing 40000 states in spread 11
Analyzing 40000 states in spread 12
Analyzing 40000 states in spread 13
Analyzing 40000 states in spread 14
Analyzing 40000 states in spread 15
Analyzing 40000 states in spread 16
Analyzing 40000 states in spread 17
Analyzing 40000 states in spread 18
Analyzing 40000 states in spread 19
Finished step 67, minimal spread 4, max spread 20, got 62 drops
Total number of curves 451285
Starting step 68
Analyzing 1 states in spread 4
Analyzing 5 states in spread 5
Analyzing 14 states in spread 6
Analyzing 188 states in spread 7
Analyzing 1829 states in spread 8
Analyzing 9248 states in spread 9
Analyzing 40000 states in spread 10
Analyzing 40000 states in spread 11
Analyzing 40000 states in spread 12
Analyzing 40000 states in spread 13
Analyzing 40000 states in spread 14
Analyzing 40000 states in spread 15
Analyzing 40000 states in spread 16
Analyzing 40000 states in spread 17
Analyzing 40000 states in spread 18
Analyzing 40000 states in spread 19
Finished step 68, minimal spread 3, max spread 20, got 56 drops
Total number of curves 452826
Starting step 69
Analyzing 1 states in spread 3
Analyzing 3 states in spread 4
Analyzing 11 states in spread 5
Analyzing 36 states in spread 6
Analyzing 146 states in spread 7
Analyzing 1492 states in spread 8
Analyzing 11137 states in spread 9
Analyzing 40000 states in spread 10
Analyzing 40000 states in spread 11
Analyzing 40000 states in spread 12
Analyzing 40000 states in spread 13
Analyzing 40000 states in spread 14
Analyzing 40000 states in spread 15
Analyzing 40000 states in spread 16
Analyzing 40000 states in spread 17
Analyzing 40000 states in spread 18
Analyzing 40000 states in spread 19
Finished step 69, minimal spread 2, max spread 20, got 63 drops
Total number of curves 451457
Starting step 70
Analyzing 1 states in spread 2
Analyzing 3 states in spread 3
Analyzing 10 states in spread 4
Analyzing 20 states in spread 5
Analyzing 63 states in spread 6
Analyzing 249 states in spread 7
Analyzing 1229 states in spread 8
Analyzing 9882 states in spread 9
Analyzing 40000 states in spread 10
Analyzing 40000 states in spread 11
Analyzing 40000 states in spread 12
Analyzing 40000 states in spread 13
Analyzing 40000 states in spread 14
Analyzing 40000 states in spread 15
Analyzing 40000 states in spread 16
Analyzing 40000 states in spread 17
Analyzing 40000 states in spread 18
Analyzing 40000 states in spread 19
Finished step 70, minimal spread 1, max spread 20, got 55 drops
Total number of curves 450740
Starting step 71
Analyzing 1 states in spread 1
Found witness #1 for p=5 at depth 71: [[1, -2, -1], [-1, -3], [-3, -2], [-3, -2], [-3, 1, -2, -1], [-1, -3], [2, -3, -2], [-2, -1], [-1, -3], [2, -3, -2], [-2], [-3], [2, -3, -2], [1, -2, -1], [1, -2, -1], [-1, -3], [2, -3, -2], [1, -2, -1], [1, -2, -1], [2, -3, -2], [2, -3, -2], [2, -3, -2], [-2, 1, 2, -3, -2, -1], [1, -2, -1], [-3], [2, -3, -2], [-2], [1, -2, -1], [1, -2, -1], [2, -3, -2], [-2, 1, 2, -3, -2, -1], [-1, -3], [2, -3, -2], [1, -2, -1], [-3], [1, 2, -3, -2, -1], [-1], [2, -3, -2], [1, -2, -1], [-1, -3], [-2, 1, 2, -3, -2, -1], [1, -2, -1], [2, -3, -2], [2, -3, -2], [-2], [1, -2, -1], [-1], [2, -3, -2], [-2, 1, 2, -3, -2, -1], [1, -2, -1], [1, -2, -1], [1, -2, -1], [2, -3, -2], [2, -3, -2], [1, -2, -1], [-1, -3], [2, -3, -2], [2, -3, -2], [1, -2, -1], [-1], [-2], [1, -2, -1], [-1, -3], [2, -3, -2], [-3, 1, -2, -1], [-1, -3], [2, -3, -2, -1], [-2, -1], [-2, -1], [-1, -3], [2, -3, -2]]
Found witness #2 for p=5 at depth 71: [[-3, 1, -2, -1], [-1, -3], [-3, -2], [-3, -2], [-3, 1, -2, -1], [-1, -3], [2, -3, -2], [-2, -1], [-1, -3], [2, -3, -2], [-2], [-3], [2, -3, -2], [1, -2, -1], [1, -2, -1], [-1, -3], [2, -3, -2], [1, -2, -1], [1, -2, -1], [2, -3, -2], [2, -3, -2], [2, -3, -2], [-2, 1, 2, -3, -2, -1], [1, -2, -1], [-3], [2, -3, -2], [-2], [1, -2, -1], [1, -2, -1], [2, -3, -2], [-2, 1, 2, -3, -2, -1], [-1, -3], [2, -3, -2], [1, -2, -1], [-3], [1, 2, -3, -2, -1], [-1], [2, -3, -2], [1, -2, -1], [-1, -3], [-2, 1, 2, -3, -2, -1], [1, -2, -1], [2, -3, -2], [2, -3, -2], [-2], [1, -2, -1], [-1], [2, -3, -2], [-2, 1, 2, -3, -2, -1], [1, -2, -1], [1, -2, -1], [1, -2, -1], [2, -3, -2], [2, -3, -2], [1, -2, -1], [-1, -3], [2, -3, -2], [2, -3, -2], [1, -2, -1], [-1], [-2], [1, -2, -1], [-1, -3], [2, -3, -2], [-3, 1, -2, -1], [-1, -3], [2, -3, -2, -1], [-2, -1], [-2, -1], [-1, -3], [2, -3, -2]]
Analyzing 2 states in spread 2
Analyzing 8 states in spread 3
Analyzing 16 states in spread 4
Analyzing 54 states in spread 5
Analyzing 117 states in spread 6
Analyzing 357 states in spread 7
Analyzing 1667 states in spread 8
Analyzing 8518 states in spread 9
Analyzing 40000 states in spread 10
Analyzing 40000 states in spread 11
Analyzing 40000 states in spread 12
Analyzing 40000 states in spread 13
Analyzing 40000 states in spread 14
Analyzing 40000 states in spread 15
Analyzing 40000 states in spread 16
Analyzing 40000 states in spread 17
Analyzing 40000 states in spread 18
Analyzing 40000 states in spread 19
Finished step 71, minimal spread 1, max spread 20, got 48 drops
Total number of curves 453609
Starting step 72
Analyzing 3 states in spread 1
Found witness #3 for p=5 at depth 72: [[-2], [-2, -1], [-1, -3], [-3, -2], [-3, -2], [-3, 1, -2, -1], [-1, -3], [2, -3, -2], [-2, -1], [-1, -3], [2, -3, -2], [-2], [-3], [2, -3, -2], [1, -2, -1], [1, -2, -1], [-1, -3], [2, -3, -2], [1, -2, -1], [1, -2, -1], [2, -3, -2], [2, -3, -2], [2, -3, -2], [-2, 1, 2, -3, -2, -1], [1, -2, -1], [-3], [2, -3, -2], [-2], [1, -2, -1], [1, -2, -1], [2, -3, -2], [-2, 1, 2, -3, -2, -1], [-1, -3], [2, -3, -2], [1, -2, -1], [-3], [1, 2, -3, -2, -1], [-1], [2, -3, -2], [1, -2, -1], [-1, -3], [-2, 1, 2, -3, -2, -1], [1, -2, -1], [2, -3, -2], [2, -3, -2], [-2], [1, -2, -1], [-1], [2, -3, -2], [-2, 1, 2, -3, -2, -1], [1, -2, -1], [1, -2, -1], [1, -2, -1], [2, -3, -2], [2, -3, -2], [1, -2, -1], [-1, -3], [2, -3, -2], [2, -3, -2], [1, -2, -1], [-1], [-2], [1, -2, -1], [-1, -3], [2, -3, -2], [-3, 1, -2, -1], [-1, -3], [2, -3, -2, -1], [-2, -1], [-2, -1], [-1, -3], [2, -3, -2]]
Analyzing 7 states in spread 2
Analyzing 10 states in spread 3
Analyzing 43 states in spread 4
Analyzing 82 states in spread 5
Analyzing 277 states in spread 6
Analyzing 655 states in spread 7
Analyzing 2108 states in spread 8
Analyzing 10424 states in spread 9
Analyzing 40000 states in spread 10
Analyzing 40000 states in spread 11
Analyzing 40000 states in spread 12
Analyzing 40000 states in spread 13
Analyzing 40000 states in spread 14
Analyzing 40000 states in spread 15
Analyzing 40000 states in spread 16
Analyzing 40000 states in spread 17
Analyzing 40000 states in spread 18
Analyzing 40000 states in spread 19
Finished step 72, minimal spread 1, max spread 20, got 34 drops
Total number of curves 458143
Starting step 73
Analyzing 4 states in spread 1
Found witness #4 for p=5 at depth 73: [[-1], [-2, -1], [-2, -1], [-1, -3], [-3, -2], [-3, -2], [-3, 1, -2, -1], [-1, -3], [2, -3, -2], [-2, -1], [-1, -3], [2, -3, -2], [-2], [-3], [2, -3, -2], [1, -2, -1], [1, -2, -1], [-1, -3], [2, -3, -2], [1, -2, -1], [1, -2, -1], [2, -3, -2], [2, -3, -2], [2, -3, -2], [-2, 1, 2, -3, -2, -1], [1, -2, -1], [-3], [2, -3, -2], [-2], [1, -2, -1], [1, -2, -1], [2, -3, -2], [-2, 1, 2, -3, -2, -1], [-1, -3], [2, -3, -2], [1, -2, -1], [-3], [1, 2, -3, -2, -1], [-1], [2, -3, -2], [1, -2, -1], [-1, -3], [-2, 1, 2, -3, -2, -1], [1, -2, -1], [2, -3, -2], [2, -3, -2], [-2], [1, -2, -1], [-1], [2, -3, -2], [-2, 1, 2, -3, -2, -1], [1, -2, -1], [1, -2, -1], [1, -2, -1], [2, -3, -2], [2, -3, -2], [1, -2, -1], [-1, -3], [2, -3, -2], [2, -3, -2], [1, -2, -1], [-1], [-2], [1, -2, -1], [-1, -3], [2, -3, -2], [-3, 1, -2, -1], [-1, -3], [2, -3, -2, -1], [-2, -1], [-2, -1], [-1, -3], [2, -3, -2]]
Found witness #5 for p=5 at depth 73: [[-1], [-2, 1, 2, -3, -2, -1], [-2, -1], [-1, -3], [-3, -2], [-3, -2], [-3, 1, -2, -1], [-1, -3], [2, -3, -2], [-2, -1], [-1, -3], [2, -3, -2], [-2], [-3], [2, -3, -2], [1, -2, -1], [1, -2, -1], [-1, -3], [2, -3, -2], [1, -2, -1], [1, -2, -1], [2, -3, -2], [2, -3, -2], [2, -3, -2], [-2, 1, 2, -3, -2, -1], [1, -2, -1], [-3], [2, -3, -2], [-2], [1, -2, -1], [1, -2, -1], [2, -3, -2], [-2, 1, 2, -3, -2, -1], [-1, -3], [2, -3, -2], [1, -2, -1], [-3], [1, 2, -3, -2, -1], [-1], [2, -3, -2], [1, -2, -1], [-1, -3], [-2, 1, 2, -3, -2, -1], [1, -2, -1], [2, -3, -2], [2, -3, -2], [-2], [1, -2, -1], [-1], [2, -3, -2], [-2, 1, 2, -3, -2, -1], [1, -2, -1], [1, -2, -1], [1, -2, -1], [2, -3, -2], [2, -3, -2], [1, -2, -1], [-1, -3], [2, -3, -2], [2, -3, -2], [1, -2, -1], [-1], [-2], [1, -2, -1], [-1, -3], [2, -3, -2], [-3, 1, -2, -1], [-1, -3], [2, -3, -2, -1], [-2, -1], [-2, -1], [-1, -3], [2, -3, -2]]
Analyzing 15 states in spread 2
Analyzing 38 states in spread 3
Analyzing 51 states in spread 4
Analyzing 214 states in spread 5
Analyzing 407 states in spread 6
Analyzing 1410 states in spread 7
Analyzing 3640 states in spread 8
Analyzing 12364 states in spread 9
Analyzing 40000 states in spread 10
Analyzing 40000 states in spread 11
Analyzing 40000 states in spread 12
Analyzing 40000 states in spread 13
Analyzing 40000 states in spread 14
Analyzing 40000 states in spread 15
Analyzing 40000 states in spread 16
Analyzing 40000 states in spread 17
Analyzing 40000 states in spread 18
Analyzing 40000 states in spread 19
Finished step 73, minimal spread 1, max spread 20, got 35 drops
Total number of curves 470799
Starting step 74
Analyzing 9 states in spread 1
Found witness #6 for p=5 at depth 74: [[1, 2, -3, -2, -1], [-1, -3], [-2, 1, 2, -3, -2, -1], [-2, -1], [-1, -3], [-3, -2], [-3, -2], [-3, 1, -2, -1], [-1, -3], [2, -3, -2], [-2, -1], [-1, -3], [2, -3, -2], [-2], [-3], [2, -3, -2], [1, -2, -1], [1, -2, -1], [-1, -3], [2, -3, -2], [1, -2, -1], [1, -2, -1], [2, -3, -2], [2, -3, -2], [2, -3, -2], [-2, 1, 2, -3, -2, -1], [1, -2, -1], [-3], [2, -3, -2], [-2], [1, -2, -1], [1, -2, -1], [2, -3, -2], [-2, 1, 2, -3, -2, -1], [-1, -3], [2, -3, -2], [1, -2, -1], [-3], [1, 2, -3, -2, -1], [-1], [2, -3, -2], [1, -2, -1], [-1, -3], [-2, 1, 2, -3, -2, -1], [1, -2, -1], [2, -3, -2], [2, -3, -2], [-2], [1, -2, -1], [-1], [2, -3, -2], [-2, 1, 2, -3, -2, -1], [1, -2, -1], [1, -2, -1], [1, -2, -1], [2, -3, -2], [2, -3, -2], [1, -2, -1], [-1, -3], [2, -3, -2], [2, -3, -2], [1, -2, -1], [-1], [-2], [1, -2, -1], [-1, -3], [2, -3, -2], [-3, 1, -2, -1], [-1, -3], [2, -3, -2, -1], [-2, -1], [-2, -1], [-1, -3], [2, -3, -2]]
Found witness #7 for p=5 at depth 74: [[1, -2, -1], [-2, -1], [-2, -1], [-2, -1], [-1, -3], [-3, -2], [-3, -2], [-3, 1, -2, -1], [-1, -3], [2, -3, -2], [-2, -1], [-1, -3], [2, -3, -2], [-2], [-3], [2, -3, -2], [1, -2, -1], [1, -2, -1], [-1, -3], [2, -3, -2], [1, -2, -1], [1, -2, -1], [2, -3, -2], [2, -3, -2], [2, -3, -2], [-2, 1, 2, -3, -2, -1], [1, -2, -1], [-3], [2, -3, -2], [-2], [1, -2, -1], [1, -2, -1], [2, -3, -2], [-2, 1, 2, -3, -2, -1], [-1, -3], [2, -3, -2], [1, -2, -1], [-3], [1, 2, -3, -2, -1], [-1], [2, -3, -2], [1, -2, -1], [-1, -3], [-2, 1, 2, -3, -2, -1], [1, -2, -1], [2, -3, -2], [2, -3, -2], [-2], [1, -2, -1], [-1], [2, -3, -2], [-2, 1, 2, -3, -2, -1], [1, -2, -1], [1, -2, -1], [1, -2, -1], [2, -3, -2], [2, -3, -2], [1, -2, -1], [-1, -3], [2, -3, -2], [2, -3, -2], [1, -2, -1], [-1], [-2], [1, -2, -1], [-1, -3], [2, -3, -2], [-3, 1, -2, -1], [-1, -3], [2, -3, -2, -1], [-2, -1], [-2, -1], [-1, -3], [2, -3, -2]]
Found witness #8 for p=5 at depth 74: [[1, 2, -3, -2, -1], [2, -3, -2, -1], [-2, 1, 2, -3, -2, -1], [-2, -1], [-1, -3], [-3, -2], [-3, -2], [-3, 1, -2, -1], [-1, -3], [2, -3, -2], [-2, -1], [-1, -3], [2, -3, -2], [-2], [-3], [2, -3, -2], [1, -2, -1], [1, -2, -1], [-1, -3], [2, -3, -2], [1, -2, -1], [1, -2, -1], [2, -3, -2], [2, -3, -2], [2, -3, -2], [-2, 1, 2, -3, -2, -1], [1, -2, -1], [-3], [2, -3, -2], [-2], [1, -2, -1], [1, -2, -1], [2, -3, -2], [-2, 1, 2, -3, -2, -1], [-1, -3], [2, -3, -2], [1, -2, -1], [-3], [1, 2, -3, -2, -1], [-1], [2, -3, -2], [1, -2, -1], [-1, -3], [-2, 1, 2, -3, -2, -1], [1, -2, -1], [2, -3, -2], [2, -3, -2], [-2], [1, -2, -1], [-1], [2, -3, -2], [-2, 1, 2, -3, -2, -1], [1, -2, -1], [1, -2, -1], [1, -2, -1], [2, -3, -2], [2, -3, -2], [1, -2, -1], [-1, -3], [2, -3, -2], [2, -3, -2], [1, -2, -1], [-1], [-2], [1, -2, -1], [-1, -3], [2, -3, -2], [-3, 1, -2, -1], [-1, -3], [2, -3, -2, -1], [-2, -1], [-2, -1], [-1, -3], [2, -3, -2]]
Analyzing 21 states in spread 2
Analyzing 73 states in spread 3
Analyzing 190 states in spread 4
Analyzing 255 states in spread 5
Analyzing 1053 states in spread 6
Analyzing 2033 states in spread 7
Analyzing 7261 states in spread 8
Analyzing 19904 states in spread 9
Analyzing 40000 states in spread 10
Analyzing 40000 states in spread 11
Analyzing 40000 states in spread 12
Analyzing 40000 states in spread 13
Analyzing 40000 states in spread 14
Analyzing 40000 states in spread 15
Analyzing 40000 states in spread 16
Analyzing 40000 states in spread 17
Analyzing 40000 states in spread 18
Analyzing 40000 states in spread 19
Finished step 74, minimal spread 1, max spread 20, got 42 drops
Total number of curves 495705
Starting step 75
Analyzing 18 states in spread 1
Found witness #9 for p=5 at depth 75: [[-2], [-2, -1], [-2, -1], [-2, -1], [-2, -1], [-1, -3], [-3, -2], [-3, -2], [-3, 1, -2, -1], [-1, -3], [2, -3, -2], [-2, -1], [-1, -3], [2, -3, -2], [-2], [-3], [2, -3, -2], [1, -2, -1], [1, -2, -1], [-1, -3], [2, -3, -2], [1, -2, -1], [1, -2, -1], [2, -3, -2], [2, -3, -2], [2, -3, -2], [-2, 1, 2, -3, -2, -1], [1, -2, -1], [-3], [2, -3, -2], [-2], [1, -2, -1], [1, -2, -1], [2, -3, -2], [-2, 1, 2, -3, -2, -1], [-1, -3], [2, -3, -2], [1, -2, -1], [-3], [1, 2, -3, -2, -1], [-1], [2, -3, -2], [1, -2, -1], [-1, -3], [-2, 1, 2, -3, -2, -1], [1, -2, -1], [2, -3, -2], [2, -3, -2], [-2], [1, -2, -1], [-1], [2, -3, -2], [-2, 1, 2, -3, -2, -1], [1, -2, -1], [1, -2, -1], [1, -2, -1], [2, -3, -2], [2, -3, -2], [1, -2, -1], [-1, -3], [2, -3, -2], [2, -3, -2], [1, -2, -1], [-1], [-2], [1, -2, -1], [-1, -3], [2, -3, -2], [-3, 1, -2, -1], [-1, -3], [2, -3, -2, -1], [-2, -1], [-2, -1], [-1, -3], [2, -3, -2]]
Found witness #10 for p=5 at depth 75: [[-3], [-2, 1, 2, -3, -2, -1], [-1, -3], [-2, 1, 2, -3, -2, -1], [-2, -1], [-1, -3], [-3, -2], [-3, -2], [-3, 1, -2, -1], [-1, -3], [2, -3, -2], [-2, -1], [-1, -3], [2, -3, -2], [-2], [-3], [2, -3, -2], [1, -2, -1], [1, -2, -1], [-1, -3], [2, -3, -2], [1, -2, -1], [1, -2, -1], [2, -3, -2], [2, -3, -2], [2, -3, -2], [-2, 1, 2, -3, -2, -1], [1, -2, -1], [-3], [2, -3, -2], [-2], [1, -2, -1], [1, -2, -1], [2, -3, -2], [-2, 1, 2, -3, -2, -1], [-1, -3], [2, -3, -2], [1, -2, -1], [-3], [1, 2, -3, -2, -1], [-1], [2, -3, -2], [1, -2, -1], [-1, -3], [-2, 1, 2, -3, -2, -1], [1, -2, -1], [2, -3, -2], [2, -3, -2], [-2], [1, -2, -1], [-1], [2, -3, -2], [-2, 1, 2, -3, -2, -1], [1, -2, -1], [1, -2, -1], [1, -2, -1], [2, -3, -2], [2, -3, -2], [1, -2, -1], [-1, -3], [2, -3, -2], [2, -3, -2], [1, -2, -1], [-1], [-2], [1, -2, -1], [-1, -3], [2, -3, -2], [-3, 1, -2, -1], [-1, -3], [2, -3, -2, -1], [-2, -1], [-2, -1], [-1, -3], [2, -3, -2]]
Reached witness print limit (10); suppressing further witness dumps.
Analyzing 50 states in spread 2
Analyzing 103 states in spread 3
Analyzing 354 states in spread 4
Analyzing 928 states in spread 5
Analyzing 1265 states in spread 6
Analyzing 5190 states in spread 7
Analyzing 10331 states in spread 8
Analyzing 37466 states in spread 9
Analyzing 40000 states in spread 10
Analyzing 40000 states in spread 11
Analyzing 40000 states in spread 12
Analyzing 40000 states in spread 13
Analyzing 40000 states in spread 14
Analyzing 40000 states in spread 15
Analyzing 40000 states in spread 16
Analyzing 40000 states in spread 17
Analyzing 40000 states in spread 18
Finished step 75, minimal spread 1, max spread 19, got 32 drops
Total number of curves 479135
Starting step 76
Analyzing 25 states in spread 1
Analyzing 102 states in spread 2
Analyzing 254 states in spread 3
Analyzing 499 states in spread 4
Analyzing 1724 states in spread 5
Analyzing 4522 states in spread 6
Analyzing 6307 states in spread 7
Analyzing 25702 states in spread 8
Analyzing 40000 states in spread 9
Analyzing 40000 states in spread 10
Analyzing 40000 states in spread 11
Analyzing 40000 states in spread 12
Analyzing 40000 states in spread 13
Analyzing 40000 states in spread 14
Analyzing 40000 states in spread 15
Analyzing 40000 states in spread 16
Analyzing 40000 states in spread 17
Analyzing 40000 states in spread 18
Finished step 76, minimal spread 1, max spread 19, got 23 drops
Total number of curves 506461
Starting step 77
Analyzing 40 states in spread 1
Analyzing 133 states in spread 2
Analyzing 514 states in spread 3
Analyzing 1248 states in spread 4
Analyzing 2441 states in spread 5
Analyzing 8413 states in spread 6
Analyzing 22050 states in spread 7
Analyzing 31622 states in spread 8
Analyzing 40000 states in spread 9
Analyzing 40000 states in spread 10
Analyzing 40000 states in spread 11
Analyzing 40000 states in spread 12
Analyzing 40000 states in spread 13
Analyzing 40000 states in spread 14
Analyzing 40000 states in spread 15
Analyzing 40000 states in spread 16
Analyzing 40000 states in spread 17
Finished step 77, minimal spread 1, max spread 18, got 27 drops
Total number of curves 501546
Starting step 78
Analyzing 70 states in spread 1
Analyzing 212 states in spread 2
Analyzing 659 states in spread 3
Analyzing 2522 states in spread 4
Analyzing 6088 states in spread 5
Analyzing 11995 states in spread 6
Analyzing 40000 states in spread 7
Analyzing 40000 states in spread 8
Analyzing 40000 states in spread 9
Analyzing 40000 states in spread 10
Analyzing 40000 states in spread 11
Analyzing 40000 states in spread 12
Analyzing 40000 states in spread 13
Analyzing 40000 states in spread 14
Analyzing 40000 states in spread 15
Analyzing 40000 states in spread 16
Finished step 78, minimal spread 1, max spread 17, got 18 drops
Total number of curves 486745
Starting step 79
Analyzing 110 states in spread 1
Analyzing 379 states in spread 2
Analyzing 1054 states in spread 3
Analyzing 3217 states in spread 4
Analyzing 12306 states in spread 5
Analyzing 29679 states in spread 6
Analyzing 40000 states in spread 7
Analyzing 40000 states in spread 8
Analyzing 40000 states in spread 9
Analyzing 40000 states in spread 10
Analyzing 40000 states in spread 11
Analyzing 40000 states in spread 12
Analyzing 40000 states in spread 13
Analyzing 40000 states in spread 14
Analyzing 40000 states in spread 15
Finished step 79, minimal spread 1, max spread 16, got 21 drops
Total number of curves 463570
Starting step 80
Analyzing 171 states in spread 1
Analyzing 584 states in spread 2
Analyzing 1892 states in spread 3
Analyzing 5168 states in spread 4
Analyzing 15755 states in spread 5
Analyzing 40000 states in spread 6
Analyzing 40000 states in spread 7
Analyzing 40000 states in spread 8
Analyzing 40000 states in spread 9
Analyzing 40000 states in spread 10
Analyzing 40000 states in spread 11
Analyzing 40000 states in spread 12
Analyzing 40000 states in spread 13
Analyzing 40000 states in spread 14
Analyzing 40000 states in spread 15
Finished step 80, minimal spread 1, max spread 16, got 29 drops
Total number of curves 478681
Starting step 81
Analyzing 274 states in spread 1
Analyzing 902 states in spread 2
Analyzing 2903 states in spread 3
Analyzing 9265 states in spread 4
Analyzing 25337 states in spread 5
Analyzing 40000 states in spread 6
Analyzing 40000 states in spread 7
Analyzing 40000 states in spread 8
Analyzing 40000 states in spread 9
Analyzing 40000 states in spread 10
Analyzing 40000 states in spread 11
Analyzing 40000 states in spread 12
Analyzing 40000 states in spread 13
Analyzing 40000 states in spread 14
Analyzing 40000 states in spread 15
Finished step 81, minimal spread 1, max spread 16, got 43 drops
Total number of curves 500556
Starting step 82
Analyzing 432 states in spread 1
Analyzing 1452 states in spread 2
Analyzing 4477 states in spread 3
Analyzing 14195 states in spread 4
Analyzing 40000 states in spread 5
Analyzing 40000 states in spread 6
Analyzing 40000 states in spread 7
Analyzing 40000 states in spread 8
Analyzing 40000 states in spread 9
Analyzing 40000 states in spread 10
Analyzing 40000 states in spread 11
Analyzing 40000 states in spread 12
Analyzing 40000 states in spread 13
Analyzing 40000 states in spread 14
Finished step 82, minimal spread 1, max spread 15, got 60 drops
Total number of curves 472072
Starting step 83
Analyzing 672 states in spread 1
Analyzing 2278 states in spread 2
Analyzing 7212 states in spread 3
Analyzing 21910 states in spread 4
Analyzing 40000 states in spread 5
Analyzing 40000 states in spread 6
Analyzing 40000 states in spread 7
Analyzing 40000 states in spread 8
Analyzing 40000 states in spread 9
Analyzing 40000 states in spread 10
Analyzing 40000 states in spread 11
Analyzing 40000 states in spread 12
Analyzing 40000 states in spread 13
Analyzing 40000 states in spread 14
Finished step 83, minimal spread 1, max spread 15, got 88 drops
Total number of curves 491169
Starting step 84
Analyzing 1048 states in spread 1
Analyzing 3537 states in spread 2
Analyzing 11308 states in spread 3
Analyzing 35276 states in spread 4
Analyzing 40000 states in spread 5
Analyzing 40000 states in spread 6
Analyzing 40000 states in spread 7
Analyzing 40000 states in spread 8
Analyzing 40000 states in spread 9
Analyzing 40000 states in spread 10
Analyzing 40000 states in spread 11
Analyzing 40000 states in spread 12
Analyzing 40000 states in spread 13
Finished step 84, minimal spread 1, max spread 14, got 129 drops
Total number of curves 464696
Starting step 85
Analyzing 1630 states in spread 1
Analyzing 5518 states in spread 2
Analyzing 17548 states in spread 3
Analyzing 40000 states in spread 4
Analyzing 40000 states in spread 5
Analyzing 40000 states in spread 6
Analyzing 40000 states in spread 7
Analyzing 40000 states in spread 8
Analyzing 40000 states in spread 9
Analyzing 40000 states in spread 10
Analyzing 40000 states in spread 11
Analyzing 40000 states in spread 12
Analyzing 40000 states in spread 13
Finished step 85, minimal spread 1, max spread 14, got 189 drops
Total number of curves 478459
Starting step 86
Analyzing 2521 states in spread 1
Analyzing 8568 states in spread 2
Analyzing 27370 states in spread 3
Analyzing 40000 states in spread 4
Analyzing 40000 states in spread 5
Analyzing 40000 states in spread 6
Analyzing 40000 states in spread 7
Analyzing 40000 states in spread 8
Analyzing 40000 states in spread 9
Analyzing 40000 states in spread 10
Analyzing 40000 states in spread 11
Analyzing 40000 states in spread 12
Analyzing 40000 states in spread 13
Finished step 86, minimal spread 1, max spread 14, got 277 drops
Total number of curves 497137
Starting step 87
Analyzing 3890 states in spread 1
Analyzing 13247 states in spread 2
Analyzing 40000 states in spread 3
Analyzing 40000 states in spread 4
Analyzing 40000 states in spread 5
Analyzing 40000 states in spread 6
Analyzing 40000 states in spread 7
Analyzing 40000 states in spread 8
Analyzing 40000 states in spread 9
Analyzing 40000 states in spread 10
Analyzing 40000 states in spread 11
Analyzing 40000 states in spread 12
Finished step 87, minimal spread 1, max spread 13, got 406 drops
Total number of curves 466429
Starting step 88
Analyzing 5991 states in spread 1
Analyzing 20438 states in spread 2
Analyzing 40000 states in spread 3
Analyzing 40000 states in spread 4
Analyzing 40000 states in spread 5
Analyzing 40000 states in spread 6
Analyzing 40000 states in spread 7
Analyzing 40000 states in spread 8
Analyzing 40000 states in spread 9
Analyzing 40000 states in spread 10
Analyzing 40000 states in spread 11
Analyzing 40000 states in spread 12
Finished step 88, minimal spread 1, max spread 13, got 595 drops
Total number of curves 480656
Starting step 89
Analyzing 9202 states in spread 1
Analyzing 31454 states in spread 2
Analyzing 40000 states in spread 3
Analyzing 40000 states in spread 4
Analyzing 40000 states in spread 5
Analyzing 40000 states in spread 6
Analyzing 40000 states in spread 7
Analyzing 40000 states in spread 8
Analyzing 40000 states in spread 9
Analyzing 40000 states in spread 10
Analyzing 40000 states in spread 11
Finished step 89, minimal spread 1, max spread 12, got 872 drops
Total number of curves 454103
Starting step 90
Analyzing 14103 states in spread 1
Analyzing 40000 states in spread 2
Analyzing 40000 states in spread 3
Analyzing 40000 states in spread 4
Analyzing 40000 states in spread 5
Analyzing 40000 states in spread 6
Analyzing 40000 states in spread 7
Analyzing 40000 states in spread 8
Analyzing 40000 states in spread 9
Analyzing 40000 states in spread 10
Analyzing 40000 states in spread 11
Finished step 90, minimal spread 1, max spread 11, got 1278 drops
Total number of curves 421576
Starting step 91
Analyzing 21576 states in spread 1
Analyzing 40000 states in spread 2
Analyzing 40000 states in spread 3
Analyzing 40000 states in spread 4
Analyzing 40000 states in spread 5
Analyzing 40000 states in spread 6
Analyzing 40000 states in spread 7
Analyzing 40000 states in spread 8
Analyzing 40000 states in spread 9
Analyzing 40000 states in spread 10
Analyzing 40000 states in spread 11
Finished step 91, minimal spread 1, max spread 10, got 1873 drops
Total number of curves 392950
Starting step 92
Analyzing 32950 states in spread 1
Analyzing 40000 states in spread 2
Analyzing 40000 states in spread 3
Analyzing 40000 states in spread 4
Analyzing 40000 states in spread 5
Analyzing 40000 states in spread 6
Analyzing 40000 states in spread 7
Analyzing 40000 states in spread 8
Analyzing 40000 states in spread 9
Analyzing 40000 states in spread 10
Finished step 92, minimal spread 1, max spread 9, got 2745 drops
Total number of curves 360000
Starting step 93
Analyzing 40000 states in spread 1
Analyzing 40000 states in spread 2
Analyzing 40000 states in spread 3
Analyzing 40000 states in spread 4
Analyzing 40000 states in spread 5
Analyzing 40000 states in spread 6
Analyzing 40000 states in spread 7
Analyzing 40000 states in spread 8
Analyzing 40000 states in spread 9
Finished step 93, minimal spread 1, max spread 8, got 3229 drops
Total number of curves 320000
Starting step 94
Analyzing 40000 states in spread 1
Analyzing 40000 states in spread 2
Analyzing 40000 states in spread 3
Analyzing 40000 states in spread 4
Analyzing 40000 states in spread 5
Analyzing 40000 states in spread 6
Analyzing 40000 states in spread 7
Analyzing 40000 states in spread 8
Finished step 94, minimal spread 1, max spread 7, got 3077 drops
Total number of curves 280000
Starting step 95
Analyzing 40000 states in spread 1
Analyzing 40000 states in spread 2
Analyzing 40000 states in spread 3
Analyzing 40000 states in spread 4
Analyzing 40000 states in spread 5
Analyzing 40000 states in spread 6
Analyzing 40000 states in spread 7
Finished step 95, minimal spread 1, max spread 6, got 2934 drops
Total number of curves 240000
Starting step 96
Analyzing 40000 states in spread 1
Analyzing 40000 states in spread 2
Analyzing 40000 states in spread 3
Analyzing 40000 states in spread 4
Analyzing 40000 states in spread 5
Analyzing 40000 states in spread 6
Finished step 96, minimal spread 1, max spread 5, got 2925 drops
Total number of curves 200000
Starting step 97
Analyzing 40000 states in spread 1
Analyzing 40000 states in spread 2
Analyzing 40000 states in spread 3
Analyzing 40000 states in spread 4
Analyzing 40000 states in spread 5
Finished step 97, minimal spread 1, max spread 4, got 2822 drops
Total number of curves 160000
Starting step 98
Analyzing 40000 states in spread 1
Analyzing 40000 states in spread 2
Analyzing 40000 states in spread 3
Analyzing 40000 states in spread 4
Finished step 98, minimal spread 1, max spread 3, got 2616 drops
Total number of curves 120000
Starting step 99
Analyzing 40000 states in spread 1
Analyzing 40000 states in spread 2
Analyzing 40000 states in spread 3
Finished step 99, minimal spread 1, max spread 2, got 2539 drops
Total number of curves 80000
Starting step 100
Analyzing 40000 states in spread 1
Analyzing 40000 states in spread 2
Finished step 100, minimal spread 1, max spread 1, got 2484 drops
Total number of curves 40000
Altogether, runtime= 34.54784375
SUMMARY witness_output= /nfs/roberts/project/pi_com36/com36/burau-experiments/curvemod/logs/a3_mod5_sigma2_bucket40k_total400k_len100_20260310_014250_witnesses.txt
SUMMARY found= True
SUMMARY first_depth= 71
SUMMARY unique_witnesses= 31266
SUMMARY total_hits= 31266
SUMMARY witness_depth_histogram= {71: 2, 72: 1, 73: 2, 74: 3, 75: 4, 76: 6, 77: 9, 78: 13, 79: 19, 80: 28, 81: 41, 82: 60, 83: 88, 84: 129, 85: 189, 86: 277, 87: 406, 88: 595, 89: 872, 90: 1278, 91: 1873, 92: 2745, 93: 3229, 94: 3077, 95: 2934, 96: 2925, 97: 2822, 98: 2616, 99: 2539, 100: 2484}
SUMMARY witness_1_depth= 71
SUMMARY witness_1= [[1, -2, -1], [-1, -3], [-3, -2], [-3, -2], [-3, 1, -2, -1], [-1, -3], [2, -3, -2], [-2, -1], [-1, -3], [2, -3, -2], [-2], [-3], [2, -3, -2], [1, -2, -1], [1, -2, -1], [-1, -3], [2, -3, -2], [1, -2, -1], [1, -2, -1], [2, -3, -2], [2, -3, -2], [2, -3, -2], [-2, 1, 2, -3, -2, -1], [1, -2, -1], [-3], [2, -3, -2], [-2], [1, -2, -1], [1, -2, -1], [2, -3, -2], [-2, 1, 2, -3, -2, -1], [-1, -3], [2, -3, -2], [1, -2, -1], [-3], [1, 2, -3, -2, -1], [-1], [2, -3, -2], [1, -2, -1], [-1, -3], [-2, 1, 2, -3, -2, -1], [1, -2, -1], [2, -3, -2], [2, -3, -2], [-2], [1, -2, -1], [-1], [2, -3, -2], [-2, 1, 2, -3, -2, -1], [1, -2, -1], [1, -2, -1], [1, -2, -1], [2, -3, -2], [2, -3, -2], [1, -2, -1], [-1, -3], [2, -3, -2], [2, -3, -2], [1, -2, -1], [-1], [-2], [1, -2, -1], [-1, -3], [2, -3, -2], [-3, 1, -2, -1], [-1, -3], [2, -3, -2, -1], [-2, -1], [-2, -1], [-1, -3], [2, -3, -2]]
SUMMARY witness_2_depth= 71
SUMMARY witness_2= [[-3, 1, -2, -1], [-1, -3], [-3, -2], [-3, -2], [-3, 1, -2, -1], [-1, -3], [2, -3, -2], [-2, -1], [-1, -3], [2, -3, -2], [-2], [-3], [2, -3, -2], [1, -2, -1], [1, -2, -1], [-1, -3], [2, -3, -2], [1, -2, -1], [1, -2, -1], [2, -3, -2], [2, -3, -2], [2, -3, -2], [-2, 1, 2, -3, -2, -1], [1, -2, -1], [-3], [2, -3, -2], [-2], [1, -2, -1], [1, -2, -1], [2, -3, -2], [-2, 1, 2, -3, -2, -1], [-1, -3], [2, -3, -2], [1, -2, -1], [-3], [1, 2, -3, -2, -1], [-1], [2, -3, -2], [1, -2, -1], [-1, -3], [-2, 1, 2, -3, -2, -1], [1, -2, -1], [2, -3, -2], [2, -3, -2], [-2], [1, -2, -1], [-1], [2, -3, -2], [-2, 1, 2, -3, -2, -1], [1, -2, -1], [1, -2, -1], [1, -2, -1], [2, -3, -2], [2, -3, -2], [1, -2, -1], [-1, -3], [2, -3, -2], [2, -3, -2], [1, -2, -1], [-1], [-2], [1, -2, -1], [-1, -3], [2, -3, -2], [-3, 1, -2, -1], [-1, -3], [2, -3, -2, -1], [-2, -1], [-2, -1], [-1, -3], [2, -3, -2]]
SUMMARY witness_3_depth= 72
SUMMARY witness_3= [[-2], [-2, -1], [-1, -3], [-3, -2], [-3, -2], [-3, 1, -2, -1], [-1, -3], [2, -3, -2], [-2, -1], [-1, -3], [2, -3, -2], [-2], [-3], [2, -3, -2], [1, -2, -1], [1, -2, -1], [-1, -3], [2, -3, -2], [1, -2, -1], [1, -2, -1], [2, -3, -2], [2, -3, -2], [2, -3, -2], [-2, 1, 2, -3, -2, -1], [1, -2, -1], [-3], [2, -3, -2], [-2], [1, -2, -1], [1, -2, -1], [2, -3, -2], [-2, 1, 2, -3, -2, -1], [-1, -3], [2, -3, -2], [1, -2, -1], [-3], [1, 2, -3, -2, -1], [-1], [2, -3, -2], [1, -2, -1], [-1, -3], [-2, 1, 2, -3, -2, -1], [1, -2, -1], [2, -3, -2], [2, -3, -2], [-2], [1, -2, -1], [-1], [2, -3, -2], [-2, 1, 2, -3, -2, -1], [1, -2, -1], [1, -2, -1], [1, -2, -1], [2, -3, -2], [2, -3, -2], [1, -2, -1], [-1, -3], [2, -3, -2], [2, -3, -2], [1, -2, -1], [-1], [-2], [1, -2, -1], [-1, -3], [2, -3, -2], [-3, 1, -2, -1], [-1, -3], [2, -3, -2, -1], [-2, -1], [-2, -1], [-1, -3], [2, -3, -2]]
SUMMARY witness_4_depth= 73
SUMMARY witness_4= [[-1], [-2, -1], [-2, -1], [-1, -3], [-3, -2], [-3, -2], [-3, 1, -2, -1], [-1, -3], [2, -3, -2], [-2, -1], [-1, -3], [2, -3, -2], [-2], [-3], [2, -3, -2], [1, -2, -1], [1, -2, -1], [-1, -3], [2, -3, -2], [1, -2, -1], [1, -2, -1], [2, -3, -2], [2, -3, -2], [2, -3, -2], [-2, 1, 2, -3, -2, -1], [1, -2, -1], [-3], [2, -3, -2], [-2], [1, -2, -1], [1, -2, -1], [2, -3, -2], [-2, 1, 2, -3, -2, -1], [-1, -3], [2, -3, -2], [1, -2, -1], [-3], [1, 2, -3, -2, -1], [-1], [2, -3, -2], [1, -2, -1], [-1, -3], [-2, 1, 2, -3, -2, -1], [1, -2, -1], [2, -3, -2], [2, -3, -2], [-2], [1, -2, -1], [-1], [2, -3, -2], [-2, 1, 2, -3, -2, -1], [1, -2, -1], [1, -2, -1], [1, -2, -1], [2, -3, -2], [2, -3, -2], [1, -2, -1], [-1, -3], [2, -3, -2], [2, -3, -2], [1, -2, -1], [-1], [-2], [1, -2, -1], [-1, -3], [2, -3, -2], [-3, 1, -2, -1], [-1, -3], [2, -3, -2, -1], [-2, -1], [-2, -1], [-1, -3], [2, -3, -2]]
SUMMARY witness_5_depth= 73
SUMMARY witness_5= [[-1], [-2, 1, 2, -3, -2, -1], [-2, -1], [-1, -3], [-3, -2], [-3, -2], [-3, 1, -2, -1], [-1, -3], [2, -3, -2], [-2, -1], [-1, -3], [2, -3, -2], [-2], [-3], [2, -3, -2], [1, -2, -1], [1, -2, -1], [-1, -3], [2, -3, -2], [1, -2, -1], [1, -2, -1], [2, -3, -2], [2, -3, -2], [2, -3, -2], [-2, 1, 2, -3, -2, -1], [1, -2, -1], [-3], [2, -3, -2], [-2], [1, -2, -1], [1, -2, -1], [2, -3, -2], [-2, 1, 2, -3, -2, -1], [-1, -3], [2, -3, -2], [1, -2, -1], [-3], [1, 2, -3, -2, -1], [-1], [2, -3, -2], [1, -2, -1], [-1, -3], [-2, 1, 2, -3, -2, -1], [1, -2, -1], [2, -3, -2], [2, -3, -2], [-2], [1, -2, -1], [-1], [2, -3, -2], [-2, 1, 2, -3, -2, -1], [1, -2, -1], [1, -2, -1], [1, -2, -1], [2, -3, -2], [2, -3, -2], [1, -2, -1], [-1, -3], [2, -3, -2], [2, -3, -2], [1, -2, -1], [-1], [-2], [1, -2, -1], [-1, -3], [2, -3, -2], [-3, 1, -2, -1], [-1, -3], [2, -3, -2, -1], [-2, -1], [-2, -1], [-1, -3], [2, -3, -2]]
SUMMARY witness_6_depth= 74
SUMMARY witness_6= [[1, 2, -3, -2, -1], [-1, -3], [-2, 1, 2, -3, -2, -1], [-2, -1], [-1, -3], [-3, -2], [-3, -2], [-3, 1, -2, -1], [-1, -3], [2, -3, -2], [-2, -1], [-1, -3], [2, -3, -2], [-2], [-3], [2, -3, -2], [1, -2, -1], [1, -2, -1], [-1, -3], [2, -3, -2], [1, -2, -1], [1, -2, -1], [2, -3, -2], [2, -3, -2], [2, -3, -2], [-2, 1, 2, -3, -2, -1], [1, -2, -1], [-3], [2, -3, -2], [-2], [1, -2, -1], [1, -2, -1], [2, -3, -2], [-2, 1, 2, -3, -2, -1], [-1, -3], [2, -3, -2], [1, -2, -1], [-3], [1, 2, -3, -2, -1], [-1], [2, -3, -2], [1, -2, -1], [-1, -3], [-2, 1, 2, -3, -2, -1], [1, -2, -1], [2, -3, -2], [2, -3, -2], [-2], [1, -2, -1], [-1], [2, -3, -2], [-2, 1, 2, -3, -2, -1], [1, -2, -1], [1, -2, -1], [1, -2, -1], [2, -3, -2], [2, -3, -2], [1, -2, -1], [-1, -3], [2, -3, -2], [2, -3, -2], [1, -2, -1], [-1], [-2], [1, -2, -1], [-1, -3], [2, -3, -2], [-3, 1, -2, -1], [-1, -3], [2, -3, -2, -1], [-2, -1], [-2, -1], [-1, -3], [2, -3, -2]]
SUMMARY witness_7_depth= 74
SUMMARY witness_7= [[1, -2, -1], [-2, -1], [-2, -1], [-2, -1], [-1, -3], [-3, -2], [-3, -2], [-3, 1, -2, -1], [-1, -3], [2, -3, -2], [-2, -1], [-1, -3], [2, -3, -2], [-2], [-3], [2, -3, -2], [1, -2, -1], [1, -2, -1], [-1, -3], [2, -3, -2], [1, -2, -1], [1, -2, -1], [2, -3, -2], [2, -3, -2], [2, -3, -2], [-2, 1, 2, -3, -2, -1], [1, -2, -1], [-3], [2, -3, -2], [-2], [1, -2, -1], [1, -2, -1], [2, -3, -2], [-2, 1, 2, -3, -2, -1], [-1, -3], [2, -3, -2], [1, -2, -1], [-3], [1, 2, -3, -2, -1], [-1], [2, -3, -2], [1, -2, -1], [-1, -3], [-2, 1, 2, -3, -2, -1], [1, -2, -1], [2, -3, -2], [2, -3, -2], [-2], [1, -2, -1], [-1], [2, -3, -2], [-2, 1, 2, -3, -2, -1], [1, -2, -1], [1, -2, -1], [1, -2, -1], [2, -3, -2], [2, -3, -2], [1, -2, -1], [-1, -3], [2, -3, -2], [2, -3, -2], [1, -2, -1], [-1], [-2], [1, -2, -1], [-1, -3], [2, -3, -2], [-3, 1, -2, -1], [-1, -3], [2, -3, -2, -1], [-2, -1], [-2, -1], [-1, -3], [2, -3, -2]]
SUMMARY witness_8_depth= 74
SUMMARY witness_8= [[1, 2, -3, -2, -1], [2, -3, -2, -1], [-2, 1, 2, -3, -2, -1], [-2, -1], [-1, -3], [-3, -2], [-3, -2], [-3, 1, -2, -1], [-1, -3], [2, -3, -2], [-2, -1], [-1, -3], [2, -3, -2], [-2], [-3], [2, -3, -2], [1, -2, -1], [1, -2, -1], [-1, -3], [2, -3, -2], [1, -2, -1], [1, -2, -1], [2, -3, -2], [2, -3, -2], [2, -3, -2], [-2, 1, 2, -3, -2, -1], [1, -2, -1], [-3], [2, -3, -2], [-2], [1, -2, -1], [1, -2, -1], [2, -3, -2], [-2, 1, 2, -3, -2, -1], [-1, -3], [2, -3, -2], [1, -2, -1], [-3], [1, 2, -3, -2, -1], [-1], [2, -3, -2], [1, -2, -1], [-1, -3], [-2, 1, 2, -3, -2, -1], [1, -2, -1], [2, -3, -2], [2, -3, -2], [-2], [1, -2, -1], [-1], [2, -3, -2], [-2, 1, 2, -3, -2, -1], [1, -2, -1], [1, -2, -1], [1, -2, -1], [2, -3, -2], [2, -3, -2], [1, -2, -1], [-1, -3], [2, -3, -2], [2, -3, -2], [1, -2, -1], [-1], [-2], [1, -2, -1], [-1, -3], [2, -3, -2], [-3, 1, -2, -1], [-1, -3], [2, -3, -2, -1], [-2, -1], [-2, -1], [-1, -3], [2, -3, -2]]
SUMMARY witness_9_depth= 75
SUMMARY witness_9= [[-2], [-2, -1], [-2, -1], [-2, -1], [-2, -1], [-1, -3], [-3, -2], [-3, -2], [-3, 1, -2, -1], [-1, -3], [2, -3, -2], [-2, -1], [-1, -3], [2, -3, -2], [-2], [-3], [2, -3, -2], [1, -2, -1], [1, -2, -1], [-1, -3], [2, -3, -2], [1, -2, -1], [1, -2, -1], [2, -3, -2], [2, -3, -2], [2, -3, -2], [-2, 1, 2, -3, -2, -1], [1, -2, -1], [-3], [2, -3, -2], [-2], [1, -2, -1], [1, -2, -1], [2, -3, -2], [-2, 1, 2, -3, -2, -1], [-1, -3], [2, -3, -2], [1, -2, -1], [-3], [1, 2, -3, -2, -1], [-1], [2, -3, -2], [1, -2, -1], [-1, -3], [-2, 1, 2, -3, -2, -1], [1, -2, -1], [2, -3, -2], [2, -3, -2], [-2], [1, -2, -1], [-1], [2, -3, -2], [-2, 1, 2, -3, -2, -1], [1, -2, -1], [1, -2, -1], [1, -2, -1], [2, -3, -2], [2, -3, -2], [1, -2, -1], [-1, -3], [2, -3, -2], [2, -3, -2], [1, -2, -1], [-1], [-2], [1, -2, -1], [-1, -3], [2, -3, -2], [-3, 1, -2, -1], [-1, -3], [2, -3, -2, -1], [-2, -1], [-2, -1], [-1, -3], [2, -3, -2]]
SUMMARY witness_10_depth= 75
SUMMARY witness_10= [[-3], [-2, 1, 2, -3, -2, -1], [-1, -3], [-2, 1, 2, -3, -2, -1], [-2, -1], [-1, -3], [-3, -2], [-3, -2], [-3, 1, -2, -1], [-1, -3], [2, -3, -2], [-2, -1], [-1, -3], [2, -3, -2], [-2], [-3], [2, -3, -2], [1, -2, -1], [1, -2, -1], [-1, -3], [2, -3, -2], [1, -2, -1], [1, -2, -1], [2, -3, -2], [2, -3, -2], [2, -3, -2], [-2, 1, 2, -3, -2, -1], [1, -2, -1], [-3], [2, -3, -2], [-2], [1, -2, -1], [1, -2, -1], [2, -3, -2], [-2, 1, 2, -3, -2, -1], [-1, -3], [2, -3, -2], [1, -2, -1], [-3], [1, 2, -3, -2, -1], [-1], [2, -3, -2], [1, -2, -1], [-1, -3], [-2, 1, 2, -3, -2, -1], [1, -2, -1], [2, -3, -2], [2, -3, -2], [-2], [1, -2, -1], [-1], [2, -3, -2], [-2, 1, 2, -3, -2, -1], [1, -2, -1], [1, -2, -1], [1, -2, -1], [2, -3, -2], [2, -3, -2], [1, -2, -1], [-1, -3], [2, -3, -2], [2, -3, -2], [1, -2, -1], [-1], [-2], [1, -2, -1], [-1, -3], [2, -3, -2], [-3, 1, -2, -1], [-1, -3], [2, -3, -2, -1], [-2, -1], [-2, -1], [-1, -3], [2, -3, -2]]
CUDA max_memory_allocated_bytes: 4307641344
CUDA max_memory_reserved_bytes: 5066719232
End: 2026-03-10T01:43:35-04:00
