Starting A3 torch search with p= 5 caps 100000 100000 totalcaps 600000 500000 FIRST_STEPS 12 base_point 1 device cuda
We have 6 atoms and 14 dual simples
Initialized step 1 with spreads: {1: 2}
Starting step 2
Analyzing 2 states in spread 1
Finished step 2, minimal spread 2, max spread 2, got 0 drops
Total number of curves 8
Starting step 3
Analyzing 8 states in spread 2
Finished step 3, minimal spread 3, max spread 3, got 0 drops
Total number of curves 36
Starting step 4
Analyzing 36 states in spread 3
Finished step 4, minimal spread 4, max spread 4, got 0 drops
Total number of curves 170
Starting step 5
Analyzing 170 states in spread 4
Finished step 5, minimal spread 5, max spread 5, got 0 drops
Total number of curves 816
Starting step 6
Analyzing 816 states in spread 5
Finished step 6, minimal spread 5, max spread 6, got 0 drops
Total number of curves 3938
Starting step 7
Analyzing 2 states in spread 5
Analyzing 3936 states in spread 6
Finished step 7, minimal spread 5, max spread 7, got 0 drops
Total number of curves 19040
Starting step 8
Analyzing 2 states in spread 5
Analyzing 40 states in spread 6
Analyzing 18998 states in spread 7
Finished step 8, minimal spread 6, max spread 8, got 0 drops
Total number of curves 92118
Starting step 9
Analyzing 39 states in spread 6
Analyzing 457 states in spread 7
Analyzing 91622 states in spread 8
Finished step 9, minimal spread 6, max spread 9, got 0 drops
Total number of curves 104412
Starting step 10
Analyzing 15 states in spread 6
Analyzing 415 states in spread 7
Analyzing 3982 states in spread 8
Analyzing 100000 states in spread 9
Finished step 10, minimal spread 6, max spread 10, got 0 drops
Total number of curves 125015
Starting step 11
Analyzing 8 states in spread 6
Analyzing 225 states in spread 7
Analyzing 3512 states in spread 8
Analyzing 21270 states in spread 9
Analyzing 100000 states in spread 10
Finished step 11, minimal spread 6, max spread 11, got 0 drops
Total number of curves 221974
Starting step 12
Analyzing 5 states in spread 6
Analyzing 157 states in spread 7
Analyzing 2174 states in spread 8
Analyzing 19638 states in spread 9
Analyzing 100000 states in spread 10
Analyzing 100000 states in spread 11
Finished step 12, minimal spread 6, max spread 12, got 0 drops
Total number of curves 315236
Starting step 13
Analyzing 5 states in spread 6
Analyzing 97 states in spread 7
Analyzing 1693 states in spread 8
Analyzing 13441 states in spread 9
Analyzing 100000 states in spread 10
Analyzing 100000 states in spread 11
Analyzing 100000 states in spread 12
Finished step 13, minimal spread 6, max spread 13, got 3 drops
Total number of curves 388201
Starting step 14
Analyzing 5 states in spread 6
Analyzing 73 states in spread 7
Analyzing 1149 states in spread 8
Analyzing 11426 states in spread 9
Analyzing 75548 states in spread 10
Analyzing 100000 states in spread 11
Analyzing 100000 states in spread 12
Analyzing 100000 states in spread 13
Finished step 14, minimal spread 6, max spread 14, got 12 drops
Total number of curves 477708
Starting step 15
Analyzing 7 states in spread 6
Analyzing 71 states in spread 7
Analyzing 846 states in spread 8
Analyzing 8544 states in spread 9
Analyzing 68240 states in spread 10
Analyzing 100000 states in spread 11
Analyzing 100000 states in spread 12
Analyzing 100000 states in spread 13
Analyzing 100000 states in spread 14
Finished step 15, minimal spread 6, max spread 15, got 19 drops
Total number of curves 562475
Starting step 16
Analyzing 7 states in spread 6
Analyzing 96 states in spread 7
Analyzing 778 states in spread 8
Analyzing 6710 states in spread 9
Analyzing 54884 states in spread 10
Analyzing 100000 states in spread 11
Analyzing 100000 states in spread 12
Analyzing 100000 states in spread 13
Analyzing 100000 states in spread 14
Analyzing 100000 states in spread 15
Finished step 16, minimal spread 6, max spread 16, got 36 drops
Total number of curves 652833
Starting step 17
Analyzing 6 states in spread 6
Analyzing 101 states in spread 7
Analyzing 912 states in spread 8
Analyzing 6239 states in spread 9
Analyzing 45575 states in spread 10
Analyzing 100000 states in spread 11
Analyzing 100000 states in spread 12
Analyzing 100000 states in spread 13
Analyzing 100000 states in spread 14
Analyzing 100000 states in spread 15
Finished step 17, minimal spread 6, max spread 16, got 60 drops
Total number of curves 650798
Starting step 18
Analyzing 5 states in spread 6
Analyzing 96 states in spread 7
Analyzing 901 states in spread 8
Analyzing 6781 states in spread 9
Analyzing 43015 states in spread 10
Analyzing 100000 states in spread 11
Analyzing 100000 states in spread 12
Analyzing 100000 states in spread 13
Analyzing 100000 states in spread 14
Analyzing 100000 states in spread 15
Finished step 18, minimal spread 6, max spread 16, got 91 drops
Total number of curves 652490
Starting step 19
Analyzing 6 states in spread 6
Analyzing 78 states in spread 7
Analyzing 846 states in spread 8
Analyzing 6564 states in spread 9
Analyzing 44996 states in spread 10
Analyzing 100000 states in spread 11
Analyzing 100000 states in spread 12
Analyzing 100000 states in spread 13
Analyzing 100000 states in spread 14
Analyzing 100000 states in spread 15
Finished step 19, minimal spread 6, max spread 16, got 100 drops
Total number of curves 650409
Starting step 20
Analyzing 4 states in spread 6
Analyzing 87 states in spread 7
Analyzing 724 states in spread 8
Analyzing 6194 states in spread 9
Analyzing 43400 states in spread 10
Analyzing 100000 states in spread 11
Analyzing 100000 states in spread 12
Analyzing 100000 states in spread 13
Analyzing 100000 states in spread 14
Analyzing 100000 states in spread 15
Finished step 20, minimal spread 6, max spread 16, got 98 drops
Total number of curves 647417
Starting step 21
Analyzing 8 states in spread 6
Analyzing 81 states in spread 7
Analyzing 752 states in spread 8
Analyzing 5456 states in spread 9
Analyzing 41120 states in spread 10
Analyzing 100000 states in spread 11
Analyzing 100000 states in spread 12
Analyzing 100000 states in spread 13
Analyzing 100000 states in spread 14
Analyzing 100000 states in spread 15
Finished step 21, minimal spread 5, max spread 16, got 149 drops
Total number of curves 643262
Starting step 22
Analyzing 5 states in spread 5
Analyzing 20 states in spread 6
Analyzing 100 states in spread 7
Analyzing 744 states in spread 8
Analyzing 5479 states in spread 9
Analyzing 36914 states in spread 10
Analyzing 100000 states in spread 11
Analyzing 100000 states in spread 12
Analyzing 100000 states in spread 13
Analyzing 100000 states in spread 14
Analyzing 100000 states in spread 15
Finished step 22, minimal spread 5, max spread 16, got 118 drops
Total number of curves 642936
Starting step 23
Analyzing 9 states in spread 5
Analyzing 48 states in spread 6
Analyzing 159 states in spread 7
Analyzing 809 states in spread 8
Analyzing 5499 states in spread 9
Analyzing 36412 states in spread 10
Analyzing 100000 states in spread 11
Analyzing 100000 states in spread 12
Analyzing 100000 states in spread 13
Analyzing 100000 states in spread 14
Analyzing 100000 states in spread 15
Finished step 23, minimal spread 5, max spread 16, got 115 drops
Total number of curves 643631
Starting step 24
Analyzing 7 states in spread 5
Analyzing 82 states in spread 6
Analyzing 306 states in spread 7
Analyzing 1101 states in spread 8
Analyzing 5631 states in spread 9
Analyzing 36504 states in spread 10
Analyzing 100000 states in spread 11
Analyzing 100000 states in spread 12
Analyzing 100000 states in spread 13
Analyzing 100000 states in spread 14
Analyzing 100000 states in spread 15
Finished step 24, minimal spread 5, max spread 16, got 125 drops
Total number of curves 645702
Starting step 25
Analyzing 8 states in spread 5
Analyzing 65 states in spread 6
Analyzing 508 states in spread 7
Analyzing 1841 states in spread 8
Analyzing 7058 states in spread 9
Analyzing 36222 states in spread 10
Analyzing 100000 states in spread 11
Analyzing 100000 states in spread 12
Analyzing 100000 states in spread 13
Analyzing 100000 states in spread 14
Analyzing 100000 states in spread 15
Finished step 25, minimal spread 5, max spread 16, got 132 drops
Total number of curves 657204
Starting step 26
Analyzing 6 states in spread 5
Analyzing 69 states in spread 6
Analyzing 432 states in spread 7
Analyzing 2918 states in spread 8
Analyzing 10698 states in spread 9
Analyzing 43081 states in spread 10
Analyzing 100000 states in spread 11
Analyzing 100000 states in spread 12
Analyzing 100000 states in spread 13
Analyzing 100000 states in spread 14
Analyzing 100000 states in spread 15
Finished step 26, minimal spread 5, max spread 16, got 113 drops
Total number of curves 679988
Starting step 27
Analyzing 2 states in spread 5
Analyzing 61 states in spread 6
Analyzing 436 states in spread 7
Analyzing 2642 states in spread 8
Analyzing 16129 states in spread 9
Analyzing 60718 states in spread 10
Analyzing 100000 states in spread 11
Analyzing 100000 states in spread 12
Analyzing 100000 states in spread 13
Analyzing 100000 states in spread 14
Analyzing 100000 states in spread 15
Finished step 27, minimal spread 6, max spread 16, got 119 drops
Total number of curves 706012
Starting step 28
Analyzing 32 states in spread 6
Analyzing 446 states in spread 7
Analyzing 2634 states in spread 8
Analyzing 15394 states in spread 9
Analyzing 87506 states in spread 10
Analyzing 100000 states in spread 11
Analyzing 100000 states in spread 12
Analyzing 100000 states in spread 13
Analyzing 100000 states in spread 14
Finished step 28, minimal spread 6, max spread 15, got 140 drops
Total number of curves 605256
Starting step 29
Analyzing 10 states in spread 6
Analyzing 313 states in spread 7
Analyzing 2876 states in spread 8
Analyzing 15472 states in spread 9
Analyzing 86585 states in spread 10
Analyzing 100000 states in spread 11
Analyzing 100000 states in spread 12
Analyzing 100000 states in spread 13
Analyzing 100000 states in spread 14
Finished step 29, minimal spread 6, max spread 15, got 138 drops
Total number of curves 607626
Starting step 30
Analyzing 9 states in spread 6
Analyzing 163 states in spread 7
Analyzing 2292 states in spread 8
Analyzing 17259 states in spread 9
Analyzing 87903 states in spread 10
Analyzing 100000 states in spread 11
Analyzing 100000 states in spread 12
Analyzing 100000 states in spread 13
Analyzing 100000 states in spread 14
Finished step 30, minimal spread 6, max spread 15, got 121 drops
Total number of curves 614920
Starting step 31
Analyzing 11 states in spread 6
Analyzing 133 states in spread 7
Analyzing 1480 states in spread 8
Analyzing 14755 states in spread 9
Analyzing 98541 states in spread 10
Analyzing 100000 states in spread 11
Analyzing 100000 states in spread 12
Analyzing 100000 states in spread 13
Analyzing 100000 states in spread 14
Finished step 31, minimal spread 5, max spread 15, got 126 drops
Total number of curves 600359
Starting step 32
Analyzing 3 states in spread 5
Analyzing 17 states in spread 6
Analyzing 134 states in spread 7
Analyzing 1221 states in spread 8
Analyzing 10773 states in spread 9
Analyzing 88211 states in spread 10
Analyzing 100000 states in spread 11
Analyzing 100000 states in spread 12
Analyzing 100000 states in spread 13
Analyzing 100000 states in spread 14
Finished step 32, minimal spread 5, max spread 15, got 118 drops
Total number of curves 580086
Starting step 33
Analyzing 3 states in spread 5
Analyzing 34 states in spread 6
Analyzing 177 states in spread 7
Analyzing 1145 states in spread 8
Analyzing 9201 states in spread 9
Analyzing 69526 states in spread 10
Analyzing 100000 states in spread 11
Analyzing 100000 states in spread 12
Analyzing 100000 states in spread 13
Analyzing 100000 states in spread 14
Analyzing 100000 states in spread 15
Finished step 33, minimal spread 5, max spread 16, got 122 drops
Total number of curves 671589
Starting step 34
Analyzing 4 states in spread 5
Analyzing 36 states in spread 6
Analyzing 278 states in spread 7
Analyzing 1357 states in spread 8
Analyzing 8463 states in spread 9
Analyzing 61451 states in spread 10
Analyzing 100000 states in spread 11
Analyzing 100000 states in spread 12
Analyzing 100000 states in spread 13
Analyzing 100000 states in spread 14
Analyzing 100000 states in spread 15
Finished step 34, minimal spread 5, max spread 16, got 152 drops
Total number of curves 668635
Starting step 35
Analyzing 5 states in spread 5
Analyzing 38 states in spread 6
Analyzing 294 states in spread 7
Analyzing 1914 states in spread 8
Analyzing 9384 states in spread 9
Analyzing 57000 states in spread 10
Analyzing 100000 states in spread 11
Analyzing 100000 states in spread 12
Analyzing 100000 states in spread 13
Analyzing 100000 states in spread 14
Analyzing 100000 states in spread 15
Finished step 35, minimal spread 5, max spread 16, got 155 drops
Total number of curves 675100
Starting step 36
Analyzing 2 states in spread 5
Analyzing 53 states in spread 6
Analyzing 301 states in spread 7
Analyzing 2043 states in spread 8
Analyzing 12185 states in spread 9
Analyzing 60516 states in spread 10
Analyzing 100000 states in spread 11
Analyzing 100000 states in spread 12
Analyzing 100000 states in spread 13
Analyzing 100000 states in spread 14
Analyzing 100000 states in spread 15
Finished step 36, minimal spread 5, max spread 16, got 161 drops
Total number of curves 689319
Starting step 37
Analyzing 2 states in spread 5
Analyzing 35 states in spread 6
Analyzing 389 states in spread 7
Analyzing 2050 states in spread 8
Analyzing 13022 states in spread 9
Analyzing 73821 states in spread 10
Analyzing 100000 states in spread 11
Analyzing 100000 states in spread 12
Analyzing 100000 states in spread 13
Analyzing 100000 states in spread 14
Analyzing 100000 states in spread 15
Finished step 37, minimal spread 5, max spread 16, got 193 drops
Total number of curves 694232
Starting step 38
Analyzing 5 states in spread 5
Analyzing 43 states in spread 6
Analyzing 303 states in spread 7
Analyzing 2493 states in spread 8
Analyzing 13044 states in spread 9
Analyzing 78344 states in spread 10
Analyzing 100000 states in spread 11
Analyzing 100000 states in spread 12
Analyzing 100000 states in spread 13
Analyzing 100000 states in spread 14
Analyzing 100000 states in spread 15
Finished step 38, minimal spread 5, max spread 16, got 188 drops
Total number of curves 696250
Starting step 39
Analyzing 6 states in spread 5
Analyzing 59 states in spread 6
Analyzing 361 states in spread 7
Analyzing 2165 states in spread 8
Analyzing 15157 states in spread 9
Analyzing 78502 states in spread 10
Analyzing 100000 states in spread 11
Analyzing 100000 states in spread 12
Analyzing 100000 states in spread 13
Analyzing 100000 states in spread 14
Analyzing 100000 states in spread 15
Finished step 39, minimal spread 5, max spread 16, got 168 drops
Total number of curves 705519
Starting step 40
Analyzing 4 states in spread 5
Analyzing 63 states in spread 6
Analyzing 424 states in spread 7
Analyzing 2518 states in spread 8
Analyzing 14009 states in spread 9
Analyzing 88501 states in spread 10
Analyzing 100000 states in spread 11
Analyzing 100000 states in spread 12
Analyzing 100000 states in spread 13
Analyzing 100000 states in spread 14
Finished step 40, minimal spread 5, max spread 15, got 149 drops
Total number of curves 603836
Starting step 41
Analyzing 4 states in spread 5
Analyzing 49 states in spread 6
Analyzing 461 states in spread 7
Analyzing 2742 states in spread 8
Analyzing 15927 states in spread 9
Analyzing 84653 states in spread 10
Analyzing 100000 states in spread 11
Analyzing 100000 states in spread 12
Analyzing 100000 states in spread 13
Analyzing 100000 states in spread 14
Finished step 41, minimal spread 5, max spread 15, got 156 drops
Total number of curves 614893
Starting step 42
Analyzing 6 states in spread 5
Analyzing 50 states in spread 6
Analyzing 403 states in spread 7
Analyzing 2942 states in spread 8
Analyzing 17029 states in spread 9
Analyzing 94463 states in spread 10
Analyzing 100000 states in spread 11
Analyzing 100000 states in spread 12
Analyzing 100000 states in spread 13
Analyzing 100000 states in spread 14
Finished step 42, minimal spread 5, max spread 15, got 177 drops
Total number of curves 621291
Starting step 43
Analyzing 4 states in spread 5
Analyzing 64 states in spread 6
Analyzing 428 states in spread 7
Analyzing 2828 states in spread 8
Analyzing 17967 states in spread 9
Analyzing 100000 states in spread 10
Analyzing 100000 states in spread 11
Analyzing 100000 states in spread 12
Analyzing 100000 states in spread 13
Analyzing 100000 states in spread 14
Finished step 43, minimal spread 5, max spread 15, got 156 drops
Total number of curves 621569
Starting step 44
Analyzing 5 states in spread 5
Analyzing 46 states in spread 6
Analyzing 484 states in spread 7
Analyzing 3080 states in spread 8
Analyzing 17954 states in spread 9
Analyzing 100000 states in spread 10
Analyzing 100000 states in spread 11
Analyzing 100000 states in spread 12
Analyzing 100000 states in spread 13
Analyzing 100000 states in spread 14
Finished step 44, minimal spread 5, max spread 15, got 165 drops
Total number of curves 623436
Starting step 45
Analyzing 3 states in spread 5
Analyzing 53 states in spread 6
Analyzing 377 states in spread 7
Analyzing 3354 states in spread 8
Analyzing 19649 states in spread 9
Analyzing 100000 states in spread 10
Analyzing 100000 states in spread 11
Analyzing 100000 states in spread 12
Analyzing 100000 states in spread 13
Analyzing 100000 states in spread 14
Finished step 45, minimal spread 5, max spread 15, got 156 drops
Total number of curves 624338
Starting step 46
Analyzing 4 states in spread 5
Analyzing 38 states in spread 6
Analyzing 414 states in spread 7
Analyzing 2775 states in spread 8
Analyzing 21107 states in spread 9
Analyzing 100000 states in spread 10
Analyzing 100000 states in spread 11
Analyzing 100000 states in spread 12
Analyzing 100000 states in spread 13
Analyzing 100000 states in spread 14
Finished step 46, minimal spread 4, max spread 15, got 154 drops
Total number of curves 621580
Starting step 47
Analyzing 1 states in spread 4
Analyzing 7 states in spread 5
Analyzing 51 states in spread 6
Analyzing 347 states in spread 7
Analyzing 2909 states in spread 8
Analyzing 18265 states in spread 9
Analyzing 100000 states in spread 10
Analyzing 100000 states in spread 11
Analyzing 100000 states in spread 12
Analyzing 100000 states in spread 13
Analyzing 100000 states in spread 14
Finished step 47, minimal spread 4, max spread 15, got 148 drops
Total number of curves 621857
Starting step 48
Analyzing 1 states in spread 4
Analyzing 16 states in spread 5
Analyzing 76 states in spread 6
Analyzing 413 states in spread 7
Analyzing 2632 states in spread 8
Analyzing 18719 states in spread 9
Analyzing 100000 states in spread 10
Analyzing 100000 states in spread 11
Analyzing 100000 states in spread 12
Analyzing 100000 states in spread 13
Analyzing 100000 states in spread 14
Finished step 48, minimal spread 5, max spread 15, got 138 drops
Total number of curves 621174
Starting step 49
Analyzing 10 states in spread 5
Analyzing 133 states in spread 6
Analyzing 574 states in spread 7
Analyzing 2918 states in spread 8
Analyzing 17539 states in spread 9
Analyzing 100000 states in spread 10
Analyzing 100000 states in spread 11
Analyzing 100000 states in spread 12
Analyzing 100000 states in spread 13
Analyzing 100000 states in spread 14
Finished step 49, minimal spread 5, max spread 15, got 154 drops
Total number of curves 623622
Starting step 50
Analyzing 6 states in spread 5
Analyzing 78 states in spread 6
Analyzing 860 states in spread 7
Analyzing 3807 states in spread 8
Analyzing 18871 states in spread 9
Analyzing 100000 states in spread 10
Analyzing 100000 states in spread 11
Analyzing 100000 states in spread 12
Analyzing 100000 states in spread 13
Analyzing 100000 states in spread 14
Finished step 50, minimal spread 5, max spread 15, got 155 drops
Total number of curves 629167
Starting step 51
Analyzing 6 states in spread 5
Analyzing 72 states in spread 6
Analyzing 533 states in spread 7
Analyzing 5240 states in spread 8
Analyzing 23316 states in spread 9
Analyzing 100000 states in spread 10
Analyzing 100000 states in spread 11
Analyzing 100000 states in spread 12
Analyzing 100000 states in spread 13
Analyzing 100000 states in spread 14
Finished step 51, minimal spread 5, max spread 15, got 144 drops
Total number of curves 634698
Starting step 52
Analyzing 6 states in spread 5
Analyzing 67 states in spread 6
Analyzing 567 states in spread 7
Analyzing 3586 states in spread 8
Analyzing 30472 states in spread 9
Analyzing 100000 states in spread 10
Analyzing 100000 states in spread 11
Analyzing 100000 states in spread 12
Analyzing 100000 states in spread 13
Analyzing 100000 states in spread 14
Finished step 52, minimal spread 5, max spread 15, got 113 drops
Total number of curves 627204
Starting step 53
Analyzing 3 states in spread 5
Analyzing 62 states in spread 6
Analyzing 541 states in spread 7
Analyzing 3941 states in spread 8
Analyzing 22657 states in spread 9
Analyzing 100000 states in spread 10
Analyzing 100000 states in spread 11
Analyzing 100000 states in spread 12
Analyzing 100000 states in spread 13
Analyzing 100000 states in spread 14
Finished step 53, minimal spread 5, max spread 15, got 99 drops
Total number of curves 629088
Starting step 54
Analyzing 2 states in spread 5
Analyzing 38 states in spread 6
Analyzing 498 states in spread 7
Analyzing 3805 states in spread 8
Analyzing 24745 states in spread 9
Analyzing 100000 states in spread 10
Analyzing 100000 states in spread 11
Analyzing 100000 states in spread 12
Analyzing 100000 states in spread 13
Analyzing 100000 states in spread 14
Finished step 54, minimal spread 5, max spread 15, got 99 drops
Total number of curves 628033
Starting step 55
Analyzing 1 states in spread 5
Analyzing 30 states in spread 6
Analyzing 387 states in spread 7
Analyzing 3552 states in spread 8
Analyzing 24063 states in spread 9
Analyzing 100000 states in spread 10
Analyzing 100000 states in spread 11
Analyzing 100000 states in spread 12
Analyzing 100000 states in spread 13
Analyzing 100000 states in spread 14
Finished step 55, minimal spread 5, max spread 15, got 97 drops
Total number of curves 626196
Starting step 56
Analyzing 2 states in spread 5
Analyzing 24 states in spread 6
Analyzing 327 states in spread 7
Analyzing 3054 states in spread 8
Analyzing 22789 states in spread 9
Analyzing 100000 states in spread 10
Analyzing 100000 states in spread 11
Analyzing 100000 states in spread 12
Analyzing 100000 states in spread 13
Analyzing 100000 states in spread 14
Finished step 56, minimal spread 5, max spread 15, got 82 drops
Total number of curves 623609
Starting step 57
Analyzing 3 states in spread 5
Analyzing 29 states in spread 6
Analyzing 281 states in spread 7
Analyzing 2660 states in spread 8
Analyzing 20636 states in spread 9
Analyzing 100000 states in spread 10
Analyzing 100000 states in spread 11
Analyzing 100000 states in spread 12
Analyzing 100000 states in spread 13
Analyzing 100000 states in spread 14
Finished step 57, minimal spread 5, max spread 14, got 65 drops
Total number of curves 521276
Starting step 58
Analyzing 2 states in spread 5
Analyzing 29 states in spread 6
Analyzing 293 states in spread 7
Analyzing 2334 states in spread 8
Analyzing 18618 states in spread 9
Analyzing 100000 states in spread 10
Analyzing 100000 states in spread 11
Analyzing 100000 states in spread 12
Analyzing 100000 states in spread 13
Analyzing 100000 states in spread 14
Finished step 58, minimal spread 5, max spread 13, got 78 drops
Total number of curves 419241
Starting step 59
Analyzing 2 states in spread 5
Analyzing 23 states in spread 6
Analyzing 283 states in spread 7
Analyzing 2372 states in spread 8
Analyzing 16561 states in spread 9
Analyzing 100000 states in spread 10
Analyzing 100000 states in spread 11
Analyzing 100000 states in spread 12
Analyzing 100000 states in spread 13
Finished step 59, minimal spread 5, max spread 12, got 101 drops
Total number of curves 316820
Starting step 60
Analyzing 4 states in spread 5
Analyzing 31 states in spread 6
Analyzing 253 states in spread 7
Analyzing 2306 states in spread 8
Analyzing 16702 states in spread 9
Analyzing 97524 states in spread 10
Analyzing 100000 states in spread 11
Analyzing 100000 states in spread 12
Finished step 60, minimal spread 5, max spread 11, got 124 drops
Total number of curves 218533
Starting step 61
Analyzing 4 states in spread 5
Analyzing 52 states in spread 6
Analyzing 293 states in spread 7
Analyzing 2147 states in spread 8
Analyzing 16037 states in spread 9
Analyzing 100000 states in spread 10
Analyzing 100000 states in spread 11
Finished step 61, minimal spread 5, max spread 10, got 130 drops
Total number of curves 116054
Starting step 62
Analyzing 5 states in spread 5
Analyzing 55 states in spread 6
Analyzing 427 states in spread 7
Analyzing 2243 states in spread 8
Analyzing 15167 states in spread 9
Analyzing 98157 states in spread 10
Finished step 62, minimal spread 5, max spread 9, got 142 drops
Total number of curves 18852
Starting step 63
Analyzing 4 states in spread 5
Analyzing 52 states in spread 6
Analyzing 449 states in spread 7
Analyzing 2921 states in spread 8
Analyzing 15426 states in spread 9
Finished step 63, minimal spread 5, max spread 8, got 73 drops
Total number of curves 3604
Starting step 64
Analyzing 4 states in spread 5
Analyzing 49 states in spread 6
Analyzing 419 states in spread 7
Analyzing 3132 states in spread 8
Finished step 64, minimal spread 5, max spread 7, got 23 drops
Total number of curves 497
Starting step 65
Analyzing 5 states in spread 5
Analyzing 53 states in spread 6
Analyzing 439 states in spread 7
Finished step 65, minimal spread 5, max spread 6, got 3 drops
Total number of curves 63
Starting step 66
Analyzing 2 states in spread 5
Analyzing 61 states in spread 6
Finished step 66, minimal spread 5, max spread 5, got 1 drops
Total number of curves 2
Starting step 67
Analyzing 2 states in spread 5
Finished step 67, minimal spread 4, max spread 4, got 1 drops
Total number of curves 1
Starting step 68
Analyzing 1 states in spread 4
Finished step 68, minimal spread 3, max spread 3, got 1 drops
Total number of curves 1
Starting step 69
Analyzing 1 states in spread 3
Finished step 69, minimal spread 2, max spread 2, got 1 drops
Total number of curves 1
Starting step 70
Analyzing 1 states in spread 2
Finished step 70, minimal spread 1, max spread 1, got 1 drops
Total number of curves 1
Altogether, runtime= 14.53986328125
SUMMARY witness_output= logs/a3_mod5_len70_b100k_u600k_u500k_seed0_20260310_witnesses.txt
SUMMARY found= False
SUMMARY first_depth= None
SUMMARY unique_witnesses= 0
SUMMARY total_hits= 0
SUMMARY witness_depth_histogram= {}
CUDA max_memory_allocated_bytes: 4578421760
CUDA max_memory_reserved_bytes: 5519704064
