
============================================================
  Ring MatMul Benchmark: Triton vs PyTorch
  Ring: F_7[x]/(x^6 - 1), Matrices: Batched 3x3
============================================================

Device: NVIDIA H200

[1/3] Running correctness check...
[OK] Correctness check passed (batch_size=256)

[2/3] Running benchmark sweep...
  Benchmarking batch_size=     128 ... Triton:    0.008 ms | PyTorch:    2.798 ms | Speedup: 362.59x
  Benchmarking batch_size=     256 ... Triton:    0.008 ms | PyTorch:    2.784 ms | Speedup: 333.29x
  Benchmarking batch_size=     512 ... Triton:    0.008 ms | PyTorch:    2.769 ms | Speedup: 336.80x
  Benchmarking batch_size=    1024 ... Triton:    0.008 ms | PyTorch:    2.758 ms | Speedup: 335.84x
  Benchmarking batch_size=    2048 ... Triton:    0.009 ms | PyTorch:    2.763 ms | Speedup: 324.81x
  Benchmarking batch_size=    4096 ... Triton:    0.009 ms | PyTorch:    2.784 ms | Speedup: 307.58x
  Benchmarking batch_size=    8192 ... Triton:    0.009 ms | PyTorch:    2.833 ms | Speedup: 315.99x
  Benchmarking batch_size=   16384 ... Triton:    0.009 ms | PyTorch:    2.942 ms | Speedup: 322.87x
  Benchmarking batch_size=   32768 ... Triton:    0.010 ms | PyTorch:    3.198 ms | Speedup: 326.06x
  Benchmarking batch_size=   65536 ... Triton:    0.013 ms | PyTorch:    3.786 ms | Speedup: 282.10x
  Benchmarking batch_size=  131072 ... Triton:    0.020 ms | PyTorch:    5.163 ms | Speedup: 252.96x
  Benchmarking batch_size=  262144 ... Triton:    0.035 ms | PyTorch:    7.714 ms | Speedup: 217.54x
  Benchmarking batch_size=  524288 ... Triton:    0.065 ms | PyTorch:   12.816 ms | Speedup: 195.67x
  Benchmarking batch_size= 1048576 ... Triton:    0.125 ms | PyTorch:   23.055 ms | Speedup: 184.24x
[3/3] Results:

====================================================================================================
                        Ring MatMul Benchmark: Triton vs PyTorch
                        F_7[x]/(x^6 - 1), Batched 3x3 Matrices
====================================================================================================

     Batch |  Triton (ms) | PyTorch (ms) |  Speedup | TOPS (Tri) | TOPS (Torch) | GB/s (Tri) | GB/s (Torch)
-----------------------------------------------------------------------------------------------------------
       128 |       0.0077 |       2.7984 |  362.59x |     0.0340 |       0.0001 |       1.79 |         0.00
       256 |       0.0084 |       2.7841 |  333.29x |     0.0629 |       0.0002 |       3.31 |         0.01
       512 |       0.0082 |       2.7691 |  336.80x |     0.1278 |       0.0004 |       6.73 |         0.02
      1024 |       0.0082 |       2.7582 |  335.84x |     0.2559 |       0.0008 |      13.47 |         0.04
      2048 |       0.0085 |       2.7631 |  324.81x |     0.4940 |       0.0015 |      26.00 |         0.08
      4096 |       0.0091 |       2.7841 |  307.58x |     0.9286 |       0.0030 |      48.87 |         0.16
      8192 |       0.0090 |       2.8330 |  315.99x |     1.8750 |       0.0059 |      98.68 |         0.31
     16384 |       0.0091 |       2.9418 |  322.87x |     3.6898 |       0.0114 |     194.20 |         0.60
     32768 |       0.0098 |       3.1983 |  326.06x |     6.8550 |       0.0210 |     360.79 |         1.11
     65536 |       0.0134 |       3.7862 |  282.10x |    10.0197 |       0.0355 |     527.35 |         1.87
    131072 |       0.0204 |       5.1632 |  252.96x |    13.1770 |       0.0521 |     693.53 |         2.74
    262144 |       0.0355 |       7.7145 |  217.54x |    15.1691 |       0.0697 |     798.37 |         3.67
    524288 |       0.0655 |      12.8161 |  195.67x |    16.4253 |       0.0839 |     864.49 |         4.42
   1048576 |       0.1251 |      23.0551 |  184.24x |    17.1950 |       0.0933 |     905.00 |         4.91
-----------------------------------------------------------------------------------------------------------

Speedup: min=184.24x, max=362.59x, mean=292.74x, median=319.43x

[OK] Plot saved to benchmark7.png
JOB COMPLETED!
