Start: 2026-03-10T02:00:44.901123-04:00
Host: login2.bouchet.ycrc.yale.edu
CUDA visible devices: (unset)
PYTORCH_CUDA_ALLOC_CONF=(unset)
CUDA unavailable
Manual config: p=5 base_point=1 cap=50 total_cap=500 first_steps=12 max_g_length=100 seed=0 device=auto
Starting A3 torch search with p= 5 caps 50 50 totalcaps 500 500 FIRST_STEPS 12 base_point 1 device cpu
We have 6 atoms and 14 dual simples
Initialized step 1 with spreads: {1: 2}
Starting step 2
Analyzing 2 states in spread 1
Finished step 2, minimal spread 2, max spread 2, got 0 drops
Total number of curves 8
Starting step 3
Analyzing 8 states in spread 2
Finished step 3, minimal spread 3, max spread 3, got 0 drops
Total number of curves 36
Starting step 4
Analyzing 36 states in spread 3
Finished step 4, minimal spread 4, max spread 4, got 0 drops
Total number of curves 50
Starting step 5
Analyzing 50 states in spread 4
Finished step 5, minimal spread 5, max spread 5, got 0 drops
Total number of curves 50
Starting step 6
Analyzing 50 states in spread 5
Finished step 6, minimal spread 6, max spread 6, got 0 drops
Total number of curves 50
Starting step 7
Analyzing 50 states in spread 6
Finished step 7, minimal spread 7, max spread 7, got 0 drops
Total number of curves 50
Starting step 8
Analyzing 50 states in spread 7
Finished step 8, minimal spread 8, max spread 8, got 0 drops
Total number of curves 50
Starting step 9
Analyzing 50 states in spread 8
Finished step 9, minimal spread 9, max spread 9, got 0 drops
Total number of curves 50
Starting step 10
Analyzing 50 states in spread 9
Finished step 10, minimal spread 9, max spread 10, got 0 drops
Total number of curves 51
Starting step 11
Analyzing 1 states in spread 9
Analyzing 50 states in spread 10
Finished step 11, minimal spread 9, max spread 11, got 0 drops
Total number of curves 55
Starting step 12
Analyzing 1 states in spread 9
Analyzing 4 states in spread 10
Analyzing 50 states in spread 11
Finished step 12, minimal spread 9, max spread 12, got 0 drops
Total number of curves 75
Starting step 13
Analyzing 1 states in spread 9
Analyzing 4 states in spread 10
Analyzing 20 states in spread 11
Analyzing 50 states in spread 12
Finished step 13, minimal spread 9, max spread 13, got 0 drops
Total number of curves 124
Starting step 14
Analyzing 1 states in spread 9
Analyzing 6 states in spread 10
Analyzing 17 states in spread 11
Analyzing 50 states in spread 12
Analyzing 50 states in spread 13
Finished step 14, minimal spread 10, max spread 14, got 0 drops
Total number of curves 189
Starting step 15
Analyzing 7 states in spread 10
Analyzing 32 states in spread 11
Analyzing 50 states in spread 12
Analyzing 50 states in spread 13
Analyzing 50 states in spread 14
Finished step 15, minimal spread 10, max spread 15, got 0 drops
Total number of curves 242
Starting step 16
Analyzing 1 states in spread 10
Analyzing 41 states in spread 11
Analyzing 50 states in spread 12
Analyzing 50 states in spread 13
Analyzing 50 states in spread 14
Analyzing 50 states in spread 15
Finished step 16, minimal spread 11, max spread 16, got 0 drops
Total number of curves 267
Starting step 17
Analyzing 17 states in spread 11
Analyzing 50 states in spread 12
Analyzing 50 states in spread 13
Analyzing 50 states in spread 14
Analyzing 50 states in spread 15
Analyzing 50 states in spread 16
Finished step 17, minimal spread 11, max spread 17, got 0 drops
Total number of curves 310
Starting step 18
Analyzing 10 states in spread 11
Analyzing 50 states in spread 12
Analyzing 50 states in spread 13
Analyzing 50 states in spread 14
Analyzing 50 states in spread 15
Analyzing 50 states in spread 16
Analyzing 50 states in spread 17
Finished step 18, minimal spread 11, max spread 18, got 0 drops
Total number of curves 355
Starting step 19
Analyzing 5 states in spread 11
Analyzing 50 states in spread 12
Analyzing 50 states in spread 13
Analyzing 50 states in spread 14
Analyzing 50 states in spread 15
Analyzing 50 states in spread 16
Analyzing 50 states in spread 17
Analyzing 50 states in spread 18
Finished step 19, minimal spread 11, max spread 19, got 0 drops
Total number of curves 379
Starting step 20
Analyzing 3 states in spread 11
Analyzing 26 states in spread 12
Analyzing 50 states in spread 13
Analyzing 50 states in spread 14
Analyzing 50 states in spread 15
Analyzing 50 states in spread 16
Analyzing 50 states in spread 17
Analyzing 50 states in spread 18
Analyzing 50 states in spread 19
Finished step 20, minimal spread 11, max spread 20, got 0 drops
Total number of curves 418
Starting step 21
Analyzing 2 states in spread 11
Analyzing 16 states in spread 12
Analyzing 50 states in spread 13
Analyzing 50 states in spread 14
Analyzing 50 states in spread 15
Analyzing 50 states in spread 16
Analyzing 50 states in spread 17
Analyzing 50 states in spread 18
Analyzing 50 states in spread 19
Analyzing 50 states in spread 20
Finished step 21, minimal spread 11, max spread 21, got 0 drops
Total number of curves 465
Starting step 22
Analyzing 2 states in spread 11
Analyzing 13 states in spread 12
Analyzing 50 states in spread 13
Analyzing 50 states in spread 14
Analyzing 50 states in spread 15
Analyzing 50 states in spread 16
Analyzing 50 states in spread 17
Analyzing 50 states in spread 18
Analyzing 50 states in spread 19
Analyzing 50 states in spread 20
Analyzing 50 states in spread 21
Finished step 22, minimal spread 11, max spread 22, got 0 drops
Total number of curves 512
Starting step 23
Analyzing 2 states in spread 11
Analyzing 10 states in spread 12
Analyzing 50 states in spread 13
Analyzing 50 states in spread 14
Analyzing 50 states in spread 15
Analyzing 50 states in spread 16
Analyzing 50 states in spread 17
Analyzing 50 states in spread 18
Analyzing 50 states in spread 19
Analyzing 50 states in spread 20
Analyzing 50 states in spread 21
Analyzing 50 states in spread 22
Finished step 23, minimal spread 11, max spread 23, got 0 drops
Total number of curves 560
Starting step 24
Analyzing 1 states in spread 11
Analyzing 9 states in spread 12
Analyzing 50 states in spread 13
Analyzing 50 states in spread 14
Analyzing 50 states in spread 15
Analyzing 50 states in spread 16
Analyzing 50 states in spread 17
Analyzing 50 states in spread 18
Analyzing 50 states in spread 19
Analyzing 50 states in spread 20
Analyzing 50 states in spread 21
Analyzing 50 states in spread 22
Finished step 24, minimal spread 11, max spread 23, got 0 drops
Total number of curves 550
Starting step 25
Analyzing 1 states in spread 11
Analyzing 6 states in spread 12
Analyzing 43 states in spread 13
Analyzing 50 states in spread 14
Analyzing 50 states in spread 15
Analyzing 50 states in spread 16
Analyzing 50 states in spread 17
Analyzing 50 states in spread 18
Analyzing 50 states in spread 19
Analyzing 50 states in spread 20
Analyzing 50 states in spread 21
Analyzing 50 states in spread 22
Finished step 25, minimal spread 11, max spread 23, got 0 drops
Total number of curves 548
Starting step 26
Analyzing 1 states in spread 11
Analyzing 7 states in spread 12
Analyzing 40 states in spread 13
Analyzing 50 states in spread 14
Analyzing 50 states in spread 15
Analyzing 50 states in spread 16
Analyzing 50 states in spread 17
Analyzing 50 states in spread 18
Analyzing 50 states in spread 19
Analyzing 50 states in spread 20
Analyzing 50 states in spread 21
Analyzing 50 states in spread 22
Analyzing 50 states in spread 23
Finished step 26, minimal spread 11, max spread 24, got 0 drops
Total number of curves 598
Starting step 27
Analyzing 1 states in spread 11
Analyzing 6 states in spread 12
Analyzing 41 states in spread 13
Analyzing 50 states in spread 14
Analyzing 50 states in spread 15
Analyzing 50 states in spread 16
Analyzing 50 states in spread 17
Analyzing 50 states in spread 18
Analyzing 50 states in spread 19
Analyzing 50 states in spread 20
Analyzing 50 states in spread 21
Analyzing 50 states in spread 22
Analyzing 50 states in spread 23
Finished step 27, minimal spread 11, max spread 24, got 0 drops
Total number of curves 594
Starting step 28
Analyzing 1 states in spread 11
Analyzing 6 states in spread 12
Analyzing 37 states in spread 13
Analyzing 50 states in spread 14
Analyzing 50 states in spread 15
Analyzing 50 states in spread 16
Analyzing 50 states in spread 17
Analyzing 50 states in spread 18
Analyzing 50 states in spread 19
Analyzing 50 states in spread 20
Analyzing 50 states in spread 21
Analyzing 50 states in spread 22
Analyzing 50 states in spread 23
Finished step 28, minimal spread 11, max spread 24, got 0 drops
Total number of curves 595
Starting step 29
Analyzing 1 states in spread 11
Analyzing 6 states in spread 12
Analyzing 38 states in spread 13
Analyzing 50 states in spread 14
Analyzing 50 states in spread 15
Analyzing 50 states in spread 16
Analyzing 50 states in spread 17
Analyzing 50 states in spread 18
Analyzing 50 states in spread 19
Analyzing 50 states in spread 20
Analyzing 50 states in spread 21
Analyzing 50 states in spread 22
Analyzing 50 states in spread 23
Finished step 29, minimal spread 11, max spread 24, got 0 drops
Total number of curves 594
Starting step 30
Analyzing 1 states in spread 11
Analyzing 6 states in spread 12
Analyzing 37 states in spread 13
Analyzing 50 states in spread 14
Analyzing 50 states in spread 15
Analyzing 50 states in spread 16
Analyzing 50 states in spread 17
Analyzing 50 states in spread 18
Analyzing 50 states in spread 19
Analyzing 50 states in spread 20
Analyzing 50 states in spread 21
Analyzing 50 states in spread 22
Analyzing 50 states in spread 23
Finished step 30, minimal spread 11, max spread 24, got 0 drops
Total number of curves 596
Starting step 31
Analyzing 1 states in spread 11
Analyzing 6 states in spread 12
Analyzing 39 states in spread 13
Analyzing 50 states in spread 14
Analyzing 50 states in spread 15
Analyzing 50 states in spread 16
Analyzing 50 states in spread 17
Analyzing 50 states in spread 18
Analyzing 50 states in spread 19
Analyzing 50 states in spread 20
Analyzing 50 states in spread 21
Analyzing 50 states in spread 22
Analyzing 50 states in spread 23
Finished step 31, minimal spread 12, max spread 24, got 0 drops
Total number of curves 594
Starting step 32
Analyzing 9 states in spread 12
Analyzing 35 states in spread 13
Analyzing 50 states in spread 14
Analyzing 50 states in spread 15
Analyzing 50 states in spread 16
Analyzing 50 states in spread 17
Analyzing 50 states in spread 18
Analyzing 50 states in spread 19
Analyzing 50 states in spread 20
Analyzing 50 states in spread 21
Analyzing 50 states in spread 22
Analyzing 50 states in spread 23
Finished step 32, minimal spread 12, max spread 24, got 0 drops
Total number of curves 601
Starting step 33
Analyzing 1 states in spread 12
Analyzing 50 states in spread 13
Analyzing 50 states in spread 14
Analyzing 50 states in spread 15
Analyzing 50 states in spread 16
Analyzing 50 states in spread 17
Analyzing 50 states in spread 18
Analyzing 50 states in spread 19
Analyzing 50 states in spread 20
Analyzing 50 states in spread 21
Analyzing 50 states in spread 22
Finished step 33, minimal spread 13, max spread 23, got 0 drops
Total number of curves 518
Starting step 34
Analyzing 18 states in spread 13
Analyzing 50 states in spread 14
Analyzing 50 states in spread 15
Analyzing 50 states in spread 16
Analyzing 50 states in spread 17
Analyzing 50 states in spread 18
Analyzing 50 states in spread 19
Analyzing 50 states in spread 20
Analyzing 50 states in spread 21
Analyzing 50 states in spread 22
Analyzing 50 states in spread 23
Finished step 34, minimal spread 13, max spread 24, got 0 drops
Total number of curves 561
Starting step 35
Analyzing 11 states in spread 13
Analyzing 50 states in spread 14
Analyzing 50 states in spread 15
Analyzing 50 states in spread 16
Analyzing 50 states in spread 17
Analyzing 50 states in spread 18
Analyzing 50 states in spread 19
Analyzing 50 states in spread 20
Analyzing 50 states in spread 21
Analyzing 50 states in spread 22
Analyzing 50 states in spread 23
Finished step 35, minimal spread 13, max spread 24, got 0 drops
Total number of curves 552
Starting step 36
Analyzing 2 states in spread 13
Analyzing 50 states in spread 14
Analyzing 50 states in spread 15
Analyzing 50 states in spread 16
Analyzing 50 states in spread 17
Analyzing 50 states in spread 18
Analyzing 50 states in spread 19
Analyzing 50 states in spread 20
Analyzing 50 states in spread 21
Analyzing 50 states in spread 22
Analyzing 50 states in spread 23
Finished step 36, minimal spread 13, max spread 24, got 0 drops
Total number of curves 515
Starting step 37
Analyzing 3 states in spread 13
Analyzing 12 states in spread 14
Analyzing 50 states in spread 15
Analyzing 50 states in spread 16
Analyzing 50 states in spread 17
Analyzing 50 states in spread 18
Analyzing 50 states in spread 19
Analyzing 50 states in spread 20
Analyzing 50 states in spread 21
Analyzing 50 states in spread 22
Analyzing 50 states in spread 23
Analyzing 50 states in spread 24
Finished step 37, minimal spread 13, max spread 25, got 0 drops
Total number of curves 575
Starting step 38
Analyzing 2 states in spread 13
Analyzing 24 states in spread 14
Analyzing 49 states in spread 15
Analyzing 50 states in spread 16
Analyzing 50 states in spread 17
Analyzing 50 states in spread 18
Analyzing 50 states in spread 19
Analyzing 50 states in spread 20
Analyzing 50 states in spread 21
Analyzing 50 states in spread 22
Analyzing 50 states in spread 23
Analyzing 50 states in spread 24
Finished step 38, minimal spread 13, max spread 25, got 0 drops
Total number of curves 572
Starting step 39
Analyzing 2 states in spread 13
Analyzing 20 states in spread 14
Analyzing 50 states in spread 15
Analyzing 50 states in spread 16
Analyzing 50 states in spread 17
Analyzing 50 states in spread 18
Analyzing 50 states in spread 19
Analyzing 50 states in spread 20
Analyzing 50 states in spread 21
Analyzing 50 states in spread 22
Analyzing 50 states in spread 23
Analyzing 50 states in spread 24
Finished step 39, minimal spread 13, max spread 25, got 0 drops
Total number of curves 572
Starting step 40
Analyzing 1 states in spread 13
Analyzing 21 states in spread 14
Analyzing 50 states in spread 15
Analyzing 50 states in spread 16
Analyzing 50 states in spread 17
Analyzing 50 states in spread 18
Analyzing 50 states in spread 19
Analyzing 50 states in spread 20
Analyzing 50 states in spread 21
Analyzing 50 states in spread 22
Analyzing 50 states in spread 23
Analyzing 50 states in spread 24
Finished step 40, minimal spread 14, max spread 25, got 0 drops
Total number of curves 563
Starting step 41
Analyzing 13 states in spread 14
Analyzing 50 states in spread 15
Analyzing 50 states in spread 16
Analyzing 50 states in spread 17
Analyzing 50 states in spread 18
Analyzing 50 states in spread 19
Analyzing 50 states in spread 20
Analyzing 50 states in spread 21
Analyzing 50 states in spread 22
Analyzing 50 states in spread 23
Analyzing 50 states in spread 24
Finished step 41, minimal spread 14, max spread 25, got 0 drops
Total number of curves 552
Starting step 42
Analyzing 2 states in spread 14
Analyzing 50 states in spread 15
Analyzing 50 states in spread 16
Analyzing 50 states in spread 17
Analyzing 50 states in spread 18
Analyzing 50 states in spread 19
Analyzing 50 states in spread 20
Analyzing 50 states in spread 21
Analyzing 50 states in spread 22
Analyzing 50 states in spread 23
Analyzing 50 states in spread 24
Finished step 42, minimal spread 14, max spread 25, got 0 drops
Total number of curves 511
Starting step 43
Analyzing 2 states in spread 14
Analyzing 9 states in spread 15
Analyzing 50 states in spread 16
Analyzing 50 states in spread 17
Analyzing 50 states in spread 18
Analyzing 50 states in spread 19
Analyzing 50 states in spread 20
Analyzing 50 states in spread 21
Analyzing 50 states in spread 22
Analyzing 50 states in spread 23
Analyzing 50 states in spread 24
Analyzing 50 states in spread 25
Finished step 43, minimal spread 14, max spread 26, got 0 drops
Total number of curves 555
Starting step 44
Analyzing 1 states in spread 14
Analyzing 12 states in spread 15
Analyzing 42 states in spread 16
Analyzing 50 states in spread 17
Analyzing 50 states in spread 18
Analyzing 50 states in spread 19
Analyzing 50 states in spread 20
Analyzing 50 states in spread 21
Analyzing 50 states in spread 22
Analyzing 50 states in spread 23
Analyzing 50 states in spread 24
Analyzing 50 states in spread 25
Finished step 44, minimal spread 14, max spread 26, got 0 drops
Total number of curves 557
Starting step 45
Analyzing 2 states in spread 14
Analyzing 5 states in spread 15
Analyzing 50 states in spread 16
Analyzing 50 states in spread 17
Analyzing 50 states in spread 18
Analyzing 50 states in spread 19
Analyzing 50 states in spread 20
Analyzing 50 states in spread 21
Analyzing 50 states in spread 22
Analyzing 50 states in spread 23
Analyzing 50 states in spread 24
Analyzing 50 states in spread 25
Finished step 45, minimal spread 14, max spread 26, got 0 drops
Total number of curves 547
Starting step 46
Analyzing 2 states in spread 14
Analyzing 15 states in spread 15
Analyzing 30 states in spread 16
Analyzing 50 states in spread 17
Analyzing 50 states in spread 18
Analyzing 50 states in spread 19
Analyzing 50 states in spread 20
Analyzing 50 states in spread 21
Analyzing 50 states in spread 22
Analyzing 50 states in spread 23
Analyzing 50 states in spread 24
Analyzing 50 states in spread 25
Analyzing 50 states in spread 26
Finished step 46, minimal spread 14, max spread 27, got 0 drops
Total number of curves 616
Starting step 47
Analyzing 2 states in spread 14
Analyzing 14 states in spread 15
Analyzing 50 states in spread 16
Analyzing 50 states in spread 17
Analyzing 50 states in spread 18
Analyzing 50 states in spread 19
Analyzing 50 states in spread 20
Analyzing 50 states in spread 21
Analyzing 50 states in spread 22
Analyzing 50 states in spread 23
Analyzing 50 states in spread 24
Analyzing 50 states in spread 25
Finished step 47, minimal spread 14, max spread 26, got 0 drops
Total number of curves 571
Starting step 48
Analyzing 1 states in spread 14
Analyzing 20 states in spread 15
Analyzing 50 states in spread 16
Analyzing 50 states in spread 17
Analyzing 50 states in spread 18
Analyzing 50 states in spread 19
Analyzing 50 states in spread 20
Analyzing 50 states in spread 21
Analyzing 50 states in spread 22
Analyzing 50 states in spread 23
Analyzing 50 states in spread 24
Analyzing 50 states in spread 25
Finished step 48, minimal spread 14, max spread 26, got 0 drops
Total number of curves 562
Starting step 49
Analyzing 1 states in spread 14
Analyzing 11 states in spread 15
Analyzing 50 states in spread 16
Analyzing 50 states in spread 17
Analyzing 50 states in spread 18
Analyzing 50 states in spread 19
Analyzing 50 states in spread 20
Analyzing 50 states in spread 21
Analyzing 50 states in spread 22
Analyzing 50 states in spread 23
Analyzing 50 states in spread 24
Analyzing 50 states in spread 25
Finished step 49, minimal spread 15, max spread 26, got 0 drops
Total number of curves 562
Starting step 50
Analyzing 12 states in spread 15
Analyzing 50 states in spread 16
Analyzing 50 states in spread 17
Analyzing 50 states in spread 18
Analyzing 50 states in spread 19
Analyzing 50 states in spread 20
Analyzing 50 states in spread 21
Analyzing 50 states in spread 22
Analyzing 50 states in spread 23
Analyzing 50 states in spread 24
Analyzing 50 states in spread 25
Finished step 50, minimal spread 15, max spread 26, got 0 drops
Total number of curves 554
Starting step 51
Analyzing 4 states in spread 15
Analyzing 50 states in spread 16
Analyzing 50 states in spread 17
Analyzing 50 states in spread 18
Analyzing 50 states in spread 19
Analyzing 50 states in spread 20
Analyzing 50 states in spread 21
Analyzing 50 states in spread 22
Analyzing 50 states in spread 23
Analyzing 50 states in spread 24
Analyzing 50 states in spread 25
