Start: 2026-03-10T02:25:10.973482-04:00
Host: login2.bouchet.ycrc.yale.edu
CUDA visible devices: (unset)
PYTORCH_CUDA_ALLOC_CONF=(unset)
CUDA unavailable
Manual config: p=5 base_point=1 cap=300000 total_cap=1500000 first_steps=12 max_g_length=100 seed=0 device=auto
Starting A3 torch search with p= 5 caps 300000 300000 totalcaps 1500000 1500000 FIRST_STEPS 12 base_point 1 device cpu
We have 6 atoms and 14 dual simples
Initialized step 1 with spreads: {1: 2}
Starting step 2
Analyzing 2 states in spread 1
Finished step 2, minimal spread 2, max spread 2, got 0 drops
Total number of curves 8
Starting step 3
Analyzing 8 states in spread 2
Finished step 3, minimal spread 3, max spread 3, got 0 drops
Total number of curves 36
Starting step 4
Analyzing 36 states in spread 3
Finished step 4, minimal spread 4, max spread 4, got 0 drops
Total number of curves 170
Starting step 5
Analyzing 170 states in spread 4
Finished step 5, minimal spread 5, max spread 5, got 0 drops
Total number of curves 816
Starting step 6
Analyzing 816 states in spread 5
Finished step 6, minimal spread 5, max spread 6, got 0 drops
Total number of curves 3938
Starting step 7
Analyzing 2 states in spread 5
Analyzing 3936 states in spread 6
Finished step 7, minimal spread 5, max spread 7, got 0 drops
Total number of curves 19040
Starting step 8
Analyzing 2 states in spread 5
Analyzing 40 states in spread 6
Analyzing 18998 states in spread 7
Finished step 8, minimal spread 6, max spread 8, got 0 drops
Total number of curves 92118
Starting step 9
Analyzing 39 states in spread 6
Analyzing 457 states in spread 7
Analyzing 91622 states in spread 8
