Start: 2026-03-19T13:34:15.394942-04:00
Host: a1122u02n01.mghpcc.ycrc.yale.edu
CUDA_VISIBLE_DEVICES=0
PYTORCH_CUDA_ALLOC_CONF=expandable_segments:True
torch=2.5.1
cuda_available=True
device0=NVIDIA H200
Config: {'bucket_cap': 1000, 'total_cap': 5000000, 'max_depth': 40, 'modulus': 3, 'seed': 0, 'require_sigma2': True, 'exact_commutator_generator': 1}
Starting B5 (3,2) Hecke dual-simple reservoir search with p= 3 bucket_cap 1000 total_cap 5000000 max_depth 40 device cuda
We have 10 atoms and 42 dual simples
Admissible start simples: 3
Initialized step 1 with spreads: {4: 1, 6: 1, 8: 1}
Starting step 2
Analyzing 1 states in spread 4
Analyzing 1 states in spread 6
Analyzing 1 states in spread 8
Finished step 2, minimal spread 5, max spread 21, got 0 drops
Total number of states 22
Starting step 3
Analyzing 1 states in spread 5
Analyzing 1 states in spread 8
Analyzing 2 states in spread 9
Analyzing 1 states in spread 10
Analyzing 1 states in spread 11
Analyzing 3 states in spread 12
Analyzing 4 states in spread 14
Analyzing 1 states in spread 15
Analyzing 2 states in spread 16
Analyzing 3 states in spread 18
Analyzing 2 states in spread 19
Analyzing 1 states in spread 21
Finished step 3, minimal spread 5, max spread 30, got 0 drops
Total number of states 228
Starting step 4
Analyzing 1 states in spread 5
Analyzing 1 states in spread 9
Analyzing 1 states in spread 10
Analyzing 2 states in spread 12
Analyzing 5 states in spread 13
Analyzing 6 states in spread 14
Analyzing 4 states in spread 15
Analyzing 13 states in spread 16
Analyzing 3 states in spread 17
Analyzing 17 states in spread 18
Analyzing 12 states in spread 19
Analyzing 21 states in spread 20
Analyzing 11 states in spread 21
Analyzing 32 states in spread 22
Analyzing 21 states in spread 23
Analyzing 23 states in spread 24
Analyzing 13 states in spread 25
Analyzing 17 states in spread 26
Analyzing 14 states in spread 27
Analyzing 3 states in spread 28
Analyzing 6 states in spread 29
Analyzing 2 states in spread 30
Finished step 4, minimal spread 9, max spread 41, got 84 drops
Total number of states 2744
Starting step 5
Analyzing 2 states in spread 9
Analyzing 2 states in spread 11
Analyzing 3 states in spread 12
Analyzing 2 states in spread 13
Analyzing 3 states in spread 14
Analyzing 1 states in spread 15
Analyzing 9 states in spread 16
Analyzing 10 states in spread 17
Analyzing 32 states in spread 18
Analyzing 20 states in spread 19
Analyzing 63 states in spread 20
Analyzing 36 states in spread 21
Analyzing 105 states in spread 22
Analyzing 85 states in spread 23
Analyzing 161 states in spread 24
Analyzing 115 states in spread 25
Analyzing 281 states in spread 26
Analyzing 179 states in spread 27
Analyzing 327 states in spread 28
Analyzing 204 states in spread 29
Analyzing 292 states in spread 30
Analyzing 187 states in spread 31
Analyzing 205 states in spread 32
Analyzing 146 states in spread 33
Analyzing 137 states in spread 34
Analyzing 60 states in spread 35
Analyzing 36 states in spread 36
Analyzing 22 states in spread 37
Analyzing 16 states in spread 38
Analyzing 1 states in spread 39
Analyzing 1 states in spread 40
Analyzing 1 states in spread 41
Finished step 5, minimal spread 13, max spread 49, got 955 drops
Total number of states 18292
Starting step 6
Analyzing 3 states in spread 13
Analyzing 3 states in spread 14
Analyzing 7 states in spread 15
Analyzing 12 states in spread 16
Analyzing 9 states in spread 17
Analyzing 28 states in spread 18
Analyzing 12 states in spread 19
Analyzing 47 states in spread 20
Analyzing 46 states in spread 21
Analyzing 153 states in spread 22
Analyzing 127 states in spread 23
Analyzing 329 states in spread 24
Analyzing 250 states in spread 25
Analyzing 673 states in spread 26
Analyzing 519 states in spread 27
Analyzing 1000 states in spread 28
Analyzing 948 states in spread 29
Analyzing 1000 states in spread 30
Analyzing 1000 states in spread 31
Analyzing 1000 states in spread 32
Analyzing 1000 states in spread 33
Analyzing 1000 states in spread 34
Analyzing 1000 states in spread 35
Analyzing 1000 states in spread 36
Analyzing 1000 states in spread 37
Analyzing 1000 states in spread 38
Analyzing 1000 states in spread 39
Analyzing 1000 states in spread 40
Analyzing 1000 states in spread 41
Analyzing 1000 states in spread 42
Analyzing 430 states in spread 43
Analyzing 409 states in spread 44
Analyzing 128 states in spread 45
Analyzing 106 states in spread 46
Analyzing 39 states in spread 47
Analyzing 8 states in spread 48
Analyzing 6 states in spread 49
Finished step 6, minimal spread 12, max spread 58, got 7106 drops
Total number of states 30126
Starting step 7
Analyzing 1 states in spread 12
Analyzing 1 states in spread 15
Analyzing 7 states in spread 16
Analyzing 7 states in spread 17
Analyzing 17 states in spread 18
Analyzing 28 states in spread 19
Analyzing 57 states in spread 20
Analyzing 55 states in spread 21
Analyzing 180 states in spread 22
Analyzing 129 states in spread 23
Analyzing 311 states in spread 24
Analyzing 321 states in spread 25
Analyzing 863 states in spread 26
Analyzing 837 states in spread 27
