============================================================
SEARCHING FOR KERNEL ELEMENTS
============================================================
Braid group: B_6
Representation: (4, 2)
Dimension: 9
Number of simples: 720
Prime: 3
Device: cuda
Bucket size: 10000
Max length: 127
Bootstrap length: 2
Degree multiplier: 2
Degree window: [0, 254] (255 coeffs)
Use best: 22000
Expansion chunk size: 70000
Matmul chunk size: 8500

Loaded tables from precomputed_tables/tables_B6_r2_p3.pt
  Braid group: B_6
  Representation: (4, 2), dimension 9
  Number of simples: 720
  Degree window: [0, 254] (255 coefficients) - NON-NEGATIVE ONLY
✓ Identity matrix verified (at degree 0)

Precomputing FFTs of simple matrices...
  dim=9, D=255, out_D=509, fft_size=512
  FFT cache: 119.9 MB
Initialized with identity braid
Braid group: B_6
Representation: (4, 2), dimension 9
Degree window: [0, 254] (255 coefficients) - NON-NEGATIVE ONLY
FFT size: 512
Storage types: matrix=torch.int16, word=torch.int32
Config: bucket_size=10000, bootstrap=2, max_length=127, chunk_size=70000, matmul_chunk=8500, use_best=22000
⚡ Ultra-optimized: precomputed FFTs + non-negative degrees only

============================================================
Level 1 - BOOTSTRAP
============================================================
  Starting braids: 1
  Candidates to generate: 718
  Projlen distribution:
    projlen=3: 10 braids
    projlen=4: 28 braids
    projlen=5: 34 braids
    projlen=6: 248 braids
    projlen=7: 398 braids
  Braids kept: 718 (in 5 buckets, 0.03 GB)
  ⚡ Timing: matmul=0.05s, sampling=0.00s, total=0.27s

============================================================
Level 2 - BOOTSTRAP
============================================================
  Starting braids: 718
  Candidates to generate: 89482
  Processing in 2 chunks...
  Projlen distribution:
    projlen=5: 54 braids
    projlen=6: 252 braids
    projlen=7: 1128 braids
    projlen=8: 4276 braids
    projlen=9: 13330 braids
    projlen=10: 17580 braids
    projlen=11: 24830 braids
    projlen=12: 21340 braids
    projlen=13: 6692 braids
  Braids kept: 89482 (in 9 buckets, 3.74 GB)
  ⚡ Timing: matmul=0.78s, sampling=0.05s, total=1.82s

============================================================
Level 3 - SAMPLING
============================================================
  Starting braids: 22000
  Candidates to generate: 1514796
  Processing in 22 chunks...
  Projlen distribution:
    projlen=7: 186 braids
    projlen=8: 1117 braids
    projlen=9: 8669 braids
    projlen=10: 37221 braids
    projlen=11: 145582 braids
    projlen=12: 256022 braids
    projlen=13: 368921 braids
    projlen=14: 428245 braids
    projlen=15: 233080 braids
    projlen=16: 35753 braids
  Braids kept: 79972 (in 10 buckets, 3.34 GB)
  ⚡ Timing: matmul=1.70s, sampling=1.10s, total=27.64s

============================================================
Level 4 - SAMPLING
============================================================
  Starting braids: 22000
  Candidates to generate: 710827
  Processing in 11 chunks...
  Projlen distribution:
    projlen=9: 468 braids
    projlen=10: 3646 braids
    projlen=11: 29482 braids
    projlen=12: 74499 braids
    projlen=13: 133699 braids
    projlen=14: 174222 braids
    projlen=15: 182707 braids
    projlen=16: 95774 braids
    projlen=17: 16330 braids
  Braids kept: 74114 (in 9 buckets, 3.10 GB)
  ⚡ Timing: matmul=0.82s, sampling=0.50s, total=13.36s

============================================================
Level 5 - SAMPLING
============================================================
  Starting braids: 22000
  Candidates to generate: 544907
  Processing in 8 chunks...
  Projlen distribution:
    projlen=11: 953 braids
    projlen=12: 8038 braids
    projlen=13: 39953 braids
    projlen=14: 74068 braids
    projlen=15: 116753 braids
    projlen=16: 138703 braids
    projlen=17: 123409 braids
    projlen=18: 43030 braids
  Braids kept: 68991 (in 8 buckets, 2.89 GB)
  ⚡ Timing: matmul=1.00s, sampling=0.37s, total=10.26s

============================================================
Level 6 - SAMPLING
============================================================
  Starting braids: 22000
  Candidates to generate: 467815
  Processing in 7 chunks...
  Projlen distribution:
    projlen=12: 2 braids
    projlen=13: 1911 braids
    projlen=14: 16616 braids
    projlen=15: 54937 braids
    projlen=16: 73731 braids
    projlen=17: 109279 braids
    projlen=18: 120873 braids
    projlen=19: 73990 braids
    projlen=20: 16476 braids
  Braids kept: 71913 (in 9 buckets, 3.01 GB)
  ⚡ Timing: matmul=0.75s, sampling=0.32s, total=8.64s

============================================================
Level 7 - SAMPLING
============================================================
  Starting braids: 22000
  Candidates to generate: 399049
  Processing in 6 chunks...
  Projlen distribution:
    projlen=14: 13 braids
    projlen=15: 3683 braids
    projlen=16: 22534 braids
    projlen=17: 62243 braids
    projlen=18: 72881 braids
    projlen=19: 98449 braids
    projlen=20: 98561 braids
    projlen=21: 40199 braids
    projlen=22: 486 braids
  Braids kept: 64182 (in 9 buckets, 2.68 GB)
  ⚡ Timing: matmul=0.79s, sampling=0.27s, total=7.54s

============================================================
Level 8 - SAMPLING
============================================================
  Starting braids: 22000
  Candidates to generate: 383803
  Processing in 6 chunks...
  Projlen distribution:
    projlen=16: 27 braids
    projlen=17: 7092 braids
    projlen=18: 26150 braids
    projlen=19: 62250 braids
    projlen=20: 72123 braids
    projlen=21: 95178 braids
    projlen=22: 86744 braids
    projlen=23: 34239 braids
  Braids kept: 67119 (in 8 buckets, 2.81 GB)
  ⚡ Timing: matmul=0.58s, sampling=0.26s, total=7.17s

============================================================
Level 9 - SAMPLING
============================================================
  Starting braids: 22000
  Candidates to generate: 351616
  Processing in 6 chunks...
  Projlen distribution:
    projlen=18: 43 braids
    projlen=19: 13588 braids
    projlen=20: 31600 braids
    projlen=21: 62972 braids
    projlen=22: 66915 braids
    projlen=23: 90624 braids
    projlen=24: 65499 braids
    projlen=25: 20375 braids
  Braids kept: 70043 (in 8 buckets, 2.93 GB)
  ⚡ Timing: matmul=0.41s, sampling=0.24s, total=6.66s

============================================================
Level 10 - SAMPLING
============================================================
  Starting braids: 22000
  Candidates to generate: 323084
  Processing in 5 chunks...
  Projlen distribution:
    projlen=20: 63 braids
    projlen=21: 19217 braids
    projlen=22: 35797 braids
    projlen=23: 64418 braids
    projlen=24: 61346 braids
    projlen=25: 85442 braids
    projlen=26: 48172 braids
    projlen=27: 8629 braids
  Braids kept: 68692 (in 8 buckets, 2.87 GB)
  ⚡ Timing: matmul=0.63s, sampling=0.22s, total=6.13s

============================================================
Level 11 - SAMPLING
============================================================
  Starting braids: 22000
  Candidates to generate: 314604
  Processing in 5 chunks...
  Projlen distribution:
    projlen=22: 115 braids
    projlen=23: 19340 braids
    projlen=24: 34849 braids
    projlen=25: 64389 braids
    projlen=26: 57540 braids
    projlen=27: 82371 braids
    projlen=28: 48423 braids
    projlen=29: 7577 braids
  Braids kept: 67692 (in 8 buckets, 2.83 GB)
  ⚡ Timing: matmul=0.58s, sampling=0.22s, total=5.85s

============================================================
Level 12 - SAMPLING
============================================================
  Starting braids: 22000
  Candidates to generate: 316072
  Processing in 5 chunks...
  Projlen distribution:
    projlen=23: 11 braids
    projlen=24: 184 braids
    projlen=25: 19700 braids
    projlen=26: 34872 braids
    projlen=27: 65387 braids
    projlen=28: 56990 braids
    projlen=29: 82307 braids
    projlen=30: 48885 braids
    projlen=31: 7736 braids
  Braids kept: 67931 (in 9 buckets, 2.84 GB)
  ⚡ Timing: matmul=0.55s, sampling=0.22s, total=5.89s

============================================================
Level 13 - SAMPLING
============================================================
  Starting braids: 22000
  Candidates to generate: 323320
  Processing in 5 chunks...
  Projlen distribution:
    projlen=25: 32 braids
    projlen=26: 307 braids
    projlen=27: 20186 braids
    projlen=28: 35714 braids
    projlen=29: 66572 braids
    projlen=30: 58738 braids
    projlen=31: 83936 braids
    projlen=32: 50487 braids
    projlen=33: 7348 braids
  Braids kept: 67687 (in 9 buckets, 2.83 GB)
  ⚡ Timing: matmul=0.60s, sampling=0.21s, total=5.90s

============================================================
Level 14 - SAMPLING
============================================================
  Starting braids: 22000
  Candidates to generate: 323691
  Processing in 5 chunks...
  Projlen distribution:
    projlen=27: 62 braids
    projlen=28: 566 braids
    projlen=29: 20677 braids
    projlen=30: 37194 braids
    projlen=31: 67189 braids
    projlen=32: 59575 braids
    projlen=33: 82720 braids
    projlen=34: 48887 braids
    projlen=35: 6821 braids
  Braids kept: 67449 (in 9 buckets, 2.82 GB)
  ⚡ Timing: matmul=0.63s, sampling=0.21s, total=6.01s

============================================================
Level 15 - SAMPLING
============================================================
  Starting braids: 22000
  Candidates to generate: 331923
  Processing in 5 chunks...
  Projlen distribution:
    projlen=29: 106 braids
    projlen=30: 1096 braids
    projlen=31: 21744 braids
    projlen=32: 40276 braids
    projlen=33: 68837 braids
    projlen=34: 63195 braids
    projlen=35: 83749 braids
    projlen=36: 47219 braids
    projlen=37: 5701 braids
  Braids kept: 66903 (in 9 buckets, 2.80 GB)
  ⚡ Timing: matmul=0.72s, sampling=0.22s, total=6.12s

============================================================
Level 16 - SAMPLING
============================================================
  Starting braids: 22000
  Candidates to generate: 342990
  Processing in 5 chunks...
  Projlen distribution:
    projlen=31: 173 braids
    projlen=32: 2228 braids
    projlen=33: 24010 braids
    projlen=34: 44669 braids
    projlen=35: 71960 braids
    projlen=36: 68058 braids
    projlen=37: 83789 braids
    projlen=38: 44468 braids
    projlen=39: 3635 braids
  Braids kept: 66036 (in 9 buckets, 2.76 GB)
  ⚡ Timing: matmul=0.79s, sampling=0.23s, total=6.29s

============================================================
Level 17 - SAMPLING
============================================================
  Starting braids: 22000
  Candidates to generate: 357747
  Processing in 6 chunks...
  Projlen distribution:
    projlen=30: 1 braids
    projlen=31: 2 braids
    projlen=32: 11 braids
    projlen=33: 308 braids
    projlen=34: 4615 braids
    projlen=35: 28537 braids
    projlen=36: 51815 braids
    projlen=37: 76193 braids
    projlen=38: 75955 braids
    projlen=39: 83251 braids
  Braids kept: 64937 (in 11 buckets, 2.72 GB)
  ⚡ Timing: matmul=0.40s, sampling=0.25s, total=6.84s

============================================================
Level 18 - SAMPLING
============================================================
  Starting braids: 22000
  Candidates to generate: 378459
  Processing in 6 chunks...
  Projlen distribution:
    projlen=32: 3 braids
    projlen=33: 22 braids
    projlen=34: 68 braids
    projlen=35: 742 braids
    projlen=36: 10029 braids
    projlen=37: 37722 braids
    projlen=38: 59533 braids
    projlen=39: 81390 braids
    projlen=40: 85449 braids
    projlen=41: 75600 braids
  Braids kept: 70835 (in 11 buckets, 2.96 GB)
  ⚡ Timing: matmul=0.57s, sampling=0.26s, total=7.12s

============================================================
Level 19 - SAMPLING
============================================================
  Starting braids: 22000
  Candidates to generate: 373837
  Processing in 6 chunks...
  Projlen distribution:
    projlen=34: 4 braids
    projlen=35: 63 braids
    projlen=36: 276 braids
    projlen=37: 2289 braids
    projlen=38: 23589 braids
    projlen=39: 59550 braids
    projlen=40: 70727 braids
    projlen=41: 87103 braids
    projlen=42: 84826 braids
    projlen=43: 40152 braids
  Braids kept: 67890 (in 11 buckets, 2.84 GB)
  ⚡ Timing: matmul=0.55s, sampling=0.26s, total=6.99s

============================================================
Level 20 - SAMPLING
============================================================
  Starting braids: 22000
  Candidates to generate: 407121
  Processing in 6 chunks...
  Projlen distribution:
    projlen=36: 12 braids
    projlen=37: 171 braids
    projlen=38: 829 braids
    projlen=39: 6702 braids
    projlen=40: 31953 braids
    projlen=41: 69331 braids
    projlen=42: 84334 braids
    projlen=43: 97067 braids
    projlen=44: 86653 braids
    projlen=45: 30069 braids
  Braids kept: 67714 (in 10 buckets, 2.83 GB)
  ⚡ Timing: matmul=0.85s, sampling=0.27s, total=7.55s

============================================================
Level 21 - SAMPLING
============================================================
  Starting braids: 22000
  Candidates to generate: 443599
  Processing in 7 chunks...
  Projlen distribution:
    projlen=36: 1 braids
    projlen=37: 12 braids
    projlen=38: 176 braids
    projlen=39: 743 braids
    projlen=40: 3097 braids
    projlen=41: 19795 braids
    projlen=42: 52624 braids
    projlen=43: 83079 braids
    projlen=44: 95175 braids
    projlen=45: 104510 braids
  Braids kept: 74029 (in 12 buckets, 3.10 GB)
  ⚡ Timing: matmul=0.67s, sampling=0.31s, total=8.32s

============================================================
Level 22 - SAMPLING
============================================================
  Starting braids: 22000
  Candidates to generate: 528814
  Processing in 8 chunks...
  Projlen distribution:
    projlen=38: 16 braids
    projlen=39: 135 braids
    projlen=40: 1227 braids
    projlen=41: 5210 braids
    projlen=42: 17802 braids
    projlen=43: 53436 braids
    projlen=44: 92545 braids
    projlen=45: 117672 braids
    projlen=46: 112741 braids
    projlen=47: 95221 braids
  Braids kept: 76588 (in 11 buckets, 3.20 GB)
  ⚡ Timing: matmul=0.79s, sampling=0.38s, total=9.80s

============================================================
Level 23 - SAMPLING
============================================================
  Starting braids: 22000
  Candidates to generate: 681808
  Processing in 10 chunks...
  Projlen distribution:
    projlen=40: 46 braids
    projlen=41: 665 braids
    projlen=42: 5744 braids
    projlen=43: 26717 braids
    projlen=44: 73112 braids
    projlen=45: 123008 braids
    projlen=46: 149858 braids
    projlen=47: 163877 braids
    projlen=48: 110166 braids
    projlen=49: 28615 braids
  Braids kept: 76455 (in 10 buckets, 3.20 GB)
  ⚡ Timing: matmul=1.02s, sampling=0.49s, total=12.50s

============================================================
Level 24 - SAMPLING
============================================================
  Starting braids: 22000
  Candidates to generate: 544811
  Processing in 8 chunks...
  Projlen distribution:
    projlen=41: 4 braids
    projlen=42: 179 braids
    projlen=43: 2414 braids
    projlen=44: 19456 braids
    projlen=45: 59910 braids
    projlen=46: 99782 braids
    projlen=47: 122535 braids
    projlen=48: 126419 braids
    projlen=49: 88507 braids
    projlen=50: 25605 braids
  Braids kept: 72597 (in 10 buckets, 3.04 GB)
  ⚡ Timing: matmul=1.08s, sampling=0.38s, total=10.14s

============================================================
Level 25 - SAMPLING
============================================================
  Starting braids: 22000
  Candidates to generate: 480927
  Processing in 7 chunks...
  Projlen distribution:
    projlen=42: 2 braids
    projlen=43: 37 braids
    projlen=44: 540 braids
    projlen=45: 7273 braids
    projlen=46: 36602 braids
    projlen=47: 83745 braids
    projlen=48: 104124 braids
    projlen=49: 113497 braids
    projlen=50: 99697 braids
    projlen=51: 35410 braids
  Braids kept: 67852 (in 10 buckets, 2.84 GB)
  ⚡ Timing: matmul=0.89s, sampling=0.33s, total=8.78s

============================================================
Level 26 - SAMPLING
============================================================
  Starting braids: 22000
  Candidates to generate: 475912
  Processing in 7 chunks...
  Projlen distribution:
    projlen=44: 12 braids
    projlen=45: 146 braids
    projlen=46: 1581 braids
    projlen=47: 19727 braids
    projlen=48: 57373 braids
    projlen=49: 93670 braids
    projlen=50: 106915 braids
    projlen=51: 109123 braids
    projlen=52: 68850 braids
    projlen=53: 18515 braids
  Braids kept: 71739 (in 10 buckets, 3.00 GB)
  ⚡ Timing: matmul=0.89s, sampling=0.32s, total=8.80s

============================================================
Level 27 - SAMPLING
============================================================
  Starting braids: 22000
  Candidates to generate: 471405
  Processing in 7 chunks...
  Projlen distribution:
    projlen=44: 1 braids
    projlen=45: 12 braids
    projlen=46: 60 braids
    projlen=47: 469 braids
    projlen=48: 4001 braids
    projlen=49: 30155 braids
    projlen=50: 72773 braids
    projlen=51: 100948 braids
    projlen=52: 110625 braids
    projlen=53: 109128 braids
  Braids kept: 66405 (in 12 buckets, 2.78 GB)
  ⚡ Timing: matmul=0.88s, sampling=0.32s, total=8.86s

============================================================
Level 28 - SAMPLING
============================================================
  Starting braids: 22000
  Candidates to generate: 455071
  Processing in 7 chunks...
  Projlen distribution:
    projlen=45: 1 braids
    projlen=46: 4 braids
    projlen=47: 52 braids
    projlen=48: 260 braids
    projlen=49: 1602 braids
    projlen=50: 10726 braids
    projlen=51: 41308 braids
    projlen=52: 77792 braids
    projlen=53: 100979 braids
    projlen=54: 104462 braids
  Braids kept: 71919 (in 12 buckets, 3.01 GB)
  ⚡ Timing: matmul=0.78s, sampling=0.32s, total=8.60s

============================================================
Level 29 - SAMPLING
============================================================
  Starting braids: 22000
  Candidates to generate: 451762
  Processing in 7 chunks...
  Projlen distribution:
    projlen=47: 2 braids
    projlen=48: 12 braids
    projlen=49: 159 braids
    projlen=50: 921 braids
    projlen=51: 5617 braids
    projlen=52: 30529 braids
    projlen=53: 74178 braids
    projlen=54: 95611 braids
    projlen=55: 109978 braids
    projlen=56: 98468 braids
  Braids kept: 66991 (in 12 buckets, 2.80 GB)
  ⚡ Timing: matmul=0.70s, sampling=0.31s, total=8.49s

============================================================
Level 30 - SAMPLING
============================================================
  Starting braids: 22000
  Candidates to generate: 463812
  Processing in 7 chunks...
  Projlen distribution:
    projlen=49: 5 braids
    projlen=50: 36 braids
    projlen=51: 483 braids
    projlen=52: 2811 braids
    projlen=53: 17399 braids
    projlen=54: 49704 braids
    projlen=55: 84439 braids
    projlen=56: 101035 braids
    projlen=57: 106985 braids
    projlen=58: 78534 braids
  Braids kept: 73335 (in 11 buckets, 3.07 GB)
  ⚡ Timing: matmul=0.80s, sampling=0.33s, total=8.54s

============================================================
Level 31 - SAMPLING
============================================================
  Starting braids: 22000
  Candidates to generate: 440354
  Processing in 7 chunks...
  Projlen distribution:
    projlen=51: 8 braids
    projlen=52: 94 braids
    projlen=53: 1231 braids
    projlen=54: 7942 braids
    projlen=55: 35617 braids
    projlen=56: 73117 braids
    projlen=57: 93576 braids
    projlen=58: 102272 braids
    projlen=59: 93303 braids
    projlen=60: 33194 braids
  Braids kept: 69275 (in 10 buckets, 2.90 GB)
  ⚡ Timing: matmul=0.57s, sampling=0.31s, total=8.27s

============================================================
Level 32 - SAMPLING
============================================================
  Starting braids: 22000
  Candidates to generate: 421538
  Processing in 7 chunks...
  Projlen distribution:
    projlen=53: 12 braids
    projlen=54: 195 braids
    projlen=55: 2913 braids
    projlen=56: 20840 braids
    projlen=57: 58144 braids
    projlen=58: 78597 braids
    projlen=59: 96039 braids
    projlen=60: 96164 braids
    projlen=61: 56691 braids
    projlen=62: 11943 braids
  Braids kept: 73120 (in 10 buckets, 3.06 GB)
  ⚡ Timing: matmul=0.43s, sampling=0.30s, total=7.88s

============================================================
Level 33 - SAMPLING
============================================================
  Starting braids: 22000
  Candidates to generate: 400123
  Processing in 6 chunks...
  Projlen distribution:
    projlen=55: 20 braids
    projlen=56: 376 braids
    projlen=57: 6323 braids
    projlen=58: 31227 braids
    projlen=59: 69312 braids
    projlen=60: 81996 braids
    projlen=61: 94253 braids
    projlen=62: 85833 braids
    projlen=63: 30783 braids
  Braids kept: 66719 (in 9 buckets, 2.79 GB)
  ⚡ Timing: matmul=0.76s, sampling=0.27s, total=7.41s

============================================================
Level 34 - SAMPLING
============================================================
  Starting braids: 22000
  Candidates to generate: 398134
  Processing in 6 chunks...
  Projlen distribution:
    projlen=57: 36 braids
    projlen=58: 723 braids
    projlen=59: 12923 braids
    projlen=60: 43045 braids
    projlen=61: 73103 braids
    projlen=62: 84043 braids
    projlen=63: 93575 braids
    projlen=64: 70101 braids
    projlen=65: 20585 braids
  Braids kept: 70759 (in 9 buckets, 2.96 GB)
  ⚡ Timing: matmul=0.72s, sampling=0.28s, total=7.35s

============================================================
Level 35 - SAMPLING
============================================================
  Starting braids: 22000
  Candidates to generate: 367003
  Processing in 6 chunks...
  Projlen distribution:
    projlen=59: 65 braids
    projlen=60: 1417 braids
    projlen=61: 20810 braids
    projlen=62: 56198 braids
    projlen=63: 75117 braids
    projlen=64: 81731 braids
    projlen=65: 84348 braids
    projlen=66: 41420 braids
    projlen=67: 5897 braids
  Braids kept: 67379 (in 9 buckets, 2.82 GB)
  ⚡ Timing: matmul=0.49s, sampling=0.26s, total=6.85s

============================================================
Level 36 - SAMPLING
============================================================
  Starting braids: 22000
  Candidates to generate: 375685
  Processing in 6 chunks...
  Projlen distribution:
    projlen=60: 2 braids
    projlen=61: 131 braids
    projlen=62: 2817 braids
    projlen=63: 23842 braids
    projlen=64: 59330 braids
    projlen=65: 78247 braids
    projlen=66: 83176 braids
    projlen=67: 86658 braids
    projlen=68: 38321 braids
    projlen=69: 3161 braids
  Braids kept: 66111 (in 10 buckets, 2.76 GB)
  ⚡ Timing: matmul=0.50s, sampling=0.26s, total=7.04s

============================================================
Level 37 - SAMPLING
============================================================
  Starting braids: 22000
  Candidates to generate: 377360
  Processing in 6 chunks...
  Projlen distribution:
    projlen=61: 1 braids
    projlen=62: 11 braids
    projlen=63: 268 braids
    projlen=64: 6117 braids
    projlen=65: 30307 braids
    projlen=66: 63792 braids
    projlen=67: 81965 braids
    projlen=68: 84496 braids
    projlen=69: 80752 braids
    projlen=70: 29651 braids
  Braids kept: 66397 (in 10 buckets, 2.78 GB)
  ⚡ Timing: matmul=0.52s, sampling=0.26s, total=7.01s

============================================================
Level 38 - SAMPLING
============================================================
  Starting braids: 22000
  Candidates to generate: 394342
  Processing in 6 chunks...
  Projlen distribution:
    projlen=63: 2 braids
    projlen=64: 54 braids
    projlen=65: 709 braids
    projlen=66: 13998 braids
    projlen=67: 43973 braids
    projlen=68: 70406 braids
    projlen=69: 87396 braids
    projlen=70: 89329 braids
    projlen=71: 67778 braids
    projlen=72: 20697 braids
  Braids kept: 70765 (in 10 buckets, 2.96 GB)
  ⚡ Timing: matmul=0.71s, sampling=0.27s, total=7.26s

============================================================
Level 39 - SAMPLING
============================================================
  Starting braids: 22000
  Candidates to generate: 393245
  Processing in 6 chunks...
  Projlen distribution:
    projlen=64: 2 braids
    projlen=65: 15 braids
    projlen=66: 210 braids
    projlen=67: 2049 braids
    projlen=68: 25122 braids
    projlen=69: 61626 braids
    projlen=70: 78427 braids
    projlen=71: 91656 braids
    projlen=72: 87906 braids
    projlen=73: 40490 braids
  Braids kept: 68018 (in 11 buckets, 2.84 GB)
  ⚡ Timing: matmul=0.71s, sampling=0.27s, total=7.30s

============================================================
Level 40 - SAMPLING
============================================================
  Starting braids: 22000
  Candidates to generate: 424563
  Processing in 7 chunks...
  Projlen distribution:
    projlen=66: 11 braids
    projlen=67: 62 braids
    projlen=68: 746 braids
    projlen=69: 5827 braids
    projlen=70: 32535 braids
    projlen=71: 70921 braids
    projlen=72: 89323 braids
    projlen=73: 100508 braids
    projlen=74: 92347 braids
    projlen=75: 32283 braids
  Braids kept: 66646 (in 10 buckets, 2.79 GB)
  ⚡ Timing: matmul=0.35s, sampling=0.29s, total=7.90s

============================================================
Level 41 - SAMPLING
============================================================
  Starting braids: 22000
  Candidates to generate: 459827
  Processing in 7 chunks...
  Projlen distribution:
    projlen=68: 28 braids
    projlen=69: 211 braids
    projlen=70: 2276 braids
    projlen=71: 16385 braids
    projlen=72: 50638 braids
    projlen=73: 82969 braids
    projlen=74: 98440 braids
    projlen=75: 108212 braids
    projlen=76: 78577 braids
    projlen=77: 22091 braids
  Braids kept: 72515 (in 10 buckets, 3.03 GB)
  ⚡ Timing: matmul=0.72s, sampling=0.32s, total=8.52s

============================================================
Level 42 - SAMPLING
============================================================
  Starting braids: 22000
  Candidates to generate: 450333
  Processing in 7 chunks...
  Projlen distribution:
    projlen=70: 44 braids
    projlen=71: 562 braids
    projlen=72: 5895 braids
    projlen=73: 31575 braids
    projlen=74: 73415 braids
    projlen=75: 96660 braids
    projlen=76: 104553 braids
    projlen=77: 101212 braids
    projlen=78: 36417 braids
  Braids kept: 66501 (in 9 buckets, 2.78 GB)
  ⚡ Timing: matmul=0.65s, sampling=0.31s, total=8.36s

============================================================
Level 43 - SAMPLING
============================================================
  Starting braids: 22000
  Candidates to generate: 436815
  Processing in 7 chunks...
  Projlen distribution:
    projlen=71: 1 braids
    projlen=72: 71 braids
    projlen=73: 1286 braids
    projlen=74: 13378 braids
    projlen=75: 44990 braids
    projlen=76: 75718 braids
    projlen=77: 96826 braids
    projlen=78: 100879 braids
    projlen=79: 79751 braids
    projlen=80: 23915 braids
  Braids kept: 71358 (in 10 buckets, 2.98 GB)
  ⚡ Timing: matmul=0.70s, sampling=0.31s, total=8.25s

============================================================
Level 44 - SAMPLING
============================================================
  Starting braids: 22000
  Candidates to generate: 389843
  Processing in 6 chunks...
  Projlen distribution:
    projlen=73: 2 braids
    projlen=74: 129 braids
    projlen=75: 2643 braids
    projlen=76: 22983 braids
    projlen=77: 62031 braids
    projlen=78: 78042 braids
    projlen=79: 93004 braids
    projlen=80: 88223 braids
    projlen=81: 39302 braids
    projlen=82: 3484 braids
  Braids kept: 66258 (in 10 buckets, 2.77 GB)
  ⚡ Timing: matmul=0.62s, sampling=0.27s, total=7.19s

============================================================
Level 45 - SAMPLING
============================================================
  Starting braids: 22000
  Candidates to generate: 387690
  Processing in 6 chunks...
  Projlen distribution:
    projlen=75: 3 braids
    projlen=76: 226 braids
    projlen=77: 4971 braids
    projlen=78: 27441 braids
    projlen=79: 65076 braids
    projlen=80: 79756 braids
    projlen=81: 91759 braids
    projlen=82: 85424 braids
    projlen=83: 33034 braids
  Braids kept: 65200 (in 9 buckets, 2.73 GB)
  ⚡ Timing: matmul=0.71s, sampling=0.26s, total=7.28s

============================================================
Level 46 - SAMPLING
============================================================
  Starting braids: 22000
  Candidates to generate: 382180
  Processing in 6 chunks...
  Projlen distribution:
    projlen=77: 7 braids
    projlen=78: 437 braids
    projlen=79: 9183 braids
    projlen=80: 35716 braids
    projlen=81: 67476 braids
    projlen=82: 79577 braids
    projlen=83: 91530 braids
    projlen=84: 73576 braids
    projlen=85: 24678 braids
  Braids kept: 69627 (in 9 buckets, 2.91 GB)
  ⚡ Timing: matmul=0.58s, sampling=0.26s, total=7.19s

============================================================
Level 47 - SAMPLING
============================================================
  Starting braids: 22000
  Candidates to generate: 367414
  Processing in 6 chunks...
  Projlen distribution:
    projlen=79: 16 braids
    projlen=80: 845 braids
    projlen=81: 17004 braids
    projlen=82: 50843 braids
    projlen=83: 72633 braids
    projlen=84: 79598 braids
    projlen=85: 89561 braids
    projlen=86: 47388 braids
    projlen=87: 9526 braids
  Braids kept: 70387 (in 9 buckets, 2.94 GB)
  ⚡ Timing: matmul=0.54s, sampling=0.26s, total=6.87s

============================================================
Level 48 - SAMPLING
============================================================
  Starting braids: 22000
  Candidates to generate: 380656
  Processing in 6 chunks...
  Projlen distribution:
    projlen=81: 39 braids
    projlen=82: 1522 braids
    projlen=83: 20218 braids
    projlen=84: 56006 braids
    projlen=85: 76973 braids
    projlen=86: 83428 braids
    projlen=87: 92465 braids
    projlen=88: 43841 braids
    projlen=89: 6164 braids
  Braids kept: 67725 (in 9 buckets, 2.83 GB)
  ⚡ Timing: matmul=0.54s, sampling=0.26s, total=7.01s

============================================================
Level 49 - SAMPLING
============================================================
  Starting braids: 22000
  Candidates to generate: 376434
  Processing in 6 chunks...
  Projlen distribution:
    projlen=83: 74 braids
    projlen=84: 2644 braids
    projlen=85: 22890 braids
    projlen=86: 59025 braids
    projlen=87: 78990 braids
    projlen=88: 83484 braids
    projlen=89: 89332 braids
    projlen=90: 37344 braids
    projlen=91: 2651 braids
  Braids kept: 65369 (in 9 buckets, 2.73 GB)
  ⚡ Timing: matmul=0.62s, sampling=0.26s, total=7.14s

============================================================
Level 50 - SAMPLING
============================================================
  Starting braids: 22000
  Candidates to generate: 382297
  Processing in 6 chunks...
  Projlen distribution:
    projlen=85: 147 braids
    projlen=86: 4670 braids
    projlen=87: 27160 braids
    projlen=88: 62776 braids
    projlen=89: 81595 braids
    projlen=90: 85954 braids
    projlen=91: 87843 braids
    projlen=92: 32152 braids
  Braids kept: 64817 (in 8 buckets, 2.71 GB)
  ⚡ Timing: matmul=0.63s, sampling=0.26s, total=7.19s

============================================================
Level 51 - SAMPLING
============================================================
  Starting braids: 22000
  Candidates to generate: 384514
  Processing in 6 chunks...
  Projlen distribution:
    projlen=86: 4 braids
    projlen=87: 302 braids
    projlen=88: 8602 braids
    projlen=89: 34970 braids
    projlen=90: 66452 braids
    projlen=91: 82783 braids
    projlen=92: 87736 braids
    projlen=93: 77728 braids
    projlen=94: 25937 braids
  Braids kept: 68908 (in 9 buckets, 2.88 GB)
  ⚡ Timing: matmul=0.65s, sampling=0.26s, total=7.23s

============================================================
Level 52 - SAMPLING
============================================================
  Starting braids: 22000
  Candidates to generate: 385302
  Processing in 6 chunks...
  Projlen distribution:
    projlen=88: 23 braids
    projlen=89: 697 braids
    projlen=90: 16563 braids
    projlen=91: 50606 braids
    projlen=92: 73986 braids
    projlen=93: 86505 braids
    projlen=94: 88498 braids
    projlen=95: 55067 braids
    projlen=96: 13357 braids
  Braids kept: 70720 (in 9 buckets, 2.96 GB)
  ⚡ Timing: matmul=0.71s, sampling=0.27s, total=7.31s

============================================================
Level 53 - SAMPLING
============================================================
  Starting braids: 22000
  Candidates to generate: 402654
  Processing in 6 chunks...
  Projlen distribution:
    projlen=90: 61 braids
    projlen=91: 1544 braids
    projlen=92: 21617 braids
    projlen=93: 59301 braids
    projlen=94: 81158 braids
    projlen=95: 93075 braids
    projlen=96: 94085 braids
    projlen=97: 45304 braids
    projlen=98: 6509 braids
  Braids kept: 68114 (in 9 buckets, 2.85 GB)
  ⚡ Timing: matmul=0.80s, sampling=0.27s, total=7.42s

============================================================
Level 54 - SAMPLING
============================================================
  Starting braids: 22000
  Candidates to generate: 418761
  Processing in 6 chunks...
  Projlen distribution:
    projlen=92: 138 braids
    projlen=93: 3068 braids
    projlen=94: 24709 braids
    projlen=95: 64415 braids
    projlen=96: 87157 braids
    projlen=97: 98196 braids
    projlen=98: 97509 braids
    projlen=99: 40834 braids
    projlen=100: 2735 braids
  Braids kept: 65941 (in 9 buckets, 2.76 GB)
  ⚡ Timing: matmul=0.84s, sampling=0.28s, total=7.60s

============================================================
Level 55 - SAMPLING
============================================================
  Starting braids: 22000
  Candidates to generate: 417521
  Processing in 6 chunks...
  Projlen distribution:
    projlen=93: 3 braids
    projlen=94: 284 braids
    projlen=95: 5740 braids
    projlen=96: 29634 braids
    projlen=97: 67551 braids
    projlen=98: 89458 braids
    projlen=99: 99163 braids
    projlen=100: 92195 braids
    projlen=101: 33493 braids
  Braids kept: 66027 (in 9 buckets, 2.76 GB)
  ⚡ Timing: matmul=0.82s, sampling=0.27s, total=7.63s

============================================================
Level 56 - SAMPLING
============================================================
  Starting braids: 22000
  Candidates to generate: 403363
  Processing in 6 chunks...
  Projlen distribution:
    projlen=95: 9 braids
    projlen=96: 540 braids
    projlen=97: 10443 braids
    projlen=98: 37963 braids
    projlen=99: 70867 braids
    projlen=100: 88561 braids
    projlen=101: 94027 braids
    projlen=102: 76680 braids
    projlen=103: 24273 braids
  Braids kept: 70549 (in 9 buckets, 2.95 GB)
  ⚡ Timing: matmul=0.73s, sampling=0.28s, total=7.40s

============================================================
Level 57 - SAMPLING
============================================================
  Starting braids: 22000
  Candidates to generate: 370991
  Processing in 6 chunks...
  Projlen distribution:
    projlen=97: 25 braids
    projlen=98: 1057 braids
    projlen=99: 18296 braids
    projlen=100: 52749 braids
    projlen=101: 75057 braids
    projlen=102: 88008 braids
    projlen=103: 85592 braids
    projlen=104: 43739 braids
    projlen=105: 6468 braids
  Braids kept: 67550 (in 9 buckets, 2.83 GB)
  ⚡ Timing: matmul=0.53s, sampling=0.26s, total=6.92s

============================================================
Level 58 - SAMPLING
============================================================
  Starting braids: 22000
  Candidates to generate: 380345
  Processing in 6 chunks...
  Projlen distribution:
    projlen=99: 49 braids
    projlen=100: 1817 braids
    projlen=101: 20154 braids
    projlen=102: 55696 braids
    projlen=103: 77126 braids
    projlen=104: 89555 braids
    projlen=105: 87317 braids
    projlen=106: 43259 braids
    projlen=107: 5372 braids
  Braids kept: 67238 (in 9 buckets, 2.81 GB)
  ⚡ Timing: matmul=0.50s, sampling=0.26s, total=7.05s

============================================================
Level 59 - SAMPLING
============================================================
  Starting braids: 22000
  Candidates to generate: 370818
  Processing in 6 chunks...
  Projlen distribution:
    projlen=101: 94 braids
    projlen=102: 3015 braids
    projlen=103: 22876 braids
    projlen=104: 60042 braids
    projlen=105: 77599 braids
    projlen=106: 90298 braids
    projlen=107: 83203 braids
    projlen=108: 32929 braids
    projlen=109: 762 braids
  Braids kept: 63871 (in 9 buckets, 2.67 GB)
  ⚡ Timing: matmul=0.46s, sampling=0.26s, total=7.01s

============================================================
Level 60 - SAMPLING
============================================================
  Starting braids: 22000
  Candidates to generate: 374097
  Processing in 6 chunks...
  Projlen distribution:
    projlen=103: 169 braids
    projlen=104: 4885 braids
    projlen=105: 26619 braids
    projlen=106: 64072 braids
    projlen=107: 77296 braids
    projlen=108: 90759 braids
    projlen=109: 80884 braids
    projlen=110: 29413 braids
  Braids kept: 65054 (in 8 buckets, 2.72 GB)
  ⚡ Timing: matmul=0.51s, sampling=0.26s, total=7.03s

============================================================
Level 61 - SAMPLING
============================================================
  Starting braids: 22000
  Candidates to generate: 373659
  Processing in 6 chunks...
  Projlen distribution:
    projlen=105: 258 braids
    projlen=106: 7731 braids
    projlen=107: 32402 braids
    projlen=108: 67385 braids
    projlen=109: 75410 braids
    projlen=110: 90112 braids
    projlen=111: 74983 braids
    projlen=112: 25378 braids
  Braids kept: 67989 (in 8 buckets, 2.84 GB)
  ⚡ Timing: matmul=0.48s, sampling=0.25s, total=7.01s

============================================================
Level 62 - SAMPLING
============================================================
  Starting braids: 22000
  Candidates to generate: 356286
  Processing in 6 chunks...
  Projlen distribution:
    projlen=106: 3 braids
    projlen=107: 374 braids
    projlen=108: 12151 braids
    projlen=109: 40836 braids
    projlen=110: 70736 braids
    projlen=111: 73013 braids
    projlen=112: 85392 braids
    projlen=113: 58386 braids
    projlen=114: 15395 braids
  Braids kept: 70377 (in 9 buckets, 2.94 GB)
  ⚡ Timing: matmul=0.35s, sampling=0.26s, total=6.73s

============================================================
Level 63 - SAMPLING
============================================================
  Starting braids: 22000
  Candidates to generate: 334687
  Processing in 5 chunks...
  Projlen distribution:
    projlen=108: 9 braids
    projlen=109: 521 braids
    projlen=110: 15937 braids
    projlen=111: 47819 braids
    projlen=112: 71780 braids
    projlen=113: 70171 braids
    projlen=114: 79036 braids
    projlen=115: 42320 braids
    projlen=116: 7094 braids
  Braids kept: 67624 (in 9 buckets, 2.83 GB)
  ⚡ Timing: matmul=0.69s, sampling=0.22s, total=6.24s

============================================================
Level 64 - SAMPLING
============================================================
  Starting braids: 22000
  Candidates to generate: 342108
  Processing in 5 chunks...
  Projlen distribution:
    projlen=110: 21 braids
    projlen=111: 747 braids
    projlen=112: 16681 braids
    projlen=113: 48926 braids
    projlen=114: 72199 braids
    projlen=115: 71587 braids
    projlen=116: 81587 braids
    projlen=117: 43550 braids
    projlen=118: 6810 braids
  Braids kept: 67578 (in 9 buckets, 2.83 GB)
  ⚡ Timing: matmul=0.73s, sampling=0.23s, total=6.21s

============================================================
Level 65 - SAMPLING
============================================================
  Starting braids: 22000
  Candidates to generate: 333424
  Processing in 5 chunks...
  Projlen distribution:
    projlen=112: 42 braids
    projlen=113: 1091 braids
    projlen=114: 17626 braids
    projlen=115: 49595 braids
    projlen=116: 71076 braids
    projlen=117: 69541 braids
    projlen=118: 77442 braids
    projlen=119: 40649 braids
    projlen=120: 6362 braids
  Braids kept: 67495 (in 9 buckets, 2.82 GB)
  ⚡ Timing: matmul=0.71s, sampling=0.22s, total=6.23s

============================================================
Level 66 - SAMPLING
============================================================
  Starting braids: 22000
  Candidates to generate: 328502
  Processing in 5 chunks...
  Projlen distribution:
    projlen=114: 67 braids
    projlen=115: 1596 braids
    projlen=116: 19083 braids
    projlen=117: 50977 braids
    projlen=118: 70971 braids
    projlen=119: 69411 braids
    projlen=120: 75875 braids
    projlen=121: 36412 braids
    projlen=122: 4110 braids
  Braids kept: 65773 (in 9 buckets, 2.75 GB)
  ⚡ Timing: matmul=0.67s, sampling=0.22s, total=6.12s

============================================================
Level 67 - SAMPLING
============================================================
  Starting braids: 22000
  Candidates to generate: 329385
  Processing in 5 chunks...
  Projlen distribution:
    projlen=116: 111 braids
    projlen=117: 2374 braids
    projlen=118: 20923 braids
    projlen=119: 52940 braids
    projlen=120: 70600 braids
    projlen=121: 70873 braids
    projlen=122: 76899 braids
    projlen=123: 33114 braids
    projlen=124: 1551 braids
  Braids kept: 64036 (in 9 buckets, 2.68 GB)
  ⚡ Timing: matmul=0.62s, sampling=0.22s, total=6.07s

============================================================
Level 68 - SAMPLING
============================================================
  Starting braids: 22000
  Candidates to generate: 324704
  Processing in 5 chunks...
  Projlen distribution:
    projlen=118: 153 braids
    projlen=119: 3575 braids
    projlen=120: 23865 braids
    projlen=121: 54220 braids
    projlen=122: 70069 braids
    projlen=123: 71622 braids
    projlen=124: 73030 braids
    projlen=125: 28170 braids
  Braids kept: 63728 (in 8 buckets, 2.67 GB)
  ⚡ Timing: matmul=0.62s, sampling=0.22s, total=6.06s

============================================================
Level 69 - SAMPLING
============================================================
  Starting braids: 22000
  Candidates to generate: 327009
  Processing in 5 chunks...
  Projlen distribution:
    projlen=120: 201 braids
    projlen=121: 5300 braids
    projlen=122: 27544 braids
    projlen=123: 54940 braids
    projlen=124: 68760 braids
    projlen=125: 74116 braids
    projlen=126: 70658 braids
    projlen=127: 25490 braids
  Braids kept: 65501 (in 8 buckets, 2.74 GB)
  ⚡ Timing: matmul=0.66s, sampling=0.22s, total=6.07s

============================================================
Level 70 - SAMPLING
============================================================
  Starting braids: 22000
  Candidates to generate: 319831
  Processing in 5 chunks...
  Projlen distribution:
    projlen=122: 259 braids
    projlen=123: 7683 braids
    projlen=124: 32904 braids
    projlen=125: 56356 braids
    projlen=126: 66758 braids
    projlen=127: 73468 braids
    projlen=128: 61706 braids
    projlen=129: 20697 braids
  Braids kept: 67942 (in 8 buckets, 2.84 GB)
  ⚡ Timing: matmul=0.60s, sampling=0.22s, total=5.96s

============================================================
Level 71 - SAMPLING
============================================================
  Starting braids: 22000
  Candidates to generate: 308582
  Processing in 5 chunks...
  Projlen distribution:
    projlen=124: 335 braids
    projlen=125: 10884 braids
    projlen=126: 39747 braids
    projlen=127: 56928 braids
    projlen=128: 63562 braids
    projlen=129: 72072 braids
    projlen=130: 51213 braids
    projlen=131: 13841 braids
  Braids kept: 70335 (in 8 buckets, 2.94 GB)
  ⚡ Timing: matmul=0.52s, sampling=0.21s, total=5.91s

============================================================
Level 72 - SAMPLING
============================================================
  Starting braids: 22000
  Candidates to generate: 288534
  Processing in 5 chunks...
  Projlen distribution:
    projlen=126: 426 braids
    projlen=127: 13987 braids
    projlen=128: 46391 braids
    projlen=129: 57081 braids
    projlen=130: 59674 braids
    projlen=131: 67168 braids
    projlen=132: 37218 braids
    projlen=133: 6589 braids
  Braids kept: 67015 (in 8 buckets, 2.80 GB)
  ⚡ Timing: matmul=0.35s, sampling=0.20s, total=5.59s

============================================================
Level 73 - SAMPLING
============================================================
  Starting braids: 22000
  Candidates to generate: 291159
  Processing in 5 chunks...
  Projlen distribution:
    projlen=128: 533 braids
    projlen=129: 14186 braids
    projlen=130: 46553 braids
    projlen=131: 58005 braids
    projlen=132: 60162 braids
    projlen=133: 68140 braids
    projlen=134: 37041 braids
    projlen=135: 6539 braids
  Braids kept: 67072 (in 8 buckets, 2.81 GB)
  ⚡ Timing: matmul=0.35s, sampling=0.21s, total=5.57s

============================================================
Level 74 - SAMPLING
============================================================
  Starting braids: 22000
  Candidates to generate: 283712
  Processing in 5 chunks...
  Projlen distribution:
    projlen=130: 664 braids
    projlen=131: 14407 braids
    projlen=132: 46697 braids
    projlen=133: 57812 braids
    projlen=134: 58200 braids
    projlen=135: 65205 braids
    projlen=136: 35110 braids
    projlen=137: 5617 braids
  Braids kept: 66281 (in 8 buckets, 2.77 GB)
  ⚡ Timing: matmul=0.29s, sampling=0.20s, total=5.33s

============================================================
Level 75 - SAMPLING
============================================================
  Starting braids: 22000
  Candidates to generate: 284477
  Processing in 5 chunks...
  Projlen distribution:
    projlen=131: 2 braids
    projlen=132: 826 braids
    projlen=133: 14878 braids
    projlen=134: 47461 braids
    projlen=135: 58237 braids
    projlen=136: 58738 braids
    projlen=137: 64866 braids
    projlen=138: 34167 braids
    projlen=139: 5302 braids
  Braids kept: 66130 (in 9 buckets, 2.77 GB)
  ⚡ Timing: matmul=0.29s, sampling=0.20s, total=5.38s

============================================================
Level 76 - SAMPLING
============================================================
  Starting braids: 22000
  Candidates to generate: 287873
  Processing in 5 chunks...
  Projlen distribution:
    projlen=133: 4 braids
    projlen=134: 1037 braids
    projlen=135: 15502 braids
    projlen=136: 48389 braids
    projlen=137: 58183 braids
    projlen=138: 59402 braids
    projlen=139: 65492 braids
    projlen=140: 34604 braids
    projlen=141: 5260 braids
  Braids kept: 66301 (in 9 buckets, 2.77 GB)
  ⚡ Timing: matmul=0.29s, sampling=0.20s, total=5.44s

============================================================
Level 77 - SAMPLING
============================================================
  Starting braids: 22000
  Candidates to generate: 285259
  Processing in 5 chunks...
  Projlen distribution:
    projlen=135: 9 braids
    projlen=136: 1306 braids
    projlen=137: 16297 braids
    projlen=138: 49604 braids
    projlen=139: 58355 braids
    projlen=140: 59452 braids
    projlen=141: 64229 braids
    projlen=142: 31882 braids
    projlen=143: 4125 braids
  Braids kept: 65440 (in 9 buckets, 2.74 GB)
  ⚡ Timing: matmul=0.27s, sampling=0.20s, total=5.38s

============================================================
Level 78 - SAMPLING
============================================================
  Starting braids: 22000
  Candidates to generate: 285749
  Processing in 5 chunks...
  Projlen distribution:
    projlen=137: 17 braids
    projlen=138: 1665 braids
    projlen=139: 17471 braids
    projlen=140: 50865 braids
    projlen=141: 59069 braids
    projlen=142: 59744 braids
    projlen=143: 63967 braids
    projlen=144: 30129 braids
    projlen=145: 2822 braids
  Braids kept: 64504 (in 9 buckets, 2.70 GB)
  ⚡ Timing: matmul=0.33s, sampling=0.20s, total=5.45s

============================================================
Level 79 - SAMPLING
============================================================
  Starting braids: 22000
  Candidates to generate: 288756
  Processing in 5 chunks...
  Projlen distribution:
    projlen=139: 29 braids
    projlen=140: 2156 braids
    projlen=141: 18925 braids
    projlen=142: 52594 braids
    projlen=143: 60132 braids
    projlen=144: 61740 braids
    projlen=145: 64357 braids
    projlen=146: 27234 braids
    projlen=147: 1589 braids
  Braids kept: 63774 (in 9 buckets, 2.67 GB)
  ⚡ Timing: matmul=0.35s, sampling=0.21s, total=5.50s

============================================================
Level 80 - SAMPLING
============================================================
  Starting braids: 22000
  Candidates to generate: 288748
  Processing in 5 chunks...
  Projlen distribution:
    projlen=141: 46 braids
    projlen=142: 2784 braids
    projlen=143: 20725 braids
    projlen=144: 54079 braids
    projlen=145: 61308 braids
    projlen=146: 62951 braids
    projlen=147: 63423 braids
    projlen=148: 23432 braids
  Braids kept: 62830 (in 8 buckets, 2.63 GB)
  ⚡ Timing: matmul=0.31s, sampling=0.20s, total=5.48s

============================================================
Level 81 - SAMPLING
============================================================
  Starting braids: 22000
  Candidates to generate: 293933
  Processing in 5 chunks...
  Projlen distribution:
    projlen=143: 67 braids
    projlen=144: 3608 braids
    projlen=145: 22821 braids
    projlen=146: 55231 braids
    projlen=147: 61552 braids
    projlen=148: 64978 braids
    projlen=149: 63288 braids
    projlen=150: 22388 braids
  Braids kept: 63675 (in 8 buckets, 2.66 GB)
  ⚡ Timing: matmul=0.41s, sampling=0.20s, total=5.67s

============================================================
Level 82 - SAMPLING
============================================================
  Starting braids: 22000
  Candidates to generate: 299377
  Processing in 5 chunks...
  Projlen distribution:
    projlen=145: 95 braids
    projlen=146: 4714 braids
    projlen=147: 25608 braids
    projlen=148: 56253 braids
    projlen=149: 62343 braids
    projlen=150: 67640 braids
    projlen=151: 61891 braids
    projlen=152: 20833 braids
  Braids kept: 64809 (in 8 buckets, 2.71 GB)
  ⚡ Timing: matmul=0.47s, sampling=0.20s, total=5.70s

============================================================
Level 83 - SAMPLING
============================================================
  Starting braids: 22000
  Candidates to generate: 301931
  Processing in 5 chunks...
  Projlen distribution:
    projlen=147: 132 braids
    projlen=148: 6128 braids
    projlen=149: 28978 braids
    projlen=150: 56744 braids
    projlen=151: 62092 braids
    projlen=152: 69902 braids
    projlen=153: 59049 braids
    projlen=154: 18906 braids
  Braids kept: 66260 (in 8 buckets, 2.77 GB)
  ⚡ Timing: matmul=0.43s, sampling=0.21s, total=5.75s

============================================================
Level 84 - SAMPLING
============================================================
  Starting braids: 22000
  Candidates to generate: 301264
  Processing in 5 chunks...
  Projlen distribution:
    projlen=149: 179 braids
    projlen=150: 7925 braids
    projlen=151: 33358 braids
    projlen=152: 56979 braids
    projlen=153: 62606 braids
    projlen=154: 71561 braids
    projlen=155: 52629 braids
    projlen=156: 16027 braids
  Braids kept: 68104 (in 8 buckets, 2.85 GB)
  ⚡ Timing: matmul=0.42s, sampling=0.21s, total=5.67s

============================================================
Level 85 - SAMPLING
============================================================
  Starting braids: 22000
  Candidates to generate: 294997
  Processing in 5 chunks...
  Projlen distribution:
    projlen=151: 231 braids
    projlen=152: 10238 braids
    projlen=153: 38512 braids
    projlen=154: 56765 braids
    projlen=155: 61899 braids
    projlen=156: 73024 braids
    projlen=157: 43626 braids
    projlen=158: 10702 braids
  Braids kept: 70231 (in 8 buckets, 2.94 GB)
  ⚡ Timing: matmul=0.37s, sampling=0.21s, total=5.52s

============================================================
Level 86 - SAMPLING
============================================================
  Starting braids: 22000
  Candidates to generate: 284974
  Processing in 5 chunks...
  Projlen distribution:
    projlen=153: 292 braids
    projlen=154: 12871 braids
    projlen=155: 44273 braids
    projlen=156: 55971 braids
    projlen=157: 61408 braids
    projlen=158: 73152 braids
    projlen=159: 31797 braids
    projlen=160: 5210 braids
  Braids kept: 65502 (in 8 buckets, 2.74 GB)
  ⚡ Timing: matmul=0.29s, sampling=0.20s, total=5.41s

============================================================
Level 87 - SAMPLING
============================================================
  Starting braids: 22000
  Candidates to generate: 288280
  Processing in 5 chunks...
  Projlen distribution:
    projlen=155: 361 braids
    projlen=156: 12979 braids
    projlen=157: 44477 braids
    projlen=158: 56617 braids
    projlen=159: 61672 braids
    projlen=160: 75002 braids
    projlen=161: 31832 braids
    projlen=162: 5340 braids
  Braids kept: 65701 (in 8 buckets, 2.75 GB)
  ⚡ Timing: matmul=0.34s, sampling=0.20s, total=5.43s

============================================================
Level 88 - SAMPLING
============================================================
  Starting braids: 22000
  Candidates to generate: 287789
  Processing in 5 chunks...
  Projlen distribution:
    projlen=157: 438 braids
    projlen=158: 13127 braids
    projlen=159: 44348 braids
    projlen=160: 56767 braids
    projlen=161: 62429 braids
    projlen=162: 75804 braids
    projlen=163: 30264 braids
    projlen=164: 4612 braids
  Braids kept: 65050 (in 8 buckets, 2.72 GB)
  ⚡ Timing: matmul=0.30s, sampling=0.21s, total=5.47s

============================================================
Level 89 - SAMPLING
============================================================
  Starting braids: 22000
  Candidates to generate: 290260
  Processing in 5 chunks...
  Projlen distribution:
    projlen=159: 523 braids
    projlen=160: 13379 braids
    projlen=161: 44626 braids
    projlen=162: 57210 braids
    projlen=163: 63317 braids
    projlen=164: 77411 braids
    projlen=165: 29296 braids
    projlen=166: 4498 braids
  Braids kept: 65021 (in 8 buckets, 2.72 GB)
  ⚡ Timing: matmul=0.35s, sampling=0.20s, total=5.55s

============================================================
Level 90 - SAMPLING
============================================================
  Starting braids: 22000
  Candidates to generate: 292343
  Processing in 5 chunks...
  Projlen distribution:
    projlen=161: 618 braids
    projlen=162: 13620 braids
    projlen=163: 44893 braids
    projlen=164: 58090 braids
    projlen=165: 64115 braids
    projlen=166: 78038 braids
    projlen=167: 28400 braids
    projlen=168: 4569 braids
  Braids kept: 65187 (in 8 buckets, 2.73 GB)
  ⚡ Timing: matmul=0.49s, sampling=0.21s, total=5.63s

============================================================
Level 91 - SAMPLING
============================================================
  Starting braids: 22000
  Candidates to generate: 294386
  Processing in 5 chunks...
  Projlen distribution:
    projlen=163: 720 braids
    projlen=164: 13838 braids
    projlen=165: 44957 braids
    projlen=166: 58413 braids
    projlen=167: 64638 braids
    projlen=168: 79400 braids
    projlen=169: 28054 braids
    projlen=170: 4366 braids
  Braids kept: 65086 (in 8 buckets, 2.72 GB)
  ⚡ Timing: matmul=0.43s, sampling=0.21s, total=5.66s

============================================================
Level 92 - SAMPLING
============================================================
  Starting braids: 22000
  Candidates to generate: 295447
  Processing in 5 chunks...
  Projlen distribution:
    projlen=165: 835 braids
    projlen=166: 14232 braids
    projlen=167: 45054 braids
    projlen=168: 59127 braids
    projlen=169: 64746 braids
    projlen=170: 80116 braids
    projlen=171: 27157 braids
    projlen=172: 4180 braids
  Braids kept: 65015 (in 8 buckets, 2.72 GB)
  ⚡ Timing: matmul=0.37s, sampling=0.21s, total=5.60s

============================================================
Level 93 - SAMPLING
============================================================
  Starting braids: 22000
  Candidates to generate: 298621
  Processing in 5 chunks...
  Projlen distribution:
    projlen=167: 957 braids
    projlen=168: 14609 braids
    projlen=169: 45497 braids
    projlen=170: 59761 braids
    projlen=171: 65806 braids
    projlen=172: 81785 braids
    projlen=173: 26350 braids
    projlen=174: 3856 braids
  Braids kept: 64813 (in 8 buckets, 2.71 GB)
  ⚡ Timing: matmul=0.50s, sampling=0.21s, total=5.79s

============================================================
Level 94 - SAMPLING
============================================================
  Starting braids: 22000
  Candidates to generate: 299013
  Processing in 5 chunks...
  Projlen distribution:
    projlen=169: 1089 braids
    projlen=170: 15013 braids
    projlen=171: 45888 braids
    projlen=172: 60325 braids
    projlen=173: 66258 braids
    projlen=174: 81880 braids
    projlen=175: 25034 braids
    projlen=176: 3526 braids
  Braids kept: 64615 (in 8 buckets, 2.70 GB)
  ⚡ Timing: matmul=0.41s, sampling=0.21s, total=5.90s

============================================================
Level 95 - SAMPLING
============================================================
  Starting braids: 22000
  Candidates to generate: 302224
  Processing in 5 chunks...
  Projlen distribution:
    projlen=171: 1238 braids
    projlen=172: 15426 braids
    projlen=173: 46221 braids
    projlen=174: 61309 braids
    projlen=175: 66459 braids
    projlen=176: 83563 braids
    projlen=177: 25099 braids
    projlen=178: 2909 braids
  Braids kept: 64147 (in 8 buckets, 2.68 GB)
  ⚡ Timing: matmul=0.40s, sampling=0.21s, total=5.67s

============================================================
Level 96 - SAMPLING
============================================================
  Starting braids: 22000
  Candidates to generate: 304893
  Processing in 5 chunks...
  Projlen distribution:
    projlen=173: 1397 braids
    projlen=174: 15942 braids
    projlen=175: 46665 braids
    projlen=176: 61908 braids
    projlen=177: 67680 braids
    projlen=178: 84832 braids
    projlen=179: 23954 braids
    projlen=180: 2515 braids
  Braids kept: 63912 (in 8 buckets, 2.67 GB)
  ⚡ Timing: matmul=0.43s, sampling=0.21s, total=5.78s

============================================================
Level 97 - SAMPLING
============================================================
  Starting braids: 22000
  Candidates to generate: 303360
  Processing in 5 chunks...
  Projlen distribution:
    projlen=175: 1567 braids
    projlen=176: 16457 braids
    projlen=177: 47129 braids
    projlen=178: 62444 braids
    projlen=179: 67442 braids
    projlen=180: 83730 braids
    projlen=181: 22255 braids
    projlen=182: 2336 braids
  Braids kept: 63903 (in 8 buckets, 2.67 GB)
  ⚡ Timing: matmul=0.45s, sampling=0.21s, total=5.64s

============================================================
Level 98 - SAMPLING
============================================================
  Starting braids: 22000
  Candidates to generate: 301524
  Processing in 5 chunks...
  Projlen distribution:
    projlen=177: 1745 braids
    projlen=178: 17016 braids
    projlen=179: 47618 braids
    projlen=180: 63012 braids
    projlen=181: 67291 braids
    projlen=182: 82409 braids
    projlen=183: 20650 braids
    projlen=184: 1783 braids
  Braids kept: 63528 (in 8 buckets, 2.66 GB)
  ⚡ Timing: matmul=0.49s, sampling=0.21s, total=5.81s

============================================================
Level 99 - SAMPLING
============================================================
  Starting braids: 22000
  Candidates to generate: 305748
  Processing in 5 chunks...
  Projlen distribution:
    projlen=179: 1941 braids
    projlen=180: 17534 braids
    projlen=181: 48618 braids
    projlen=182: 64204 braids
    projlen=183: 67717 braids
    projlen=184: 84267 braids
    projlen=185: 20476 braids
    projlen=186: 991 braids
  Braids kept: 62932 (in 8 buckets, 2.63 GB)
  ⚡ Timing: matmul=0.30s, sampling=0.21s, total=5.71s

============================================================
Level 100 - SAMPLING
============================================================
  Starting braids: 22000
  Candidates to generate: 305704
  Processing in 5 chunks...
  Projlen distribution:
    projlen=181: 2145 braids
    projlen=182: 18173 braids
    projlen=183: 49540 braids
    projlen=184: 65060 braids
    projlen=185: 67330 braids
    projlen=186: 83994 braids
    projlen=187: 19283 braids
    projlen=188: 179 braids
  Braids kept: 62324 (in 8 buckets, 2.61 GB)
  ⚡ Timing: matmul=0.52s, sampling=0.21s, total=5.78s

============================================================
Level 101 - SAMPLING
============================================================
  Starting braids: 22000
  Candidates to generate: 308083
  Processing in 5 chunks...
  Projlen distribution:
    projlen=183: 2360 braids
    projlen=184: 18838 braids
    projlen=185: 49995 braids
    projlen=186: 65438 braids
    projlen=187: 66583 braids
    projlen=188: 84702 braids
    projlen=189: 20167 braids
  Braids kept: 62360 (in 7 buckets, 2.61 GB)
  ⚡ Timing: matmul=0.48s, sampling=0.20s, total=5.81s

============================================================
Level 102 - SAMPLING
============================================================
  Starting braids: 22000
  Candidates to generate: 311938
  Processing in 5 chunks...
  Projlen distribution:
    projlen=185: 2585 braids
    projlen=186: 19495 braids
    projlen=187: 50762 braids
    projlen=188: 66045 braids
    projlen=189: 66809 braids
    projlen=190: 85552 braids
    projlen=191: 20690 braids
  Braids kept: 62585 (in 7 buckets, 2.62 GB)
  ⚡ Timing: matmul=0.49s, sampling=0.21s, total=5.77s

============================================================
Level 103 - SAMPLING
============================================================
  Starting braids: 22000
  Candidates to generate: 312382
  Processing in 5 chunks...
  Projlen distribution:
    projlen=187: 2815 braids
    projlen=188: 20137 braids
    projlen=189: 51347 braids
    projlen=190: 67145 braids
    projlen=191: 66836 braids
    projlen=192: 84485 braids
    projlen=193: 19617 braids
  Braids kept: 62815 (in 7 buckets, 2.63 GB)
  ⚡ Timing: matmul=0.51s, sampling=0.21s, total=5.86s

============================================================
Level 104 - SAMPLING
============================================================
  Starting braids: 22000
  Candidates to generate: 310641
  Processing in 5 chunks...
  Projlen distribution:
    projlen=189: 3051 braids
    projlen=190: 20853 braids
    projlen=191: 51691 braids
    projlen=192: 67218 braids
    projlen=193: 65808 braids
    projlen=194: 82864 braids
    projlen=195: 19156 braids
  Braids kept: 63051 (in 7 buckets, 2.64 GB)
  ⚡ Timing: matmul=0.57s, sampling=0.21s, total=5.83s

============================================================
Level 105 - SAMPLING
============================================================
  Starting braids: 22000
  Candidates to generate: 316191
  Processing in 5 chunks...
  Projlen distribution:
    projlen=191: 3296 braids
    projlen=192: 21553 braids
    projlen=193: 52445 braids
    projlen=194: 67720 braids
    projlen=195: 65571 braids
    projlen=196: 84575 braids
    projlen=197: 21031 braids
  Braids kept: 63296 (in 7 buckets, 2.65 GB)
  ⚡ Timing: matmul=0.52s, sampling=0.21s, total=5.85s

============================================================
Level 106 - SAMPLING
============================================================
  Starting braids: 22000
  Candidates to generate: 314472
  Processing in 5 chunks...
  Projlen distribution:
    projlen=193: 3548 braids
    projlen=194: 22295 braids
    projlen=195: 52999 braids
    projlen=196: 68113 braids
    projlen=197: 64765 braids
    projlen=198: 83000 braids
    projlen=199: 19752 braids
  Braids kept: 63548 (in 7 buckets, 2.66 GB)
  ⚡ Timing: matmul=0.62s, sampling=0.21s, total=5.88s

============================================================
Level 107 - SAMPLING
============================================================
  Starting braids: 22000
  Candidates to generate: 317637
  Processing in 5 chunks...
  Projlen distribution:
    projlen=195: 3809 braids
    projlen=196: 23100 braids
    projlen=197: 54352 braids
    projlen=198: 69526 braids
    projlen=199: 63865 braids
    projlen=200: 82458 braids
    projlen=201: 20527 braids
  Braids kept: 63809 (in 7 buckets, 2.67 GB)
  ⚡ Timing: matmul=0.59s, sampling=0.21s, total=5.95s

============================================================
Level 108 - SAMPLING
============================================================
  Starting braids: 22000
  Candidates to generate: 321403
  Processing in 5 chunks...
  Projlen distribution:
    projlen=193: 1 braids
    projlen=194: 38 braids
    projlen=195: 360 braids
    projlen=196: 1605 braids
    projlen=197: 7237 braids
    projlen=198: 25148 braids
    projlen=199: 55134 braids
    projlen=200: 68892 braids
    projlen=201: 62704 braids
    projlen=202: 80766 braids
  Braids kept: 69241 (in 11 buckets, 2.90 GB)
  ⚡ Timing: matmul=0.62s, sampling=0.21s, total=5.99s

============================================================
Level 109 - SAMPLING
============================================================
  Starting braids: 22000
  Candidates to generate: 556638
  Processing in 8 chunks...
  Projlen distribution:
    projlen=191: 2 braids
    projlen=192: 125 braids
    projlen=193: 2296 braids
    projlen=194: 15795 braids
    projlen=195: 60140 braids
    projlen=196: 123795 braids
    projlen=197: 127795 braids
    projlen=198: 15198 braids
    projlen=199: 7182 braids
    projlen=200: 23880 braids
  Braids kept: 114009 (in 15 buckets, 4.77 GB)
  ⚡ Timing: matmul=0.97s, sampling=0.37s, total=10.21s

============================================================
Level 110 - SAMPLING
============================================================
  Starting braids: 22000
  Candidates to generate: 1579372
  Processing in 23 chunks...
  Projlen distribution:
    projlen=189: 15 braids
    projlen=190: 1212 braids
    projlen=191: 17942 braids
    projlen=192: 107900 braids
    projlen=193: 383975 braids
    projlen=194: 668791 braids
    projlen=195: 399537 braids
  Braids kept: 51227 (in 7 buckets, 2.14 GB)
  ⚡ Timing: matmul=1.69s, sampling=0.88s, total=28.89s

============================================================
Level 111 - SAMPLING
============================================================
  Starting braids: 22000
  Candidates to generate: 1720038
  Processing in 25 chunks...
  Projlen distribution:
    projlen=185: 3 braids
    projlen=186: 71 braids
    projlen=187: 536 braids
    projlen=188: 9885 braids
    projlen=189: 83521 braids
    projlen=190: 367788 braids
    projlen=191: 750264 braids
    projlen=192: 474550 braids
    projlen=193: 33420 braids
  Braids kept: 60495 (in 9 buckets, 2.53 GB)
  ⚡ Timing: matmul=1.98s, sampling=0.93s, total=31.18s

============================================================
Level 112 - SAMPLING
============================================================
  Starting braids: 22000
  Candidates to generate: 1797263
  Processing in 26 chunks...
  Projlen distribution:
    projlen=182: 1 braids
    projlen=183: 27 braids
    projlen=184: 715 braids
    projlen=185: 8307 braids
    projlen=186: 70586 braids
    projlen=187: 350054 braids
    projlen=188: 790742 braids
    projlen=189: 511186 braids
    projlen=190: 65645 braids
  Braids kept: 59050 (in 9 buckets, 2.47 GB)
  ⚡ Timing: matmul=1.93s, sampling=0.97s, total=32.54s

============================================================
Level 113 - SAMPLING
============================================================
  Starting braids: 22000
  Candidates to generate: 1819331
  Processing in 26 chunks...
  Projlen distribution:
    projlen=180: 6 braids
    projlen=181: 363 braids
    projlen=182: 6886 braids
    projlen=183: 67655 braids
    projlen=184: 320843 braids
    projlen=185: 720618 braids
    projlen=186: 567849 braids
    projlen=187: 135111 braids
  Braids kept: 57255 (in 8 buckets, 2.39 GB)
  ⚡ Timing: matmul=2.11s, sampling=0.98s, total=32.86s

============================================================
Level 114 - SAMPLING
============================================================
  Starting braids: 22000
  Candidates to generate: 1796810
  Processing in 26 chunks...
  Projlen distribution:
    projlen=177: 2 braids
    projlen=178: 145 braids
    projlen=179: 3777 braids
    projlen=180: 46060 braids
    projlen=181: 261998 braids
    projlen=182: 668766 braids
    projlen=183: 603551 braids
    projlen=184: 212511 braids
  Braids kept: 53924 (in 8 buckets, 2.26 GB)
  ⚡ Timing: matmul=2.12s, sampling=0.97s, total=32.87s

============================================================
Level 115 - SAMPLING
============================================================
  Starting braids: 22000
  Candidates to generate: 1814331
  Processing in 26 chunks...
  Projlen distribution:
    projlen=175: 46 braids
    projlen=176: 1981 braids
    projlen=177: 26396 braids
    projlen=178: 170579 braids
    projlen=179: 531111 braids
    projlen=180: 710985 braids
    projlen=181: 373233 braids
  Braids kept: 52027 (in 7 buckets, 2.18 GB)
  ⚡ Timing: matmul=2.06s, sampling=0.99s, total=32.93s

============================================================
Level 116 - SAMPLING
============================================================
  Starting braids: 22000
  Candidates to generate: 1814932
  Processing in 26 chunks...
  Projlen distribution:
    projlen=172: 14 braids
    projlen=173: 843 braids
    projlen=174: 14493 braids
    projlen=175: 114486 braids
    projlen=176: 436870 braids
    projlen=177: 773407 braids
    projlen=178: 474819 braids
  Braids kept: 50857 (in 7 buckets, 2.13 GB)
  ⚡ Timing: matmul=2.34s, sampling=1.01s, total=33.29s

============================================================
Level 117 - SAMPLING
============================================================
  Starting braids: 22000
  Candidates to generate: 1820139
  Processing in 27 chunks...
  Projlen distribution:
    projlen=169: 1 braids
    projlen=170: 347 braids
    projlen=171: 8162 braids
    projlen=172: 82087 braids
    projlen=173: 376151 braids
    projlen=174: 795491 braids
    projlen=175: 507184 braids
    projlen=176: 50716 braids
  Braids kept: 58510 (in 8 buckets, 2.45 GB)
  ⚡ Timing: matmul=2.06s, sampling=0.99s, total=33.27s

============================================================
Level 118 - SAMPLING
============================================================
  Starting braids: 22000
  Candidates to generate: 1882717
  Processing in 27 chunks...
  Projlen distribution:
    projlen=166: 3 braids
    projlen=167: 207 braids
    projlen=168: 5114 braids
    projlen=169: 57764 braids
    projlen=170: 317307 braids
    projlen=171: 762450 braids
    projlen=172: 581945 braids
    projlen=173: 157927 braids
  Braids kept: 55324 (in 8 buckets, 2.31 GB)
  ⚡ Timing: matmul=2.65s, sampling=1.01s, total=34.28s

============================================================
Level 119 - SAMPLING
============================================================
  Starting braids: 22000
  Candidates to generate: 1890519
  Processing in 28 chunks...
  Projlen distribution:
    projlen=163: 1 braids
    projlen=164: 174 braids
    projlen=165: 3391 braids
    projlen=166: 40784 braids
    projlen=167: 227804 braids
    projlen=168: 620323 braids
    projlen=169: 689077 braids
    projlen=170: 308965 braids
  Braids kept: 53566 (in 8 buckets, 2.24 GB)
  ⚡ Timing: matmul=2.06s, sampling=1.05s, total=33.99s

============================================================
Level 120 - SAMPLING
============================================================
  Starting braids: 22000
  Candidates to generate: 1871632
  Processing in 27 chunks...
