============================================================
SEARCHING FOR KERNEL ELEMENTS
============================================================
Braid group: B_6
Representation: (4, 2)
Dimension: 9
Number of simples: 720
Prime: 3
Device: cuda
Bucket size: 10000
Max length: 127
Bootstrap length: 2
Degree multiplier: 2
Degree window: [0, 254] (255 coeffs)
Use best: 22000
Expansion chunk size: 70000
Matmul chunk size: 8500

Loaded tables from precomputed_tables/tables_B6_r2_p3.pt
  Braid group: B_6
  Representation: (4, 2), dimension 9
  Number of simples: 720
  Degree window: [0, 254] (255 coefficients) - NON-NEGATIVE ONLY
✓ Identity matrix verified (at degree 0)

Precomputing FFTs of simple matrices...
  dim=9, D=255, out_D=509, fft_size=512
  FFT cache: 119.9 MB
Initialized with identity braid
Braid group: B_6
Representation: (4, 2), dimension 9
Degree window: [0, 254] (255 coefficients) - NON-NEGATIVE ONLY
FFT size: 512
Storage types: matrix=torch.int16, word=torch.int32
Config: bucket_size=10000, bootstrap=2, max_length=127, chunk_size=70000, matmul_chunk=8500, use_best=22000
⚡ Ultra-optimized: precomputed FFTs + non-negative degrees only

============================================================
Level 1 - BOOTSTRAP
============================================================
  Starting braids: 1
  Candidates to generate: 718
  Projlen distribution:
    projlen=3: 10 braids
    projlen=4: 28 braids
    projlen=5: 34 braids
    projlen=6: 248 braids
    projlen=7: 398 braids
  Braids kept: 718 (in 5 buckets, 0.03 GB)
  ⚡ Timing: matmul=0.11s, sampling=0.01s, total=0.60s

============================================================
Level 2 - BOOTSTRAP
============================================================
  Starting braids: 718
  Candidates to generate: 89482
  Processing in 2 chunks...
  Projlen distribution:
    projlen=5: 54 braids
    projlen=6: 252 braids
    projlen=7: 1128 braids
    projlen=8: 4276 braids
    projlen=9: 13330 braids
    projlen=10: 17580 braids
    projlen=11: 24830 braids
    projlen=12: 21340 braids
    projlen=13: 6692 braids
  Braids kept: 89482 (in 9 buckets, 3.74 GB)
  ⚡ Timing: matmul=0.93s, sampling=0.05s, total=1.91s

============================================================
Level 3 - SAMPLING
============================================================
  Starting braids: 22000
  Candidates to generate: 1510024
  Processing in 22 chunks...

============================================================
SEARCH STOPPED
============================================================
Final level: 2
Total time: 24.14s
Avg time per level: 12.07s
Total kernel elements: 0
