============================================================
SEARCHING FOR KERNEL ELEMENTS
============================================================
Braid group: B_6
Representation: (4, 2)
Dimension: 9
Number of simples: 720
Prime: 3
Device: cuda
Bucket size: 10000
Max length: 127
Bootstrap length: 2
Degree multiplier: 2
Degree window: [0, 254] (255 coeffs)
Use best: 22000
Expansion chunk size: 70000
Matmul chunk size: 8500

Loaded tables from precomputed_tables/tables_B6_r2_p3.pt
  Braid group: B_6
  Representation: (4, 2), dimension 9
  Number of simples: 720
  Degree window: [0, 254] (255 coefficients) - NON-NEGATIVE ONLY
✓ Identity matrix verified (at degree 0)

Precomputing FFTs of simple matrices...
  dim=9, D=255, out_D=509, fft_size=512
  FFT cache: 119.9 MB
Initialized with identity braid
Braid group: B_6
Representation: (4, 2), dimension 9
Degree window: [0, 254] (255 coefficients) - NON-NEGATIVE ONLY
FFT size: 512
Storage types: matrix=torch.int16, word=torch.int32
Config: bucket_size=10000, bootstrap=2, max_length=127, chunk_size=70000, matmul_chunk=8500, use_best=22000
⚡ Ultra-optimized: precomputed FFTs + non-negative degrees only

============================================================
Level 1 - BOOTSTRAP
============================================================
  Starting braids: 1
  Candidates to generate: 718
  Projlen distribution:
    projlen=3: 10 braids
    projlen=4: 28 braids
    projlen=5: 34 braids
    projlen=6: 248 braids
    projlen=7: 398 braids
  Braids kept: 718 (in 5 buckets, 0.03 GB)
  ⚡ Timing: matmul=0.05s, sampling=0.00s, total=0.27s

============================================================
Level 2 - BOOTSTRAP
============================================================
  Starting braids: 718
  Candidates to generate: 89482
  Processing in 2 chunks...
  Projlen distribution:
    projlen=5: 54 braids
    projlen=6: 252 braids
    projlen=7: 1128 braids
    projlen=8: 4276 braids
    projlen=9: 13330 braids
    projlen=10: 17580 braids
    projlen=11: 24830 braids
    projlen=12: 21340 braids
    projlen=13: 6692 braids
  Braids kept: 89482 (in 9 buckets, 3.74 GB)
  ⚡ Timing: matmul=0.73s, sampling=0.05s, total=1.76s

============================================================
Level 3 - SAMPLING
============================================================
  Starting braids: 22000
  Candidates to generate: 1516283
  Processing in 22 chunks...
  Projlen distribution:
    projlen=7: 186 braids
    projlen=8: 1118 braids
    projlen=9: 8660 braids
    projlen=10: 37218 braids
    projlen=11: 145631 braids
    projlen=12: 256479 braids
    projlen=13: 369142 braids
    projlen=14: 428770 braids
    projlen=15: 233465 braids
    projlen=16: 35614 braids
  Braids kept: 79964 (in 10 buckets, 3.34 GB)
  ⚡ Timing: matmul=1.88s, sampling=1.10s, total=27.66s

============================================================
Level 4 - SAMPLING
============================================================
  Starting braids: 22000
  Candidates to generate: 707902
  Processing in 11 chunks...
  Projlen distribution:
    projlen=9: 466 braids
    projlen=10: 3642 braids
    projlen=11: 29488 braids
    projlen=12: 74281 braids
    projlen=13: 133564 braids
    projlen=14: 174774 braids
    projlen=15: 184232 braids
    projlen=16: 92861 braids
    projlen=17: 14594 braids
  Braids kept: 74108 (in 9 buckets, 3.10 GB)
  ⚡ Timing: matmul=0.83s, sampling=0.50s, total=13.22s

============================================================
Level 5 - SAMPLING
============================================================
  Starting braids: 22000
  Candidates to generate: 550500
  Processing in 8 chunks...
  Projlen distribution:
    projlen=11: 958 braids
    projlen=12: 8036 braids
    projlen=13: 40307 braids
    projlen=14: 74941 braids
    projlen=15: 118564 braids
    projlen=16: 142176 braids
    projlen=17: 124318 braids
    projlen=18: 41200 braids
  Braids kept: 68994 (in 8 buckets, 2.89 GB)
  ⚡ Timing: matmul=1.00s, sampling=0.37s, total=10.10s

============================================================
Level 6 - SAMPLING
============================================================
  Starting braids: 22000
  Candidates to generate: 464538
  Processing in 7 chunks...
  Projlen distribution:
    projlen=12: 3 braids
    projlen=13: 1915 braids
    projlen=14: 16588 braids
    projlen=15: 54781 braids
    projlen=16: 72724 braids
    projlen=17: 107429 braids
    projlen=18: 119358 braids
    projlen=19: 74352 braids
    projlen=20: 17388 braids
  Braids kept: 71918 (in 9 buckets, 3.01 GB)
  ⚡ Timing: matmul=0.80s, sampling=0.32s, total=8.56s

============================================================
Level 7 - SAMPLING
============================================================
  Starting braids: 22000
  Candidates to generate: 400524
  Processing in 6 chunks...
  Projlen distribution:
    projlen=14: 15 braids
    projlen=15: 3733 braids
    projlen=16: 22468 braids
    projlen=17: 62371 braids
    projlen=18: 73173 braids
    projlen=19: 98563 braids
    projlen=20: 99027 braids
    projlen=21: 40570 braids
    projlen=22: 604 braids
  Braids kept: 64352 (in 9 buckets, 2.69 GB)
  ⚡ Timing: matmul=0.70s, sampling=0.27s, total=7.43s

============================================================
Level 8 - SAMPLING
============================================================
  Starting braids: 22000
  Candidates to generate: 382589
  Processing in 6 chunks...
  Projlen distribution:
    projlen=16: 38 braids
    projlen=17: 7207 braids
    projlen=18: 26147 braids
    projlen=19: 62686 braids
    projlen=20: 71550 braids
    projlen=21: 94366 braids
    projlen=22: 86477 braids
    projlen=23: 34118 braids
  Braids kept: 67245 (in 8 buckets, 2.81 GB)
  ⚡ Timing: matmul=0.53s, sampling=0.25s, total=7.09s

============================================================
Level 9 - SAMPLING
============================================================
  Starting braids: 22000
  Candidates to generate: 349535
  Processing in 5 chunks...
  Projlen distribution:
    projlen=18: 65 braids
    projlen=19: 13868 braids
    projlen=20: 32005 braids
    projlen=21: 63588 braids
    projlen=22: 66797 braids
    projlen=23: 90277 braids
    projlen=24: 64004 braids
    projlen=25: 18931 braids
  Braids kept: 70065 (in 8 buckets, 2.93 GB)
  ⚡ Timing: matmul=0.77s, sampling=0.23s, total=6.35s

============================================================
Level 10 - SAMPLING
============================================================
  Starting braids: 22000
  Candidates to generate: 320804
  Processing in 5 chunks...
  Projlen distribution:
    projlen=20: 97 braids
    projlen=21: 19305 braids
    projlen=22: 35914 braids
    projlen=23: 64597 braids
    projlen=24: 61107 braids
    projlen=25: 84110 braids
    projlen=26: 47262 braids
    projlen=27: 8412 braids
  Braids kept: 68509 (in 8 buckets, 2.87 GB)
  ⚡ Timing: matmul=0.52s, sampling=0.22s, total=5.95s

============================================================
Level 11 - SAMPLING
============================================================
  Starting braids: 22000
  Candidates to generate: 315389
  Processing in 5 chunks...
  Projlen distribution:
    projlen=22: 158 braids
    projlen=23: 19500 braids
    projlen=24: 34908 braids
    projlen=25: 64637 braids
    projlen=26: 57436 braids
    projlen=27: 81877 braids
    projlen=28: 48722 braids
    projlen=29: 8151 braids
  Braids kept: 68309 (in 8 buckets, 2.86 GB)
  ⚡ Timing: matmul=0.54s, sampling=0.22s, total=5.88s

============================================================
Level 12 - SAMPLING
============================================================
  Starting braids: 22000
  Candidates to generate: 314879
  Processing in 5 chunks...
  Projlen distribution:
    projlen=23: 18 braids
    projlen=24: 244 braids
    projlen=25: 19780 braids
    projlen=26: 35278 braids
    projlen=27: 65173 braids
    projlen=28: 57204 braids
    projlen=29: 81537 braids
    projlen=30: 48594 braids
    projlen=31: 7051 braids
  Braids kept: 67313 (in 9 buckets, 2.82 GB)
  ⚡ Timing: matmul=0.57s, sampling=0.22s, total=5.88s

============================================================
Level 13 - SAMPLING
============================================================
  Starting braids: 22000
  Candidates to generate: 316499
  Processing in 5 chunks...
  Projlen distribution:
    projlen=25: 49 braids
    projlen=26: 445 braids
    projlen=27: 20225 braids
    projlen=28: 36613 braids
    projlen=29: 65830 braids
    projlen=30: 57951 braids
    projlen=31: 80890 braids
    projlen=32: 47630 braids
    projlen=33: 6866 braids
  Braids kept: 67360 (in 9 buckets, 2.82 GB)
  ⚡ Timing: matmul=0.54s, sampling=0.22s, total=5.87s

============================================================
Level 14 - SAMPLING
============================================================
  Starting braids: 22000
  Candidates to generate: 325739
  Processing in 5 chunks...
  Projlen distribution:
    projlen=27: 83 braids
    projlen=28: 909 braids
    projlen=29: 21185 braids
    projlen=30: 38685 braids
    projlen=31: 67342 braids
    projlen=32: 60518 braids
    projlen=33: 82882 braids
    projlen=34: 47879 braids
    projlen=35: 6256 braids
  Braids kept: 67248 (in 9 buckets, 2.81 GB)
  ⚡ Timing: matmul=0.67s, sampling=0.21s, total=6.06s

============================================================
Level 15 - SAMPLING
============================================================
  Starting braids: 22000
  Candidates to generate: 332383
  Processing in 5 chunks...
  Projlen distribution:
    projlen=27: 1 braids
    projlen=28: 1 braids
    projlen=29: 146 braids
    projlen=30: 1949 braids
    projlen=31: 23039 braids
    projlen=32: 42449 braids
    projlen=33: 69693 braids
    projlen=34: 64058 braids
    projlen=35: 82811 braids
    projlen=36: 44160 braids
  Braids kept: 66173 (in 11 buckets, 2.77 GB)
  ⚡ Timing: matmul=0.75s, sampling=0.22s, total=6.19s

============================================================
Level 16 - SAMPLING
============================================================
  Starting braids: 22000
  Candidates to generate: 344672
  Processing in 5 chunks...
  Projlen distribution:
    projlen=29: 2 braids
    projlen=30: 16 braids
    projlen=31: 280 braids
    projlen=32: 4452 braids
    projlen=33: 27171 braids
    projlen=34: 49668 braids
    projlen=35: 75104 braids
    projlen=36: 70250 braids
    projlen=37: 81527 braids
    projlen=38: 36202 braids
  Braids kept: 64750 (in 10 buckets, 2.71 GB)
  ⚡ Timing: matmul=0.76s, sampling=0.22s, total=6.38s

============================================================
Level 17 - SAMPLING
============================================================
  Starting braids: 22000
  Candidates to generate: 372568
  Processing in 6 chunks...
  Projlen distribution:
    projlen=31: 7 braids
    projlen=32: 43 braids
    projlen=33: 561 braids
    projlen=34: 10334 braids
    projlen=35: 36548 braids
    projlen=36: 57697 braids
    projlen=37: 82143 braids
    projlen=38: 79912 braids
    projlen=39: 75948 braids
    projlen=40: 29375 braids
  Braids kept: 70611 (in 10 buckets, 2.95 GB)
  ⚡ Timing: matmul=0.47s, sampling=0.26s, total=6.88s

============================================================
Level 18 - SAMPLING
============================================================
  Starting braids: 22000
  Candidates to generate: 363255
  Processing in 6 chunks...
  Projlen distribution:
    projlen=33: 11 braids
    projlen=34: 121 braids
    projlen=35: 1197 braids
    projlen=36: 22904 braids
    projlen=37: 55351 braids
    projlen=38: 66104 braids
    projlen=39: 87363 braids
    projlen=40: 82539 braids
    projlen=41: 41354 braids
    projlen=42: 6311 braids
  Braids kept: 67640 (in 10 buckets, 2.83 GB)
  ⚡ Timing: matmul=0.47s, sampling=0.25s, total=6.89s

============================================================
Level 19 - SAMPLING
============================================================
  Starting braids: 22000
  Candidates to generate: 370511
  Processing in 6 chunks...
  Projlen distribution:
    projlen=35: 32 braids
    projlen=36: 294 braids
    projlen=37: 2571 braids
    projlen=38: 25536 braids
    projlen=39: 57849 braids
    projlen=40: 71983 braids
    projlen=41: 88926 braids
    projlen=42: 83662 braids
    projlen=43: 35814 braids
    projlen=44: 3844 braids
  Braids kept: 66741 (in 10 buckets, 2.79 GB)
  ⚡ Timing: matmul=0.49s, sampling=0.26s, total=6.91s

============================================================
Level 20 - SAMPLING
============================================================
  Starting braids: 22000
  Candidates to generate: 375536
  Processing in 6 chunks...
  Projlen distribution:
    projlen=35: 1 braids
    projlen=36: 3 braids
    projlen=37: 74 braids
    projlen=38: 622 braids
    projlen=39: 5787 braids
    projlen=40: 30297 braids
    projlen=41: 62829 braids
    projlen=42: 75138 braids
    projlen=43: 90695 braids
    projlen=44: 81721 braids
  Braids kept: 66487 (in 11 buckets, 2.78 GB)
  ⚡ Timing: matmul=0.60s, sampling=0.25s, total=7.07s

============================================================
Level 21 - SAMPLING
============================================================
  Starting braids: 22000
  Candidates to generate: 398292
  Processing in 6 chunks...
  Projlen distribution:
    projlen=37: 1 braids
    projlen=38: 14 braids
    projlen=39: 162 braids
    projlen=40: 1344 braids
    projlen=41: 13045 braids
    projlen=42: 41813 braids
    projlen=43: 71095 braids
    projlen=44: 81358 braids
    projlen=45: 96737 braids
    projlen=46: 72224 braids
  Braids kept: 71521 (in 11 buckets, 2.99 GB)
  ⚡ Timing: matmul=0.69s, sampling=0.28s, total=7.24s

============================================================
Level 22 - SAMPLING
============================================================
  Starting braids: 22000
  Candidates to generate: 375711
  Processing in 6 chunks...
  Projlen distribution:
    projlen=39: 1 braids
    projlen=40: 33 braids
    projlen=41: 367 braids
    projlen=42: 2889 braids
    projlen=43: 23833 braids
    projlen=44: 57773 braids
    projlen=45: 80531 braids
    projlen=46: 82250 braids
    projlen=47: 87544 braids
    projlen=48: 38040 braids
  Braids kept: 65740 (in 11 buckets, 2.75 GB)
  ⚡ Timing: matmul=0.57s, sampling=0.26s, total=7.06s

============================================================
Level 23 - SAMPLING
============================================================
  Starting braids: 22000
  Candidates to generate: 386176
  Processing in 6 chunks...
  Projlen distribution:
    projlen=41: 1 braids
    projlen=42: 55 braids
    projlen=43: 730 braids
    projlen=44: 6018 braids
    projlen=45: 30121 braids
    projlen=46: 61101 braids
    projlen=47: 86067 braids
    projlen=48: 86302 braids
    projlen=49: 84425 braids
    projlen=50: 31356 braids
  Braids kept: 66804 (in 10 buckets, 2.79 GB)
  ⚡ Timing: matmul=0.63s, sampling=0.26s, total=7.09s

============================================================
Level 24 - SAMPLING
============================================================
  Starting braids: 22000
  Candidates to generate: 378467
  Processing in 6 chunks...
  Projlen distribution:
    projlen=43: 1 braids
    projlen=44: 84 braids
    projlen=45: 1397 braids
    projlen=46: 12258 braids
    projlen=47: 42217 braids
    projlen=48: 63167 braids
    projlen=49: 85900 braids
    projlen=50: 86359 braids
    projlen=51: 66233 braids
    projlen=52: 20851 braids
  Braids kept: 71482 (in 10 buckets, 2.99 GB)
  ⚡ Timing: matmul=0.51s, sampling=0.27s, total=7.15s

============================================================
Level 25 - SAMPLING
============================================================
  Starting braids: 22000
  Candidates to generate: 346481
  Processing in 5 chunks...
  Projlen distribution:
    projlen=45: 4 braids
    projlen=46: 136 braids
    projlen=47: 2658 braids
    projlen=48: 21085 braids
    projlen=49: 58581 braids
    projlen=50: 67003 braids
    projlen=51: 81279 braids
    projlen=52: 80785 braids
    projlen=53: 32755 braids
    projlen=54: 2195 braids
  Braids kept: 64993 (in 10 buckets, 2.72 GB)
  ⚡ Timing: matmul=0.80s, sampling=0.23s, total=6.37s

============================================================
Level 26 - SAMPLING
============================================================
  Starting braids: 22000
  Candidates to generate: 355551
  Processing in 6 chunks...
  Projlen distribution:
    projlen=47: 8 braids
    projlen=48: 251 braids
    projlen=49: 5084 braids
    projlen=50: 25708 braids
    projlen=51: 62692 braids
    projlen=52: 70826 braids
    projlen=53: 82323 braids
    projlen=54: 80357 braids
    projlen=55: 28302 braids
  Braids kept: 65343 (in 9 buckets, 2.73 GB)
  ⚡ Timing: matmul=0.51s, sampling=0.25s, total=6.69s

============================================================
Level 27 - SAMPLING
============================================================
  Starting braids: 22000
  Candidates to generate: 374560
  Processing in 6 chunks...
  Projlen distribution:
    projlen=48: 2 braids
    projlen=49: 29 braids
    projlen=50: 595 braids
    projlen=51: 10075 braids
    projlen=52: 35420 braids
    projlen=53: 67316 braids
    projlen=54: 77167 braids
    projlen=55: 87013 braids
    projlen=56: 73469 braids
    projlen=57: 23474 braids
  Braids kept: 70626 (in 10 buckets, 2.95 GB)
  ⚡ Timing: matmul=0.54s, sampling=0.26s, total=7.07s

============================================================
Level 28 - SAMPLING
============================================================
  Starting braids: 22000
  Candidates to generate: 367366
  Processing in 6 chunks...
  Projlen distribution:
    projlen=50: 5 braids
    projlen=51: 85 braids
    projlen=52: 1660 braids
    projlen=53: 21241 braids
    projlen=54: 55856 braids
    projlen=55: 75322 braids
    projlen=56: 82302 braids
    projlen=57: 83559 braids
    projlen=58: 41562 braids
    projlen=59: 5774 braids
  Braids kept: 67524 (in 10 buckets, 2.82 GB)
  ⚡ Timing: matmul=0.57s, sampling=0.25s, total=7.05s

============================================================
Level 29 - SAMPLING
============================================================
  Starting braids: 22000
  Candidates to generate: 394647
  Processing in 6 chunks...
  Projlen distribution:
    projlen=52: 7 braids
    projlen=53: 220 braids
    projlen=54: 4242 braids
    projlen=55: 26864 braids
    projlen=56: 64002 braids
    projlen=57: 82159 braids
    projlen=58: 90928 braids
    projlen=59: 88839 braids
    projlen=60: 36089 braids
    projlen=61: 1297 braids
  Braids kept: 65766 (in 10 buckets, 2.75 GB)
  ⚡ Timing: matmul=0.63s, sampling=0.27s, total=7.29s

============================================================
Level 30 - SAMPLING
============================================================
  Starting braids: 22000
  Candidates to generate: 416523
  Processing in 6 chunks...
  Projlen distribution:
    projlen=54: 9 braids
    projlen=55: 487 braids
    projlen=56: 10127 braids
    projlen=57: 38000 braids
    projlen=58: 70725 braids
    projlen=59: 89595 braids
    projlen=60: 98325 braids
    projlen=61: 81639 braids
    projlen=62: 27616 braids
  Braids kept: 70496 (in 9 buckets, 2.95 GB)
  ⚡ Timing: matmul=0.88s, sampling=0.28s, total=7.73s

============================================================
Level 31 - SAMPLING
============================================================
  Starting braids: 22000
  Candidates to generate: 396113
  Processing in 6 chunks...
  Projlen distribution:
    projlen=56: 13 braids
    projlen=57: 1117 braids
    projlen=58: 22091 braids
    projlen=59: 60345 braids
    projlen=60: 74538 braids
    projlen=61: 93141 braids
    projlen=62: 93327 braids
    projlen=63: 45019 braids
    projlen=64: 6522 braids
  Braids kept: 67652 (in 9 buckets, 2.83 GB)
  ⚡ Timing: matmul=0.62s, sampling=0.27s, total=7.22s

============================================================
Level 32 - SAMPLING
============================================================
  Starting braids: 22000
  Candidates to generate: 404064
  Processing in 6 chunks...
  Projlen distribution:
    projlen=58: 16 braids
    projlen=59: 2217 braids
    projlen=60: 23236 braids
    projlen=61: 63255 braids
    projlen=62: 77871 braids
    projlen=63: 96550 braids
    projlen=64: 94646 braids
    projlen=65: 41576 braids
    projlen=66: 4697 braids
  Braids kept: 66930 (in 9 buckets, 2.80 GB)
  ⚡ Timing: matmul=0.74s, sampling=0.27s, total=7.44s

============================================================
Level 33 - SAMPLING
============================================================
  Starting braids: 22000
  Candidates to generate: 397953
  Processing in 6 chunks...
  Projlen distribution:
    projlen=60: 23 braids
    projlen=61: 3826 braids
    projlen=62: 25593 braids
    projlen=63: 66933 braids
    projlen=64: 79398 braids
    projlen=65: 96885 braids
    projlen=66: 92397 braids
    projlen=67: 32898 braids
  Braids kept: 63849 (in 8 buckets, 2.67 GB)
  ⚡ Timing: matmul=0.66s, sampling=0.27s, total=7.29s

============================================================
Level 34 - SAMPLING
============================================================
  Starting braids: 22000
  Candidates to generate: 393400
  Processing in 6 chunks...
  Projlen distribution:
    projlen=61: 1 braids
    projlen=62: 38 braids
    projlen=63: 6006 braids
    projlen=64: 29327 braids
    projlen=65: 68934 braids
    projlen=66: 80298 braids
    projlen=67: 95665 braids
    projlen=68: 85014 braids
    projlen=69: 28117 braids
  Braids kept: 66045 (in 9 buckets, 2.76 GB)
  ⚡ Timing: matmul=0.61s, sampling=0.26s, total=7.21s

============================================================
Level 35 - SAMPLING
============================================================
  Starting braids: 22000
  Candidates to generate: 378364
  Processing in 6 chunks...
  Projlen distribution:
    projlen=63: 3 braids
    projlen=64: 76 braids
    projlen=65: 8919 braids
    projlen=66: 35033 braids
    projlen=67: 72030 braids
    projlen=68: 80578 braids
    projlen=69: 90076 braids
    projlen=70: 70667 braids
    projlen=71: 20982 braids
  Braids kept: 68998 (in 9 buckets, 2.89 GB)
  ⚡ Timing: matmul=0.57s, sampling=0.26s, total=7.03s

============================================================
Level 36 - SAMPLING
============================================================
  Starting braids: 22000
  Candidates to generate: 366456
  Processing in 6 chunks...
  Projlen distribution:
    projlen=64: 5 braids
    projlen=65: 26 braids
    projlen=66: 199 braids
    projlen=67: 13039 braids
    projlen=68: 43755 braids
    projlen=69: 75723 braids
    projlen=70: 83135 braids
    projlen=71: 86441 braids
    projlen=72: 52596 braids
    projlen=73: 11537 braids
  Braids kept: 70230 (in 10 buckets, 2.94 GB)
  ⚡ Timing: matmul=0.49s, sampling=0.25s, total=6.98s

============================================================
Level 37 - SAMPLING
============================================================
  Starting braids: 22000
  Candidates to generate: 361394
  Processing in 6 chunks...
  Projlen distribution:
    projlen=65: 11 braids
    projlen=66: 33 braids
    projlen=67: 125 braids
    projlen=68: 755 braids
    projlen=69: 15886 braids
    projlen=70: 48921 braids
    projlen=71: 78097 braids
    projlen=72: 83670 braids
    projlen=73: 82979 braids
    projlen=74: 43438 braids
  Braids kept: 68403 (in 11 buckets, 2.86 GB)
  ⚡ Timing: matmul=0.43s, sampling=0.25s, total=6.85s

============================================================
Level 38 - SAMPLING
============================================================
  Starting braids: 22000
  Candidates to generate: 400324
  Processing in 6 chunks...
  Projlen distribution:
    projlen=66: 1 braids
    projlen=67: 24 braids
    projlen=68: 156 braids
    projlen=69: 542 braids
    projlen=70: 3186 braids
    projlen=71: 21210 braids
    projlen=72: 56640 braids
    projlen=73: 85369 braids
    projlen=74: 95853 braids
    projlen=75: 90189 braids
  Braids kept: 69104 (in 12 buckets, 2.89 GB)
  ⚡ Timing: matmul=0.72s, sampling=0.27s, total=7.49s

============================================================
Level 39 - SAMPLING
============================================================
  Starting braids: 22000
  Candidates to generate: 468756
  Processing in 7 chunks...
  Projlen distribution:
    projlen=68: 7 braids
    projlen=69: 94 braids
    projlen=70: 676 braids
    projlen=71: 2957 braids
    projlen=72: 14367 braids
    projlen=73: 41817 braids
    projlen=74: 80629 braids
    projlen=75: 102672 braids
    projlen=76: 108924 braids
    projlen=77: 87340 braids
  Braids kept: 73734 (in 11 buckets, 3.08 GB)
  ⚡ Timing: matmul=0.74s, sampling=0.33s, total=8.55s

============================================================
Level 40 - SAMPLING
============================================================
  Starting braids: 22000
  Candidates to generate: 586440
  Processing in 9 chunks...
  Projlen distribution:
    projlen=69: 4 braids
    projlen=70: 60 braids
    projlen=71: 514 braids
    projlen=72: 2918 braids
    projlen=73: 14073 braids
    projlen=74: 52032 braids
    projlen=75: 96995 braids
    projlen=76: 128333 braids
    projlen=77: 138197 braids
    projlen=78: 115299 braids
  Braids kept: 73496 (in 11 buckets, 3.07 GB)
  ⚡ Timing: matmul=0.68s, sampling=0.42s, total=10.92s

============================================================
Level 41 - SAMPLING
============================================================
  Starting braids: 22000
  Candidates to generate: 549244
  Processing in 8 chunks...
  Projlen distribution:
    projlen=71: 35 braids
    projlen=72: 343 braids
    projlen=73: 2458 braids
    projlen=74: 12251 braids
    projlen=75: 46922 braids
    projlen=76: 97119 braids
    projlen=77: 115728 braids
    projlen=78: 133763 braids
    projlen=79: 105438 braids
    projlen=80: 35187 braids
  Braids kept: 72836 (in 10 buckets, 3.05 GB)
  ⚡ Timing: matmul=1.00s, sampling=0.39s, total=10.13s

============================================================
Level 42 - SAMPLING
============================================================
  Starting braids: 22000
  Candidates to generate: 550701
  Processing in 8 chunks...
  Projlen distribution:
    projlen=73: 130 braids
    projlen=74: 1435 braids
    projlen=75: 9971 braids
    projlen=76: 43427 braids
    projlen=77: 93576 braids
    projlen=78: 124670 braids
    projlen=79: 130685 braids
    projlen=80: 110090 braids
    projlen=81: 36717 braids
  Braids kept: 71536 (in 9 buckets, 2.99 GB)
  ⚡ Timing: matmul=1.16s, sampling=0.38s, total=10.17s

============================================================
Level 43 - SAMPLING
============================================================
  Starting braids: 22000
  Candidates to generate: 517323
  Processing in 8 chunks...
  Projlen distribution:
    projlen=74: 23 braids
    projlen=75: 423 braids
    projlen=76: 5045 braids
    projlen=77: 33592 braids
    projlen=78: 82759 braids
    projlen=79: 107478 braids
    projlen=80: 130111 braids
    projlen=81: 112231 braids
    projlen=82: 43145 braids
    projlen=83: 2516 braids
  Braids kept: 68007 (in 10 buckets, 2.84 GB)
  ⚡ Timing: matmul=0.59s, sampling=0.36s, total=9.45s

============================================================
Level 44 - SAMPLING
============================================================
  Starting braids: 22000
  Candidates to generate: 499150
  Processing in 8 chunks...
  Projlen distribution:
    projlen=75: 9 braids
    projlen=76: 146 braids
    projlen=77: 1335 braids
    projlen=78: 14177 braids
    projlen=79: 48450 braids
    projlen=80: 89420 braids
    projlen=81: 108391 braids
    projlen=82: 118523 braids
    projlen=83: 90001 braids
    projlen=84: 28698 braids
  Braids kept: 71490 (in 10 buckets, 2.99 GB)
  ⚡ Timing: matmul=0.50s, sampling=0.36s, total=9.37s

============================================================
Level 45 - SAMPLING
============================================================
  Starting braids: 22000
  Candidates to generate: 462911
  Processing in 7 chunks...
  Projlen distribution:
    projlen=76: 1 braids
    projlen=77: 28 braids
    projlen=78: 516 braids
    projlen=79: 3926 braids
    projlen=80: 30138 braids
    projlen=81: 72787 braids
    projlen=82: 98163 braids
    projlen=83: 108290 braids
    projlen=84: 105115 braids
    projlen=85: 41435 braids
  Braids kept: 66983 (in 11 buckets, 2.80 GB)
  ⚡ Timing: matmul=0.94s, sampling=0.32s, total=8.70s

============================================================
Level 46 - SAMPLING
============================================================
  Starting braids: 22000
  Candidates to generate: 464338
  Processing in 7 chunks...
  Projlen distribution:
    projlen=78: 1 braids
    projlen=79: 80 braids
    projlen=80: 1310 braids
    projlen=81: 10021 braids
    projlen=82: 41581 braids
    projlen=83: 78112 braids
    projlen=84: 100997 braids
    projlen=85: 107359 braids
    projlen=86: 93435 braids
    projlen=87: 31442 braids
  Braids kept: 71391 (in 10 buckets, 2.99 GB)
  ⚡ Timing: matmul=0.67s, sampling=0.32s, total=8.43s

============================================================
Level 47 - SAMPLING
============================================================
  Starting braids: 22000
  Candidates to generate: 407682
  Processing in 6 chunks...
  Projlen distribution:
    projlen=80: 5 braids
    projlen=81: 157 braids
    projlen=82: 3044 braids
    projlen=83: 24233 braids
    projlen=84: 66639 braids
    projlen=85: 82282 braids
    projlen=86: 95786 braids
    projlen=87: 92681 braids
    projlen=88: 39806 braids
    projlen=89: 3049 braids
  Braids kept: 66255 (in 10 buckets, 2.77 GB)
  ⚡ Timing: matmul=0.77s, sampling=0.28s, total=7.51s

============================================================
Level 48 - SAMPLING
============================================================
  Starting braids: 22000
  Candidates to generate: 404117
  Processing in 6 chunks...
  Projlen distribution:
    projlen=82: 13 braids
    projlen=83: 319 braids
    projlen=84: 6219 braids
    projlen=85: 30876 braids
    projlen=86: 69981 braids
    projlen=87: 85765 braids
    projlen=88: 95039 braids
    projlen=89: 85810 braids
    projlen=90: 30095 braids
  Braids kept: 66551 (in 9 buckets, 2.78 GB)
  ⚡ Timing: matmul=0.77s, sampling=0.27s, total=7.80s

============================================================
Level 49 - SAMPLING
============================================================
  Starting braids: 22000
  Candidates to generate: 403827
  Processing in 6 chunks...
  Projlen distribution:
    projlen=84: 21 braids
    projlen=85: 631 braids
    projlen=86: 12468 braids
    projlen=87: 43069 braids
    projlen=88: 73741 braids
    projlen=89: 87711 braids
    projlen=90: 96352 braids
    projlen=91: 69656 braids
    projlen=92: 20178 braids
  Braids kept: 70652 (in 9 buckets, 2.95 GB)
  ⚡ Timing: matmul=0.79s, sampling=0.28s, total=7.51s

============================================================
Level 50 - SAMPLING
============================================================
  Starting braids: 22000
  Candidates to generate: 386357
  Processing in 6 chunks...
  Projlen distribution:
    projlen=86: 37 braids
    projlen=87: 1251 braids
    projlen=88: 20917 braids
    projlen=89: 58027 braids
    projlen=90: 77302 braids
    projlen=91: 85948 braids
    projlen=92: 91403 braids
    projlen=93: 44794 braids
    projlen=94: 6678 braids
  Braids kept: 67966 (in 9 buckets, 2.84 GB)
  ⚡ Timing: matmul=0.80s, sampling=0.27s, total=7.30s

============================================================
Level 51 - SAMPLING
============================================================
  Starting braids: 22000
  Candidates to generate: 395977
  Processing in 6 chunks...
  Projlen distribution:
    projlen=87: 1 braids
    projlen=88: 81 braids
    projlen=89: 2518 braids
    projlen=90: 24175 braids
    projlen=91: 61922 braids
    projlen=92: 81610 braids
    projlen=93: 89424 braids
    projlen=94: 92043 braids
    projlen=95: 40320 braids
    projlen=96: 3883 braids
  Braids kept: 66483 (in 10 buckets, 2.78 GB)
  ⚡ Timing: matmul=0.74s, sampling=0.27s, total=7.33s

============================================================
Level 52 - SAMPLING
============================================================
  Starting braids: 22000
  Candidates to generate: 409353
  Processing in 6 chunks...
  Projlen distribution:
    projlen=89: 7 braids
    projlen=90: 196 braids
    projlen=91: 4966 braids
    projlen=92: 29983 braids
    projlen=93: 67553 braids
    projlen=94: 86683 braids
    projlen=95: 94729 braids
    projlen=96: 92142 braids
    projlen=97: 33094 braids
  Braids kept: 65169 (in 9 buckets, 2.73 GB)
  ⚡ Timing: matmul=0.80s, sampling=0.28s, total=7.53s

============================================================
Level 53 - SAMPLING
============================================================
  Starting braids: 22000
  Candidates to generate: 424035
  Processing in 7 chunks...
  Projlen distribution:
    projlen=91: 16 braids
    projlen=92: 458 braids
    projlen=93: 9635 braids
    projlen=94: 40121 braids
    projlen=95: 71918 braids
    projlen=96: 90404 braids
    projlen=97: 100039 braids
    projlen=98: 84611 braids
    projlen=99: 26833 braids
  Braids kept: 70109 (in 9 buckets, 2.93 GB)
  ⚡ Timing: matmul=0.39s, sampling=0.30s, total=7.92s

============================================================
Level 54 - SAMPLING
============================================================
  Starting braids: 22000
  Candidates to generate: 396108
  Processing in 6 chunks...
  Projlen distribution:
    projlen=92: 1 braids
    projlen=93: 33 braids
    projlen=94: 1031 braids
    projlen=95: 18599 braids
    projlen=96: 58250 braids
    projlen=97: 75698 braids
    projlen=98: 88246 braids
    projlen=99: 93689 braids
    projlen=100: 51673 braids
    projlen=101: 8888 braids
  Braids kept: 69953 (in 10 buckets, 2.93 GB)
  ⚡ Timing: matmul=0.71s, sampling=0.27s, total=7.29s

============================================================
Level 55 - SAMPLING
============================================================
  Starting braids: 22000
  Candidates to generate: 399863
  Processing in 6 chunks...
  Projlen distribution:
    projlen=94: 1 braids
    projlen=95: 93 braids
    projlen=96: 2103 braids
    projlen=97: 21543 braids
    projlen=98: 62068 braids
    projlen=99: 78740 braids
    projlen=100: 89630 braids
    projlen=101: 94412 braids
    projlen=102: 45763 braids
    projlen=103: 5510 braids
  Braids kept: 67707 (in 10 buckets, 2.83 GB)
  ⚡ Timing: matmul=0.70s, sampling=0.27s, total=7.37s

============================================================
Level 56 - SAMPLING
============================================================
  Starting braids: 22000
  Candidates to generate: 402668
  Processing in 6 chunks...
  Projlen distribution:
    projlen=96: 2 braids
    projlen=97: 209 braids
    projlen=98: 4199 braids
    projlen=99: 26273 braids
    projlen=100: 67119 braids
    projlen=101: 83869 braids
    projlen=102: 92741 braids
    projlen=103: 91554 braids
    projlen=104: 36702 braids
  Braids kept: 64410 (in 9 buckets, 2.69 GB)
  ⚡ Timing: matmul=0.88s, sampling=0.27s, total=7.60s

============================================================
Level 57 - SAMPLING
============================================================
  Starting braids: 22000
  Candidates to generate: 406081
  Processing in 6 chunks...
  Projlen distribution:
    projlen=98: 5 braids
    projlen=99: 424 braids
    projlen=100: 8071 braids
    projlen=101: 34367 braids
    projlen=102: 69849 braids
    projlen=103: 85524 braids
    projlen=104: 94756 braids
    projlen=105: 82817 braids
    projlen=106: 30268 braids
  Braids kept: 68500 (in 9 buckets, 2.86 GB)
  ⚡ Timing: matmul=0.77s, sampling=0.27s, total=7.35s

============================================================
Level 58 - SAMPLING
============================================================
  Starting braids: 22000
  Candidates to generate: 393315
  Processing in 6 chunks...
  Projlen distribution:
    projlen=100: 18 braids
    projlen=101: 800 braids
    projlen=102: 15165 braids
    projlen=103: 48680 braids
    projlen=104: 74494 braids
    projlen=105: 86840 braids
    projlen=106: 92651 braids
    projlen=107: 59323 braids
    projlen=108: 15344 braids
  Braids kept: 70818 (in 9 buckets, 2.96 GB)
  ⚡ Timing: matmul=0.67s, sampling=0.27s, total=7.21s

============================================================
Level 59 - SAMPLING
============================================================
  Starting braids: 22000
  Candidates to generate: 381194
  Processing in 6 chunks...
  Projlen distribution:
    projlen=102: 40 braids
    projlen=103: 1417 braids
    projlen=104: 19585 braids
    projlen=105: 56521 braids
    projlen=106: 76791 braids
    projlen=107: 86257 braids
    projlen=108: 89024 braids
    projlen=109: 44838 braids
    projlen=110: 6721 braids
  Braids kept: 68178 (in 9 buckets, 2.85 GB)
  ⚡ Timing: matmul=0.63s, sampling=0.26s, total=7.22s

============================================================
Level 60 - SAMPLING
============================================================
  Starting braids: 22000
  Candidates to generate: 372431
  Processing in 6 chunks...
  Projlen distribution:
    projlen=103: 3 braids
    projlen=104: 76 braids
    projlen=105: 2375 braids
    projlen=106: 21296 braids
    projlen=107: 58273 braids
    projlen=108: 77223 braids
    projlen=109: 85218 braids
    projlen=110: 86393 braids
    projlen=111: 38516 braids
    projlen=112: 3058 braids
  Braids kept: 65512 (in 10 buckets, 2.74 GB)
  ⚡ Timing: matmul=0.53s, sampling=0.25s, total=6.96s

============================================================
Level 61 - SAMPLING
============================================================
  Starting braids: 22000
  Candidates to generate: 361813
  Processing in 6 chunks...
  Projlen distribution:
    projlen=104: 1 braids
    projlen=105: 24 braids
    projlen=106: 206 braids
    projlen=107: 3909 braids
    projlen=108: 24515 braids
    projlen=109: 59620 braids
    projlen=110: 77564 braids
    projlen=111: 84570 braids
    projlen=112: 80644 braids
    projlen=113: 30760 braids
  Braids kept: 64140 (in 10 buckets, 2.68 GB)
  ⚡ Timing: matmul=0.41s, sampling=0.25s, total=6.81s

============================================================
Level 62 - SAMPLING
============================================================
  Starting braids: 22000
  Candidates to generate: 368409
  Processing in 6 chunks...
  Projlen distribution:
    projlen=106: 6 braids
    projlen=107: 62 braids
    projlen=108: 630 braids
    projlen=109: 7333 braids
    projlen=110: 31008 braids
    projlen=111: 62485 braids
    projlen=112: 78904 braids
    projlen=113: 86497 braids
    projlen=114: 74786 braids
    projlen=115: 26698 braids
  Braids kept: 68031 (in 10 buckets, 2.85 GB)
  ⚡ Timing: matmul=0.48s, sampling=0.25s, total=6.93s

============================================================
Level 63 - SAMPLING
============================================================
  Starting braids: 22000
  Candidates to generate: 395901
  Processing in 6 chunks...
  Projlen distribution:
    projlen=108: 17 braids
    projlen=109: 186 braids
    projlen=110: 1764 braids
    projlen=111: 15928 braids
    projlen=112: 46953 braids
    projlen=113: 71038 braids
    projlen=114: 86866 braids
    projlen=115: 94584 braids
    projlen=116: 61978 braids
    projlen=117: 16587 braids
  Braids kept: 71967 (in 10 buckets, 3.01 GB)
  ⚡ Timing: matmul=0.64s, sampling=0.28s, total=7.20s

============================================================
Level 64 - SAMPLING
============================================================
  Starting braids: 22000
  Candidates to generate: 399002
  Processing in 6 chunks...
  Projlen distribution:
    projlen=110: 42 braids
    projlen=111: 493 braids
    projlen=112: 4694 braids
    projlen=113: 27357 braids
    projlen=114: 65571 braids
    projlen=115: 81779 braids
    projlen=116: 91940 braids
    projlen=117: 92249 braids
    projlen=118: 34689 braids
    projlen=119: 188 braids
  Braids kept: 65417 (in 10 buckets, 2.74 GB)
  ⚡ Timing: matmul=0.77s, sampling=0.27s, total=7.35s

============================================================
Level 65 - SAMPLING
============================================================
  Starting braids: 22000
  Candidates to generate: 427268
  Processing in 7 chunks...
  Projlen distribution:
    projlen=112: 106 braids
    projlen=113: 1215 braids
    projlen=114: 11713 braids
    projlen=115: 41116 braids
    projlen=116: 74676 braids
    projlen=117: 90017 braids
    projlen=118: 97464 braids
    projlen=119: 83843 braids
    projlen=120: 27118 braids
  Braids kept: 71321 (in 9 buckets, 2.98 GB)
  ⚡ Timing: matmul=0.44s, sampling=0.31s, total=8.04s

============================================================
Level 66 - SAMPLING
============================================================
  Starting braids: 22000
  Candidates to generate: 415848
  Processing in 6 chunks...
  Projlen distribution:
    projlen=113: 1 braids
    projlen=114: 254 braids
    projlen=115: 2999 braids
    projlen=116: 25380 braids
    projlen=117: 65571 braids
    projlen=118: 85698 braids
    projlen=119: 97585 braids
    projlen=120: 93132 braids
    projlen=121: 42072 braids
    projlen=122: 3156 braids
  Braids kept: 66410 (in 10 buckets, 2.78 GB)
  ⚡ Timing: matmul=0.85s, sampling=0.28s, total=7.71s

============================================================
Level 67 - SAMPLING
============================================================
  Starting braids: 22000
  Candidates to generate: 429189
  Processing in 7 chunks...
  Projlen distribution:
    projlen=115: 5 braids
    projlen=116: 599 braids
    projlen=117: 6794 braids
    projlen=118: 33452 braids
    projlen=119: 71961 braids
    projlen=120: 91064 braids
    projlen=121: 101327 braids
    projlen=122: 90244 braids
    projlen=123: 33743 braids
  Braids kept: 67398 (in 9 buckets, 2.82 GB)
  ⚡ Timing: matmul=0.44s, sampling=0.30s, total=8.11s

============================================================
Level 68 - SAMPLING
============================================================
  Starting braids: 22000
  Candidates to generate: 440693
  Processing in 7 chunks...
  Projlen distribution:
    projlen=116: 1 braids
    projlen=117: 18 braids
    projlen=118: 1331 braids
    projlen=119: 14997 braids
    projlen=120: 50091 braids
    projlen=121: 79551 braids
    projlen=122: 98748 braids
    projlen=123: 105036 braids
    projlen=124: 70274 braids
    projlen=125: 20646 braids
  Braids kept: 71350 (in 10 buckets, 2.98 GB)
  ⚡ Timing: matmul=0.55s, sampling=0.31s, total=8.20s

============================================================
Level 69 - SAMPLING
============================================================
  Starting braids: 22000
  Candidates to generate: 411674
  Processing in 6 chunks...
  Projlen distribution:
    projlen=118: 2 braids
    projlen=119: 60 braids
    projlen=120: 2759 braids
    projlen=121: 23891 braids
    projlen=122: 65296 braids
    projlen=123: 83360 braids
    projlen=124: 95468 braids
    projlen=125: 96747 braids
    projlen=126: 40246 braids
    projlen=127: 3845 braids
  Braids kept: 66666 (in 10 buckets, 2.79 GB)
  ⚡ Timing: matmul=0.87s, sampling=0.28s, total=7.58s

============================================================
Level 70 - SAMPLING
============================================================
  Starting braids: 22000
  Candidates to generate: 417995
  Processing in 6 chunks...
  Projlen distribution:
    projlen=120: 5 braids
    projlen=121: 195 braids
    projlen=122: 5414 braids
    projlen=123: 30083 braids
    projlen=124: 70093 braids
    projlen=125: 87431 braids
    projlen=126: 98181 braids
    projlen=127: 94049 braids
    projlen=128: 32544 braids
  Braids kept: 65614 (in 9 buckets, 2.74 GB)
  ⚡ Timing: matmul=0.91s, sampling=0.28s, total=7.70s

============================================================
Level 71 - SAMPLING
============================================================
  Starting braids: 22000
  Candidates to generate: 426228
  Processing in 7 chunks...
  Projlen distribution:
    projlen=122: 14 braids
    projlen=123: 539 braids
    projlen=124: 10695 braids
    projlen=125: 41888 braids
    projlen=126: 75217 braids
    projlen=127: 93164 braids
    projlen=128: 99399 braids
    projlen=129: 80048 braids
    projlen=130: 25264 braids
  Braids kept: 70553 (in 9 buckets, 2.95 GB)
  ⚡ Timing: matmul=0.45s, sampling=0.31s, total=7.96s

============================================================
Level 72 - SAMPLING
============================================================
  Starting braids: 22000
  Candidates to generate: 403080
  Processing in 6 chunks...
  Projlen distribution:
    projlen=124: 41 braids
    projlen=125: 1330 braids
    projlen=126: 20160 braids
    projlen=127: 60600 braids
    projlen=128: 80209 braids
    projlen=129: 94413 braids
    projlen=130: 92408 braids
    projlen=131: 46714 braids
    projlen=132: 7205 braids
  Braids kept: 68576 (in 9 buckets, 2.87 GB)
  ⚡ Timing: matmul=0.72s, sampling=0.27s, total=7.38s

============================================================
Level 73 - SAMPLING
============================================================
  Starting braids: 22000
  Candidates to generate: 407950
  Processing in 6 chunks...
  Projlen distribution:
    projlen=125: 3 braids
    projlen=126: 90 braids
    projlen=127: 2786 braids
    projlen=128: 23557 braids
    projlen=129: 64673 braids
    projlen=130: 83400 braids
    projlen=131: 96202 braids
    projlen=132: 92120 braids
    projlen=133: 41337 braids
    projlen=134: 3782 braids
  Braids kept: 66661 (in 10 buckets, 2.79 GB)
  ⚡ Timing: matmul=0.87s, sampling=0.28s, total=7.58s

============================================================
Level 74 - SAMPLING
============================================================
  Starting braids: 22000
  Candidates to generate: 405964
  Processing in 6 chunks...
  Projlen distribution:
    projlen=127: 8 braids
    projlen=128: 199 braids
    projlen=129: 5549 braids
    projlen=130: 29430 braids
    projlen=131: 69506 braids
    projlen=132: 86315 braids
    projlen=133: 97192 braids
    projlen=134: 86207 braids
    projlen=135: 31558 braids
  Braids kept: 65756 (in 9 buckets, 2.75 GB)
  ⚡ Timing: matmul=0.76s, sampling=0.27s, total=7.55s

============================================================
Level 75 - SAMPLING
============================================================
  Starting braids: 22000
  Candidates to generate: 410805
  Processing in 6 chunks...
  Projlen distribution:
    projlen=128: 2 braids
    projlen=129: 25 braids
    projlen=130: 541 braids
    projlen=131: 11123 braids
    projlen=132: 40167 braids
    projlen=133: 74991 braids
    projlen=134: 89485 braids
    projlen=135: 97035 braids
    projlen=136: 73770 braids
    projlen=137: 23666 braids
  Braids kept: 70568 (in 10 buckets, 2.95 GB)
  ⚡ Timing: matmul=0.81s, sampling=0.28s, total=7.65s

============================================================
Level 76 - SAMPLING
============================================================
  Starting braids: 22000
  Candidates to generate: 387485
  Processing in 6 chunks...
  Projlen distribution:
    projlen=130: 5 braids
    projlen=131: 80 braids
    projlen=132: 1421 braids
    projlen=133: 21007 braids
    projlen=134: 57368 braids
    projlen=135: 81031 braids
    projlen=136: 90357 braids
    projlen=137: 87872 braids
    projlen=138: 41823 braids
    projlen=139: 6521 braids
  Braids kept: 68027 (in 10 buckets, 2.85 GB)
  ⚡ Timing: matmul=0.64s, sampling=0.27s, total=7.19s

============================================================
Level 77 - SAMPLING
============================================================
  Starting braids: 22000
  Candidates to generate: 393417
  Processing in 6 chunks...
  Projlen distribution:
    projlen=132: 15 braids
    projlen=133: 203 braids
    projlen=134: 3285 braids
    projlen=135: 25085 braids
    projlen=136: 62341 braids
    projlen=137: 83780 braids
    projlen=138: 91369 braids
    projlen=139: 88945 braids
    projlen=140: 35805 braids
    projlen=141: 2589 braids
  Braids kept: 66092 (in 10 buckets, 2.76 GB)
  ⚡ Timing: matmul=0.64s, sampling=0.27s, total=7.33s

============================================================
Level 78 - SAMPLING
============================================================
  Starting braids: 22000
  Candidates to generate: 404914
  Processing in 6 chunks...
  Projlen distribution:
    projlen=134: 39 braids
    projlen=135: 491 braids
    projlen=136: 7841 braids
    projlen=137: 34109 braids
    projlen=138: 69125 braids
    projlen=139: 89034 braids
    projlen=140: 95565 braids
    projlen=141: 81810 braids
    projlen=142: 26900 braids
  Braids kept: 68371 (in 9 buckets, 2.86 GB)
  ⚡ Timing: matmul=0.79s, sampling=0.27s, total=7.37s

============================================================
Level 79 - SAMPLING
============================================================
  Starting braids: 22000
  Candidates to generate: 424604
  Processing in 7 chunks...
  Projlen distribution:
    projlen=135: 1 braids
    projlen=136: 118 braids
    projlen=137: 1363 braids
    projlen=138: 19557 braids
    projlen=139: 56145 braids
    projlen=140: 80830 braids
    projlen=141: 95934 braids
    projlen=142: 97038 braids
    projlen=143: 60128 braids
    projlen=144: 13490 braids
  Braids kept: 71482 (in 10 buckets, 2.99 GB)
  ⚡ Timing: matmul=0.41s, sampling=0.30s, total=8.03s

============================================================
Level 80 - SAMPLING
============================================================
  Starting braids: 22000
  Candidates to generate: 447021
  Processing in 7 chunks...
  Projlen distribution:
    projlen=137: 2 braids
    projlen=138: 303 braids
    projlen=139: 3502 braids
    projlen=140: 29187 braids
    projlen=141: 71809 braids
    projlen=142: 91963 braids
    projlen=143: 105277 braids
    projlen=144: 100091 braids
    projlen=145: 42009 braids
    projlen=146: 2878 braids
  Braids kept: 66685 (in 10 buckets, 2.79 GB)
  ⚡ Timing: matmul=0.56s, sampling=0.31s, total=8.24s

============================================================
Level 81 - SAMPLING
============================================================
  Starting braids: 22000
  Candidates to generate: 457424
  Processing in 7 chunks...
  Projlen distribution:
    projlen=139: 11 braids
    projlen=140: 719 braids
    projlen=141: 8389 braids
    projlen=142: 38962 braids
    projlen=143: 78000 braids
    projlen=144: 96607 braids
    projlen=145: 108471 braids
    projlen=146: 93495 braids
    projlen=147: 32770 braids
  Braids kept: 69119 (in 9 buckets, 2.89 GB)
  ⚡ Timing: matmul=0.69s, sampling=0.31s, total=8.45s

============================================================
Level 82 - SAMPLING
============================================================
  Starting braids: 22000
  Candidates to generate: 444892
  Processing in 7 chunks...
  Projlen distribution:
    projlen=141: 61 braids
    projlen=142: 1804 braids
    projlen=143: 19669 braids
    projlen=144: 59725 braids
    projlen=145: 85676 braids
    projlen=146: 100890 braids
    projlen=147: 104423 braids
    projlen=148: 59225 braids
    projlen=149: 13419 braids
  Braids kept: 71865 (in 9 buckets, 3.01 GB)
  ⚡ Timing: matmul=0.59s, sampling=0.31s, total=8.42s

============================================================
Level 83 - SAMPLING
============================================================
  Starting braids: 22000
  Candidates to generate: 435596
  Processing in 7 chunks...
  Projlen distribution:
    projlen=142: 11 braids
    projlen=143: 206 braids
    projlen=144: 4264 braids
    projlen=145: 28175 braids
    projlen=146: 72082 braids
    projlen=147: 94186 braids
    projlen=148: 102289 braids
    projlen=149: 97637 braids
    projlen=150: 35887 braids
    projlen=151: 859 braids
  Braids kept: 65340 (in 10 buckets, 2.73 GB)
  ⚡ Timing: matmul=0.65s, sampling=0.31s, total=8.22s

============================================================
Level 84 - SAMPLING
============================================================
  Starting braids: 22000
  Candidates to generate: 462547
  Processing in 7 chunks...
  Projlen distribution:
    projlen=143: 2 braids
    projlen=144: 43 braids
    projlen=145: 636 braids
    projlen=146: 9618 braids
    projlen=147: 38657 braids
    projlen=148: 77437 braids
    projlen=149: 101321 braids
    projlen=150: 109856 braids
    projlen=151: 94498 braids
    projlen=152: 30479 braids
  Braids kept: 70299 (in 10 buckets, 2.94 GB)
  ⚡ Timing: matmul=0.78s, sampling=0.32s, total=8.62s

============================================================
Level 85 - SAMPLING
============================================================
  Starting braids: 22000
  Candidates to generate: 436848
  Processing in 7 chunks...
  Projlen distribution:
    projlen=145: 2 braids
    projlen=146: 141 braids
    projlen=147: 1866 braids
    projlen=148: 22155 braids
    projlen=149: 61362 braids
    projlen=150: 86353 braids
    projlen=151: 103719 braids
    projlen=152: 101744 braids
    projlen=153: 51195 braids
    projlen=154: 8311 braids
  Braids kept: 70320 (in 10 buckets, 2.94 GB)
  ⚡ Timing: matmul=0.50s, sampling=0.31s, total=8.09s

============================================================
Level 86 - SAMPLING
============================================================
  Starting braids: 22000
  Candidates to generate: 434572
  Processing in 7 chunks...
  Projlen distribution:
    projlen=147: 5 braids
    projlen=148: 296 braids
    projlen=149: 4478 braids
    projlen=150: 28836 braids
    projlen=151: 69500 braids
    projlen=152: 92139 braids
    projlen=153: 105286 braids
    projlen=154: 97727 braids
    projlen=155: 36305 braids
  Braids kept: 64779 (in 9 buckets, 2.71 GB)
  ⚡ Timing: matmul=0.49s, sampling=0.30s, total=8.20s

============================================================
Level 87 - SAMPLING
============================================================
  Starting braids: 22000
  Candidates to generate: 444748
  Processing in 7 chunks...
  Projlen distribution:
    projlen=149: 18 braids
    projlen=150: 652 braids
    projlen=151: 10287 braids
    projlen=152: 40422 braids
    projlen=153: 76400 braids
    projlen=154: 95211 braids
    projlen=155: 106242 braids
    projlen=156: 86776 braids
    projlen=157: 28740 braids
  Braids kept: 70670 (in 9 buckets, 2.96 GB)
  ⚡ Timing: matmul=0.56s, sampling=0.31s, total=8.17s

============================================================
Level 88 - SAMPLING
============================================================
  Starting braids: 22000
  Candidates to generate: 430917
  Processing in 7 chunks...
  Projlen distribution:
    projlen=151: 71 braids
    projlen=152: 1678 braids
    projlen=153: 23071 braids
    projlen=154: 65316 braids
    projlen=155: 87683 braids
    projlen=156: 101217 braids
    projlen=157: 100244 braids
    projlen=158: 45440 braids
    projlen=159: 6197 braids
  Braids kept: 67946 (in 9 buckets, 2.84 GB)
  ⚡ Timing: matmul=0.55s, sampling=0.30s, total=8.19s

============================================================
Level 89 - SAMPLING
============================================================
  Starting braids: 22000
  Candidates to generate: 447707
  Processing in 7 chunks...
  Projlen distribution:
    projlen=152: 8 braids
    projlen=153: 282 braids
    projlen=154: 4003 braids
    projlen=155: 28480 braids
    projlen=156: 71466 braids
    projlen=157: 93922 braids
    projlen=158: 104945 braids
    projlen=159: 103470 braids
    projlen=160: 39652 braids
    projlen=161: 1479 braids
  Braids kept: 65772 (in 10 buckets, 2.75 GB)
  ⚡ Timing: matmul=0.70s, sampling=0.31s, total=8.35s

============================================================
Level 90 - SAMPLING
============================================================
  Starting braids: 22000
  Candidates to generate: 468881
  Processing in 7 chunks...
  Projlen distribution:
    projlen=153: 3 braids
    projlen=154: 57 braids
    projlen=155: 1018 braids
    projlen=156: 10186 braids
    projlen=157: 41981 braids
    projlen=158: 81051 braids
    projlen=159: 103878 braids
    projlen=160: 109952 braids
    projlen=161: 91579 braids
    projlen=162: 29176 braids
  Braids kept: 71078 (in 10 buckets, 2.97 GB)
  ⚡ Timing: matmul=0.76s, sampling=0.33s, total=8.66s

============================================================
Level 91 - SAMPLING
============================================================
  Starting braids: 22000
  Candidates to generate: 474795
  Processing in 7 chunks...
  Projlen distribution:
    projlen=154: 2 braids
    projlen=155: 44 braids
    projlen=156: 371 braids
    projlen=157: 3840 braids
    projlen=158: 27592 braids
    projlen=159: 75691 braids
    projlen=160: 99347 braids
    projlen=161: 117276 braids
    projlen=162: 103322 braids
    projlen=163: 42863 braids
  Braids kept: 68704 (in 11 buckets, 2.87 GB)
  ⚡ Timing: matmul=0.81s, sampling=0.32s, total=8.75s

============================================================
Level 92 - SAMPLING
============================================================
  Starting braids: 22000
  Candidates to generate: 519835
  Processing in 8 chunks...
  Projlen distribution:
    projlen=151: 1 braids
    projlen=152: 5 braids
    projlen=153: 121 braids
    projlen=154: 1116 braids
    projlen=155: 6176 braids
    projlen=156: 14179 braids
    projlen=157: 15566 braids
    projlen=158: 3714 braids
    projlen=159: 11660 braids
    projlen=160: 39648 braids
  Braids kept: 101133 (in 15 buckets, 4.23 GB)
  ⚡ Timing: matmul=0.66s, sampling=0.41s, total=9.62s

============================================================
Level 93 - SAMPLING
============================================================
  Starting braids: 22000
  Candidates to generate: 1574204
  Processing in 23 chunks...
  Projlen distribution:
    projlen=150: 103 braids
    projlen=151: 1140 braids
    projlen=152: 9979 braids
    projlen=153: 64669 braids
    projlen=154: 242125 braids
    projlen=155: 532296 braids
    projlen=156: 534266 braids
    projlen=157: 189507 braids
    projlen=159: 15 braids
    projlen=160: 26 braids
  Braids kept: 61341 (in 13 buckets, 2.57 GB)
  ⚡ Timing: matmul=1.71s, sampling=0.94s, total=28.28s

============================================================
Level 94 - SAMPLING
============================================================
  Starting braids: 22000
  Candidates to generate: 1762923
  Processing in 26 chunks...
  Projlen distribution:
    projlen=147: 31 braids
    projlen=148: 1437 braids
    projlen=149: 14925 braids
    projlen=150: 92840 braids
    projlen=151: 375119 braids
    projlen=152: 759963 braids
    projlen=153: 484726 braids
    projlen=154: 33882 braids
  Braids kept: 61468 (in 8 buckets, 2.57 GB)
  ⚡ Timing: matmul=1.51s, sampling=1.01s, total=31.86s

============================================================
Level 95 - SAMPLING
============================================================
  Starting braids: 22000
  Candidates to generate: 1903198
  Processing in 28 chunks...
  Projlen distribution:
    projlen=144: 33 braids
    projlen=145: 1296 braids
    projlen=146: 17545 braids
    projlen=147: 116116 braids
    projlen=148: 423533 braids
    projlen=149: 810756 braids
    projlen=150: 509650 braids
    projlen=151: 24269 braids
  Braids kept: 61329 (in 8 buckets, 2.56 GB)
  ⚡ Timing: matmul=2.21s, sampling=1.08s, total=35.01s

============================================================
Level 96 - SAMPLING
============================================================
  Starting braids: 22000
  Candidates to generate: 1904768
  Processing in 28 chunks...
  Projlen distribution:
    projlen=141: 6 braids
    projlen=142: 454 braids
    projlen=143: 11389 braids
    projlen=144: 100072 braids
    projlen=145: 424695 braids
    projlen=146: 832111 braids
    projlen=147: 505468 braids
    projlen=148: 30573 braids
  Braids kept: 60460 (in 8 buckets, 2.53 GB)
  ⚡ Timing: matmul=1.89s, sampling=1.07s, total=34.28s

============================================================
Level 97 - SAMPLING
============================================================
  Starting braids: 22000
  Candidates to generate: 1832614
  Processing in 27 chunks...
  Projlen distribution:
    projlen=139: 184 braids
    projlen=140: 5098 braids
    projlen=141: 63192 braids
    projlen=142: 345196 braids
    projlen=143: 813049 braids
    projlen=144: 537729 braids
    projlen=145: 68166 braids
  Braids kept: 55282 (in 7 buckets, 2.31 GB)
  ⚡ Timing: matmul=1.72s, sampling=0.98s, total=33.33s

============================================================
Level 98 - SAMPLING
============================================================
  Starting braids: 22000
  Candidates to generate: 1827723
  Processing in 27 chunks...
  Projlen distribution:
    projlen=135: 1 braids
    projlen=136: 61 braids
    projlen=137: 2357 braids
    projlen=138: 34119 braids
    projlen=139: 211957 braids
    projlen=140: 598450 braids
    projlen=141: 671516 braids
    projlen=142: 309262 braids
  Braids kept: 52419 (in 8 buckets, 2.19 GB)
  ⚡ Timing: matmul=1.73s, sampling=1.00s, total=33.13s

============================================================
Level 99 - SAMPLING
============================================================
  Starting braids: 22000
  Candidates to generate: 1827128
  Processing in 27 chunks...
  Projlen distribution:
    projlen=133: 23 braids
    projlen=134: 931 braids
    projlen=135: 16044 braids
    projlen=136: 127973 braids
    projlen=137: 461148 braids
    projlen=138: 761970 braids
    projlen=139: 459039 braids
  Braids kept: 50954 (in 7 buckets, 2.13 GB)
  ⚡ Timing: matmul=1.76s, sampling=1.01s, total=32.89s

============================================================
Level 100 - SAMPLING
============================================================
  Starting braids: 22000
  Candidates to generate: 1851122
  Processing in 27 chunks...
  Projlen distribution:
    projlen=130: 10 braids
    projlen=131: 483 braids
    projlen=132: 8742 braids
    projlen=133: 77322 braids
    projlen=134: 385494 braids
    projlen=135: 818948 braids
    projlen=136: 511859 braids
    projlen=137: 48264 braids
  Braids kept: 59235 (in 8 buckets, 2.48 GB)
  ⚡ Timing: matmul=2.04s, sampling=1.00s, total=33.67s

============================================================
Level 101 - SAMPLING
============================================================
  Starting braids: 22000
  Candidates to generate: 1889531
  Processing in 27 chunks...
  Projlen distribution:
    projlen=127: 4 braids
    projlen=128: 272 braids
    projlen=129: 5961 braids
    projlen=130: 65322 braids
    projlen=131: 337700 braids
    projlen=132: 780042 braids
    projlen=133: 572315 braids
    projlen=134: 127915 braids
  Braids kept: 56237 (in 8 buckets, 2.35 GB)
  ⚡ Timing: matmul=2.56s, sampling=1.02s, total=34.28s

============================================================
Level 102 - SAMPLING
============================================================
  Starting braids: 22000
  Candidates to generate: 1885734
  Processing in 27 chunks...
  Projlen distribution:
    projlen=125: 64 braids
    projlen=126: 2728 braids
    projlen=127: 41347 braids
    projlen=128: 248523 braids
    projlen=129: 654576 braids
    projlen=130: 667960 braids
    projlen=131: 270536 braids
  Braids kept: 52792 (in 7 buckets, 2.21 GB)
  ⚡ Timing: matmul=2.46s, sampling=1.03s, total=34.12s

============================================================
Level 103 - SAMPLING
============================================================
  Starting braids: 22000
  Candidates to generate: 1801404
  Processing in 26 chunks...
  Projlen distribution:
    projlen=122: 18 braids
    projlen=123: 764 braids
    projlen=124: 15773 braids
    projlen=125: 130212 braids
    projlen=126: 474088 braids
    projlen=127: 747241 braids
    projlen=128: 433308 braids
  Braids kept: 50782 (in 7 buckets, 2.12 GB)
  ⚡ Timing: matmul=2.25s, sampling=1.00s, total=32.88s

============================================================
Level 104 - SAMPLING
============================================================
  Starting braids: 22000
  Candidates to generate: 1792965
  Processing in 26 chunks...
