The following modules were not unloaded:
  (Use "module --force purge" to unload all):

  1) StdEnv
Traceback (most recent call last):
  File "/nfs/roberts/project/pi_com36/com36/burau-experiments/beta/src/find_kernel.py", line 383, in <module>
    find_kernel(
  File "/nfs/roberts/project/pi_com36/com36/burau-experiments/beta/src/find_kernel.py", line 243, in find_kernel
    kernel_braids = search.run()
                    ^^^^^^^^^^^^
  File "/nfs/roberts/project/pi_com36/com36/burau-experiments/beta/src/braid_search.py", line 605, in run
    success = self.process_level(level)
              ^^^^^^^^^^^^^^^^^^^^^^^^^
  File "/nfs/roberts/project/pi_com36/com36/burau-experiments/beta/src/braid_search.py", line 539, in process_level
    chunk_matrices, chunk_words, chunk_lengths = self.expand_and_multiply_chunk(
                                                 ^^^^^^^^^^^^^^^^^^^^^^^^^^^^^^^
  File "/nfs/roberts/project/pi_com36/com36/burau-experiments/beta/src/braid_search.py", line 464, in expand_and_multiply_chunk
    new_matrices = self.fast_matmul.matmul_batch(
                   ^^^^^^^^^^^^^^^^^^^^^^^^^^^^^^
  File "/nfs/roberts/project/pi_com36/com36/burau-experiments/beta/src/braid_search.py", line 118, in matmul_batch
    C = torch.zeros(N, self.dim, self.dim, self.out_D, 
        ^^^^^^^^^^^^^^^^^^^^^^^^^^^^^^^^^^^^^^^^^^^^^^
torch.OutOfMemoryError: CUDA out of memory. Tried to allocate 21.57 GiB. GPU 0 has a total capacity of 31.48 GiB of which 19.66 GiB is free. Including non-PyTorch memory, this process has 11.82 GiB memory in use. Of the allocated memory 11.37 GiB is allocated by PyTorch, and 82.18 MiB is reserved by PyTorch but unallocated. If reserved but unallocated memory is large try setting PYTORCH_CUDA_ALLOC_CONF=expandable_segments:True to avoid fragmentation.  See documentation for Memory Management  (https://pytorch.org/docs/stable/notes/cuda.html#environment-variables)
