============================================================
SEARCHING FOR KERNEL ELEMENTS
============================================================
Braid group: B_6
Representation: (4, 2)
Dimension: 9
Number of simples: 720
Prime: 3
Device: cuda
Bucket size: 10000
Max length: 127
Bootstrap length: 2
Degree multiplier: 2
Degree window: [0, 254] (255 coeffs)
Use best: 20000
Expansion chunk size: 70000
Matmul chunk size: 8500

Loaded tables from precomputed_tables/tables_B6_r2_p3.pt
  Braid group: B_6
  Representation: (4, 2), dimension 9
  Number of simples: 720
  Degree window: [0, 254] (255 coefficients) - NON-NEGATIVE ONLY
✓ Identity matrix verified (at degree 0)

Precomputing FFTs of simple matrices...
  dim=9, D=255, out_D=509, fft_size=512
  FFT cache: 119.9 MB
Initialized with identity braid
Braid group: B_6
Representation: (4, 2), dimension 9
Degree window: [0, 254] (255 coefficients) - NON-NEGATIVE ONLY
FFT size: 512
Storage types: matrix=torch.int16, word=torch.int32
Config: bucket_size=10000, bootstrap=2, max_length=127, chunk_size=70000, matmul_chunk=8500, use_best=20000
⚡ Ultra-optimized: precomputed FFTs + non-negative degrees only

============================================================
Level 1 - BOOTSTRAP
============================================================
  Starting braids: 1
  Candidates to generate: 718
  Projlen distribution:
    projlen=3: 10 braids
    projlen=4: 28 braids
    projlen=5: 34 braids
    projlen=6: 248 braids
    projlen=7: 398 braids
  Braids kept: 718 (in 5 buckets, 0.03 GB)
  ⚡ Timing: matmul=0.10s, sampling=0.02s, total=0.51s

============================================================
Level 2 - BOOTSTRAP
============================================================
  Starting braids: 718
  Candidates to generate: 89482
  Processing in 2 chunks...
  Projlen distribution:
    projlen=5: 54 braids
    projlen=6: 252 braids
    projlen=7: 1128 braids
    projlen=8: 4276 braids
    projlen=9: 13330 braids
    projlen=10: 17580 braids
    projlen=11: 24830 braids
    projlen=12: 21340 braids
    projlen=13: 6692 braids
  Braids kept: 89482 (in 9 buckets, 3.74 GB)
  ⚡ Timing: matmul=0.94s, sampling=0.05s, total=1.92s

============================================================
Level 3 - SAMPLING
============================================================
  Starting braids: 20000
  Candidates to generate: 1354133
  Processing in 20 chunks...
  Projlen distribution:
    projlen=7: 186 braids
    projlen=8: 1116 braids
    projlen=9: 8626 braids
    projlen=10: 36780 braids
    projlen=11: 143456 braids
    projlen=12: 241354 braids
    projlen=13: 343223 braids
    projlen=14: 390526 braids
    projlen=15: 177505 braids
    projlen=16: 11361 braids
  Braids kept: 79928 (in 10 buckets, 3.34 GB)
  ⚡ Timing: matmul=3.30s, sampling=1.10s, total=26.60s

============================================================
Level 4 - SAMPLING
============================================================
  Starting braids: 20000
  Candidates to generate: 619056
  Processing in 9 chunks...
  Projlen distribution:
    projlen=9: 468 braids
    projlen=10: 3642 braids
    projlen=11: 29377 braids
    projlen=12: 73820 braids
    projlen=13: 125613 braids
    projlen=14: 160934 braids
    projlen=15: 161886 braids
    projlen=16: 62727 braids
    projlen=17: 589 braids
  Braids kept: 64699 (in 9 buckets, 2.71 GB)
  ⚡ Timing: matmul=1.16s, sampling=0.47s, total=11.72s

============================================================
Level 5 - SAMPLING
============================================================
  Starting braids: 20000
  Candidates to generate: 497732
  Processing in 8 chunks...
  Projlen distribution:
    projlen=11: 968 braids
    projlen=12: 7978 braids
    projlen=13: 39814 braids
    projlen=14: 69374 braids
    projlen=15: 108596 braids
    projlen=16: 130085 braids
    projlen=17: 107069 braids
    projlen=18: 33848 braids
  Braids kept: 68946 (in 8 buckets, 2.88 GB)
  ⚡ Timing: matmul=0.60s, sampling=0.39s, total=9.58s

============================================================
Level 6 - SAMPLING
============================================================
  Starting braids: 20000
  Candidates to generate: 400337
  Processing in 6 chunks...
  Projlen distribution:
    projlen=12: 4 braids
    projlen=13: 1934 braids
    projlen=14: 16564 braids
    projlen=15: 54311 braids
    projlen=16: 67453 braids
    projlen=17: 96776 braids
    projlen=18: 104690 braids
    projlen=19: 52113 braids
    projlen=20: 6492 braids
  Braids kept: 68430 (in 9 buckets, 2.86 GB)
  ⚡ Timing: matmul=1.12s, sampling=0.30s, total=7.88s

============================================================
Level 7 - SAMPLING
============================================================
  Starting braids: 20000
  Candidates to generate: 357673
  Processing in 6 chunks...
  Projlen distribution:
    projlen=14: 17 braids
    projlen=15: 3755 braids
    projlen=16: 22617 braids
    projlen=17: 57396 braids
    projlen=18: 65598 braids
    projlen=19: 89254 braids
    projlen=20: 86549 braids
    projlen=21: 32487 braids
  Braids kept: 63772 (in 8 buckets, 2.67 GB)
  ⚡ Timing: matmul=0.55s, sampling=0.28s, total=7.03s

============================================================
Level 8 - SAMPLING
============================================================
  Starting braids: 20000
  Candidates to generate: 340517
  Processing in 5 chunks...
  Projlen distribution:
    projlen=16: 34 braids
    projlen=17: 7236 braids
    projlen=18: 26130 braids
    projlen=19: 57619 braids
    projlen=20: 64265 braids
    projlen=21: 85945 braids
    projlen=22: 73368 braids
    projlen=23: 25920 braids
  Braids kept: 67270 (in 8 buckets, 2.81 GB)
  ⚡ Timing: matmul=0.92s, sampling=0.25s, total=6.58s

============================================================
Level 9 - SAMPLING
============================================================
  Starting braids: 20000
  Candidates to generate: 309330
  Processing in 5 chunks...
  Projlen distribution:
    projlen=18: 57 braids
    projlen=19: 13897 braids
    projlen=20: 32034 braids
    projlen=21: 58624 braids
    projlen=22: 60261 braids
    projlen=23: 81956 braids
    projlen=24: 51012 braids
    projlen=25: 11489 braids
  Braids kept: 70057 (in 8 buckets, 2.93 GB)
  ⚡ Timing: matmul=0.53s, sampling=0.24s, total=5.93s

============================================================
Level 10 - SAMPLING
============================================================
  Starting braids: 20000
  Candidates to generate: 281669
  Processing in 5 chunks...
  Projlen distribution:
    projlen=20: 87 braids
    projlen=21: 19249 braids
    projlen=22: 35854 braids
    projlen=23: 59645 braids
    projlen=24: 54957 braids
    projlen=25: 76684 braids
    projlen=26: 35193 braids
  Braids kept: 60087 (in 7 buckets, 2.51 GB)
  ⚡ Timing: matmul=0.26s, sampling=0.22s, total=5.38s

============================================================
Level 11 - SAMPLING
============================================================
  Starting braids: 20000
  Candidates to generate: 275708
  Processing in 4 chunks...
  Projlen distribution:
    projlen=22: 135 braids
    projlen=23: 19335 braids
    projlen=24: 34732 braids
    projlen=25: 60195 braids
    projlen=26: 51564 braids
    projlen=27: 73860 braids
    projlen=28: 35887 braids
  Braids kept: 60135 (in 7 buckets, 2.51 GB)
  ⚡ Timing: matmul=0.79s, sampling=0.20s, total=5.16s

============================================================
Level 12 - SAMPLING
============================================================
  Starting braids: 20000
  Candidates to generate: 272043
  Processing in 4 chunks...
  Projlen distribution:
    projlen=23: 9 braids
    projlen=24: 197 braids
    projlen=25: 19441 braids
    projlen=26: 34419 braids
    projlen=27: 60131 braids
    projlen=28: 50212 braids
    projlen=29: 72096 braids
    projlen=30: 35538 braids
  Braids kept: 60206 (in 8 buckets, 2.52 GB)
  ⚡ Timing: matmul=0.78s, sampling=0.20s, total=5.24s

============================================================
Level 13 - SAMPLING
============================================================
  Starting braids: 20000
  Candidates to generate: 271469
  Processing in 4 chunks...
  Projlen distribution:
    projlen=24: 1 braids
    projlen=25: 37 braids
    projlen=26: 337 braids
    projlen=27: 19896 braids
    projlen=28: 34609 braids
    projlen=29: 60205 braids
    projlen=30: 50301 braids
    projlen=31: 70526 braids
    projlen=32: 35557 braids
  Braids kept: 60375 (in 9 buckets, 2.53 GB)
  ⚡ Timing: matmul=0.80s, sampling=0.20s, total=5.31s

============================================================
Level 14 - SAMPLING
============================================================
  Starting braids: 20000
  Candidates to generate: 277879
  Processing in 4 chunks...
  Projlen distribution:
    projlen=26: 1 braids
    projlen=27: 76 braids
    projlen=28: 699 braids
    projlen=29: 20716 braids
    projlen=30: 35815 braids
    projlen=31: 61494 braids
    projlen=32: 52389 braids
    projlen=33: 71558 braids
    projlen=34: 35131 braids
  Braids kept: 60776 (in 9 buckets, 2.54 GB)
  ⚡ Timing: matmul=0.82s, sampling=0.19s, total=5.36s

============================================================
Level 15 - SAMPLING
============================================================
  Starting braids: 20000
  Candidates to generate: 289489
  Processing in 5 chunks...
  Projlen distribution:
    projlen=28: 1 braids
    projlen=29: 129 braids
    projlen=30: 1520 braids
    projlen=31: 22515 braids
    projlen=32: 38399 braids
    projlen=33: 63790 braids
    projlen=34: 56835 braids
    projlen=35: 72539 braids
    projlen=36: 33761 braids
  Braids kept: 61650 (in 9 buckets, 2.58 GB)
  ⚡ Timing: matmul=0.38s, sampling=0.22s, total=5.67s

============================================================
Level 16 - SAMPLING
============================================================
  Starting braids: 20000
  Candidates to generate: 310139
  Processing in 5 chunks...
  Projlen distribution:
    projlen=30: 4 braids
    projlen=31: 188 braids
    projlen=32: 3229 braids
    projlen=33: 25826 braids
    projlen=34: 42500 braids
    projlen=35: 66927 braids
    projlen=36: 64182 braids
    projlen=37: 75002 braids
    projlen=38: 32281 braids
  Braids kept: 63421 (in 9 buckets, 2.65 GB)
  ⚡ Timing: matmul=0.49s, sampling=0.23s, total=5.95s

============================================================
Level 17 - SAMPLING
============================================================
  Starting braids: 20000
  Candidates to generate: 320884
  Processing in 5 chunks...
  Projlen distribution:
    projlen=31: 1 braids
    projlen=32: 13 braids
    projlen=33: 301 braids
    projlen=34: 6863 braids
    projlen=35: 31863 braids
    projlen=36: 48211 braids
    projlen=37: 70000 braids
    projlen=38: 69589 braids
    projlen=39: 68375 braids
    projlen=40: 25668 braids
  Braids kept: 67178 (in 10 buckets, 2.81 GB)
  ⚡ Timing: matmul=0.67s, sampling=0.24s, total=6.15s

============================================================
Level 18 - SAMPLING
============================================================
  Starting braids: 20000
  Candidates to generate: 333379
  Processing in 5 chunks...
  Projlen distribution:
    projlen=33: 3 braids
    projlen=34: 41 braids
    projlen=35: 530 braids
    projlen=36: 14584 braids
    projlen=37: 44509 braids
    projlen=38: 57070 braids
    projlen=39: 75481 braids
    projlen=40: 77352 braids
    projlen=41: 51558 braids
    projlen=42: 12251 braids
  Braids kept: 70574 (in 10 buckets, 2.95 GB)
  ⚡ Timing: matmul=0.72s, sampling=0.26s, total=6.30s

============================================================
Level 19 - SAMPLING
============================================================
  Starting braids: 20000
  Candidates to generate: 322121
  Processing in 5 chunks...
  Projlen distribution:
    projlen=35: 6 braids
    projlen=36: 89 braids
    projlen=37: 973 braids
    projlen=38: 21459 braids
    projlen=39: 53837 braids
    projlen=40: 62321 braids
    projlen=41: 77848 braids
    projlen=42: 76804 braids
    projlen=43: 28784 braids
  Braids kept: 61068 (in 9 buckets, 2.55 GB)
  ⚡ Timing: matmul=0.79s, sampling=0.24s, total=6.31s

============================================================
Level 20 - SAMPLING
============================================================
  Starting braids: 20000
  Candidates to generate: 325364
  Processing in 5 chunks...
  Projlen distribution:
    projlen=37: 13 braids
    projlen=38: 181 braids
    projlen=39: 1869 braids
    projlen=40: 23005 braids
    projlen=41: 54786 braids
    projlen=42: 64667 braids
    projlen=43: 79420 braids
    projlen=44: 75419 braids
    projlen=45: 26004 braids
  Braids kept: 62063 (in 9 buckets, 2.60 GB)
  ⚡ Timing: matmul=0.74s, sampling=0.24s, total=6.59s

============================================================
Level 21 - SAMPLING
============================================================
  Starting braids: 20000
  Candidates to generate: 335295
  Processing in 5 chunks...
  Projlen distribution:
    projlen=39: 22 braids
    projlen=40: 338 braids
    projlen=41: 3665 braids
    projlen=42: 25646 braids
    projlen=43: 56939 braids
    projlen=44: 67597 braids
    projlen=45: 82722 braids
    projlen=46: 73941 braids
    projlen=47: 24425 braids
  Braids kept: 64025 (in 9 buckets, 2.68 GB)
  ⚡ Timing: matmul=0.74s, sampling=0.25s, total=6.40s

============================================================
Level 22 - SAMPLING
============================================================
  Starting braids: 20000
  Candidates to generate: 345147
  Processing in 5 chunks...
  Projlen distribution:
    projlen=41: 49 braids
    projlen=42: 609 braids
    projlen=43: 7150 braids
    projlen=44: 31586 braids
    projlen=45: 60768 braids
    projlen=46: 70428 braids
    projlen=47: 85665 braids
    projlen=48: 68938 braids
    projlen=49: 19954 braids
  Braids kept: 67808 (in 9 buckets, 2.84 GB)
  ⚡ Timing: matmul=0.99s, sampling=0.25s, total=6.67s

============================================================
Level 23 - SAMPLING
============================================================
  Starting braids: 20000
  Candidates to generate: 329240
  Processing in 5 chunks...
  Projlen distribution:
    projlen=41: 9 braids
    projlen=42: 28 braids
    projlen=43: 136 braids
    projlen=44: 1285 braids
    projlen=45: 13927 braids
    projlen=46: 43036 braids
    projlen=47: 64266 braids
    projlen=48: 70191 braids
    projlen=49: 80991 braids
    projlen=50: 47171 braids
  Braids kept: 69658 (in 11 buckets, 2.91 GB)
  ⚡ Timing: matmul=0.90s, sampling=0.25s, total=6.59s

============================================================
Level 24 - SAMPLING
============================================================
  Starting braids: 20000
  Candidates to generate: 323222
  Processing in 5 chunks...
  Projlen distribution:
    projlen=41: 2 braids
    projlen=42: 23 braids
    projlen=43: 88 braids
    projlen=44: 203 braids
    projlen=45: 617 braids
    projlen=46: 3429 braids
    projlen=47: 22906 braids
    projlen=48: 55574 braids
    projlen=49: 70025 braids
    projlen=50: 71933 braids
  Braids kept: 64362 (in 12 buckets, 2.69 GB)
  ⚡ Timing: matmul=0.65s, sampling=0.24s, total=6.14s

============================================================
Level 25 - SAMPLING
============================================================
  Starting braids: 20000
  Candidates to generate: 397307
  Processing in 6 chunks...
  Projlen distribution:
    projlen=42: 2 braids
    projlen=43: 25 braids
    projlen=44: 177 braids
    projlen=45: 763 braids
    projlen=46: 2179 braids
    projlen=47: 5599 braids
    projlen=48: 15285 braids
    projlen=49: 41886 braids
    projlen=50: 69818 braids
    projlen=51: 82632 braids
  Braids kept: 78745 (in 13 buckets, 3.29 GB)
  ⚡ Timing: matmul=0.89s, sampling=0.32s, total=7.74s

============================================================
Level 26 - SAMPLING
============================================================
  Starting braids: 20000
  Candidates to generate: 757287
  Processing in 11 chunks...
  Projlen distribution:
    projlen=43: 9 braids
    projlen=44: 39 braids
    projlen=45: 164 braids
    projlen=46: 955 braids
    projlen=47: 4710 braids
    projlen=48: 17023 braids
    projlen=49: 51404 braids
    projlen=50: 108447 braids
    projlen=51: 159296 braids
    projlen=52: 181394 braids
  Braids kept: 81562 (in 13 buckets, 3.41 GB)
  ⚡ Timing: matmul=1.83s, sampling=0.62s, total=14.57s

============================================================
Level 27 - SAMPLING
============================================================
  Starting braids: 20000
  Candidates to generate: 570814
  Processing in 9 chunks...
  Projlen distribution:
    projlen=44: 2 braids
    projlen=45: 24 braids
    projlen=46: 175 braids
    projlen=47: 837 braids
    projlen=48: 4587 braids
    projlen=49: 21741 braids
    projlen=50: 63264 braids
    projlen=51: 104070 braids
    projlen=52: 125917 braids
    projlen=53: 138716 braids
  Braids kept: 75625 (in 12 buckets, 3.16 GB)
  ⚡ Timing: matmul=1.06s, sampling=0.47s, total=11.30s

============================================================
Level 28 - SAMPLING
============================================================
  Starting braids: 20000
  Candidates to generate: 455224
  Processing in 7 chunks...
  Projlen distribution:
    projlen=46: 2 braids
    projlen=47: 52 braids
    projlen=48: 533 braids
    projlen=49: 3095 braids
    projlen=50: 16319 braids
    projlen=51: 51239 braids
    projlen=52: 81104 braids
    projlen=53: 97710 braids
    projlen=54: 109410 braids
    projlen=55: 76313 braids
  Braids kept: 73682 (in 11 buckets, 3.08 GB)
  ⚡ Timing: matmul=1.05s, sampling=0.36s, total=9.08s

============================================================
Level 29 - SAMPLING
============================================================
  Starting braids: 20000
  Candidates to generate: 402717
  Processing in 6 chunks...
  Projlen distribution:
    projlen=48: 2 braids
    projlen=49: 117 braids
    projlen=50: 1466 braids
    projlen=51: 10359 braids
    projlen=52: 40516 braids
    projlen=53: 73397 braids
    projlen=54: 84635 braids
    projlen=55: 94422 braids
    projlen=56: 73917 braids
    projlen=57: 23886 braids
  Braids kept: 71585 (in 10 buckets, 2.99 GB)
  ⚡ Timing: matmul=1.18s, sampling=0.31s, total=7.78s

============================================================
Level 30 - SAMPLING
============================================================
  Starting braids: 20000
  Candidates to generate: 383542
  Processing in 6 chunks...
  Projlen distribution:
    projlen=50: 6 braids
    projlen=51: 271 braids
    projlen=52: 4045 braids
    projlen=53: 30258 braids
    projlen=54: 68361 braids
    projlen=55: 81104 braids
    projlen=56: 90323 braids
    projlen=57: 81146 braids
    projlen=58: 28028 braids
  Braids kept: 64322 (in 9 buckets, 2.69 GB)
  ⚡ Timing: matmul=0.69s, sampling=0.29s, total=7.51s

============================================================
Level 31 - SAMPLING
============================================================
  Starting braids: 20000
  Candidates to generate: 379037
  Processing in 6 chunks...
  Projlen distribution:
    projlen=52: 19 braids
    projlen=53: 559 braids
    projlen=54: 9527 braids
    projlen=55: 38575 braids
    projlen=56: 68633 braids
    projlen=57: 80031 braids
    projlen=58: 88096 braids
    projlen=59: 71438 braids
    projlen=60: 22159 braids
  Braids kept: 70105 (in 9 buckets, 2.93 GB)
  ⚡ Timing: matmul=0.56s, sampling=0.29s, total=7.22s

============================================================
Level 32 - SAMPLING
============================================================
  Starting braids: 20000
  Candidates to generate: 321050
  Processing in 5 chunks...
  Projlen distribution:
    projlen=53: 1 braids
    projlen=54: 39 braids
    projlen=55: 1121 braids
    projlen=56: 21405 braids
    projlen=57: 57845 braids
    projlen=58: 68056 braids
    projlen=59: 74392 braids
    projlen=60: 71128 braids
    projlen=61: 27063 braids
  Braids kept: 61161 (in 9 buckets, 2.56 GB)
  ⚡ Timing: matmul=0.61s, sampling=0.24s, total=6.22s

============================================================
Level 33 - SAMPLING
============================================================
  Starting braids: 20000
  Candidates to generate: 322788
  Processing in 5 chunks...
  Projlen distribution:
    projlen=55: 3 braids
    projlen=56: 79 braids
    projlen=57: 2074 braids
    projlen=58: 24089 braids
    projlen=59: 58754 braids
    projlen=60: 68214 braids
    projlen=61: 76015 braids
    projlen=62: 68809 braids
    projlen=63: 24751 braids
  Braids kept: 62156 (in 9 buckets, 2.60 GB)
  ⚡ Timing: matmul=0.62s, sampling=0.24s, total=6.17s

============================================================
Level 34 - SAMPLING
============================================================
  Starting braids: 20000
  Candidates to generate: 327777
  Processing in 5 chunks...
  Projlen distribution:
    projlen=57: 6 braids
    projlen=58: 147 braids
    projlen=59: 3853 braids
    projlen=60: 27359 braids
    projlen=61: 59185 braids
    projlen=62: 69305 braids
    projlen=63: 77161 braids
    projlen=64: 66797 braids
    projlen=65: 23964 braids
  Braids kept: 64006 (in 9 buckets, 2.68 GB)
  ⚡ Timing: matmul=0.78s, sampling=0.25s, total=6.26s

============================================================
Level 35 - SAMPLING
============================================================
  Starting braids: 20000
  Candidates to generate: 334722
  Processing in 5 chunks...
  Projlen distribution:
    projlen=59: 14 braids
    projlen=60: 264 braids
    projlen=61: 7283 braids
    projlen=62: 33700 braids
    projlen=63: 60799 braids
    projlen=64: 72148 braids
    projlen=65: 80524 braids
    projlen=66: 60694 braids
    projlen=67: 19296 braids
  Braids kept: 67561 (in 9 buckets, 2.83 GB)
  ⚡ Timing: matmul=0.84s, sampling=0.25s, total=6.45s

============================================================
Level 36 - SAMPLING
============================================================
  Starting braids: 20000
  Candidates to generate: 330399
  Processing in 5 chunks...
  Projlen distribution:
    projlen=61: 28 braids
    projlen=62: 500 braids
    projlen=63: 13853 braids
    projlen=64: 45685 braids
    projlen=65: 63879 braids
    projlen=66: 75737 braids
    projlen=67: 79564 braids
    projlen=68: 42200 braids
    projlen=69: 8953 braids
  Braids kept: 69481 (in 9 buckets, 2.91 GB)
  ⚡ Timing: matmul=0.71s, sampling=0.25s, total=6.38s

============================================================
Level 37 - SAMPLING
============================================================
  Starting braids: 20000
  Candidates to generate: 322224
  Processing in 5 chunks...
  Projlen distribution:
    projlen=62: 3 braids
    projlen=63: 53 braids
    projlen=64: 926 braids
    projlen=65: 19494 braids
    projlen=66: 54477 braids
    projlen=67: 66436 braids
    projlen=68: 78002 braids
    projlen=69: 77437 braids
    projlen=70: 25396 braids
  Braids kept: 60982 (in 9 buckets, 2.55 GB)
  ⚡ Timing: matmul=0.66s, sampling=0.24s, total=6.22s

============================================================
Level 38 - SAMPLING
============================================================
  Starting braids: 20000
  Candidates to generate: 330550
  Processing in 5 chunks...
  Projlen distribution:
    projlen=64: 3 braids
    projlen=65: 98 braids
    projlen=66: 1604 braids
    projlen=67: 21027 braids
    projlen=68: 55439 braids
    projlen=69: 68204 braids
    projlen=70: 80745 braids
    projlen=71: 77888 braids
    projlen=72: 25542 braids
  Braids kept: 61705 (in 9 buckets, 2.58 GB)
  ⚡ Timing: matmul=0.79s, sampling=0.24s, total=6.36s

============================================================
Level 39 - SAMPLING
============================================================
  Starting braids: 20000
  Candidates to generate: 335773
  Processing in 5 chunks...
  Projlen distribution:
    projlen=66: 3 braids
    projlen=67: 160 braids
    projlen=68: 2751 braids
    projlen=69: 23502 braids
    projlen=70: 56609 braids
    projlen=71: 69478 braids
    projlen=72: 81127 braids
    projlen=73: 76544 braids
    projlen=74: 25599 braids
  Braids kept: 62914 (in 9 buckets, 2.63 GB)
  ⚡ Timing: matmul=0.82s, sampling=0.25s, total=6.42s

============================================================
Level 40 - SAMPLING
============================================================
  Starting braids: 20000
  Candidates to generate: 334954
  Processing in 5 chunks...
  Projlen distribution:
    projlen=68: 4 braids
    projlen=69: 242 braids
    projlen=70: 4600 braids
    projlen=71: 27263 braids
    projlen=72: 57823 braids
    projlen=73: 70135 braids
    projlen=74: 80617 braids
    projlen=75: 71520 braids
    projlen=76: 22750 braids
  Braids kept: 64846 (in 9 buckets, 2.71 GB)
  ⚡ Timing: matmul=0.76s, sampling=0.25s, total=6.43s

============================================================
Level 41 - SAMPLING
============================================================
  Starting braids: 20000
  Candidates to generate: 337268
  Processing in 5 chunks...
  Projlen distribution:
    projlen=70: 9 braids
    projlen=71: 357 braids
    projlen=72: 7652 braids
    projlen=73: 33793 braids
    projlen=74: 59490 braids
    projlen=75: 70424 braids
    projlen=76: 82405 braids
    projlen=77: 64648 braids
    projlen=78: 18490 braids
  Braids kept: 68018 (in 9 buckets, 2.84 GB)
  ⚡ Timing: matmul=0.93s, sampling=0.25s, total=6.51s

============================================================
Level 42 - SAMPLING
============================================================
  Starting braids: 20000
  Candidates to generate: 315832
  Processing in 5 chunks...
  Projlen distribution:
    projlen=71: 5 braids
    projlen=72: 30 braids
    projlen=73: 557 braids
    projlen=74: 12640 braids
    projlen=75: 44000 braids
    projlen=76: 61223 braids
    projlen=77: 68310 braids
    projlen=78: 78390 braids
    projlen=79: 43590 braids
    projlen=80: 7087 braids
  Braids kept: 67679 (in 10 buckets, 2.83 GB)
  ⚡ Timing: matmul=0.73s, sampling=0.25s, total=6.23s

============================================================
Level 43 - SAMPLING
============================================================
  Starting braids: 20000
  Candidates to generate: 303538
  Processing in 5 chunks...
  Projlen distribution:
    projlen=73: 21 braids
    projlen=74: 143 braids
    projlen=75: 1128 braids
    projlen=76: 17299 braids
    projlen=77: 51548 braids
    projlen=78: 61880 braids
    projlen=79: 68172 braids
    projlen=80: 75147 braids
    projlen=81: 28200 braids
  Braids kept: 61292 (in 9 buckets, 2.56 GB)
  ⚡ Timing: matmul=0.50s, sampling=0.23s, total=5.93s

============================================================
Level 44 - SAMPLING
============================================================
  Starting braids: 20000
  Candidates to generate: 330482
  Processing in 5 chunks...
  Projlen distribution:
    projlen=74: 3 braids
    projlen=75: 72 braids
    projlen=76: 563 braids
    projlen=77: 3271 braids
    projlen=78: 21706 braids
    projlen=79: 55835 braids
    projlen=80: 67746 braids
    projlen=81: 75997 braids
    projlen=82: 77699 braids
    projlen=83: 27590 braids
  Braids kept: 63909 (in 10 buckets, 2.67 GB)
  ⚡ Timing: matmul=0.77s, sampling=0.24s, total=6.38s

============================================================
Level 45 - SAMPLING
============================================================
  Starting braids: 20000
  Candidates to generate: 396061
  Processing in 6 chunks...
  Projlen distribution:
    projlen=76: 14 braids
    projlen=77: 259 braids
    projlen=78: 1996 braids
    projlen=79: 11390 braids
    projlen=80: 37283 braids
    projlen=81: 71283 braids
    projlen=82: 85259 braids
    projlen=83: 91254 braids
    projlen=84: 74893 braids
    projlen=85: 22430 braids
  Braids kept: 72269 (in 10 buckets, 3.02 GB)
  ⚡ Timing: matmul=0.82s, sampling=0.31s, total=7.69s

============================================================
Level 46 - SAMPLING
============================================================
  Starting braids: 20000
  Candidates to generate: 437432
  Processing in 7 chunks...
  Projlen distribution:
    projlen=78: 38 braids
    projlen=79: 832 braids
    projlen=80: 6353 braids
    projlen=81: 34551 braids
    projlen=82: 72079 braids
    projlen=83: 92511 braids
    projlen=84: 106009 braids
    projlen=85: 92894 braids
    projlen=86: 32165 braids
  Braids kept: 67223 (in 9 buckets, 2.81 GB)
  ⚡ Timing: matmul=0.72s, sampling=0.34s, total=8.65s

============================================================
Level 47 - SAMPLING
============================================================
  Starting braids: 20000
  Candidates to generate: 408187
  Processing in 6 chunks...
  Projlen distribution:
    projlen=79: 5 braids
    projlen=80: 120 braids
    projlen=81: 2407 braids
    projlen=82: 17812 braids
    projlen=83: 53086 braids
    projlen=84: 77536 braids
    projlen=85: 90083 braids
    projlen=86: 94661 braids
    projlen=87: 59635 braids
    projlen=88: 12842 braids
  Braids kept: 72532 (in 10 buckets, 3.03 GB)
  ⚡ Timing: matmul=1.04s, sampling=0.32s, total=7.89s

============================================================
Level 48 - SAMPLING
============================================================
  Starting braids: 20000
  Candidates to generate: 383109
  Processing in 6 chunks...
  Projlen distribution:
    projlen=81: 25 braids
    projlen=82: 394 braids
    projlen=83: 6211 braids
    projlen=84: 32746 braids
    projlen=85: 67423 braids
    projlen=86: 80870 braids
    projlen=87: 89308 braids
    projlen=88: 79939 braids
    projlen=89: 26193 braids
  Braids kept: 66630 (in 9 buckets, 2.79 GB)
  ⚡ Timing: matmul=0.85s, sampling=0.29s, total=7.52s

============================================================
Level 49 - SAMPLING
============================================================
  Starting braids: 20000
  Candidates to generate: 382753
  Processing in 6 chunks...
  Projlen distribution:
    projlen=82: 1 braids
    projlen=83: 102 braids
    projlen=84: 1179 braids
    projlen=85: 15935 braids
    projlen=86: 49851 braids
    projlen=87: 74419 braids
    projlen=88: 85470 braids
    projlen=89: 85409 braids
    projlen=90: 56490 braids
    projlen=91: 13897 braids
  Braids kept: 71282 (in 10 buckets, 2.98 GB)
  ⚡ Timing: matmul=0.65s, sampling=0.30s, total=7.33s

============================================================
Level 50 - SAMPLING
============================================================
  Starting braids: 20000
  Candidates to generate: 374497
  Processing in 6 chunks...
  Projlen distribution:
    projlen=84: 8 braids
    projlen=85: 271 braids
    projlen=86: 3147 braids
    projlen=87: 27755 braids
    projlen=88: 66098 braids
    projlen=89: 79219 braids
    projlen=90: 89243 braids
    projlen=91: 80467 braids
    projlen=92: 28289 braids
  Braids kept: 63426 (in 9 buckets, 2.65 GB)
  ⚡ Timing: matmul=0.80s, sampling=0.29s, total=7.45s

============================================================
Level 51 - SAMPLING
============================================================
  Starting braids: 20000
  Candidates to generate: 390716
  Processing in 6 chunks...
  Projlen distribution:
    projlen=85: 1 braids
    projlen=86: 32 braids
    projlen=87: 668 braids
    projlen=88: 7672 braids
    projlen=89: 36493 braids
    projlen=90: 70256 braids
    projlen=91: 84420 braids
    projlen=92: 92897 braids
    projlen=93: 74758 braids
    projlen=94: 23519 braids
  Braids kept: 68373 (in 10 buckets, 2.86 GB)
  ⚡ Timing: matmul=0.78s, sampling=0.30s, total=7.60s

============================================================
Level 52 - SAMPLING
============================================================
  Starting braids: 20000
  Candidates to generate: 383526
  Processing in 6 chunks...
  Projlen distribution:
    projlen=87: 10 braids
    projlen=88: 120 braids
    projlen=89: 1617 braids
    projlen=90: 18259 braids
    projlen=91: 55318 braids
    projlen=92: 76618 braids
    projlen=93: 89032 braids
    projlen=94: 87364 braids
    projlen=95: 47416 braids
    projlen=96: 7772 braids
  Braids kept: 69519 (in 10 buckets, 2.91 GB)
  ⚡ Timing: matmul=0.61s, sampling=0.30s, total=7.44s

============================================================
Level 53 - SAMPLING
============================================================
  Starting braids: 20000
  Candidates to generate: 374748
  Processing in 6 chunks...
  Projlen distribution:
    projlen=89: 29 braids
    projlen=90: 342 braids
    projlen=91: 3680 braids
    projlen=92: 26876 braids
    projlen=93: 64821 braids
    projlen=94: 78650 braids
    projlen=95: 90877 braids
    projlen=96: 80494 braids
    projlen=97: 28979 braids
  Braids kept: 64051 (in 9 buckets, 2.68 GB)
  ⚡ Timing: matmul=0.57s, sampling=0.29s, total=7.34s

============================================================
Level 54 - SAMPLING
============================================================
  Starting braids: 20000
  Candidates to generate: 385765
  Processing in 6 chunks...
  Projlen distribution:
    projlen=91: 64 braids
    projlen=92: 863 braids
    projlen=93: 8369 braids
    projlen=94: 35769 braids
    projlen=95: 69358 braids
    projlen=96: 81920 braids
    projlen=97: 93671 braids
    projlen=98: 72375 braids
    projlen=99: 23376 braids
  Braids kept: 69296 (in 9 buckets, 2.90 GB)
  ⚡ Timing: matmul=0.77s, sampling=0.30s, total=7.45s

============================================================
Level 55 - SAMPLING
============================================================
  Starting braids: 20000
  Candidates to generate: 357020
  Processing in 6 chunks...
  Projlen distribution:
    projlen=93: 133 braids
    projlen=94: 2028 braids
    projlen=95: 19027 braids
    projlen=96: 55093 braids
    projlen=97: 75187 braids
    projlen=98: 81222 braids
    projlen=99: 84050 braids
    projlen=100: 37049 braids
    projlen=101: 3231 braids
  Braids kept: 65392 (in 9 buckets, 2.73 GB)
  ⚡ Timing: matmul=0.34s, sampling=0.28s, total=6.96s

============================================================
Level 56 - SAMPLING
============================================================
  Starting braids: 20000
  Candidates to generate: 351296
  Processing in 6 chunks...
  Projlen distribution:
    projlen=94: 1 braids
    projlen=95: 235 braids
    projlen=96: 4350 braids
    projlen=97: 26258 braids
    projlen=98: 61600 braids
    projlen=99: 75649 braids
    projlen=100: 82021 braids
    projlen=101: 76130 braids
    projlen=102: 25052 braids
  Braids kept: 64586 (in 9 buckets, 2.70 GB)
  ⚡ Timing: matmul=0.44s, sampling=0.28s, total=6.96s

============================================================
Level 57 - SAMPLING
============================================================
  Starting braids: 20000
  Candidates to generate: 354750
  Processing in 6 chunks...
  Projlen distribution:
    projlen=96: 3 braids
    projlen=97: 363 braids
    projlen=98: 8678 braids
    projlen=99: 34413 braids
    projlen=100: 65211 braids
    projlen=101: 77834 braids
    projlen=102: 83221 braids
    projlen=103: 65758 braids
    projlen=104: 19269 braids
  Braids kept: 69044 (in 9 buckets, 2.89 GB)
  ⚡ Timing: matmul=0.31s, sampling=0.27s, total=6.90s

============================================================
Level 58 - SAMPLING
============================================================
  Starting braids: 20000
  Candidates to generate: 336234
  Processing in 5 chunks...
  Projlen distribution:
    projlen=98: 9 braids
    projlen=99: 600 braids
    projlen=100: 16620 braids
    projlen=101: 49473 braids
    projlen=102: 70362 braids
    projlen=103: 79028 braids
    projlen=104: 79796 braids
    projlen=105: 36328 braids
    projlen=106: 4018 braids
  Braids kept: 64627 (in 9 buckets, 2.70 GB)
  ⚡ Timing: matmul=0.84s, sampling=0.25s, total=6.46s

============================================================
Level 59 - SAMPLING
============================================================
  Starting braids: 20000
  Candidates to generate: 339681
  Processing in 5 chunks...
  Projlen distribution:
    projlen=100: 18 braids
    projlen=101: 1022 braids
    projlen=102: 19804 braids
    projlen=103: 54230 braids
    projlen=104: 73454 braids
    projlen=105: 81707 braids
    projlen=106: 80664 braids
    projlen=107: 28782 braids
  Braids kept: 61040 (in 8 buckets, 2.55 GB)
  ⚡ Timing: matmul=0.83s, sampling=0.25s, total=6.45s

============================================================
Level 60 - SAMPLING
============================================================
  Starting braids: 20000
  Candidates to generate: 353499
  Processing in 6 chunks...
  Projlen distribution:
    projlen=101: 1 braids
    projlen=102: 43 braids
    projlen=103: 1780 braids
    projlen=104: 21692 braids
    projlen=105: 56598 braids
    projlen=106: 75883 braids
    projlen=107: 85343 braids
    projlen=108: 83340 braids
    projlen=109: 28819 braids
  Braids kept: 61824 (in 9 buckets, 2.59 GB)
  ⚡ Timing: matmul=0.49s, sampling=0.27s, total=7.01s

============================================================
Level 61 - SAMPLING
============================================================
  Starting braids: 20000
  Candidates to generate: 365169
  Processing in 6 chunks...
  Projlen distribution:
    projlen=103: 5 braids
    projlen=104: 124 braids
    projlen=105: 3319 braids
    projlen=106: 25174 braids
    projlen=107: 59691 braids
    projlen=108: 77286 braids
    projlen=109: 87714 braids
    projlen=110: 83721 braids
    projlen=111: 28135 braids
  Braids kept: 63448 (in 9 buckets, 2.65 GB)
  ⚡ Timing: matmul=0.63s, sampling=0.28s, total=7.23s

============================================================
Level 62 - SAMPLING
============================================================
  Starting braids: 20000
  Candidates to generate: 381143
  Processing in 6 chunks...
  Projlen distribution:
    projlen=104: 1 braids
    projlen=105: 28 braids
    projlen=106: 432 braids
    projlen=107: 6858 braids
    projlen=108: 32771 braids
    projlen=109: 65712 braids
    projlen=110: 81392 braids
    projlen=111: 91016 braids
    projlen=112: 77896 braids
    projlen=113: 25037 braids
  Braids kept: 67319 (in 10 buckets, 2.82 GB)
  ⚡ Timing: matmul=0.69s, sampling=0.29s, total=7.72s

============================================================
Level 63 - SAMPLING
============================================================
  Starting braids: 20000
  Candidates to generate: 393419
  Processing in 6 chunks...
  Projlen distribution:
    projlen=106: 4 braids
    projlen=107: 135 braids
    projlen=108: 1484 braids
    projlen=109: 15536 braids
    projlen=110: 50238 braids
    projlen=111: 75599 braids
    projlen=112: 87682 braids
    projlen=113: 92426 braids
    projlen=114: 58258 braids
    projlen=115: 12057 braids
  Braids kept: 71623 (in 10 buckets, 3.00 GB)
  ⚡ Timing: matmul=0.94s, sampling=0.31s, total=7.72s

============================================================
Level 64 - SAMPLING
============================================================
  Starting braids: 20000
  Candidates to generate: 392493
  Processing in 6 chunks...
  Projlen distribution:
    projlen=107: 2 braids
    projlen=108: 22 braids
    projlen=109: 444 braids
    projlen=110: 4534 braids
    projlen=111: 27886 braids
    projlen=112: 67827 braids
    projlen=113: 83135 braids
    projlen=114: 92639 braids
    projlen=115: 84980 braids
    projlen=116: 31024 braids
  Braids kept: 65002 (in 10 buckets, 2.72 GB)
  ⚡ Timing: matmul=0.71s, sampling=0.30s, total=7.49s

============================================================
Level 65 - SAMPLING
============================================================
  Starting braids: 20000
  Candidates to generate: 427528
  Processing in 7 chunks...
  Projlen distribution:
    projlen=109: 7 braids
    projlen=110: 63 braids
    projlen=111: 1221 braids
    projlen=112: 12300 braids
    projlen=113: 43160 braids
    projlen=114: 79352 braids
    projlen=115: 93121 braids
    projlen=116: 103510 braids
    projlen=117: 73467 braids
    projlen=118: 21327 braids
  Braids kept: 71291 (in 10 buckets, 2.98 GB)
  ⚡ Timing: matmul=0.66s, sampling=0.34s, total=8.44s

============================================================
Level 66 - SAMPLING
============================================================
  Starting braids: 20000
  Candidates to generate: 396140
  Processing in 6 chunks...
  Projlen distribution:
    projlen=111: 14 braids
    projlen=112: 159 braids
    projlen=113: 2871 braids
    projlen=114: 26010 braids
    projlen=115: 65039 braids
    projlen=116: 86272 braids
    projlen=117: 92969 braids
    projlen=118: 90726 braids
    projlen=119: 32080 braids
  Braids kept: 63044 (in 9 buckets, 2.64 GB)
  ⚡ Timing: matmul=0.96s, sampling=0.30s, total=7.69s

============================================================
Level 67 - SAMPLING
============================================================
  Starting braids: 20000
  Candidates to generate: 385853
  Processing in 6 chunks...
  Projlen distribution:
    projlen=113: 28 braids
    projlen=114: 342 braids
    projlen=115: 5787 braids
    projlen=116: 31480 braids
    projlen=117: 65631 braids
    projlen=118: 83746 braids
    projlen=119: 89936 braids
    projlen=120: 81997 braids
    projlen=121: 26906 braids
  Braids kept: 66157 (in 9 buckets, 2.77 GB)
  ⚡ Timing: matmul=0.78s, sampling=0.29s, total=7.47s

============================================================
Level 68 - SAMPLING
============================================================
  Starting braids: 20000
  Candidates to generate: 362143
  Processing in 6 chunks...
  Projlen distribution:
    projlen=115: 59 braids
    projlen=116: 748 braids
    projlen=117: 11266 braids
    projlen=118: 42398 braids
    projlen=119: 67111 braids
    projlen=120: 80295 braids
    projlen=121: 84041 braids
    projlen=122: 60340 braids
    projlen=123: 15885 braids
  Braids kept: 70807 (in 9 buckets, 2.96 GB)
  ⚡ Timing: matmul=0.58s, sampling=0.29s, total=7.23s

============================================================
Level 69 - SAMPLING
============================================================
  Starting braids: 20000
  Candidates to generate: 329271
  Processing in 5 chunks...
  Projlen distribution:
    projlen=117: 145 braids
    projlen=118: 1698 braids
    projlen=119: 19891 braids
    projlen=120: 57235 braids
    projlen=121: 68954 braids
    projlen=122: 75530 braids
    projlen=123: 76491 braids
    projlen=124: 29327 braids
  Braids kept: 61843 (in 8 buckets, 2.59 GB)
  ⚡ Timing: matmul=0.86s, sampling=0.24s, total=6.53s

============================================================
Level 70 - SAMPLING
============================================================
  Starting braids: 20000
  Candidates to generate: 337850
  Processing in 5 chunks...
  Projlen distribution:
    projlen=118: 2 braids
    projlen=119: 353 braids
    projlen=120: 3897 braids
    projlen=121: 24219 braids
    projlen=122: 60517 braids
    projlen=123: 72599 braids
    projlen=124: 77595 braids
    projlen=125: 72791 braids
    projlen=126: 25877 braids
  Braids kept: 64252 (in 9 buckets, 2.69 GB)
  ⚡ Timing: matmul=0.86s, sampling=0.25s, total=6.53s

============================================================
Level 71 - SAMPLING
============================================================
  Starting braids: 20000
  Candidates to generate: 348881
  Processing in 5 chunks...
  Projlen distribution:
    projlen=120: 12 braids
    projlen=121: 817 braids
    projlen=122: 8620 braids
    projlen=123: 32949 braids
    projlen=124: 64400 braids
    projlen=125: 76450 braids
    projlen=126: 80745 braids
    projlen=127: 64439 braids
    projlen=128: 20449 braids
  Braids kept: 69449 (in 9 buckets, 2.90 GB)
  ⚡ Timing: matmul=1.11s, sampling=0.26s, total=6.73s

============================================================
Level 72 - SAMPLING
============================================================
  Starting braids: 20000
  Candidates to generate: 330396
  Processing in 5 chunks...
  Projlen distribution:
    projlen=122: 48 braids
    projlen=123: 1835 braids
    projlen=124: 18374 braids
    projlen=125: 50463 braids
    projlen=126: 70435 braids
    projlen=127: 78617 braids
    projlen=128: 75506 braids
    projlen=129: 32612 braids
    projlen=130: 2506 braids
  Braids kept: 64389 (in 9 buckets, 2.69 GB)
  ⚡ Timing: matmul=0.69s, sampling=0.25s, total=6.33s

============================================================
Level 73 - SAMPLING
============================================================
  Starting braids: 20000
  Candidates to generate: 333427
  Processing in 5 chunks...
  Projlen distribution:
    projlen=123: 2 braids
    projlen=124: 141 braids
    projlen=125: 3703 braids
    projlen=126: 24227 braids
    projlen=127: 55380 braids
    projlen=128: 72967 braids
    projlen=129: 81618 braids
    projlen=130: 71991 braids
    projlen=131: 23398 braids
  Braids kept: 63846 (in 9 buckets, 2.67 GB)
  ⚡ Timing: matmul=0.85s, sampling=0.25s, total=6.58s

============================================================
Level 74 - SAMPLING
============================================================
  Starting braids: 20000
  Candidates to generate: 345090
  Processing in 5 chunks...
  Projlen distribution:
    projlen=125: 3 braids
    projlen=126: 340 braids
    projlen=127: 7061 braids
    projlen=128: 30996 braids
    projlen=129: 58750 braids
    projlen=130: 75277 braids
    projlen=131: 83162 braids
    projlen=132: 69024 braids
    projlen=133: 20477 braids
  Braids kept: 67404 (in 9 buckets, 2.82 GB)
  ⚡ Timing: matmul=0.93s, sampling=0.25s, total=6.71s

============================================================
Level 75 - SAMPLING
============================================================
  Starting braids: 20000
  Candidates to generate: 343867
  Processing in 5 chunks...
  Projlen distribution:
    projlen=127: 5 braids
    projlen=128: 723 braids
    projlen=129: 13043 braids
    projlen=130: 43845 braids
    projlen=131: 63075 braids
    projlen=132: 78044 braids
    projlen=133: 83188 braids
    projlen=134: 51759 braids
    projlen=135: 10185 braids
  Braids kept: 70728 (in 9 buckets, 2.96 GB)
  ⚡ Timing: matmul=1.02s, sampling=0.26s, total=6.64s

============================================================
Level 76 - SAMPLING
============================================================
  Starting braids: 20000
  Candidates to generate: 323026
  Processing in 5 chunks...
  Projlen distribution:
    projlen=129: 7 braids
    projlen=130: 1341 braids
    projlen=131: 18872 braids
    projlen=132: 54897 braids
    projlen=133: 64823 braids
    projlen=134: 77602 braids
    projlen=135: 75895 braids
    projlen=136: 29589 braids
  Braids kept: 61348 (in 8 buckets, 2.57 GB)
  ⚡ Timing: matmul=0.93s, sampling=0.24s, total=6.35s

============================================================
Level 77 - SAMPLING
============================================================
  Starting braids: 20000
  Candidates to generate: 327929
  Processing in 5 chunks...
  Projlen distribution:
    projlen=131: 9 braids
    projlen=132: 2143 braids
    projlen=133: 20656 braids
    projlen=134: 57363 braids
    projlen=135: 65577 braids
    projlen=136: 78654 braids
    projlen=137: 75148 braids
    projlen=138: 28379 braids
  Braids kept: 62152 (in 8 buckets, 2.60 GB)
  ⚡ Timing: matmul=0.71s, sampling=0.24s, total=6.26s

============================================================
Level 78 - SAMPLING
============================================================
  Starting braids: 20000
  Candidates to generate: 333684
  Processing in 5 chunks...
  Projlen distribution:
    projlen=133: 16 braids
    projlen=134: 3124 braids
    projlen=135: 23109 braids
    projlen=136: 58419 braids
    projlen=137: 65883 braids
    projlen=138: 80812 braids
    projlen=139: 74122 braids
    projlen=140: 28199 braids
  Braids kept: 63140 (in 8 buckets, 2.64 GB)
  ⚡ Timing: matmul=0.80s, sampling=0.25s, total=6.46s

============================================================
Level 79 - SAMPLING
============================================================
  Starting braids: 20000
  Candidates to generate: 330155
  Processing in 5 chunks...
  Projlen distribution:
    projlen=135: 21 braids
    projlen=136: 4254 braids
    projlen=137: 25895 braids
    projlen=138: 59188 braids
    projlen=139: 64498 braids
    projlen=140: 80352 braids
    projlen=141: 70291 braids
    projlen=142: 25656 braids
  Braids kept: 64275 (in 8 buckets, 2.69 GB)
  ⚡ Timing: matmul=0.73s, sampling=0.25s, total=6.36s

============================================================
Level 80 - SAMPLING
============================================================
  Starting braids: 20000
  Candidates to generate: 316906
  Processing in 5 chunks...
  Projlen distribution:
    projlen=137: 30 braids
    projlen=138: 5663 braids
    projlen=139: 29038 braids
    projlen=140: 59048 braids
    projlen=141: 62502 braids
    projlen=142: 78228 braids
    projlen=143: 60949 braids
    projlen=144: 21448 braids
  Braids kept: 65693 (in 8 buckets, 2.75 GB)
  ⚡ Timing: matmul=0.73s, sampling=0.24s, total=6.29s

============================================================
Level 81 - SAMPLING
============================================================
  Starting braids: 20000
  Candidates to generate: 311784
  Processing in 5 chunks...
  Projlen distribution:
    projlen=139: 55 braids
    projlen=140: 7517 braids
    projlen=141: 33243 braids
    projlen=142: 59583 braids
    projlen=143: 62697 braids
    projlen=144: 78474 braids
    projlen=145: 53133 braids
    projlen=146: 17082 braids
  Braids kept: 67572 (in 8 buckets, 2.83 GB)
  ⚡ Timing: matmul=0.63s, sampling=0.23s, total=6.06s

============================================================
Level 82 - SAMPLING
============================================================
  Starting braids: 20000
  Candidates to generate: 302035
  Processing in 5 chunks...
  Projlen distribution:
    projlen=141: 127 braids
    projlen=142: 10135 braids
    projlen=143: 39030 braids
    projlen=144: 61157 braids
    projlen=145: 62774 braids
    projlen=146: 78394 braids
    projlen=147: 40654 braids
    projlen=148: 9764 braids
  Braids kept: 69891 (in 8 buckets, 2.92 GB)
  ⚡ Timing: matmul=0.55s, sampling=0.24s, total=5.98s

============================================================
Level 83 - SAMPLING
============================================================
  Starting braids: 20000
  Candidates to generate: 297950
  Processing in 5 chunks...
  Projlen distribution:
    projlen=143: 288 braids
    projlen=144: 13923 braids
    projlen=145: 47344 braids
    projlen=146: 65348 braids
    projlen=147: 65682 braids
    projlen=148: 80826 braids
    projlen=149: 24539 braids
  Braids kept: 60288 (in 7 buckets, 2.52 GB)
  ⚡ Timing: matmul=0.38s, sampling=0.22s, total=5.77s

============================================================
Level 84 - SAMPLING
============================================================
  Starting braids: 20000
  Candidates to generate: 316767
  Processing in 5 chunks...
  Projlen distribution:
    projlen=145: 566 braids
    projlen=146: 14470 braids
    projlen=147: 48677 braids
    projlen=148: 69117 braids
    projlen=149: 71653 braids
    projlen=150: 85992 braids
    projlen=151: 26292 braids
  Braids kept: 60566 (in 7 buckets, 2.53 GB)
  ⚡ Timing: matmul=0.67s, sampling=0.23s, total=6.11s

============================================================
Level 85 - SAMPLING
============================================================
  Starting braids: 20000
  Candidates to generate: 331304
  Processing in 5 chunks...
  Projlen distribution:
    projlen=147: 947 braids
    projlen=148: 15235 braids
    projlen=149: 50077 braids
    projlen=150: 72187 braids
    projlen=151: 75690 braids
    projlen=152: 89383 braids
    projlen=153: 27785 braids
  Braids kept: 60947 (in 7 buckets, 2.55 GB)
  ⚡ Timing: matmul=0.95s, sampling=0.24s, total=6.45s

============================================================
Level 86 - SAMPLING
============================================================
  Starting braids: 20000
  Candidates to generate: 340809
  Processing in 5 chunks...
  Projlen distribution:
    projlen=148: 2 braids
    projlen=149: 1441 braids
    projlen=150: 15966 braids
    projlen=151: 51060 braids
    projlen=152: 73323 braids
    projlen=153: 79091 braids
    projlen=154: 91471 braids
    projlen=155: 28455 braids
  Braids kept: 61443 (in 8 buckets, 2.57 GB)
  ⚡ Timing: matmul=0.83s, sampling=0.25s, total=6.54s

============================================================
Level 87 - SAMPLING
============================================================
  Starting braids: 20000
  Candidates to generate: 341940
  Processing in 5 chunks...
  Projlen distribution:
    projlen=150: 3 braids
    projlen=151: 2051 braids
    projlen=152: 16976 braids
    projlen=153: 51982 braids
    projlen=154: 71261 braids
    projlen=155: 79644 braids
    projlen=156: 91121 braids
    projlen=157: 28902 braids
  Braids kept: 62054 (in 8 buckets, 2.60 GB)
  ⚡ Timing: matmul=0.89s, sampling=0.25s, total=6.52s

============================================================
Level 88 - SAMPLING
============================================================
  Starting braids: 20000
  Candidates to generate: 324446
  Processing in 5 chunks...
  Projlen distribution:
    projlen=152: 5 braids
    projlen=153: 2786 braids
    projlen=154: 18286 braids
    projlen=155: 52815 braids
    projlen=156: 67317 braids
    projlen=157: 75880 braids
    projlen=158: 82368 braids
    projlen=159: 24989 braids
  Braids kept: 62791 (in 8 buckets, 2.63 GB)
  ⚡ Timing: matmul=0.72s, sampling=0.24s, total=6.27s

============================================================
Level 89 - SAMPLING
============================================================
  Starting braids: 20000
  Candidates to generate: 316064
  Processing in 5 chunks...
  Projlen distribution:
    projlen=154: 7 braids
    projlen=155: 3620 braids
    projlen=156: 20046 braids
    projlen=157: 53648 braids
    projlen=158: 62850 braids
    projlen=159: 74193 braids
    projlen=160: 78062 braids
    projlen=161: 23638 braids
  Braids kept: 63627 (in 8 buckets, 2.66 GB)
  ⚡ Timing: matmul=0.58s, sampling=0.24s, total=6.08s

============================================================
Level 90 - SAMPLING
============================================================
  Starting braids: 20000
  Candidates to generate: 298104
  Processing in 5 chunks...
  Projlen distribution:
    projlen=156: 13 braids
    projlen=157: 4596 braids
    projlen=158: 22015 braids
    projlen=159: 54123 braids
    projlen=160: 57312 braids
    projlen=161: 70409 braids
    projlen=162: 69807 braids
    projlen=163: 19829 braids
  Braids kept: 64609 (in 8 buckets, 2.70 GB)
  ⚡ Timing: matmul=0.45s, sampling=0.23s, total=5.83s

============================================================
Level 91 - SAMPLING
============================================================
  Starting braids: 20000
  Candidates to generate: 278783
  Processing in 4 chunks...
  Projlen distribution:
    projlen=158: 19 braids
    projlen=159: 5736 braids
    projlen=160: 24567 braids
    projlen=161: 54629 braids
    projlen=162: 52505 braids
    projlen=163: 65465 braids
    projlen=164: 60476 braids
    projlen=165: 15386 braids
  Braids kept: 65755 (in 8 buckets, 2.75 GB)
  ⚡ Timing: matmul=0.85s, sampling=0.20s, total=5.32s

============================================================
Level 92 - SAMPLING
============================================================
  Starting braids: 20000
  Candidates to generate: 269110
  Processing in 4 chunks...
  Projlen distribution:
    projlen=160: 27 braids
    projlen=161: 7179 braids
    projlen=162: 27705 braids
    projlen=163: 55455 braids
    projlen=164: 49093 braids
    projlen=165: 63009 braids
    projlen=166: 54266 braids
    projlen=167: 12376 braids
  Braids kept: 67206 (in 8 buckets, 2.81 GB)
  ⚡ Timing: matmul=0.79s, sampling=0.20s, total=5.18s

============================================================
Level 93 - SAMPLING
============================================================
  Starting braids: 20000
  Candidates to generate: 258673
  Processing in 4 chunks...
  Projlen distribution:
    projlen=162: 37 braids
    projlen=163: 9004 braids
    projlen=164: 31871 braids
    projlen=165: 56030 braids
    projlen=166: 47153 braids
    projlen=167: 60530 braids
    projlen=168: 45899 braids
    projlen=169: 8149 braids
  Braids kept: 67190 (in 8 buckets, 2.81 GB)
  ⚡ Timing: matmul=0.71s, sampling=0.19s, total=5.06s

============================================================
Level 94 - SAMPLING
============================================================
  Starting braids: 20000
  Candidates to generate: 249074
  Processing in 4 chunks...
  Projlen distribution:
    projlen=164: 57 braids
    projlen=165: 11410 braids
    projlen=166: 37270 braids
    projlen=167: 56825 braids
    projlen=168: 45699 braids
    projlen=169: 58740 braids
    projlen=170: 36274 braids
    projlen=171: 2799 braids
  Braids kept: 62856 (in 8 buckets, 2.63 GB)
  ⚡ Timing: matmul=0.53s, sampling=0.19s, total=4.76s

============================================================
Level 95 - SAMPLING
============================================================
  Starting braids: 20000
  Candidates to generate: 245085
  Processing in 4 chunks...
  Projlen distribution:
    projlen=166: 100 braids
    projlen=167: 12940 braids
    projlen=168: 40726 braids
    projlen=169: 57704 braids
    projlen=170: 47002 braids
    projlen=171: 57196 braids
    projlen=172: 29417 braids
  Braids kept: 60100 (in 7 buckets, 2.51 GB)
  ⚡ Timing: matmul=0.57s, sampling=0.18s, total=4.77s

============================================================
Level 96 - SAMPLING
============================================================
  Starting braids: 20000
  Candidates to generate: 253048
  Processing in 4 chunks...
  Projlen distribution:
    projlen=168: 167 braids
    projlen=169: 13326 braids
    projlen=170: 41898 braids
    projlen=171: 58857 braids
    projlen=172: 49839 braids
    projlen=173: 59396 braids
    projlen=174: 29565 braids
  Braids kept: 60167 (in 7 buckets, 2.52 GB)
  ⚡ Timing: matmul=0.59s, sampling=0.18s, total=4.89s

============================================================
Level 97 - SAMPLING
============================================================
  Starting braids: 20000
  Candidates to generate: 260494
  Processing in 4 chunks...
  Projlen distribution:
    projlen=170: 271 braids
    projlen=171: 13920 braids
    projlen=172: 43313 braids
    projlen=173: 60247 braids
    projlen=174: 53010 braids
    projlen=175: 60234 braids
    projlen=176: 29499 braids
  Braids kept: 60271 (in 7 buckets, 2.52 GB)
  ⚡ Timing: matmul=0.63s, sampling=0.19s, total=5.04s

============================================================
Level 98 - SAMPLING
============================================================
  Starting braids: 20000
  Candidates to generate: 272688
  Processing in 4 chunks...
  Projlen distribution:
    projlen=172: 441 braids
    projlen=173: 14656 braids
    projlen=174: 45239 braids
    projlen=175: 62422 braids
    projlen=176: 57889 braids
    projlen=177: 62924 braids
    projlen=178: 29117 braids
  Braids kept: 60441 (in 7 buckets, 2.53 GB)
  ⚡ Timing: matmul=0.82s, sampling=0.20s, total=5.31s

============================================================
Level 99 - SAMPLING
============================================================
  Starting braids: 20000
  Candidates to generate: 284104
  Processing in 5 chunks...
  Projlen distribution:
    projlen=174: 685 braids
    projlen=175: 15734 braids
    projlen=176: 46837 braids
    projlen=177: 64249 braids
    projlen=178: 61820 braids
    projlen=179: 65549 braids
    projlen=180: 29230 braids
  Braids kept: 60685 (in 7 buckets, 2.54 GB)
  ⚡ Timing: matmul=0.30s, sampling=0.22s, total=5.55s

============================================================
Level 100 - SAMPLING
============================================================
  Starting braids: 20000
  Candidates to generate: 292773
  Processing in 5 chunks...
  Projlen distribution:
    projlen=175: 1 braids
    projlen=176: 1036 braids
    projlen=177: 16945 braids
    projlen=178: 49065 braids
    projlen=179: 65485 braids
    projlen=180: 65712 braids
    projlen=181: 66314 braids
    projlen=182: 28215 braids
  Braids kept: 61037 (in 8 buckets, 2.55 GB)
  ⚡ Timing: matmul=0.41s, sampling=0.22s, total=5.79s

============================================================
Level 101 - SAMPLING
============================================================
  Starting braids: 20000
  Candidates to generate: 301315
  Processing in 5 chunks...
  Projlen distribution:
    projlen=177: 4 braids
    projlen=178: 1484 braids
    projlen=179: 18391 braids
    projlen=180: 50929 braids
    projlen=181: 66707 braids
    projlen=182: 69591 braids
    projlen=183: 66843 braids
    projlen=184: 27366 braids
  Braids kept: 61488 (in 8 buckets, 2.57 GB)
  ⚡ Timing: matmul=0.41s, sampling=0.23s, total=5.92s

============================================================
Level 102 - SAMPLING
============================================================
  Starting braids: 20000
  Candidates to generate: 311513
  Processing in 5 chunks...
  Projlen distribution:
    projlen=179: 7 braids
    projlen=180: 2073 braids
    projlen=181: 20111 braids
    projlen=182: 53019 braids
    projlen=183: 67438 braids
    projlen=184: 72944 braids
    projlen=185: 68478 braids
    projlen=186: 27443 braids
  Braids kept: 62080 (in 8 buckets, 2.60 GB)
  ⚡ Timing: matmul=0.56s, sampling=0.23s, total=6.17s

============================================================
Level 103 - SAMPLING
============================================================
  Starting braids: 20000
  Candidates to generate: 315171
  Processing in 5 chunks...
  Projlen distribution:
    projlen=181: 14 braids
    projlen=182: 2826 braids
    projlen=183: 22315 braids
    projlen=184: 54390 braids
    projlen=185: 67251 braids
    projlen=186: 75839 braids
    projlen=187: 67143 braids
    projlen=188: 25393 braids
  Braids kept: 62840 (in 8 buckets, 2.63 GB)
  ⚡ Timing: matmul=0.64s, sampling=0.24s, total=6.09s

============================================================
Level 104 - SAMPLING
============================================================
  Starting braids: 20000
  Candidates to generate: 314374
  Processing in 5 chunks...
  Projlen distribution:
    projlen=183: 26 braids
    projlen=184: 3776 braids
    projlen=185: 24903 braids
    projlen=186: 55269 braids
    projlen=187: 65939 braids
    projlen=188: 77261 braids
    projlen=189: 63986 braids
    projlen=190: 23214 braids
  Braids kept: 63802 (in 8 buckets, 2.67 GB)
  ⚡ Timing: matmul=0.59s, sampling=0.24s, total=6.14s

============================================================
Level 105 - SAMPLING
============================================================
  Starting braids: 20000
  Candidates to generate: 312545
  Processing in 5 chunks...
  Projlen distribution:
    projlen=185: 43 braids
    projlen=186: 4978 braids
    projlen=187: 27909 braids
    projlen=188: 56087 braids
    projlen=189: 65470 braids
    projlen=190: 77683 braids
    projlen=191: 59959 braids
    projlen=192: 20416 braids
  Braids kept: 65021 (in 8 buckets, 2.72 GB)
  ⚡ Timing: matmul=0.58s, sampling=0.24s, total=6.07s

============================================================
Level 106 - SAMPLING
============================================================
  Starting braids: 20000
  Candidates to generate: 305374
  Processing in 5 chunks...
  Projlen distribution:
    projlen=187: 70 braids
    projlen=188: 6507 braids
    projlen=189: 31697 braids
    projlen=190: 56318 braids
    projlen=191: 63553 braids
    projlen=192: 77008 braids
    projlen=193: 53450 braids
    projlen=194: 16771 braids
  Braids kept: 66577 (in 8 buckets, 2.78 GB)
  ⚡ Timing: matmul=0.53s, sampling=0.24s, total=5.96s

============================================================
Level 107 - SAMPLING
============================================================
  Starting braids: 20000
  Candidates to generate: 297496
  Processing in 5 chunks...
  Projlen distribution:
    projlen=189: 107 braids
    projlen=190: 8508 braids
    projlen=191: 36527 braids
    projlen=192: 56488 braids
    projlen=193: 61452 braids
    projlen=194: 76964 braids
    projlen=195: 45456 braids
    projlen=196: 11994 braids
  Braids kept: 68615 (in 8 buckets, 2.87 GB)
  ⚡ Timing: matmul=0.39s, sampling=0.23s, total=5.88s

============================================================
Level 108 - SAMPLING
============================================================
  Starting braids: 20000
  Candidates to generate: 285224
  Processing in 5 chunks...
  Projlen distribution:
    projlen=191: 159 braids
    projlen=192: 11086 braids
    projlen=193: 43083 braids
    projlen=194: 56985 braids
    projlen=195: 58433 braids
    projlen=196: 75606 braids
    projlen=197: 34584 braids
    projlen=198: 5288 braids
  Braids kept: 65447 (in 8 buckets, 2.74 GB)
  ⚡ Timing: matmul=0.34s, sampling=0.22s, total=5.55s

============================================================
Level 109 - SAMPLING
============================================================
  Starting braids: 20000
  Candidates to generate: 268996
  Processing in 4 chunks...
  Projlen distribution:
    projlen=191: 1 braids
    projlen=192: 184 braids
    projlen=193: 743 braids
    projlen=194: 14940 braids
    projlen=195: 47210 braids
    projlen=196: 55086 braids
    projlen=197: 55046 braids
    projlen=198: 71630 braids
    projlen=199: 24156 braids
  Braids kept: 60928 (in 9 buckets, 2.55 GB)
  ⚡ Timing: matmul=0.83s, sampling=0.20s, total=5.15s

============================================================
Level 110 - SAMPLING
============================================================
  Starting braids: 20000
  Candidates to generate: 318520
  Processing in 5 chunks...
  Projlen distribution:
    projlen=189: 44 braids
    projlen=190: 607 braids
    projlen=191: 5396 braids
    projlen=192: 16257 braids
    projlen=193: 24790 braids
    projlen=194: 28122 braids
    projlen=195: 3730 braids
    projlen=196: 12190 braids
    projlen=197: 42134 braids
    projlen=198: 50282 braids
  Braids kept: 99777 (in 13 buckets, 4.17 GB)
  ⚡ Timing: matmul=0.90s, sampling=0.26s, total=6.28s

============================================================
Level 111 - SAMPLING
============================================================
  Starting braids: 20000
  Candidates to generate: 1322304
  Processing in 19 chunks...
  Projlen distribution:
    projlen=187: 129 braids
    projlen=188: 3637 braids
    projlen=189: 38202 braids
    projlen=190: 188733 braids
    projlen=191: 490177 braids
    projlen=192: 466987 braids
    projlen=193: 134439 braids
  Braids kept: 53766 (in 7 buckets, 2.25 GB)
  ⚡ Timing: matmul=3.35s, sampling=0.82s, total=25.57s

============================================================
Level 112 - SAMPLING
============================================================
  Starting braids: 20000
  Candidates to generate: 1513478
  Processing in 22 chunks...
  Projlen distribution:
    projlen=184: 10 braids
    projlen=185: 745 braids
    projlen=186: 17626 braids
    projlen=187: 136571 braids
    projlen=188: 460312 braids
    projlen=189: 624343 braids
    projlen=190: 273871 braids
  Braids kept: 50755 (in 7 buckets, 2.12 GB)
  ⚡ Timing: matmul=1.72s, sampling=0.93s, total=28.82s

============================================================
Level 113 - SAMPLING
============================================================
  Starting braids: 20000
  Candidates to generate: 1613134
  Processing in 24 chunks...
  Projlen distribution:
    projlen=182: 78 braids
    projlen=183: 4348 braids
    projlen=184: 60289 braids
    projlen=185: 340086 braids
    projlen=186: 773155 braids
    projlen=187: 435178 braids
  Braids kept: 44426 (in 6 buckets, 1.86 GB)
  ⚡ Timing: matmul=1.40s, sampling=0.96s, total=30.75s

============================================================
Level 114 - SAMPLING
============================================================
  Starting braids: 20000
  Candidates to generate: 1609537
  Processing in 23 chunks...
  Projlen distribution:
    projlen=179: 9 braids
    projlen=180: 672 braids
    projlen=181: 18664 braids
    projlen=182: 156141 braids
    projlen=183: 534473 braids
    projlen=184: 642917 braids
    projlen=185: 256661 braids
  Braids kept: 50681 (in 7 buckets, 2.12 GB)
  ⚡ Timing: matmul=1.96s, sampling=0.98s, total=30.73s

============================================================
Level 115 - SAMPLING
============================================================
  Starting braids: 20000
  Candidates to generate: 1596801
  Processing in 23 chunks...
  Projlen distribution:
    projlen=176: 2 braids
    projlen=177: 187 braids
    projlen=178: 4462 braids
    projlen=179: 56480 braids
    projlen=180: 329203 braids
    projlen=181: 766440 braids
    projlen=182: 440027 braids
  Braids kept: 44651 (in 7 buckets, 1.87 GB)
  ⚡ Timing: matmul=1.88s, sampling=0.95s, total=30.47s

============================================================
Level 116 - SAMPLING
============================================================
  Starting braids: 20000
  Candidates to generate: 1581077
  Processing in 23 chunks...
  Projlen distribution:
    projlen=173: 2 braids
    projlen=174: 55 braids
    projlen=175: 1794 braids
    projlen=176: 26275 braids
    projlen=177: 172232 braids
    projlen=178: 521544 braids
    projlen=179: 616329 braids
    projlen=180: 242846 braids
  Braids kept: 51851 (in 8 buckets, 2.17 GB)
  ⚡ Timing: matmul=1.79s, sampling=0.98s, total=30.24s

============================================================
Level 117 - SAMPLING
============================================================
  Starting braids: 20000
  Candidates to generate: 1617021
  Processing in 24 chunks...
  Projlen distribution:
    projlen=170: 1 braids
    projlen=171: 20 braids
    projlen=172: 674 braids
    projlen=173: 10903 braids
    projlen=174: 98119 braids
    projlen=175: 410612 braids
    projlen=176: 719205 braids
    projlen=177: 377487 braids
  Braids kept: 50695 (in 8 buckets, 2.12 GB)
  ⚡ Timing: matmul=1.40s, sampling=1.00s, total=31.03s

============================================================
Level 118 - SAMPLING
============================================================
  Starting braids: 20000
  Candidates to generate: 1641920
  Processing in 24 chunks...
  Projlen distribution:
    projlen=169: 220 braids
    projlen=170: 5371 braids
    projlen=171: 63319 braids
    projlen=172: 339931 braids
    projlen=173: 778556 braids
    projlen=174: 454523 braids
  Braids kept: 45591 (in 6 buckets, 1.91 GB)
  ⚡ Timing: matmul=1.72s, sampling=0.98s, total=31.75s

============================================================
Level 119 - SAMPLING
============================================================
  Starting braids: 20000
  Candidates to generate: 1626426
  Processing in 24 chunks...
