============================================================
SEARCHING FOR KERNEL ELEMENTS
============================================================
Braid group: B_6
Representation: (4, 2)
Dimension: 9
Number of simples: 720
Prime: 3
Device: cuda
Bucket size: 1000
Max length: 127
Bootstrap length: 2
Degree multiplier: 2
Degree window: [0, 254] (255 coeffs)
Use best: 2000
Expansion chunk size: 70000
Matmul chunk size: 8500

Loaded tables from precomputed_tables/tables_B6_r2_p3.pt
  Braid group: B_6
  Representation: (4, 2), dimension 9
  Number of simples: 720
  Degree window: [0, 254] (255 coefficients) - NON-NEGATIVE ONLY
✓ Identity matrix verified (at degree 0)

Precomputing FFTs of simple matrices...
  dim=9, D=255, out_D=509, fft_size=512
  FFT cache: 119.9 MB
Initialized with identity braid
Braid group: B_6
Representation: (4, 2), dimension 9
Degree window: [0, 254] (255 coefficients) - NON-NEGATIVE ONLY
FFT size: 512
Storage types: matrix=torch.int16, word=torch.int32
Config: bucket_size=1000, bootstrap=2, max_length=127, chunk_size=70000, matmul_chunk=8500, use_best=2000
⚡ Ultra-optimized: precomputed FFTs + non-negative degrees only

============================================================
Level 1 - BOOTSTRAP
============================================================
  Starting braids: 1
  Candidates to generate: 718
  Projlen distribution:
    projlen=3: 10 braids
    projlen=4: 28 braids
    projlen=5: 34 braids
    projlen=6: 248 braids
    projlen=7: 398 braids
  Braids kept: 718 (in 5 buckets, 0.03 GB)
  ⚡ Timing: matmul=0.14s, sampling=0.26s, total=1.11s

============================================================
Level 2 - BOOTSTRAP
============================================================
  Starting braids: 718
  Candidates to generate: 89482
  Processing in 2 chunks...
  Projlen distribution:
    projlen=5: 54 braids
    projlen=6: 252 braids
    projlen=7: 1128 braids
    projlen=8: 4276 braids
    projlen=9: 13330 braids
    projlen=10: 17580 braids
    projlen=11: 24830 braids
    projlen=12: 21340 braids
    projlen=13: 6692 braids
  Braids kept: 89482 (in 9 buckets, 3.74 GB)
  ⚡ Timing: matmul=0.71s, sampling=0.02s, total=1.46s

============================================================
Level 3 - SAMPLING
============================================================
  Starting braids: 2000
  Candidates to generate: 109522
  Processing in 2 chunks...
  Projlen distribution:
    projlen=7: 186 braids
    projlen=8: 1024 braids
    projlen=9: 5986 braids
    projlen=10: 12891 braids
    projlen=11: 25051 braids
    projlen=12: 32905 braids
    projlen=13: 24586 braids
    projlen=14: 6893 braids
  Braids kept: 7186 (in 8 buckets, 0.30 GB)
  ⚡ Timing: matmul=0.66s, sampling=0.04s, total=1.38s

============================================================
Level 4 - SAMPLING
============================================================
  Starting braids: 2000
  Candidates to generate: 57524
  Projlen distribution:
    projlen=9: 401 braids
    projlen=10: 2380 braids
    projlen=11: 7081 braids
    projlen=12: 9771 braids
    projlen=13: 17063 braids
    projlen=14: 15822 braids
    projlen=15: 5006 braids
  Braids kept: 6401 (in 7 buckets, 0.27 GB)
  ⚡ Timing: matmul=0.48s, sampling=0.01s, total=0.70s

============================================================
Level 5 - SAMPLING
============================================================
  Starting braids: 2000
  Candidates to generate: 46519
  Projlen distribution:
    projlen=11: 766 braids
    projlen=12: 2735 braids
    projlen=13: 6508 braids
    projlen=14: 8376 braids
    projlen=15: 12985 braids
    projlen=16: 11421 braids
    projlen=17: 3728 braids
  Braids kept: 6766 (in 7 buckets, 0.28 GB)
  ⚡ Timing: matmul=0.23s, sampling=0.01s, total=0.53s

============================================================
Level 6 - SAMPLING
============================================================
  Starting braids: 2000
  Candidates to generate: 36208
  Projlen distribution:
    projlen=12: 1 braids
    projlen=13: 1415 braids
    projlen=14: 3304 braids
    projlen=15: 6385 braids
    projlen=16: 7031 braids
    projlen=17: 10412 braids
    projlen=18: 6430 braids
    projlen=19: 1230 braids
  Braids kept: 7001 (in 8 buckets, 0.29 GB)
  ⚡ Timing: matmul=0.25s, sampling=0.01s, total=0.57s

============================================================
Level 7 - SAMPLING
============================================================
  Starting braids: 2000
  Candidates to generate: 30621
  Projlen distribution:
    projlen=14: 5 braids
    projlen=15: 1872 braids
    projlen=16: 3593 braids
    projlen=17: 6270 braids
    projlen=18: 6129 braids
    projlen=19: 8798 braids
    projlen=20: 3954 braids
  Braids kept: 6005 (in 7 buckets, 0.25 GB)
  ⚡ Timing: matmul=0.23s, sampling=0.01s, total=0.46s

============================================================
Level 8 - SAMPLING
============================================================
  Starting braids: 2000
  Candidates to generate: 29431
  Projlen distribution:
    projlen=16: 8 braids
    projlen=17: 1880 braids
    projlen=18: 3476 braids
    projlen=19: 6270 braids
    projlen=20: 5572 braids
    projlen=21: 8275 braids
    projlen=22: 3950 braids
  Braids kept: 6008 (in 7 buckets, 0.25 GB)
  ⚡ Timing: matmul=0.21s, sampling=0.01s, total=0.41s

============================================================
Level 9 - SAMPLING
============================================================
  Starting braids: 2000
  Candidates to generate: 28464
  Projlen distribution:
    projlen=18: 9 braids
    projlen=19: 1879 braids
    projlen=20: 3415 braids
    projlen=21: 6143 braids
    projlen=22: 4996 braids
    projlen=23: 7934 braids
    projlen=24: 4088 braids
  Braids kept: 6009 (in 7 buckets, 0.25 GB)
  ⚡ Timing: matmul=0.26s, sampling=0.01s, total=0.51s

============================================================
Level 10 - SAMPLING
============================================================
  Starting braids: 2000
  Candidates to generate: 28046
  Projlen distribution:
    projlen=20: 14 braids
    projlen=21: 1862 braids
    projlen=22: 3376 braids
    projlen=23: 6145 braids
    projlen=24: 5201 braids
    projlen=25: 7658 braids
    projlen=26: 3790 braids
  Braids kept: 6014 (in 7 buckets, 0.25 GB)
  ⚡ Timing: matmul=0.25s, sampling=0.01s, total=0.52s

============================================================
Level 11 - SAMPLING
============================================================
  Starting braids: 2000
  Candidates to generate: 28069
  Projlen distribution:
    projlen=22: 18 braids
    projlen=23: 1905 braids
    projlen=24: 3413 braids
    projlen=25: 6097 braids
    projlen=26: 5167 braids
    projlen=27: 7579 braids
    projlen=28: 3890 braids
  Braids kept: 6018 (in 7 buckets, 0.25 GB)
  ⚡ Timing: matmul=0.23s, sampling=0.01s, total=0.44s

============================================================
Level 12 - SAMPLING
============================================================
  Starting braids: 2000
  Candidates to generate: 26715
  Projlen distribution:
    projlen=23: 1 braids
    projlen=24: 26 braids
    projlen=25: 1922 braids
    projlen=26: 3513 braids
    projlen=27: 5906 braids
    projlen=28: 4944 braids
    projlen=29: 6894 braids
    projlen=30: 3509 braids
  Braids kept: 6027 (in 8 buckets, 0.25 GB)
  ⚡ Timing: matmul=0.23s, sampling=0.01s, total=0.49s

============================================================
Level 13 - SAMPLING
============================================================
  Starting braids: 2000
  Candidates to generate: 27451
  Projlen distribution:
    projlen=25: 6 braids
    projlen=26: 51 braids
    projlen=27: 1987 braids
    projlen=28: 3735 braids
    projlen=29: 5938 braids
    projlen=30: 5163 braids
    projlen=31: 7024 braids
    projlen=32: 3547 braids
  Braids kept: 6057 (in 8 buckets, 0.25 GB)
  ⚡ Timing: matmul=0.23s, sampling=0.01s, total=0.50s

============================================================
Level 14 - SAMPLING
============================================================
  Starting braids: 2000
  Candidates to generate: 30799
  Projlen distribution:
    projlen=27: 14 braids
    projlen=28: 115 braids
    projlen=29: 2125 braids
    projlen=30: 4077 braids
    projlen=31: 6381 braids
    projlen=32: 6032 braids
    projlen=33: 8126 braids
    projlen=34: 3929 braids
  Braids kept: 6129 (in 8 buckets, 0.26 GB)
  ⚡ Timing: matmul=0.24s, sampling=0.01s, total=0.56s

============================================================
Level 15 - SAMPLING
============================================================
  Starting braids: 2000
  Candidates to generate: 30376
  Projlen distribution:
    projlen=29: 27 braids
    projlen=30: 279 braids
    projlen=31: 2335 braids
    projlen=32: 4387 braids
    projlen=33: 6451 braids
    projlen=34: 5879 braids
    projlen=35: 7554 braids
    projlen=36: 3464 braids
  Braids kept: 6306 (in 8 buckets, 0.26 GB)
  ⚡ Timing: matmul=0.18s, sampling=0.01s, total=0.51s

============================================================
Level 16 - SAMPLING
============================================================
  Starting braids: 2000
  Candidates to generate: 32732
  Projlen distribution:
    projlen=31: 42 braids
    projlen=32: 696 braids
    projlen=33: 2950 braids
    projlen=34: 5076 braids
    projlen=35: 6943 braids
    projlen=36: 6957 braids
    projlen=37: 7349 braids
    projlen=38: 2719 braids
  Braids kept: 6738 (in 8 buckets, 0.28 GB)
  ⚡ Timing: matmul=0.14s, sampling=0.01s, total=0.45s

============================================================
Level 17 - SAMPLING
============================================================
  Starting braids: 2000
  Candidates to generate: 31090
  Projlen distribution:
    projlen=33: 60 braids
    projlen=34: 1651 braids
    projlen=35: 4200 braids
    projlen=36: 5647 braids
    projlen=37: 7262 braids
    projlen=38: 7014 braids
    projlen=39: 4398 braids
    projlen=40: 858 braids
  Braids kept: 6918 (in 8 buckets, 0.29 GB)
  ⚡ Timing: matmul=0.21s, sampling=0.01s, total=0.54s

============================================================
Level 18 - SAMPLING
============================================================
  Starting braids: 2000
  Candidates to generate: 29839
  Projlen distribution:
    projlen=35: 83 braids
    projlen=36: 2306 braids
    projlen=37: 4993 braids
    projlen=38: 5802 braids
    projlen=39: 7450 braids
    projlen=40: 6862 braids
    projlen=41: 2343 braids
  Braids kept: 6083 (in 7 buckets, 0.25 GB)
  ⚡ Timing: matmul=0.20s, sampling=0.01s, total=0.52s

============================================================
Level 19 - SAMPLING
============================================================
  Starting braids: 2000
  Candidates to generate: 30017
  Projlen distribution:
    projlen=37: 112 braids
    projlen=38: 2368 braids
    projlen=39: 5018 braids
    projlen=40: 6042 braids
    projlen=41: 7559 braids
    projlen=42: 6868 braids
    projlen=43: 2050 braids
  Braids kept: 6112 (in 7 buckets, 0.26 GB)
  ⚡ Timing: matmul=0.21s, sampling=0.01s, total=0.50s

============================================================
Level 20 - SAMPLING
============================================================
  Starting braids: 2000
  Candidates to generate: 31538
  Projlen distribution:
    projlen=39: 154 braids
    projlen=40: 2376 braids
    projlen=41: 5162 braids
    projlen=42: 6208 braids
    projlen=43: 8144 braids
    projlen=44: 7354 braids
    projlen=45: 2140 braids
  Braids kept: 6154 (in 7 buckets, 0.26 GB)
  ⚡ Timing: matmul=0.23s, sampling=0.01s, total=0.49s

============================================================
Level 21 - SAMPLING
============================================================
  Starting braids: 2000
  Candidates to generate: 30359
  Projlen distribution:
    projlen=41: 199 braids
    projlen=42: 2385 braids
    projlen=43: 5185 braids
    projlen=44: 5986 braids
    projlen=45: 7635 braids
    projlen=46: 6726 braids
    projlen=47: 2243 braids
  Braids kept: 6199 (in 7 buckets, 0.26 GB)
  ⚡ Timing: matmul=0.19s, sampling=0.01s, total=0.40s

============================================================
Level 22 - SAMPLING
============================================================
  Starting braids: 2000
  Candidates to generate: 29195
  Projlen distribution:
    projlen=43: 258 braids
    projlen=44: 2445 braids
    projlen=45: 5313 braids
    projlen=46: 5840 braids
    projlen=47: 7267 braids
    projlen=48: 6108 braids
    projlen=49: 1964 braids
  Braids kept: 6258 (in 7 buckets, 0.26 GB)
  ⚡ Timing: matmul=0.23s, sampling=0.01s, total=0.52s

============================================================
Level 23 - SAMPLING
============================================================
  Starting braids: 2000
  Candidates to generate: 29499
  Projlen distribution:
    projlen=45: 334 braids
    projlen=46: 2686 braids
    projlen=47: 5542 braids
    projlen=48: 6174 braids
    projlen=49: 7408 braids
    projlen=50: 5562 braids
    projlen=51: 1793 braids
  Braids kept: 6334 (in 7 buckets, 0.26 GB)
  ⚡ Timing: matmul=0.22s, sampling=0.01s, total=0.53s

============================================================
Level 24 - SAMPLING
============================================================
  Starting braids: 2000
  Candidates to generate: 31595
  Projlen distribution:
    projlen=47: 425 braids
    projlen=48: 2786 braids
    projlen=49: 5844 braids
    projlen=50: 6411 braids
    projlen=51: 8229 braids
    projlen=52: 5963 braids
    projlen=53: 1937 braids
  Braids kept: 6425 (in 7 buckets, 0.27 GB)
  ⚡ Timing: matmul=0.23s, sampling=0.01s, total=0.57s

============================================================
Level 25 - SAMPLING
============================================================
  Starting braids: 2000
  Candidates to generate: 29370
  Projlen distribution:
    projlen=49: 535 braids
    projlen=50: 2984 braids
    projlen=51: 5865 braids
    projlen=52: 6322 braids
    projlen=53: 7504 braids
    projlen=54: 4557 braids
    projlen=55: 1603 braids
  Braids kept: 6535 (in 7 buckets, 0.27 GB)
  ⚡ Timing: matmul=0.15s, sampling=0.01s, total=0.45s

============================================================
Level 26 - SAMPLING
============================================================
  Starting braids: 2000
  Candidates to generate: 30247
  Projlen distribution:
    projlen=51: 669 braids
    projlen=52: 3256 braids
    projlen=53: 6082 braids
    projlen=54: 6591 braids
    projlen=55: 7799 braids
    projlen=56: 4386 braids
    projlen=57: 1464 braids
  Braids kept: 6669 (in 7 buckets, 0.28 GB)
  ⚡ Timing: matmul=0.18s, sampling=0.01s, total=0.49s

============================================================
Level 27 - SAMPLING
============================================================
  Starting braids: 2000
  Candidates to generate: 29894
  Projlen distribution:
    projlen=53: 828 braids
    projlen=54: 3560 braids
    projlen=55: 6298 braids
    projlen=56: 6568 braids
    projlen=57: 7876 braids
    projlen=58: 3618 braids
    projlen=59: 1146 braids
  Braids kept: 6828 (in 7 buckets, 0.29 GB)
  ⚡ Timing: matmul=0.22s, sampling=0.01s, total=0.58s

============================================================
Level 28 - SAMPLING
============================================================
  Starting braids: 2000
  Candidates to generate: 28760
  Projlen distribution:
    projlen=55: 1012 braids
    projlen=56: 3894 braids
    projlen=57: 6362 braids
    projlen=58: 6558 braids
    projlen=59: 7790 braids
    projlen=60: 2587 braids
    projlen=61: 557 braids
  Braids kept: 6557 (in 7 buckets, 0.27 GB)
  ⚡ Timing: matmul=0.20s, sampling=0.01s, total=0.41s

============================================================
Level 29 - SAMPLING
============================================================
  Starting braids: 2000
  Candidates to generate: 27304
  Projlen distribution:
    projlen=57: 1210 braids
    projlen=58: 4088 braids
    projlen=59: 6591 braids
    projlen=60: 6466 braids
    projlen=61: 7452 braids
    projlen=62: 1497 braids
  Braids kept: 6000 (in 6 buckets, 0.25 GB)
  ⚡ Timing: matmul=0.26s, sampling=0.01s, total=0.54s

============================================================
Level 30 - SAMPLING
============================================================
  Starting braids: 2000
  Candidates to generate: 26578
  Projlen distribution:
    projlen=59: 1197 braids
    projlen=60: 3958 braids
    projlen=61: 6537 braids
    projlen=62: 6309 braids
    projlen=63: 7149 braids
    projlen=64: 1428 braids
  Braids kept: 6000 (in 6 buckets, 0.25 GB)
  ⚡ Timing: matmul=0.12s, sampling=0.01s, total=0.47s

============================================================
Level 31 - SAMPLING
============================================================
  Starting braids: 2000
  Candidates to generate: 27054
  Projlen distribution:
    projlen=61: 1191 braids
    projlen=62: 3909 braids
    projlen=63: 6630 braids
    projlen=64: 6403 braids
    projlen=65: 7398 braids
    projlen=66: 1523 braids
  Braids kept: 6000 (in 6 buckets, 0.25 GB)
  ⚡ Timing: matmul=0.19s, sampling=0.01s, total=0.51s

============================================================
Level 32 - SAMPLING
============================================================
  Starting braids: 2000
  Candidates to generate: 26653
  Projlen distribution:
    projlen=63: 1186 braids
    projlen=64: 3819 braids
    projlen=65: 6576 braids
    projlen=66: 6382 braids
    projlen=67: 7235 braids
    projlen=68: 1455 braids
  Braids kept: 6000 (in 6 buckets, 0.25 GB)
  ⚡ Timing: matmul=0.21s, sampling=0.01s, total=0.48s

============================================================
Level 33 - SAMPLING
============================================================
  Starting braids: 2000
  Candidates to generate: 27355
  Projlen distribution:
    projlen=65: 1190 braids
    projlen=66: 3808 braids
    projlen=67: 6729 braids
    projlen=68: 6631 braids
    projlen=69: 7570 braids
    projlen=70: 1427 braids
  Braids kept: 6000 (in 6 buckets, 0.25 GB)
  ⚡ Timing: matmul=0.23s, sampling=0.01s, total=0.44s

============================================================
Level 34 - SAMPLING
============================================================
  Starting braids: 2000
  Candidates to generate: 27272
  Projlen distribution:
    projlen=67: 1193 braids
    projlen=68: 3767 braids
    projlen=69: 6762 braids
    projlen=70: 6712 braids
    projlen=71: 7580 braids
    projlen=72: 1258 braids
  Braids kept: 6000 (in 6 buckets, 0.25 GB)
  ⚡ Timing: matmul=0.23s, sampling=0.01s, total=0.52s

============================================================
Level 35 - SAMPLING
============================================================
  Starting braids: 2000
  Candidates to generate: 27377
  Projlen distribution:
    projlen=69: 1189 braids
    projlen=70: 3790 braids
    projlen=71: 6695 braids
    projlen=72: 6753 braids
    projlen=73: 7653 braids
    projlen=74: 1297 braids
  Braids kept: 6000 (in 6 buckets, 0.25 GB)
  ⚡ Timing: matmul=0.17s, sampling=0.01s, total=0.50s

============================================================
Level 36 - SAMPLING
============================================================
  Starting braids: 2000
  Candidates to generate: 27346
  Projlen distribution:
    projlen=71: 1183 braids
    projlen=72: 3773 braids
    projlen=73: 6622 braids
    projlen=74: 6676 braids
    projlen=75: 7709 braids
    projlen=76: 1383 braids
  Braids kept: 6000 (in 6 buckets, 0.25 GB)
  ⚡ Timing: matmul=0.24s, sampling=0.01s, total=0.55s

============================================================
Level 37 - SAMPLING
============================================================
  Starting braids: 2000
  Candidates to generate: 27575
  Projlen distribution:
    projlen=73: 1178 braids
    projlen=74: 3806 braids
    projlen=75: 6598 braids
    projlen=76: 6752 braids
    projlen=77: 7829 braids
    projlen=78: 1412 braids
  Braids kept: 6000 (in 6 buckets, 0.25 GB)
  ⚡ Timing: matmul=0.24s, sampling=0.01s, total=0.50s

============================================================
Level 38 - SAMPLING
============================================================
  Starting braids: 2000
  Candidates to generate: 27216
  Projlen distribution:
    projlen=75: 1176 braids
    projlen=76: 3768 braids
    projlen=77: 6616 braids
    projlen=78: 6681 braids
    projlen=79: 7598 braids
    projlen=80: 1377 braids
  Braids kept: 6000 (in 6 buckets, 0.25 GB)
  ⚡ Timing: matmul=0.24s, sampling=0.01s, total=0.43s

============================================================
Level 39 - SAMPLING
============================================================
  Starting braids: 2000
  Candidates to generate: 27392
  Projlen distribution:
    projlen=77: 1180 braids
    projlen=78: 3714 braids
    projlen=79: 6705 braids
    projlen=80: 6718 braids
    projlen=81: 7798 braids
    projlen=82: 1277 braids
  Braids kept: 6000 (in 6 buckets, 0.25 GB)
  ⚡ Timing: matmul=0.23s, sampling=0.01s, total=0.49s

============================================================
Level 40 - SAMPLING
============================================================
  Starting braids: 2000
  Candidates to generate: 27765
  Projlen distribution:
    projlen=79: 1197 braids
    projlen=80: 3756 braids
    projlen=81: 6676 braids
    projlen=82: 6859 braids
    projlen=83: 7970 braids
    projlen=84: 1307 braids
  Braids kept: 6000 (in 6 buckets, 0.25 GB)
  ⚡ Timing: matmul=0.18s, sampling=0.01s, total=0.46s

============================================================
Level 41 - SAMPLING
============================================================
  Starting braids: 2000
  Candidates to generate: 27728
  Projlen distribution:
    projlen=81: 1192 braids
    projlen=82: 3752 braids
    projlen=83: 6585 braids
    projlen=84: 6660 braids
    projlen=85: 8085 braids
    projlen=86: 1454 braids
  Braids kept: 6000 (in 6 buckets, 0.25 GB)
  ⚡ Timing: matmul=0.25s, sampling=0.01s, total=0.53s

============================================================
Level 42 - SAMPLING
============================================================
  Starting braids: 2000
  Candidates to generate: 27186
  Projlen distribution:
    projlen=83: 1206 braids
    projlen=84: 3734 braids
    projlen=85: 6450 braids
    projlen=86: 6389 braids
    projlen=87: 7944 braids
    projlen=88: 1463 braids
  Braids kept: 6000 (in 6 buckets, 0.25 GB)
  ⚡ Timing: matmul=0.24s, sampling=0.01s, total=0.54s

============================================================
Level 43 - SAMPLING
============================================================
  Starting braids: 2000
  Candidates to generate: 27921
  Projlen distribution:
    projlen=85: 1213 braids
    projlen=86: 3715 braids
    projlen=87: 6556 braids
    projlen=88: 6486 braids
    projlen=89: 8351 braids
    projlen=90: 1600 braids
  Braids kept: 6000 (in 6 buckets, 0.25 GB)
  ⚡ Timing: matmul=0.27s, sampling=0.01s, total=0.47s

============================================================
Level 44 - SAMPLING
============================================================
  Starting braids: 2000
  Candidates to generate: 27235
  Projlen distribution:
    projlen=87: 1214 braids
    projlen=88: 3719 braids
    projlen=89: 6411 braids
    projlen=90: 6301 braids
    projlen=91: 8127 braids
    projlen=92: 1463 braids
  Braids kept: 6000 (in 6 buckets, 0.25 GB)
  ⚡ Timing: matmul=0.24s, sampling=0.01s, total=0.51s

============================================================
Level 45 - SAMPLING
============================================================
  Starting braids: 2000
  Candidates to generate: 27633
  Projlen distribution:
    projlen=89: 1233 braids
    projlen=90: 3743 braids
    projlen=91: 6404 braids
    projlen=92: 6335 braids
    projlen=93: 8404 braids
    projlen=94: 1514 braids
  Braids kept: 6000 (in 6 buckets, 0.25 GB)
  ⚡ Timing: matmul=0.20s, sampling=0.01s, total=0.42s

============================================================
Level 46 - SAMPLING
============================================================
  Starting braids: 2000
  Candidates to generate: 27721
  Projlen distribution:
    projlen=91: 1243 braids
    projlen=92: 3731 braids
    projlen=93: 6340 braids
    projlen=94: 6241 braids
    projlen=95: 8565 braids
    projlen=96: 1601 braids
  Braids kept: 6000 (in 6 buckets, 0.25 GB)
  ⚡ Timing: matmul=0.23s, sampling=0.01s, total=0.51s

============================================================
Level 47 - SAMPLING
============================================================
  Starting braids: 2000
  Candidates to generate: 27487
  Projlen distribution:
    projlen=93: 1246 braids
    projlen=94: 3694 braids
    projlen=95: 6230 braids
    projlen=96: 6005 braids
    projlen=97: 8550 braids
    projlen=98: 1762 braids
  Braids kept: 6000 (in 6 buckets, 0.25 GB)
  ⚡ Timing: matmul=0.19s, sampling=0.01s, total=0.40s

============================================================
Level 48 - SAMPLING
============================================================
  Starting braids: 2000
  Candidates to generate: 27153
  Projlen distribution:
    projlen=95: 1256 braids
    projlen=96: 3638 braids
    projlen=97: 6098 braids
    projlen=98: 5793 braids
    projlen=99: 8560 braids
    projlen=100: 1808 braids
  Braids kept: 6000 (in 6 buckets, 0.25 GB)
  ⚡ Timing: matmul=0.23s, sampling=0.01s, total=0.50s

============================================================
Level 49 - SAMPLING
============================================================
  Starting braids: 2000
  Candidates to generate: 27156
  Projlen distribution:
    projlen=97: 1271 braids
    projlen=98: 3644 braids
    projlen=99: 5939 braids
    projlen=100: 5749 braids
    projlen=101: 8670 braids
    projlen=102: 1883 braids
  Braids kept: 6000 (in 6 buckets, 0.25 GB)
  ⚡ Timing: matmul=0.19s, sampling=0.01s, total=0.44s

============================================================
Level 50 - SAMPLING
============================================================
  Starting braids: 2000
  Candidates to generate: 27274
  Projlen distribution:
    projlen=99: 1273 braids
    projlen=100: 3684 braids
    projlen=101: 5863 braids
    projlen=102: 5757 braids
    projlen=103: 8809 braids
    projlen=104: 1888 braids
  Braids kept: 6000 (in 6 buckets, 0.25 GB)
  ⚡ Timing: matmul=0.23s, sampling=0.01s, total=0.52s

============================================================
Level 51 - SAMPLING
============================================================
  Starting braids: 2000
  Candidates to generate: 27279
  Projlen distribution:
    projlen=101: 1285 braids
    projlen=102: 3712 braids
    projlen=103: 5766 braids
    projlen=104: 5657 braids
    projlen=105: 8897 braids
    projlen=106: 1962 braids
  Braids kept: 6000 (in 6 buckets, 0.25 GB)
  ⚡ Timing: matmul=0.26s, sampling=0.01s, total=0.47s

============================================================
Level 52 - SAMPLING
============================================================
  Starting braids: 2000
  Candidates to generate: 26669
  Projlen distribution:
    projlen=103: 1281 braids
    projlen=104: 3701 braids
    projlen=105: 5604 braids
    projlen=106: 5348 braids
    projlen=107: 8647 braids
    projlen=108: 2088 braids
  Braids kept: 6000 (in 6 buckets, 0.25 GB)
  ⚡ Timing: matmul=0.24s, sampling=0.01s, total=0.44s

============================================================
Level 53 - SAMPLING
============================================================
  Starting braids: 2000
  Candidates to generate: 26734
  Projlen distribution:
    projlen=105: 1269 braids
    projlen=106: 3689 braids
    projlen=107: 5527 braids
    projlen=108: 5226 braids
    projlen=109: 8950 braids
    projlen=110: 2073 braids
  Braids kept: 6000 (in 6 buckets, 0.25 GB)
  ⚡ Timing: matmul=0.11s, sampling=0.01s, total=0.38s

============================================================
Level 54 - SAMPLING
============================================================
  Starting braids: 2000
  Candidates to generate: 27120
  Projlen distribution:
    projlen=107: 1237 braids
    projlen=108: 3659 braids
    projlen=109: 5494 braids
    projlen=110: 5085 braids
    projlen=111: 9281 braids
    projlen=112: 2364 braids
  Braids kept: 6000 (in 6 buckets, 0.25 GB)
  ⚡ Timing: matmul=0.22s, sampling=0.01s, total=0.55s

============================================================
Level 55 - SAMPLING
============================================================
  Starting braids: 2000
  Candidates to generate: 27149
  Projlen distribution:
    projlen=109: 1229 braids
    projlen=110: 3585 braids
    projlen=111: 5383 braids
    projlen=112: 4891 braids
    projlen=113: 9596 braids
    projlen=114: 2465 braids
  Braids kept: 6000 (in 6 buckets, 0.25 GB)
  ⚡ Timing: matmul=0.18s, sampling=0.01s, total=0.41s

============================================================
Level 56 - SAMPLING
============================================================
  Starting braids: 2000
  Candidates to generate: 26340
  Projlen distribution:
    projlen=111: 1215 braids
    projlen=112: 3535 braids
    projlen=113: 5352 braids
    projlen=114: 4809 braids
    projlen=115: 9220 braids
    projlen=116: 2209 braids
  Braids kept: 6000 (in 6 buckets, 0.25 GB)
  ⚡ Timing: matmul=0.23s, sampling=0.01s, total=0.41s

============================================================
Level 57 - SAMPLING
============================================================
  Starting braids: 2000
  Candidates to generate: 26201
  Projlen distribution:
    projlen=113: 1214 braids
    projlen=114: 3520 braids
    projlen=115: 5297 braids
    projlen=116: 4635 braids
    projlen=117: 9279 braids
    projlen=118: 2256 braids
  Braids kept: 6000 (in 6 buckets, 0.25 GB)
  ⚡ Timing: matmul=0.23s, sampling=0.01s, total=0.51s

============================================================
Level 58 - SAMPLING
============================================================
  Starting braids: 2000
  Candidates to generate: 26372
  Projlen distribution:
    projlen=115: 1216 braids
    projlen=116: 3492 braids
    projlen=117: 5247 braids
    projlen=118: 4601 braids
    projlen=119: 9386 braids
    projlen=120: 2430 braids
  Braids kept: 6000 (in 6 buckets, 0.25 GB)
  ⚡ Timing: matmul=0.16s, sampling=0.01s, total=0.43s

============================================================
Level 59 - SAMPLING
============================================================
  Starting braids: 2000
  Candidates to generate: 26272
  Projlen distribution:
    projlen=117: 1218 braids
    projlen=118: 3487 braids
    projlen=119: 5233 braids
    projlen=120: 4566 braids
    projlen=121: 9377 braids
    projlen=122: 2391 braids
  Braids kept: 6000 (in 6 buckets, 0.25 GB)
  ⚡ Timing: matmul=0.17s, sampling=0.01s, total=0.46s

============================================================
Level 60 - SAMPLING
============================================================
  Starting braids: 2000
  Candidates to generate: 26382
  Projlen distribution:
    projlen=119: 1221 braids
    projlen=120: 3512 braids
    projlen=121: 5197 braids
    projlen=122: 4643 braids
    projlen=123: 9435 braids
    projlen=124: 2374 braids
  Braids kept: 6000 (in 6 buckets, 0.25 GB)
  ⚡ Timing: matmul=0.21s, sampling=0.01s, total=0.48s

============================================================
Level 61 - SAMPLING
============================================================
  Starting braids: 2000
  Candidates to generate: 26800
  Projlen distribution:
    projlen=121: 1205 braids
    projlen=122: 3464 braids
    projlen=123: 5191 braids
    projlen=124: 4526 braids
    projlen=125: 9799 braids
    projlen=126: 2615 braids
  Braids kept: 6000 (in 6 buckets, 0.25 GB)
  ⚡ Timing: matmul=0.18s, sampling=0.01s, total=0.45s

============================================================
Level 62 - SAMPLING
============================================================
  Starting braids: 2000
  Candidates to generate: 26246
  Projlen distribution:
    projlen=123: 1187 braids
    projlen=124: 3445 braids
    projlen=125: 5118 braids
    projlen=126: 4340 braids
    projlen=127: 9656 braids
    projlen=128: 2500 braids
  Braids kept: 6000 (in 6 buckets, 0.25 GB)
  ⚡ Timing: matmul=0.21s, sampling=0.01s, total=0.49s

============================================================
Level 63 - SAMPLING
============================================================
  Starting braids: 2000
  Candidates to generate: 26525
  Projlen distribution:
    projlen=125: 1197 braids
    projlen=126: 3416 braids
    projlen=127: 5141 braids
    projlen=128: 4473 braids
    projlen=129: 9823 braids
    projlen=130: 2475 braids
  Braids kept: 6000 (in 6 buckets, 0.25 GB)
  ⚡ Timing: matmul=0.24s, sampling=0.01s, total=0.55s

============================================================
Level 64 - SAMPLING
============================================================
  Starting braids: 2000
  Candidates to generate: 26521
  Projlen distribution:
    projlen=127: 1192 braids
    projlen=128: 3443 braids
    projlen=129: 5117 braids
    projlen=130: 4374 braids
    projlen=131: 9840 braids
    projlen=132: 2555 braids
  Braids kept: 6000 (in 6 buckets, 0.25 GB)
  ⚡ Timing: matmul=0.24s, sampling=0.01s, total=0.47s

============================================================
Level 65 - SAMPLING
============================================================
  Starting braids: 2000
  Candidates to generate: 26483
  Projlen distribution:
    projlen=129: 1188 braids
    projlen=130: 3447 braids
    projlen=131: 5084 braids
    projlen=132: 4357 braids
    projlen=133: 9809 braids
    projlen=134: 2598 braids
  Braids kept: 6000 (in 6 buckets, 0.25 GB)
  ⚡ Timing: matmul=0.25s, sampling=0.01s, total=0.45s

============================================================
Level 66 - SAMPLING
============================================================
  Starting braids: 2000
  Candidates to generate: 26363
  Projlen distribution:
    projlen=131: 1186 braids
    projlen=132: 3464 braids
    projlen=133: 5012 braids
    projlen=134: 4241 braids
    projlen=135: 9860 braids
    projlen=136: 2600 braids
  Braids kept: 6000 (in 6 buckets, 0.25 GB)
  ⚡ Timing: matmul=0.26s, sampling=0.01s, total=0.54s

============================================================
Level 67 - SAMPLING
============================================================
  Starting braids: 2000
  Candidates to generate: 26087
  Projlen distribution:
    projlen=133: 1180 braids
    projlen=134: 3459 braids
    projlen=135: 4938 braids
    projlen=136: 4165 braids
    projlen=137: 9811 braids
    projlen=138: 2534 braids
  Braids kept: 6000 (in 6 buckets, 0.25 GB)
  ⚡ Timing: matmul=0.21s, sampling=0.01s, total=0.49s

============================================================
Level 68 - SAMPLING
============================================================
  Starting braids: 2000
  Candidates to generate: 26044
  Projlen distribution:
    projlen=135: 1174 braids
    projlen=136: 3417 braids
    projlen=137: 5008 braids
    projlen=138: 4225 braids
    projlen=139: 9754 braids
    projlen=140: 2466 braids
  Braids kept: 6000 (in 6 buckets, 0.25 GB)
  ⚡ Timing: matmul=0.20s, sampling=0.01s, total=0.47s

============================================================
Level 69 - SAMPLING
============================================================
  Starting braids: 2000
  Candidates to generate: 26063
  Projlen distribution:
    projlen=137: 1164 braids
    projlen=138: 3406 braids
    projlen=139: 4967 braids
    projlen=140: 4097 braids
    projlen=141: 9830 braids
    projlen=142: 2599 braids
  Braids kept: 6000 (in 6 buckets, 0.25 GB)
  ⚡ Timing: matmul=0.21s, sampling=0.01s, total=0.39s

============================================================
Level 70 - SAMPLING
============================================================
  Starting braids: 2000
  Candidates to generate: 26039
  Projlen distribution:
    projlen=139: 1156 braids
    projlen=140: 3391 braids
    projlen=141: 4988 braids
    projlen=142: 4095 braids
    projlen=143: 9805 braids
    projlen=144: 2604 braids
  Braids kept: 6000 (in 6 buckets, 0.25 GB)
  ⚡ Timing: matmul=0.22s, sampling=0.01s, total=0.46s

============================================================
Level 71 - SAMPLING
============================================================
  Starting braids: 2000
  Candidates to generate: 26613
  Projlen distribution:
    projlen=141: 1153 braids
    projlen=142: 3381 braids
    projlen=143: 4980 braids
    projlen=144: 4082 braids
    projlen=145: 10151 braids
    projlen=146: 2866 braids
  Braids kept: 6000 (in 6 buckets, 0.25 GB)
  ⚡ Timing: matmul=0.20s, sampling=0.01s, total=0.54s

============================================================
Level 72 - SAMPLING
============================================================
  Starting braids: 2000
  Candidates to generate: 25908
  Projlen distribution:
    projlen=143: 1150 braids
    projlen=144: 3333 braids
    projlen=145: 5001 braids
    projlen=146: 3986 braids
    projlen=147: 9793 braids
    projlen=148: 2645 braids
  Braids kept: 6000 (in 6 buckets, 0.25 GB)
  ⚡ Timing: matmul=0.24s, sampling=0.01s, total=0.59s

============================================================
Level 73 - SAMPLING
============================================================
  Starting braids: 2000
  Candidates to generate: 25968
  Projlen distribution:
    projlen=145: 1137 braids
    projlen=146: 3316 braids
    projlen=147: 4993 braids
    projlen=148: 3980 braids
    projlen=149: 9876 braids
    projlen=150: 2666 braids
  Braids kept: 6000 (in 6 buckets, 0.25 GB)
  ⚡ Timing: matmul=0.24s, sampling=0.01s, total=0.60s

============================================================
Level 74 - SAMPLING
============================================================
  Starting braids: 2000
  Candidates to generate: 26188
  Projlen distribution:
    projlen=147: 1120 braids
    projlen=148: 3303 braids
    projlen=149: 4978 braids
    projlen=150: 3901 braids
    projlen=151: 10112 braids
    projlen=152: 2774 braids
  Braids kept: 6000 (in 6 buckets, 0.25 GB)
  ⚡ Timing: matmul=0.25s, sampling=0.01s, total=0.56s

============================================================
Level 75 - SAMPLING
============================================================
  Starting braids: 2000
  Candidates to generate: 25950
  Projlen distribution:
    projlen=149: 1109 braids
    projlen=150: 3275 braids
    projlen=151: 4974 braids
    projlen=152: 3775 braids
    projlen=153: 10042 braids
    projlen=154: 2775 braids
  Braids kept: 6000 (in 6 buckets, 0.25 GB)
  ⚡ Timing: matmul=0.15s, sampling=0.01s, total=0.37s

============================================================
Level 76 - SAMPLING
============================================================
  Starting braids: 2000
  Candidates to generate: 26000
  Projlen distribution:
    projlen=151: 1103 braids
    projlen=152: 3249 braids
    projlen=153: 4947 braids
    projlen=154: 3709 braids
    projlen=155: 10096 braids
    projlen=156: 2896 braids
  Braids kept: 6000 (in 6 buckets, 0.25 GB)
  ⚡ Timing: matmul=0.30s, sampling=0.01s, total=0.59s

============================================================
Level 77 - SAMPLING
============================================================
  Starting braids: 2000
  Candidates to generate: 26222
  Projlen distribution:
    projlen=153: 1096 braids
    projlen=154: 3239 braids
    projlen=155: 4942 braids
    projlen=156: 3702 braids
    projlen=157: 10250 braids
    projlen=158: 2993 braids
  Braids kept: 6000 (in 6 buckets, 0.25 GB)
  ⚡ Timing: matmul=0.14s, sampling=0.01s, total=0.44s

============================================================
Level 78 - SAMPLING
============================================================
  Starting braids: 2000
  Candidates to generate: 26131
  Projlen distribution:
    projlen=155: 1091 braids
    projlen=156: 3233 braids
    projlen=157: 4942 braids
    projlen=158: 3653 braids
    projlen=159: 10196 braids
    projlen=160: 3016 braids
  Braids kept: 6000 (in 6 buckets, 0.25 GB)
  ⚡ Timing: matmul=0.20s, sampling=0.01s, total=0.54s

============================================================
Level 79 - SAMPLING
============================================================
  Starting braids: 2000
  Candidates to generate: 25645
  Projlen distribution:
    projlen=157: 1090 braids
    projlen=158: 3215 braids
    projlen=159: 4942 braids
    projlen=160: 3618 braids
    projlen=161: 9970 braids
    projlen=162: 2810 braids
  Braids kept: 6000 (in 6 buckets, 0.25 GB)
  ⚡ Timing: matmul=0.23s, sampling=0.01s, total=0.57s

============================================================
Level 80 - SAMPLING
============================================================
  Starting braids: 2000
  Candidates to generate: 25947
  Projlen distribution:
    projlen=159: 1085 braids
    projlen=160: 3219 braids
    projlen=161: 4974 braids
    projlen=162: 3676 braids
    projlen=163: 10137 braids
    projlen=164: 2856 braids
  Braids kept: 6000 (in 6 buckets, 0.25 GB)
  ⚡ Timing: matmul=0.20s, sampling=0.01s, total=0.51s

============================================================
Level 81 - SAMPLING
============================================================
  Starting braids: 2000
  Candidates to generate: 26051
  Projlen distribution:
    projlen=161: 1079 braids
    projlen=162: 3208 braids
    projlen=163: 4939 braids
    projlen=164: 3573 braids
    projlen=165: 10250 braids
    projlen=166: 3002 braids
  Braids kept: 6000 (in 6 buckets, 0.25 GB)
  ⚡ Timing: matmul=0.22s, sampling=0.01s, total=0.48s

============================================================
Level 82 - SAMPLING
============================================================
  Starting braids: 2000
  Candidates to generate: 26132
  Projlen distribution:
    projlen=163: 1081 braids
    projlen=164: 3205 braids
    projlen=165: 4953 braids
    projlen=166: 3610 braids
    projlen=167: 10266 braids
    projlen=168: 3017 braids
  Braids kept: 6000 (in 6 buckets, 0.25 GB)
  ⚡ Timing: matmul=0.19s, sampling=0.01s, total=0.44s

============================================================
Level 83 - SAMPLING
============================================================
  Starting braids: 2000
  Candidates to generate: 25718
  Projlen distribution:
    projlen=165: 1078 braids
    projlen=166: 3201 braids
    projlen=167: 4937 braids
    projlen=168: 3534 braids
    projlen=169: 10055 braids
    projlen=170: 2913 braids
  Braids kept: 6000 (in 6 buckets, 0.25 GB)
  ⚡ Timing: matmul=0.24s, sampling=0.01s, total=0.58s

============================================================
Level 84 - SAMPLING
============================================================
  Starting braids: 2000
  Candidates to generate: 25945
  Projlen distribution:
    projlen=167: 1075 braids
    projlen=168: 3198 braids
    projlen=169: 4949 braids
    projlen=170: 3524 braids
    projlen=171: 10179 braids
    projlen=172: 3020 braids
  Braids kept: 6000 (in 6 buckets, 0.25 GB)
  ⚡ Timing: matmul=0.26s, sampling=0.01s, total=0.60s

============================================================
Level 85 - SAMPLING
============================================================
  Starting braids: 2000
  Candidates to generate: 25768
  Projlen distribution:
    projlen=169: 1065 braids
    projlen=170: 3187 braids
    projlen=171: 4928 braids
    projlen=172: 3457 braids
    projlen=173: 10188 braids
    projlen=174: 2943 braids
  Braids kept: 6000 (in 6 buckets, 0.25 GB)
  ⚡ Timing: matmul=0.14s, sampling=0.01s, total=0.32s

============================================================
Level 86 - SAMPLING
============================================================
  Starting braids: 2000
  Candidates to generate: 25819
  Projlen distribution:
    projlen=171: 1063 braids
    projlen=172: 3178 braids
    projlen=173: 4920 braids
    projlen=174: 3443 braids
    projlen=175: 10244 braids
    projlen=176: 2971 braids
  Braids kept: 6000 (in 6 buckets, 0.25 GB)
  ⚡ Timing: matmul=0.22s, sampling=0.01s, total=0.47s

============================================================
Level 87 - SAMPLING
============================================================
  Starting braids: 2000
  Candidates to generate: 26250
  Projlen distribution:
    projlen=173: 1062 braids
    projlen=174: 3169 braids
    projlen=175: 4911 braids
    projlen=176: 3426 braids
    projlen=177: 10469 braids
    projlen=178: 3213 braids
  Braids kept: 6000 (in 6 buckets, 0.25 GB)
  ⚡ Timing: matmul=0.12s, sampling=0.01s, total=0.43s

============================================================
Level 88 - SAMPLING
============================================================
  Starting braids: 2000
  Candidates to generate: 25922
  Projlen distribution:
    projlen=175: 1060 braids
    projlen=176: 3173 braids
    projlen=177: 4915 braids
    projlen=178: 3413 braids
    projlen=179: 10316 braids
    projlen=180: 3045 braids
  Braids kept: 6000 (in 6 buckets, 0.25 GB)
  ⚡ Timing: matmul=0.17s, sampling=0.01s, total=0.46s

============================================================
Level 89 - SAMPLING
============================================================
  Starting braids: 2000
  Candidates to generate: 25840
  Projlen distribution:
    projlen=177: 1060 braids
    projlen=178: 3177 braids
    projlen=179: 4931 braids
    projlen=180: 3438 braids
    projlen=181: 10215 braids
    projlen=182: 3019 braids
  Braids kept: 6000 (in 6 buckets, 0.25 GB)
  ⚡ Timing: matmul=0.18s, sampling=0.01s, total=0.45s

============================================================
Level 90 - SAMPLING
============================================================
  Starting braids: 2000
  Candidates to generate: 26101
  Projlen distribution:
    projlen=179: 1058 braids
    projlen=180: 3183 braids
    projlen=181: 4936 braids
    projlen=182: 3446 braids
    projlen=183: 10367 braids
    projlen=184: 3111 braids
  Braids kept: 6000 (in 6 buckets, 0.25 GB)
  ⚡ Timing: matmul=0.22s, sampling=0.01s, total=0.53s

============================================================
Level 91 - SAMPLING
============================================================
  Starting braids: 2000
  Candidates to generate: 25751
  Projlen distribution:
    projlen=181: 1054 braids
    projlen=182: 3173 braids
    projlen=183: 4929 braids
    projlen=184: 3431 braids
    projlen=185: 10255 braids
    projlen=186: 2909 braids
  Braids kept: 6000 (in 6 buckets, 0.25 GB)
  ⚡ Timing: matmul=0.22s, sampling=0.01s, total=0.53s

============================================================
Level 92 - SAMPLING
============================================================
  Starting braids: 2000
  Candidates to generate: 25986
  Projlen distribution:
    projlen=183: 1056 braids
    projlen=184: 3161 braids
    projlen=185: 4921 braids
    projlen=186: 3421 braids
    projlen=187: 10332 braids
    projlen=188: 3095 braids
  Braids kept: 6000 (in 6 buckets, 0.25 GB)
  ⚡ Timing: matmul=0.16s, sampling=0.01s, total=0.41s

============================================================
Level 93 - SAMPLING
============================================================
  Starting braids: 2000
  Candidates to generate: 26110
  Projlen distribution:
    projlen=185: 1052 braids
    projlen=186: 3164 braids
    projlen=187: 4904 braids
    projlen=188: 3353 braids
    projlen=189: 10463 braids
    projlen=190: 3174 braids
  Braids kept: 6000 (in 6 buckets, 0.25 GB)
  ⚡ Timing: matmul=0.18s, sampling=0.01s, total=0.43s

============================================================
Level 94 - SAMPLING
============================================================
  Starting braids: 2000
  Candidates to generate: 25835
  Projlen distribution:
    projlen=187: 1047 braids
    projlen=188: 3164 braids
    projlen=189: 4930 braids
    projlen=190: 3385 braids
    projlen=191: 10323 braids
    projlen=192: 2986 braids
  Braids kept: 6000 (in 6 buckets, 0.25 GB)
  ⚡ Timing: matmul=0.24s, sampling=0.01s, total=0.48s

============================================================
Level 95 - SAMPLING
============================================================
  Starting braids: 2000
  Candidates to generate: 25920
  Projlen distribution:
    projlen=189: 1047 braids
    projlen=190: 3162 braids
    projlen=191: 4950 braids
    projlen=192: 3379 braids
    projlen=193: 10345 braids
    projlen=194: 3037 braids
  Braids kept: 6000 (in 6 buckets, 0.25 GB)
  ⚡ Timing: matmul=0.23s, sampling=0.01s, total=0.50s

============================================================
Level 96 - SAMPLING
============================================================
  Starting braids: 2000
  Candidates to generate: 26053
  Projlen distribution:
    projlen=191: 1043 braids
    projlen=192: 3160 braids
    projlen=193: 4934 braids
    projlen=194: 3376 braids
    projlen=195: 10442 braids
    projlen=196: 3098 braids
  Braids kept: 6000 (in 6 buckets, 0.25 GB)
  ⚡ Timing: matmul=0.16s, sampling=0.01s, total=0.42s

============================================================
Level 97 - SAMPLING
============================================================
  Starting braids: 2000
  Candidates to generate: 26008
  Projlen distribution:
    projlen=193: 1044 braids
    projlen=194: 3158 braids
    projlen=195: 4931 braids
    projlen=196: 3351 braids
    projlen=197: 10422 braids
    projlen=198: 3102 braids
  Braids kept: 6000 (in 6 buckets, 0.25 GB)
  ⚡ Timing: matmul=0.16s, sampling=0.01s, total=0.46s

============================================================
Level 98 - SAMPLING
============================================================
  Starting braids: 2000
  Candidates to generate: 26267
  Projlen distribution:
    projlen=195: 1046 braids
    projlen=196: 3154 braids
    projlen=197: 4894 braids
    projlen=198: 3326 braids
    projlen=199: 10581 braids
    projlen=200: 3266 braids
  Braids kept: 6000 (in 6 buckets, 0.25 GB)
  ⚡ Timing: matmul=0.19s, sampling=0.01s, total=0.49s

============================================================
Level 99 - SAMPLING
============================================================
  Starting braids: 2000
  Candidates to generate: 26366
  Projlen distribution:
    projlen=197: 1046 braids
    projlen=198: 3151 braids
    projlen=199: 4911 braids
    projlen=200: 3351 braids
    projlen=201: 10597 braids
    projlen=202: 3310 braids
  Braids kept: 6000 (in 6 buckets, 0.25 GB)
  ⚡ Timing: matmul=0.19s, sampling=0.01s, total=0.49s

============================================================
Level 100 - SAMPLING
============================================================
  Starting braids: 2000
  Candidates to generate: 26365
  Projlen distribution:
    projlen=199: 1047 braids
    projlen=200: 3146 braids
    projlen=201: 4922 braids
    projlen=202: 3340 braids
    projlen=203: 10574 braids
    projlen=204: 3336 braids
  Braids kept: 6000 (in 6 buckets, 0.25 GB)
  ⚡ Timing: matmul=0.18s, sampling=0.01s, total=0.47s

============================================================
Level 101 - SAMPLING
============================================================
  Starting braids: 2000
  Candidates to generate: 26176
  Projlen distribution:
    projlen=201: 1046 braids
    projlen=202: 3154 braids
    projlen=203: 4927 braids
    projlen=204: 3380 braids
    projlen=205: 10498 braids
    projlen=206: 3171 braids
  Braids kept: 6000 (in 6 buckets, 0.25 GB)
  ⚡ Timing: matmul=0.15s, sampling=0.01s, total=0.42s

============================================================
Level 102 - SAMPLING
============================================================
  Starting braids: 2000
  Candidates to generate: 26381
  Projlen distribution:
    projlen=203: 1046 braids
    projlen=204: 3146 braids
    projlen=205: 4949 braids
    projlen=206: 3393 braids
    projlen=207: 10571 braids
    projlen=208: 3276 braids
  Braids kept: 6000 (in 6 buckets, 0.25 GB)
  ⚡ Timing: matmul=0.20s, sampling=0.01s, total=0.49s

============================================================
Level 103 - SAMPLING
============================================================
  Starting braids: 2000
  Candidates to generate: 25792
  Projlen distribution:
    projlen=205: 1045 braids
    projlen=206: 3141 braids
    projlen=207: 4924 braids
    projlen=208: 3348 braids
    projlen=209: 10322 braids
    projlen=210: 3012 braids
  Braids kept: 6000 (in 6 buckets, 0.25 GB)
  ⚡ Timing: matmul=0.20s, sampling=0.01s, total=0.52s

============================================================
Level 104 - SAMPLING
============================================================
  Starting braids: 2000
  Candidates to generate: 26363
  Projlen distribution:
    projlen=207: 1047 braids
    projlen=208: 3143 braids
    projlen=209: 4931 braids
    projlen=210: 3345 braids
    projlen=211: 10561 braids
    projlen=212: 3336 braids
  Braids kept: 6000 (in 6 buckets, 0.25 GB)
  ⚡ Timing: matmul=0.10s, sampling=0.01s, total=0.47s

============================================================
Level 105 - SAMPLING
============================================================
  Starting braids: 2000
  Candidates to generate: 25777
  Projlen distribution:
    projlen=209: 1047 braids
    projlen=210: 3144 braids
    projlen=211: 4943 braids
    projlen=212: 3347 braids
    projlen=213: 10256 braids
    projlen=214: 3040 braids
  Braids kept: 6000 (in 6 buckets, 0.25 GB)
  ⚡ Timing: matmul=0.14s, sampling=0.01s, total=0.46s

============================================================
Level 106 - SAMPLING
============================================================
  Starting braids: 2000
  Candidates to generate: 26170
  Projlen distribution:
    projlen=211: 1047 braids
    projlen=212: 3144 braids
    projlen=213: 4931 braids
    projlen=214: 3338 braids
    projlen=215: 10453 braids
    projlen=216: 3257 braids
  Braids kept: 6000 (in 6 buckets, 0.25 GB)
  ⚡ Timing: matmul=0.18s, sampling=0.01s, total=0.49s

============================================================
Level 107 - SAMPLING
============================================================
  Starting braids: 2000
  Candidates to generate: 26198
  Projlen distribution:
    projlen=213: 1047 braids
    projlen=214: 3128 braids
    projlen=215: 4944 braids
    projlen=216: 3366 braids
    projlen=217: 10497 braids
    projlen=218: 3216 braids
  Braids kept: 6000 (in 6 buckets, 0.25 GB)
  ⚡ Timing: matmul=0.20s, sampling=0.01s, total=0.47s

============================================================
Level 108 - SAMPLING
============================================================
  Starting braids: 2000
  Candidates to generate: 26084
  Projlen distribution:
    projlen=215: 1049 braids
    projlen=216: 3125 braids
    projlen=217: 4943 braids
    projlen=218: 3350 braids
    projlen=219: 10412 braids
    projlen=220: 3205 braids
  Braids kept: 6000 (in 6 buckets, 0.25 GB)
  ⚡ Timing: matmul=0.22s, sampling=0.01s, total=0.51s

============================================================
Level 109 - SAMPLING
============================================================
  Starting braids: 2000
  Candidates to generate: 25846
  Projlen distribution:
    projlen=217: 1049 braids
    projlen=218: 3128 braids
    projlen=219: 4936 braids
    projlen=220: 3316 braids
    projlen=221: 10285 braids
    projlen=222: 3132 braids
  Braids kept: 6000 (in 6 buckets, 0.25 GB)
  ⚡ Timing: matmul=0.21s, sampling=0.01s, total=0.51s

============================================================
Level 110 - SAMPLING
============================================================
  Starting braids: 2000
  Candidates to generate: 26083
  Projlen distribution:
    projlen=219: 1048 braids
    projlen=220: 3138 braids
    projlen=221: 4950 braids
    projlen=222: 3336 braids
    projlen=223: 10405 braids
    projlen=224: 3206 braids
  Braids kept: 6000 (in 6 buckets, 0.25 GB)
  ⚡ Timing: matmul=0.17s, sampling=0.01s, total=0.36s

============================================================
Level 111 - SAMPLING
============================================================
  Starting braids: 2000
  Candidates to generate: 25791
  Projlen distribution:
    projlen=221: 1050 braids
    projlen=222: 3133 braids
    projlen=223: 4936 braids
    projlen=224: 3317 braids
    projlen=225: 10266 braids
    projlen=226: 3089 braids
  Braids kept: 6000 (in 6 buckets, 0.25 GB)
  ⚡ Timing: matmul=0.22s, sampling=0.01s, total=0.49s

============================================================
Level 112 - SAMPLING
============================================================
  Starting braids: 2000
  Candidates to generate: 25742
  Projlen distribution:
    projlen=223: 1048 braids
    projlen=224: 3132 braids
    projlen=225: 4945 braids
    projlen=226: 3300 braids
    projlen=227: 10214 braids
    projlen=228: 3103 braids
  Braids kept: 6000 (in 6 buckets, 0.25 GB)
  ⚡ Timing: matmul=0.20s, sampling=0.01s, total=0.50s

============================================================
Level 113 - SAMPLING
============================================================
  Starting braids: 2000
  Candidates to generate: 26047
  Projlen distribution:
    projlen=225: 1048 braids
    projlen=226: 3128 braids
    projlen=227: 4951 braids
    projlen=228: 5047 braids
    projlen=229: 11852 braids
    projlen=230: 21 braids
  Braids kept: 5021 (in 6 buckets, 0.21 GB)
  ⚡ Timing: matmul=0.20s, sampling=0.01s, total=0.54s

============================================================
Level 114 - SAMPLING
============================================================
  Starting braids: 2000
  Candidates to generate: 26219
  Projlen distribution:
    projlen=227: 1072 braids
    projlen=228: 5586 braids
    projlen=229: 19189 braids
    projlen=230: 319 braids
    projlen=231: 53 braids
  Braids kept: 3372 (in 5 buckets, 0.14 GB)
  ⚡ Timing: matmul=0.20s, sampling=0.01s, total=0.53s

============================================================
Level 115 - SAMPLING
============================================================
  Starting braids: 2000
  Candidates to generate: 37490
  Projlen distribution:
    projlen=225: 8 braids
    projlen=226: 599 braids
    projlen=227: 6569 braids
    projlen=228: 11278 braids
    projlen=229: 18620 braids
    projlen=230: 383 braids
    projlen=231: 25 braids
    projlen=232: 8 braids
  Braids kept: 4023 (in 8 buckets, 0.17 GB)
  ⚡ Timing: matmul=0.29s, sampling=0.01s, total=0.66s

============================================================
Level 116 - SAMPLING
============================================================
  Starting braids: 2000
  Candidates to generate: 124534
  Processing in 2 chunks...
  Projlen distribution:
    projlen=223: 8 braids
    projlen=224: 1186 braids
    projlen=225: 11300 braids
    projlen=226: 52258 braids
    projlen=227: 50021 braids
    projlen=228: 9761 braids
  Braids kept: 5008 (in 6 buckets, 0.21 GB)
  ⚡ Timing: matmul=0.59s, sampling=0.03s, total=1.49s

============================================================
Level 117 - SAMPLING
============================================================
  Starting braids: 2000
  Candidates to generate: 128617
  Processing in 2 chunks...
  Projlen distribution:
    projlen=221: 5 braids
    projlen=222: 1323 braids
    projlen=223: 18308 braids
    projlen=224: 65581 braids
    projlen=225: 43400 braids
  Braids kept: 4005 (in 5 buckets, 0.17 GB)
  ⚡ Timing: matmul=0.55s, sampling=0.02s, total=1.63s

============================================================
Level 118 - SAMPLING
============================================================
  Starting braids: 2000
  Candidates to generate: 121153
  Processing in 2 chunks...
  Projlen distribution:
    projlen=219: 6 braids
    projlen=220: 1441 braids
    projlen=221: 16417 braids
    projlen=222: 59232 braids
    projlen=223: 44057 braids
  Braids kept: 4006 (in 5 buckets, 0.17 GB)
  ⚡ Timing: matmul=0.41s, sampling=0.02s, total=1.40s

============================================================
Level 119 - SAMPLING
============================================================
  Starting braids: 2000
  Candidates to generate: 136123
  Processing in 2 chunks...
  Projlen distribution:
    projlen=217: 92 braids
    projlen=218: 2417 braids
    projlen=219: 22138 braids
    projlen=220: 66124 braids
    projlen=221: 45352 braids
  Braids kept: 4092 (in 5 buckets, 0.17 GB)
  ⚡ Timing: matmul=0.70s, sampling=0.03s, total=1.53s

============================================================
Level 120 - SAMPLING
============================================================
  Starting braids: 2000
  Candidates to generate: 145048
  Processing in 3 chunks...
  Projlen distribution:
    projlen=214: 7 braids
    projlen=215: 618 braids
    projlen=216: 7469 braids
    projlen=217: 30485 braids
    projlen=218: 66033 braids
    projlen=219: 40436 braids
  Braids kept: 4625 (in 6 buckets, 0.19 GB)
  ⚡ Timing: matmul=0.37s, sampling=0.03s, total=1.78s

============================================================
Level 121 - SAMPLING
============================================================
  Starting braids: 2000
  Candidates to generate: 170540
  Processing in 3 chunks...
  Projlen distribution:
    projlen=212: 91 braids
    projlen=213: 2811 braids
    projlen=214: 23733 braids
    projlen=215: 67565 braids
    projlen=216: 59237 braids
    projlen=217: 17103 braids
  Braids kept: 5091 (in 6 buckets, 0.21 GB)
  ⚡ Timing: matmul=0.65s, sampling=0.03s, total=1.99s

============================================================
Level 122 - SAMPLING
============================================================
  Starting braids: 2000
  Candidates to generate: 175675
  Processing in 3 chunks...
  Projlen distribution:
    projlen=209: 11 braids
    projlen=210: 504 braids
    projlen=211: 6957 braids
    projlen=212: 38814 braids
    projlen=213: 84645 braids
    projlen=214: 44744 braids
  Braids kept: 4515 (in 6 buckets, 0.19 GB)
  ⚡ Timing: matmul=0.74s, sampling=0.04s, total=2.19s

============================================================
Level 123 - SAMPLING
============================================================
  Starting braids: 2000
  Candidates to generate: 167669
  Processing in 3 chunks...
  Projlen distribution:
    projlen=206: 6 braids
    projlen=207: 256 braids
    projlen=208: 2788 braids
    projlen=209: 17643 braids
    projlen=210: 59750 braids
    projlen=211: 64055 braids
    projlen=212: 23171 braids
  Braids kept: 5262 (in 7 buckets, 0.22 GB)
  ⚡ Timing: matmul=0.66s, sampling=0.04s, total=2.02s

============================================================
Level 124 - SAMPLING
============================================================
  Starting braids: 2000
  Candidates to generate: 174816
  Processing in 3 chunks...
  Projlen distribution:
    projlen=203: 1 braids
    projlen=204: 121 braids
    projlen=205: 2139 braids
    projlen=206: 14966 braids
    projlen=207: 47707 braids
    projlen=208: 75511 braids
    projlen=209: 34371 braids
  Braids kept: 5122 (in 7 buckets, 0.21 GB)
  ⚡ Timing: matmul=0.56s, sampling=0.04s, total=1.89s

============================================================
Level 125 - SAMPLING
============================================================
  Starting braids: 2000
  Candidates to generate: 172596
  Processing in 3 chunks...
  Projlen distribution:
    projlen=201: 43 braids
    projlen=202: 1281 braids
    projlen=203: 10321 braids
    projlen=204: 41902 braids
    projlen=205: 77418 braids
    projlen=206: 41631 braids
  Braids kept: 5043 (in 6 buckets, 0.21 GB)
  ⚡ Timing: matmul=0.76s, sampling=0.04s, total=2.15s

============================================================
Level 126 - SAMPLING
============================================================
  Starting braids: 2000
  Candidates to generate: 186009
  Processing in 3 chunks...
  Projlen distribution:
    projlen=198: 29 braids
    projlen=199: 525 braids
    projlen=200: 7910 braids
    projlen=201: 39307 braids
    projlen=202: 89390 braids
    projlen=203: 48848 braids
  Braids kept: 4554 (in 6 buckets, 0.19 GB)
  ⚡ Timing: matmul=0.74s, sampling=0.04s, total=2.21s

============================================================
Level 127 - SAMPLING
============================================================
  Starting braids: 2000
  Candidates to generate: 176497
  Processing in 3 chunks...
  Projlen distribution:
    projlen=195: 18 braids
    projlen=196: 396 braids
    projlen=197: 4182 braids
    projlen=198: 23452 braids
    projlen=199: 59935 braids
    projlen=200: 66630 braids
    projlen=201: 21884 braids
  Braids kept: 5414 (in 7 buckets, 0.23 GB)
  ⚡ Timing: matmul=0.77s, sampling=0.04s, total=1.88s

============================================================
SEARCH COMPLETE
============================================================
Final level: 127
Total time: 80.98s
Avg time per level: 0.64s
Total kernel elements: 0

============================================================
VERIFICATION
============================================================
No projlen=1 braids found.
JOB COMPLETED!
