============================================================
SEARCHING FOR KERNEL ELEMENTS
============================================================
Braid group: B_6
Representation: (4, 2)
Dimension: 9
Number of simples: 720
Prime: 3
Device: cuda
Bucket size: 1000
Max length: 127
Bootstrap length: 2
Degree multiplier: 2
Degree window: [0, 254] (255 coeffs)
Use best: 2000
Expansion chunk size: 70000
Matmul chunk size: 8500

Loaded tables from precomputed_tables/tables_B6_r2_p3.pt
  Braid group: B_6
  Representation: (4, 2), dimension 9
  Number of simples: 720
  Degree window: [0, 254] (255 coefficients) - NON-NEGATIVE ONLY
✓ Identity matrix verified (at degree 0)

Precomputing FFTs of simple matrices...
  dim=9, D=255, out_D=509, fft_size=512
  FFT cache: 119.9 MB
Initialized with identity braid
Braid group: B_6
Representation: (4, 2), dimension 9
Degree window: [0, 254] (255 coefficients) - NON-NEGATIVE ONLY
FFT size: 512
Storage types: matrix=torch.int16, word=torch.int32
Config: bucket_size=1000, bootstrap=2, max_length=127, chunk_size=70000, matmul_chunk=8500, use_best=2000
⚡ Ultra-optimized: precomputed FFTs + non-negative degrees only

============================================================
Level 1 - BOOTSTRAP
============================================================
  Starting braids: 1
  Candidates to generate: 718
  Projlen distribution:
    projlen=3: 10 braids
    projlen=4: 28 braids
    projlen=5: 34 braids
    projlen=6: 248 braids
    projlen=7: 398 braids
  Braids kept: 718 (in 5 buckets, 0.03 GB)
  ⚡ Timing: matmul=0.05s, sampling=0.00s, total=0.28s

============================================================
Level 2 - BOOTSTRAP
============================================================
  Starting braids: 718
  Candidates to generate: 89482
  Processing in 2 chunks...
  Projlen distribution:
    projlen=5: 54 braids
    projlen=6: 252 braids
    projlen=7: 1128 braids
    projlen=8: 4276 braids
    projlen=9: 13330 braids
    projlen=10: 17580 braids
    projlen=11: 24830 braids
    projlen=12: 21340 braids
    projlen=13: 6692 braids
  Braids kept: 89482 (in 9 buckets, 3.74 GB)
  ⚡ Timing: matmul=0.63s, sampling=0.02s, total=1.21s

============================================================
Level 3 - SAMPLING
============================================================
  Starting braids: 2000
  Candidates to generate: 107009
  Processing in 2 chunks...
  Projlen distribution:
    projlen=7: 186 braids
    projlen=8: 1022 braids
    projlen=9: 5974 braids
    projlen=10: 12714 braids
    projlen=11: 25010 braids
    projlen=12: 32597 braids
    projlen=13: 23358 braids
    projlen=14: 6148 braids
  Braids kept: 7186 (in 8 buckets, 0.30 GB)
  ⚡ Timing: matmul=0.47s, sampling=0.07s, total=1.07s

============================================================
Level 4 - SAMPLING
============================================================
  Starting braids: 2000
  Candidates to generate: 62053
  Projlen distribution:
    projlen=9: 400 braids
    projlen=10: 2458 braids
    projlen=11: 7294 braids
    projlen=12: 10509 braids
    projlen=13: 18632 braids
    projlen=14: 17422 braids
    projlen=15: 5338 braids
  Braids kept: 6400 (in 7 buckets, 0.27 GB)
  ⚡ Timing: matmul=0.25s, sampling=0.01s, total=0.55s

============================================================
Level 5 - SAMPLING
============================================================
  Starting braids: 2000
  Candidates to generate: 50793
  Projlen distribution:
    projlen=11: 771 braids
    projlen=12: 2812 braids
    projlen=13: 6874 braids
    projlen=14: 9026 braids
    projlen=15: 14744 braids
    projlen=16: 12635 braids
    projlen=17: 3931 braids
  Braids kept: 6771 (in 7 buckets, 0.28 GB)
  ⚡ Timing: matmul=0.18s, sampling=0.01s, total=0.46s

============================================================
Level 6 - SAMPLING
============================================================
  Starting braids: 2000
  Candidates to generate: 38512
  Projlen distribution:
    projlen=12: 2 braids
    projlen=13: 1428 braids
    projlen=14: 3449 braids
    projlen=15: 6603 braids
    projlen=16: 7685 braids
    projlen=17: 11340 braids
    projlen=18: 6739 braids
    projlen=19: 1266 braids
  Braids kept: 7002 (in 8 buckets, 0.29 GB)
  ⚡ Timing: matmul=0.20s, sampling=0.01s, total=0.45s

============================================================
Level 7 - SAMPLING
============================================================
  Starting braids: 2000
  Candidates to generate: 32327
  Projlen distribution:
    projlen=14: 7 braids
    projlen=15: 1838 braids
    projlen=16: 3732 braids
    projlen=17: 6456 braids
    projlen=18: 6503 braids
    projlen=19: 9506 braids
    projlen=20: 4285 braids
  Braids kept: 6007 (in 7 buckets, 0.25 GB)
  ⚡ Timing: matmul=0.12s, sampling=0.01s, total=0.28s

============================================================
Level 8 - SAMPLING
============================================================
  Starting braids: 2000
  Candidates to generate: 29155
  Projlen distribution:
    projlen=16: 14 braids
    projlen=17: 1885 braids
    projlen=18: 3477 braids
    projlen=19: 6204 braids
    projlen=20: 5596 braids
    projlen=21: 8154 braids
    projlen=22: 3825 braids
  Braids kept: 6014 (in 7 buckets, 0.25 GB)
  ⚡ Timing: matmul=0.12s, sampling=0.01s, total=0.34s

============================================================
Level 9 - SAMPLING
============================================================
  Starting braids: 2000
  Candidates to generate: 27893
  Projlen distribution:
    projlen=18: 15 braids
    projlen=19: 1914 braids
    projlen=20: 3412 braids
    projlen=21: 6111 braids
    projlen=22: 5174 braids
    projlen=23: 7537 braids
    projlen=24: 3730 braids
  Braids kept: 6015 (in 7 buckets, 0.25 GB)
  ⚡ Timing: matmul=0.11s, sampling=0.01s, total=0.33s

============================================================
Level 10 - SAMPLING
============================================================
  Starting braids: 2000
  Candidates to generate: 27313
  Projlen distribution:
    projlen=20: 17 braids
    projlen=21: 1916 braids
    projlen=22: 3382 braids
    projlen=23: 5993 braids
    projlen=24: 5008 braids
    projlen=25: 7283 braids
    projlen=26: 3714 braids
  Braids kept: 6017 (in 7 buckets, 0.25 GB)
  ⚡ Timing: matmul=0.15s, sampling=0.01s, total=0.40s

============================================================
Level 11 - SAMPLING
============================================================
  Starting braids: 2000
  Candidates to generate: 26170
  Projlen distribution:
    projlen=22: 20 braids
    projlen=23: 1937 braids
    projlen=24: 3346 braids
    projlen=25: 5876 braids
    projlen=26: 4641 braids
    projlen=27: 6790 braids
    projlen=28: 3560 braids
  Braids kept: 6020 (in 7 buckets, 0.25 GB)
  ⚡ Timing: matmul=0.14s, sampling=0.01s, total=0.36s

============================================================
Level 12 - SAMPLING
============================================================
  Starting braids: 2000
  Candidates to generate: 25838
  Projlen distribution:
    projlen=24: 23 braids
    projlen=25: 1982 braids
    projlen=26: 3341 braids
    projlen=27: 5919 braids
    projlen=28: 4620 braids
    projlen=29: 6405 braids
    projlen=30: 3548 braids
  Braids kept: 6023 (in 7 buckets, 0.25 GB)
  ⚡ Timing: matmul=0.15s, sampling=0.01s, total=0.35s

============================================================
Level 13 - SAMPLING
============================================================
  Starting braids: 2000
  Candidates to generate: 26118
  Projlen distribution:
    projlen=25: 3 braids
    projlen=26: 33 braids
    projlen=27: 2036 braids
    projlen=28: 3577 braids
    projlen=29: 6023 braids
    projlen=30: 4902 braids
    projlen=31: 6368 braids
    projlen=32: 3176 braids
  Braids kept: 6036 (in 8 buckets, 0.25 GB)
  ⚡ Timing: matmul=0.18s, sampling=0.01s, total=0.35s

============================================================
Level 14 - SAMPLING
============================================================
  Starting braids: 2000
  Candidates to generate: 28970
  Projlen distribution:
    projlen=27: 5 braids
    projlen=28: 65 braids
    projlen=29: 2178 braids
    projlen=30: 3880 braids
    projlen=31: 6354 braids
    projlen=32: 5931 braids
    projlen=33: 7156 braids
    projlen=34: 3401 braids
  Braids kept: 6070 (in 8 buckets, 0.25 GB)
  ⚡ Timing: matmul=0.19s, sampling=0.01s, total=0.33s

============================================================
Level 15 - SAMPLING
============================================================
  Starting braids: 2000
  Candidates to generate: 30058
  Projlen distribution:
    projlen=28: 1 braids
    projlen=29: 8 braids
    projlen=30: 139 braids
    projlen=31: 2359 braids
    projlen=32: 4202 braids
    projlen=33: 6533 braids
    projlen=34: 6376 braids
    projlen=35: 7214 braids
    projlen=36: 3226 braids
  Braids kept: 6148 (in 9 buckets, 0.26 GB)
  ⚡ Timing: matmul=0.21s, sampling=0.01s, total=0.36s

============================================================
Level 16 - SAMPLING
============================================================
  Starting braids: 2000
  Candidates to generate: 32714
  Projlen distribution:
    projlen=30: 1 braids
    projlen=31: 13 braids
    projlen=32: 308 braids
    projlen=33: 2658 braids
    projlen=34: 4663 braids
    projlen=35: 7013 braids
    projlen=36: 7264 braids
    projlen=37: 7584 braids
    projlen=38: 3210 braids
  Braids kept: 6322 (in 9 buckets, 0.26 GB)
  ⚡ Timing: matmul=0.23s, sampling=0.01s, total=0.42s

============================================================
Level 17 - SAMPLING
============================================================
  Starting braids: 2000
  Candidates to generate: 32318
  Projlen distribution:
    projlen=32: 1 braids
    projlen=33: 22 braids
    projlen=34: 693 braids
    projlen=35: 3139 braids
    projlen=36: 5041 braids
    projlen=37: 6982 braids
    projlen=38: 7189 braids
    projlen=39: 6774 braids
    projlen=40: 2477 braids
  Braids kept: 6716 (in 9 buckets, 0.28 GB)
  ⚡ Timing: matmul=0.22s, sampling=0.01s, total=0.41s

============================================================
Level 18 - SAMPLING
============================================================
  Starting braids: 2000
  Candidates to generate: 34149
  Projlen distribution:
    projlen=34: 2 braids
    projlen=35: 37 braids
    projlen=36: 1631 braids
    projlen=37: 4380 braids
    projlen=38: 5808 braids
    projlen=39: 7781 braids
    projlen=40: 8012 braids
    projlen=41: 5250 braids
    projlen=42: 1248 braids
  Braids kept: 7039 (in 9 buckets, 0.29 GB)
  ⚡ Timing: matmul=0.23s, sampling=0.01s, total=0.42s

============================================================
Level 19 - SAMPLING
============================================================
  Starting braids: 2000
  Candidates to generate: 31801
  Projlen distribution:
    projlen=36: 4 braids
    projlen=37: 68 braids
    projlen=38: 2404 braids
    projlen=39: 5163 braids
    projlen=40: 6120 braids
    projlen=41: 7882 braids
    projlen=42: 7470 braids
    projlen=43: 2690 braids
  Braids kept: 6072 (in 8 buckets, 0.25 GB)
  ⚡ Timing: matmul=0.22s, sampling=0.01s, total=0.43s

============================================================
Level 20 - SAMPLING
============================================================
  Starting braids: 2000
  Candidates to generate: 30547
  Projlen distribution:
    projlen=38: 7 braids
    projlen=39: 126 braids
    projlen=40: 2497 braids
    projlen=41: 5065 braids
    projlen=42: 6298 braids
    projlen=43: 7422 braids
    projlen=44: 6800 braids
    projlen=45: 2332 braids
  Braids kept: 6133 (in 8 buckets, 0.26 GB)
  ⚡ Timing: matmul=0.18s, sampling=0.01s, total=0.34s

============================================================
Level 21 - SAMPLING
============================================================
  Starting braids: 2000
  Candidates to generate: 33081
  Projlen distribution:
    projlen=40: 12 braids
    projlen=41: 213 braids
    projlen=42: 2710 braids
    projlen=43: 5219 braids
    projlen=44: 6644 braids
    projlen=45: 7844 braids
    projlen=46: 7778 braids
    projlen=47: 2661 braids
  Braids kept: 6225 (in 8 buckets, 0.26 GB)
  ⚡ Timing: matmul=0.22s, sampling=0.01s, total=0.37s

============================================================
Level 22 - SAMPLING
============================================================
  Starting braids: 2000
  Candidates to generate: 33025
  Projlen distribution:
    projlen=42: 17 braids
    projlen=43: 354 braids
    projlen=44: 2917 braids
    projlen=45: 5391 braids
    projlen=46: 6648 braids
    projlen=47: 7897 braids
    projlen=48: 7314 braids
    projlen=49: 2487 braids
  Braids kept: 6371 (in 8 buckets, 0.27 GB)
  ⚡ Timing: matmul=0.24s, sampling=0.01s, total=0.38s

============================================================
Level 23 - SAMPLING
============================================================
  Starting braids: 2000
  Candidates to generate: 33113
  Projlen distribution:
    projlen=44: 27 braids
    projlen=45: 566 braids
    projlen=46: 3222 braids
    projlen=47: 5648 braids
    projlen=48: 6574 braids
    projlen=49: 7822 braids
    projlen=50: 7028 braids
    projlen=51: 2226 braids
  Braids kept: 6593 (in 8 buckets, 0.28 GB)
  ⚡ Timing: matmul=0.23s, sampling=0.01s, total=0.38s

============================================================
Level 24 - SAMPLING
============================================================
  Starting braids: 2000
  Candidates to generate: 31079
  Projlen distribution:
    projlen=46: 42 braids
    projlen=47: 895 braids
    projlen=48: 3777 braids
    projlen=49: 5871 braids
    projlen=50: 6440 braids
    projlen=51: 7056 braids
    projlen=52: 5510 braids
    projlen=53: 1488 braids
  Braids kept: 6937 (in 8 buckets, 0.29 GB)
  ⚡ Timing: matmul=0.18s, sampling=0.01s, total=0.36s

============================================================
Level 25 - SAMPLING
============================================================
  Starting braids: 2000
  Candidates to generate: 27076
  Projlen distribution:
    projlen=47: 1 braids
    projlen=48: 61 braids
    projlen=49: 1401 braids
    projlen=50: 4726 braids
    projlen=51: 5862 braids
    projlen=52: 5943 braids
    projlen=53: 5901 braids
    projlen=54: 2866 braids
    projlen=55: 315 braids
  Braids kept: 6377 (in 9 buckets, 0.27 GB)
  ⚡ Timing: matmul=0.11s, sampling=0.01s, total=0.27s

============================================================
Level 26 - SAMPLING
============================================================
  Starting braids: 2000
  Candidates to generate: 25586
  Projlen distribution:
    projlen=49: 1 braids
    projlen=50: 88 braids
    projlen=51: 1565 braids
    projlen=52: 5005 braids
    projlen=53: 5731 braids
    projlen=54: 5904 braids
    projlen=55: 5314 braids
    projlen=56: 1978 braids
  Braids kept: 6089 (in 8 buckets, 0.25 GB)
  ⚡ Timing: matmul=0.14s, sampling=0.01s, total=0.33s

============================================================
Level 27 - SAMPLING
============================================================
  Starting braids: 2000
  Candidates to generate: 24942
  Projlen distribution:
    projlen=51: 4 braids
    projlen=52: 137 braids
    projlen=53: 1656 braids
    projlen=54: 5050 braids
    projlen=55: 5659 braids
    projlen=56: 5714 braids
    projlen=57: 4931 braids
    projlen=58: 1791 braids
  Braids kept: 6141 (in 8 buckets, 0.26 GB)
  ⚡ Timing: matmul=0.15s, sampling=0.01s, total=0.37s

============================================================
Level 28 - SAMPLING
============================================================
  Starting braids: 2000
  Candidates to generate: 26864
  Projlen distribution:
    projlen=53: 6 braids
    projlen=54: 206 braids
    projlen=55: 1828 braids
    projlen=56: 5340 braids
    projlen=57: 5794 braids
    projlen=58: 6146 braids
    projlen=59: 5607 braids
    projlen=60: 1937 braids
  Braids kept: 6212 (in 8 buckets, 0.26 GB)
  ⚡ Timing: matmul=0.18s, sampling=0.01s, total=0.39s

============================================================
Level 29 - SAMPLING
============================================================
  Starting braids: 2000
  Candidates to generate: 26761
  Projlen distribution:
    projlen=55: 14 braids
    projlen=56: 309 braids
    projlen=57: 2118 braids
    projlen=58: 5522 braids
    projlen=59: 5776 braids
    projlen=60: 6077 braids
    projlen=61: 5181 braids
    projlen=62: 1764 braids
  Braids kept: 6323 (in 8 buckets, 0.26 GB)
  ⚡ Timing: matmul=0.18s, sampling=0.01s, total=0.33s

============================================================
Level 30 - SAMPLING
============================================================
  Starting braids: 2000
  Candidates to generate: 28388
  Projlen distribution:
    projlen=57: 22 braids
    projlen=58: 479 braids
    projlen=59: 2512 braids
    projlen=60: 5879 braids
    projlen=61: 6035 braids
    projlen=62: 6693 braids
    projlen=63: 5269 braids
    projlen=64: 1499 braids
  Braids kept: 6501 (in 8 buckets, 0.27 GB)
  ⚡ Timing: matmul=0.20s, sampling=0.01s, total=0.36s

============================================================
Level 31 - SAMPLING
============================================================
  Starting braids: 2000
  Candidates to generate: 27685
  Projlen distribution:
    projlen=59: 38 braids
    projlen=60: 753 braids
    projlen=61: 2960 braids
    projlen=62: 5976 braids
    projlen=63: 5365 braids
    projlen=64: 6212 braids
    projlen=65: 4951 braids
    projlen=66: 1430 braids
  Braids kept: 6791 (in 8 buckets, 0.28 GB)
  ⚡ Timing: matmul=0.20s, sampling=0.01s, total=0.38s

============================================================
Level 32 - SAMPLING
============================================================
  Starting braids: 2000
  Candidates to generate: 26633
  Projlen distribution:
    projlen=61: 52 braids
    projlen=62: 1213 braids
    projlen=63: 3743 braids
    projlen=64: 6231 braids
    projlen=65: 5051 braids
    projlen=66: 5872 braids
    projlen=67: 3819 braids
    projlen=68: 652 braids
  Braids kept: 6704 (in 8 buckets, 0.28 GB)
  ⚡ Timing: matmul=0.18s, sampling=0.01s, total=0.36s

============================================================
Level 33 - SAMPLING
============================================================
  Starting braids: 2000
  Candidates to generate: 23717
  Projlen distribution:
    projlen=63: 79 braids
    projlen=64: 1610 braids
    projlen=65: 4388 braids
    projlen=66: 5958 braids
    projlen=67: 4425 braids
    projlen=68: 4819 braids
    projlen=69: 2438 braids
  Braids kept: 6079 (in 7 buckets, 0.25 GB)
  ⚡ Timing: matmul=0.17s, sampling=0.01s, total=0.35s

============================================================
Level 34 - SAMPLING
============================================================
  Starting braids: 2000
  Candidates to generate: 24719
  Projlen distribution:
    projlen=65: 110 braids
    projlen=66: 1718 braids
    projlen=67: 4502 braids
    projlen=68: 5954 braids
    projlen=69: 4856 braids
    projlen=70: 5245 braids
    projlen=71: 2334 braids
  Braids kept: 6110 (in 7 buckets, 0.26 GB)
  ⚡ Timing: matmul=0.18s, sampling=0.01s, total=0.32s

============================================================
Level 35 - SAMPLING
============================================================
  Starting braids: 2000
  Candidates to generate: 24855
  Projlen distribution:
    projlen=67: 139 braids
    projlen=68: 1867 braids
    projlen=69: 4648 braids
    projlen=70: 5977 braids
    projlen=71: 5223 braids
    projlen=72: 4941 braids
    projlen=73: 2060 braids
  Braids kept: 6139 (in 7 buckets, 0.26 GB)
  ⚡ Timing: matmul=0.17s, sampling=0.01s, total=0.32s

============================================================
Level 36 - SAMPLING
============================================================
  Starting braids: 2000
  Candidates to generate: 25412
  Projlen distribution:
    projlen=68: 1 braids
    projlen=69: 188 braids
    projlen=70: 2022 braids
    projlen=71: 4799 braids
    projlen=72: 6112 braids
    projlen=73: 5402 braids
    projlen=74: 4852 braids
    projlen=75: 2036 braids
  Braids kept: 6189 (in 8 buckets, 0.26 GB)
  ⚡ Timing: matmul=0.14s, sampling=0.01s, total=0.32s

============================================================
Level 37 - SAMPLING
============================================================
  Starting braids: 2000
  Candidates to generate: 26333
  Projlen distribution:
    projlen=70: 1 braids
    projlen=71: 268 braids
    projlen=72: 2233 braids
    projlen=73: 4885 braids
    projlen=74: 6203 braids
    projlen=75: 5620 braids
    projlen=76: 4967 braids
    projlen=77: 2156 braids
  Braids kept: 6269 (in 8 buckets, 0.26 GB)
  ⚡ Timing: matmul=0.17s, sampling=0.01s, total=0.32s

============================================================
Level 38 - SAMPLING
============================================================
  Starting braids: 2000
  Candidates to generate: 27877
  Projlen distribution:
    projlen=72: 5 braids
    projlen=73: 401 braids
    projlen=74: 2520 braids
    projlen=75: 5049 braids
    projlen=76: 6303 braids
    projlen=77: 6085 braids
    projlen=78: 5275 braids
    projlen=79: 2239 braids
  Braids kept: 6406 (in 8 buckets, 0.27 GB)
  ⚡ Timing: matmul=0.22s, sampling=0.01s, total=0.36s

============================================================
Level 39 - SAMPLING
============================================================
  Starting braids: 2000
  Candidates to generate: 28530
  Projlen distribution:
    projlen=73: 1 braids
    projlen=74: 8 braids
    projlen=75: 628 braids
    projlen=76: 2997 braids
    projlen=77: 5224 braids
    projlen=78: 6424 braids
    projlen=79: 6776 braids
    projlen=80: 4641 braids
    projlen=81: 1831 braids
  Braids kept: 6637 (in 9 buckets, 0.28 GB)
  ⚡ Timing: matmul=0.14s, sampling=0.01s, total=0.31s

============================================================
Level 40 - SAMPLING
============================================================
  Starting braids: 2000
  Candidates to generate: 29947
  Projlen distribution:
    projlen=75: 2 braids
    projlen=76: 15 braids
    projlen=77: 982 braids
    projlen=78: 3764 braids
    projlen=79: 5569 braids
    projlen=80: 6366 braids
    projlen=81: 7620 braids
    projlen=82: 4367 braids
    projlen=83: 1262 braids
  Braids kept: 6999 (in 9 buckets, 0.29 GB)
  ⚡ Timing: matmul=0.17s, sampling=0.01s, total=0.36s

============================================================
Level 41 - SAMPLING
============================================================
  Starting braids: 2000
  Candidates to generate: 28488
  Projlen distribution:
    projlen=76: 1 braids
    projlen=77: 3 braids
    projlen=78: 30 braids
    projlen=79: 1501 braids
    projlen=80: 4902 braids
    projlen=81: 5860 braids
    projlen=82: 6358 braids
    projlen=83: 7873 braids
    projlen=84: 1960 braids
  Braids kept: 6034 (in 9 buckets, 0.25 GB)
  ⚡ Timing: matmul=0.17s, sampling=0.01s, total=0.40s

============================================================
Level 42 - SAMPLING
============================================================
  Starting braids: 2000
  Candidates to generate: 30172
  Projlen distribution:
    projlen=78: 1 braids
    projlen=79: 6 braids
    projlen=80: 62 braids
    projlen=81: 1547 braids
    projlen=82: 4949 braids
    projlen=83: 6209 braids
    projlen=84: 6708 braids
    projlen=85: 8512 braids
    projlen=86: 2178 braids
  Braids kept: 6069 (in 9 buckets, 0.25 GB)
  ⚡ Timing: matmul=0.20s, sampling=0.01s, total=0.45s

============================================================
Level 43 - SAMPLING
============================================================
  Starting braids: 2000
  Candidates to generate: 30794
  Projlen distribution:
    projlen=80: 2 braids
    projlen=81: 13 braids
    projlen=82: 159 braids
    projlen=83: 1745 braids
    projlen=84: 5056 braids
    projlen=85: 6532 braids
    projlen=86: 7029 braids
    projlen=87: 8161 braids
    projlen=88: 2097 braids
  Braids kept: 6174 (in 9 buckets, 0.26 GB)
  ⚡ Timing: matmul=0.15s, sampling=0.01s, total=0.39s

============================================================
Level 44 - SAMPLING
============================================================
  Starting braids: 2000
  Candidates to generate: 34920
  Projlen distribution:
    projlen=82: 3 braids
    projlen=83: 30 braids
    projlen=84: 404 braids
    projlen=85: 2292 braids
    projlen=86: 5761 braids
    projlen=87: 7654 braids
    projlen=88: 8447 braids
    projlen=89: 8256 braids
    projlen=90: 2073 braids
  Braids kept: 6437 (in 9 buckets, 0.27 GB)
  ⚡ Timing: matmul=0.15s, sampling=0.01s, total=0.34s

============================================================
Level 45 - SAMPLING
============================================================
  Starting braids: 2000
  Candidates to generate: 37019
  Projlen distribution:
    projlen=84: 6 braids
    projlen=85: 68 braids
    projlen=86: 970 braids
    projlen=87: 3248 braids
    projlen=88: 6788 braids
    projlen=89: 7857 braids
    projlen=90: 8881 braids
    projlen=91: 7381 braids
    projlen=92: 1820 braids
  Braids kept: 7044 (in 9 buckets, 0.29 GB)
  ⚡ Timing: matmul=0.26s, sampling=0.01s, total=0.44s

============================================================
Level 46 - SAMPLING
============================================================
  Starting braids: 2000
  Candidates to generate: 37002
  Projlen distribution:
    projlen=86: 12 braids
    projlen=87: 152 braids
    projlen=88: 2204 braids
    projlen=89: 5404 braids
    projlen=90: 8413 braids
    projlen=91: 8016 braids
    projlen=92: 8874 braids
    projlen=93: 3927 braids
  Braids kept: 6164 (in 8 buckets, 0.26 GB)
  ⚡ Timing: matmul=0.26s, sampling=0.01s, total=0.47s

============================================================
Level 47 - SAMPLING
============================================================
  Starting braids: 2000
  Candidates to generate: 37441
  Projlen distribution:
    projlen=88: 25 braids
    projlen=89: 283 braids
    projlen=90: 2525 braids
    projlen=91: 5519 braids
    projlen=92: 8242 braids
    projlen=93: 8388 braids
    projlen=94: 9239 braids
    projlen=95: 3220 braids
  Braids kept: 6308 (in 8 buckets, 0.26 GB)
  ⚡ Timing: matmul=0.23s, sampling=0.01s, total=0.49s

============================================================
Level 48 - SAMPLING
============================================================
  Starting braids: 2000
  Candidates to generate: 35401
  Projlen distribution:
    projlen=90: 41 braids
    projlen=91: 512 braids
    projlen=92: 3035 braids
    projlen=93: 5431 braids
    projlen=94: 8065 braids
    projlen=95: 7641 braids
    projlen=96: 7977 braids
    projlen=97: 2699 braids
  Braids kept: 6553 (in 8 buckets, 0.27 GB)
  ⚡ Timing: matmul=0.18s, sampling=0.01s, total=0.36s

============================================================
Level 49 - SAMPLING
============================================================
  Starting braids: 2000
  Candidates to generate: 34241
  Projlen distribution:
    projlen=92: 68 braids
    projlen=93: 923 braids
    projlen=94: 4011 braids
    projlen=95: 5676 braids
    projlen=96: 7956 braids
    projlen=97: 7206 braids
    projlen=98: 6479 braids
    projlen=99: 1922 braids
  Braids kept: 6991 (in 8 buckets, 0.29 GB)
  ⚡ Timing: matmul=0.20s, sampling=0.01s, total=0.44s

============================================================
Level 50 - SAMPLING
============================================================
  Starting braids: 2000
  Candidates to generate: 29232
  Projlen distribution:
    projlen=94: 111 braids
    projlen=95: 1698 braids
    projlen=96: 5733 braids
    projlen=97: 5864 braids
    projlen=98: 7265 braids
    projlen=99: 6045 braids
    projlen=100: 2482 braids
    projlen=101: 34 braids
  Braids kept: 6145 (in 8 buckets, 0.26 GB)
  ⚡ Timing: matmul=0.15s, sampling=0.01s, total=0.33s

============================================================
Level 51 - SAMPLING
============================================================
  Starting braids: 2000
  Candidates to generate: 29471
  Projlen distribution:
    projlen=96: 148 braids
    projlen=97: 1976 braids
    projlen=98: 5965 braids
    projlen=99: 5903 braids
    projlen=100: 7466 braids
    projlen=101: 5873 braids
    projlen=102: 2140 braids
  Braids kept: 6148 (in 7 buckets, 0.26 GB)
  ⚡ Timing: matmul=0.16s, sampling=0.01s, total=0.34s

============================================================
Level 52 - SAMPLING
============================================================
  Starting braids: 2000
  Candidates to generate: 29920
  Projlen distribution:
    projlen=98: 188 braids
    projlen=99: 2058 braids
    projlen=100: 6015 braids
    projlen=101: 5916 braids
    projlen=102: 7485 braids
    projlen=103: 5973 braids
    projlen=104: 2285 braids
  Braids kept: 6188 (in 7 buckets, 0.26 GB)
  ⚡ Timing: matmul=0.20s, sampling=0.01s, total=0.41s

============================================================
Level 53 - SAMPLING
============================================================
  Starting braids: 2000
  Candidates to generate: 28330
  Projlen distribution:
    projlen=100: 233 braids
    projlen=101: 2139 braids
    projlen=102: 5905 braids
    projlen=103: 5906 braids
    projlen=104: 6820 braids
    projlen=105: 5352 braids
    projlen=106: 1975 braids
  Braids kept: 6233 (in 7 buckets, 0.26 GB)
  ⚡ Timing: matmul=0.21s, sampling=0.01s, total=0.47s

============================================================
Level 54 - SAMPLING
============================================================
  Starting braids: 2000
  Candidates to generate: 27709
  Projlen distribution:
    projlen=102: 276 braids
    projlen=103: 2203 braids
    projlen=104: 5749 braids
    projlen=105: 5632 braids
    projlen=106: 6642 braids
    projlen=107: 5436 braids
    projlen=108: 1771 braids
  Braids kept: 6276 (in 7 buckets, 0.26 GB)
  ⚡ Timing: matmul=0.13s, sampling=0.01s, total=0.29s

============================================================
Level 55 - SAMPLING
============================================================
  Starting braids: 2000
  Candidates to generate: 27156
  Projlen distribution:
    projlen=104: 321 braids
    projlen=105: 2292 braids
    projlen=106: 5697 braids
    projlen=107: 5418 braids
    projlen=108: 6559 braids
    projlen=109: 5288 braids
    projlen=110: 1581 braids
  Braids kept: 6321 (in 7 buckets, 0.26 GB)
  ⚡ Timing: matmul=0.19s, sampling=0.01s, total=0.37s

============================================================
Level 56 - SAMPLING
============================================================
  Starting braids: 2000
  Candidates to generate: 25964
  Projlen distribution:
    projlen=106: 383 braids
    projlen=107: 2317 braids
    projlen=108: 5532 braids
    projlen=109: 4841 braids
    projlen=110: 6048 braids
    projlen=111: 5263 braids
    projlen=112: 1580 braids
  Braids kept: 6383 (in 7 buckets, 0.27 GB)
  ⚡ Timing: matmul=0.11s, sampling=0.01s, total=0.30s

============================================================
Level 57 - SAMPLING
============================================================
  Starting braids: 2000
  Candidates to generate: 24768
  Projlen distribution:
    projlen=108: 450 braids
    projlen=109: 2476 braids
    projlen=110: 5509 braids
    projlen=111: 4376 braids
    projlen=112: 5805 braids
    projlen=113: 4810 braids
    projlen=114: 1342 braids
  Braids kept: 6450 (in 7 buckets, 0.27 GB)
  ⚡ Timing: matmul=0.12s, sampling=0.01s, total=0.38s

============================================================
Level 58 - SAMPLING
============================================================
  Starting braids: 2000
  Candidates to generate: 24677
  Projlen distribution:
    projlen=110: 533 braids
    projlen=111: 2654 braids
    projlen=112: 5490 braids
    projlen=113: 4114 braids
    projlen=114: 5829 braids
    projlen=115: 4904 braids
    projlen=116: 1153 braids
  Braids kept: 6533 (in 7 buckets, 0.27 GB)
  ⚡ Timing: matmul=0.18s, sampling=0.01s, total=0.44s

============================================================
Level 59 - SAMPLING
============================================================
  Starting braids: 2000
  Candidates to generate: 23773
  Projlen distribution:
    projlen=112: 639 braids
    projlen=113: 2851 braids
    projlen=114: 5456 braids
    projlen=115: 3843 braids
    projlen=116: 5502 braids
    projlen=117: 4501 braids
    projlen=118: 981 braids
  Braids kept: 6620 (in 7 buckets, 0.28 GB)
  ⚡ Timing: matmul=0.13s, sampling=0.01s, total=0.29s

============================================================
Level 60 - SAMPLING
============================================================
  Starting braids: 2000
  Candidates to generate: 22702
  Projlen distribution:
    projlen=114: 758 braids
    projlen=115: 3084 braids
    projlen=116: 5430 braids
    projlen=117: 3391 braids
    projlen=118: 5119 braids
    projlen=119: 4146 braids
    projlen=120: 774 braids
  Braids kept: 6532 (in 7 buckets, 0.27 GB)
  ⚡ Timing: matmul=0.15s, sampling=0.01s, total=0.32s

============================================================
Level 61 - SAMPLING
============================================================
  Starting braids: 2000
  Candidates to generate: 21714
  Projlen distribution:
    projlen=116: 905 braids
    projlen=117: 3375 braids
    projlen=118: 5462 braids
    projlen=119: 3039 braids
    projlen=120: 4708 braids
    projlen=121: 3759 braids
    projlen=122: 466 braids
  Braids kept: 6371 (in 7 buckets, 0.27 GB)
  ⚡ Timing: matmul=0.13s, sampling=0.01s, total=0.31s

============================================================
Level 62 - SAMPLING
============================================================
  Starting braids: 2000
  Candidates to generate: 20023
  Projlen distribution:
    projlen=118: 1076 braids
    projlen=119: 3691 braids
    projlen=120: 5435 braids
    projlen=121: 2519 braids
    projlen=122: 4041 braids
    projlen=123: 3124 braids
    projlen=124: 137 braids
  Braids kept: 6137 (in 7 buckets, 0.26 GB)
  ⚡ Timing: matmul=0.09s, sampling=0.01s, total=0.31s

============================================================
Level 63 - SAMPLING
============================================================
  Starting braids: 2000
  Candidates to generate: 19610
  Projlen distribution:
    projlen=120: 1185 braids
    projlen=121: 3943 braids
    projlen=122: 5553 braids
    projlen=123: 2303 braids
    projlen=124: 3811 braids
    projlen=125: 2815 braids
  Braids kept: 6000 (in 6 buckets, 0.25 GB)
  ⚡ Timing: matmul=0.10s, sampling=0.01s, total=0.30s

============================================================
Level 64 - SAMPLING
============================================================
  Starting braids: 2000
  Candidates to generate: 19805
  Projlen distribution:
    projlen=122: 1190 braids
    projlen=123: 4009 braids
    projlen=124: 5652 braids
    projlen=125: 2319 braids
    projlen=126: 3820 braids
    projlen=127: 2815 braids
  Braids kept: 6000 (in 6 buckets, 0.25 GB)
  ⚡ Timing: matmul=0.14s, sampling=0.00s, total=0.39s

============================================================
Level 65 - SAMPLING
============================================================
  Starting braids: 2000
  Candidates to generate: 20547
  Projlen distribution:
    projlen=124: 1184 braids
    projlen=125: 4055 braids
    projlen=126: 5802 braids
    projlen=127: 2477 braids
    projlen=128: 4168 braids
    projlen=129: 2861 braids
  Braids kept: 6000 (in 6 buckets, 0.25 GB)
  ⚡ Timing: matmul=0.14s, sampling=0.00s, total=0.30s

============================================================
Level 66 - SAMPLING
============================================================
  Starting braids: 2000
  Candidates to generate: 21539
  Projlen distribution:
    projlen=126: 1222 braids
    projlen=127: 4105 braids
    projlen=128: 5961 braids
    projlen=129: 2789 braids
    projlen=130: 4455 braids
    projlen=131: 3007 braids
  Braids kept: 6000 (in 6 buckets, 0.25 GB)
  ⚡ Timing: matmul=0.16s, sampling=0.01s, total=0.30s

============================================================
Level 67 - SAMPLING
============================================================
  Starting braids: 2000
  Candidates to generate: 22452
  Projlen distribution:
    projlen=127: 6 braids
    projlen=128: 1242 braids
    projlen=129: 4242 braids
    projlen=130: 6163 braids
    projlen=131: 3212 braids
    projlen=132: 4724 braids
    projlen=133: 2863 braids
  Braids kept: 6006 (in 7 buckets, 0.25 GB)
  ⚡ Timing: matmul=0.09s, sampling=0.01s, total=0.24s

============================================================
Level 68 - SAMPLING
============================================================
  Starting braids: 2000
  Candidates to generate: 22545
  Projlen distribution:
    projlen=129: 20 braids
    projlen=130: 1290 braids
    projlen=131: 4237 braids
    projlen=132: 6141 braids
    projlen=133: 3223 braids
    projlen=134: 4899 braids
    projlen=135: 2735 braids
  Braids kept: 6020 (in 7 buckets, 0.25 GB)
  ⚡ Timing: matmul=0.17s, sampling=0.01s, total=0.43s

============================================================
Level 69 - SAMPLING
============================================================
  Starting braids: 2000
  Candidates to generate: 22704
  Projlen distribution:
    projlen=131: 43 braids
    projlen=132: 1347 braids
    projlen=133: 4321 braids
    projlen=134: 6159 braids
    projlen=135: 3484 braids
    projlen=136: 4753 braids
    projlen=137: 2597 braids
  Braids kept: 6043 (in 7 buckets, 0.25 GB)
  ⚡ Timing: matmul=0.13s, sampling=0.01s, total=0.35s

============================================================
Level 70 - SAMPLING
============================================================
  Starting braids: 2000
  Candidates to generate: 24214
  Projlen distribution:
    projlen=132: 2 braids
    projlen=133: 77 braids
    projlen=134: 1486 braids
    projlen=135: 4498 braids
    projlen=136: 6208 braids
    projlen=137: 4013 braids
    projlen=138: 5279 braids
    projlen=139: 2651 braids
  Braids kept: 6079 (in 8 buckets, 0.25 GB)
  ⚡ Timing: matmul=0.08s, sampling=0.01s, total=0.35s

============================================================
Level 71 - SAMPLING
============================================================
  Starting braids: 2000
  Candidates to generate: 27102
  Projlen distribution:
    projlen=134: 3 braids
    projlen=135: 125 braids
    projlen=136: 1672 braids
    projlen=137: 4905 braids
    projlen=138: 6603 braids
    projlen=139: 5095 braids
    projlen=140: 5936 braids
    projlen=141: 2763 braids
  Braids kept: 6128 (in 8 buckets, 0.26 GB)
  ⚡ Timing: matmul=0.15s, sampling=0.01s, total=0.38s

============================================================
Level 72 - SAMPLING
============================================================
  Starting braids: 2000
  Candidates to generate: 28913
  Projlen distribution:
    projlen=136: 4 braids
    projlen=137: 217 braids
    projlen=138: 2008 braids
    projlen=139: 5281 braids
    projlen=140: 6880 braids
    projlen=141: 6034 braids
    projlen=142: 6036 braids
    projlen=143: 2453 braids
  Braids kept: 6221 (in 8 buckets, 0.26 GB)
  ⚡ Timing: matmul=0.17s, sampling=0.01s, total=1.31s

============================================================
Level 73 - SAMPLING
============================================================
  Starting braids: 2000
  Candidates to generate: 34848
  Projlen distribution:
    projlen=138: 6 braids
    projlen=139: 359 braids
    projlen=140: 2517 braids
    projlen=141: 6208 braids
    projlen=142: 7926 braids
    projlen=143: 8023 braids
    projlen=144: 7255 braids
    projlen=145: 2554 braids
  Braids kept: 6365 (in 8 buckets, 0.27 GB)
  ⚡ Timing: matmul=0.17s, sampling=0.01s, total=0.46s

============================================================
Level 74 - SAMPLING
============================================================
  Starting braids: 2000
  Candidates to generate: 37093
  Projlen distribution:
    projlen=140: 8 braids
    projlen=141: 583 braids
    projlen=142: 3135 braids
    projlen=143: 6753 braids
    projlen=144: 8159 braids
    projlen=145: 8641 braids
    projlen=146: 7348 braids
    projlen=147: 2466 braids
  Braids kept: 6591 (in 8 buckets, 0.28 GB)
  ⚡ Timing: matmul=0.26s, sampling=0.01s, total=0.59s

============================================================
Level 75 - SAMPLING
============================================================
  Starting braids: 2000
  Candidates to generate: 37709
  Projlen distribution:
    projlen=142: 9 braids
    projlen=143: 887 braids
    projlen=144: 3848 braids
    projlen=145: 6823 braids
    projlen=146: 8026 braids
    projlen=147: 9174 braids
    projlen=148: 7096 braids
    projlen=149: 1846 braids
  Braids kept: 6896 (in 8 buckets, 0.29 GB)
  ⚡ Timing: matmul=0.29s, sampling=0.01s, total=0.59s

============================================================
Level 76 - SAMPLING
============================================================
  Starting braids: 2000
  Candidates to generate: 33154
  Projlen distribution:
    projlen=144: 10 braids
    projlen=145: 1279 braids
    projlen=146: 4870 braids
    projlen=147: 6801 braids
    projlen=148: 7400 braids
    projlen=149: 8126 braids
    projlen=150: 4205 braids
    projlen=151: 463 braids
  Braids kept: 6473 (in 8 buckets, 0.27 GB)
  ⚡ Timing: matmul=0.28s, sampling=0.01s, total=0.47s

============================================================
Level 77 - SAMPLING
============================================================
  Starting braids: 2000
  Candidates to generate: 31914
  Projlen distribution:
    projlen=146: 11 braids
    projlen=147: 1430 braids
    projlen=148: 5248 braids
    projlen=149: 6833 braids
    projlen=150: 7160 braids
    projlen=151: 8027 braids
    projlen=152: 3205 braids
  Braids kept: 6011 (in 7 buckets, 0.25 GB)
  ⚡ Timing: matmul=0.30s, sampling=0.01s, total=0.61s

============================================================
Level 78 - SAMPLING
============================================================
  Starting braids: 2000
  Candidates to generate: 32205
  Projlen distribution:
    projlen=148: 12 braids
    projlen=149: 1397 braids
    projlen=150: 5258 braids
    projlen=151: 6740 braids
    projlen=152: 7034 braids
    projlen=153: 8260 braids
    projlen=154: 3504 braids
  Braids kept: 6012 (in 7 buckets, 0.25 GB)
  ⚡ Timing: matmul=0.21s, sampling=0.01s, total=0.52s

============================================================
Level 79 - SAMPLING
============================================================
  Starting braids: 2000
  Candidates to generate: 32837
  Projlen distribution:
    projlen=150: 13 braids
    projlen=151: 1390 braids
    projlen=152: 5269 braids
    projlen=153: 6795 braids
    projlen=154: 7374 braids
    projlen=155: 8516 braids
    projlen=156: 3480 braids
  Braids kept: 6013 (in 7 buckets, 0.25 GB)
  ⚡ Timing: matmul=0.23s, sampling=0.01s, total=0.53s

============================================================
Level 80 - SAMPLING
============================================================
  Starting braids: 2000
  Candidates to generate: 30595
  Projlen distribution:
    projlen=152: 14 braids
    projlen=153: 1367 braids
    projlen=154: 5238 braids
    projlen=155: 6653 braids
    projlen=156: 6433 braids
    projlen=157: 7713 braids
    projlen=158: 3177 braids
  Braids kept: 6014 (in 7 buckets, 0.25 GB)
  ⚡ Timing: matmul=0.22s, sampling=0.01s, total=0.47s

============================================================
Level 81 - SAMPLING
============================================================
  Starting braids: 2000
  Candidates to generate: 30345
  Projlen distribution:
    projlen=154: 15 braids
    projlen=155: 1338 braids
    projlen=156: 5191 braids
    projlen=157: 6527 braids
    projlen=158: 6434 braids
    projlen=159: 7702 braids
    projlen=160: 3138 braids
  Braids kept: 6015 (in 7 buckets, 0.25 GB)
  ⚡ Timing: matmul=0.24s, sampling=0.01s, total=0.56s

============================================================
Level 82 - SAMPLING
============================================================
  Starting braids: 2000
  Candidates to generate: 29542
  Projlen distribution:
    projlen=156: 16 braids
    projlen=157: 1318 braids
    projlen=158: 5148 braids
    projlen=159: 6575 braids
    projlen=160: 6118 braids
    projlen=161: 7364 braids
    projlen=162: 3003 braids
  Braids kept: 6016 (in 7 buckets, 0.25 GB)
  ⚡ Timing: matmul=0.18s, sampling=0.01s, total=0.49s

============================================================
Level 83 - SAMPLING
============================================================
  Starting braids: 2000
  Candidates to generate: 30151
  Projlen distribution:
    projlen=158: 17 braids
    projlen=159: 1339 braids
    projlen=160: 5217 braids
    projlen=161: 6391 braids
    projlen=162: 6300 braids
    projlen=163: 7715 braids
    projlen=164: 3172 braids
  Braids kept: 6017 (in 7 buckets, 0.25 GB)
  ⚡ Timing: matmul=0.13s, sampling=0.01s, total=0.46s

============================================================
Level 84 - SAMPLING
============================================================
  Starting braids: 2000
  Candidates to generate: 29473
  Projlen distribution:
    projlen=160: 18 braids
    projlen=161: 1347 braids
    projlen=162: 5148 braids
    projlen=163: 6289 braids
    projlen=164: 6107 braids
    projlen=165: 7515 braids
    projlen=166: 3049 braids
  Braids kept: 6018 (in 7 buckets, 0.25 GB)
  ⚡ Timing: matmul=0.17s, sampling=0.01s, total=0.48s

============================================================
Level 85 - SAMPLING
============================================================
  Starting braids: 2000
  Candidates to generate: 29327
  Projlen distribution:
    projlen=162: 20 braids
    projlen=163: 1370 braids
    projlen=164: 5197 braids
    projlen=165: 6222 braids
    projlen=166: 6123 braids
    projlen=167: 7501 braids
    projlen=168: 2894 braids
  Braids kept: 6020 (in 7 buckets, 0.25 GB)
  ⚡ Timing: matmul=0.21s, sampling=0.01s, total=0.51s

============================================================
Level 86 - SAMPLING
============================================================
  Starting braids: 2000
  Candidates to generate: 29872
  Projlen distribution:
    projlen=163: 1 braids
    projlen=164: 29 braids
    projlen=165: 1391 braids
    projlen=166: 5175 braids
    projlen=167: 6233 braids
    projlen=168: 6225 braids
    projlen=169: 7751 braids
    projlen=170: 3067 braids
  Braids kept: 6030 (in 8 buckets, 0.25 GB)
  ⚡ Timing: matmul=0.21s, sampling=0.01s, total=0.48s

============================================================
Level 87 - SAMPLING
============================================================
  Starting braids: 2000
  Candidates to generate: 28936
  Projlen distribution:
    projlen=165: 2 braids
    projlen=166: 48 braids
    projlen=167: 1464 braids
    projlen=168: 5168 braids
    projlen=169: 6181 braids
    projlen=170: 6155 braids
    projlen=171: 7226 braids
    projlen=172: 2692 braids
  Braids kept: 6050 (in 8 buckets, 0.25 GB)
  ⚡ Timing: matmul=0.22s, sampling=0.01s, total=0.49s

============================================================
Level 88 - SAMPLING
============================================================
  Starting braids: 2000
  Candidates to generate: 28972
  Projlen distribution:
    projlen=167: 3 braids
    projlen=168: 83 braids
    projlen=169: 1572 braids
    projlen=170: 5376 braids
    projlen=171: 6095 braids
    projlen=172: 6226 braids
    projlen=173: 6961 braids
    projlen=174: 2656 braids
  Braids kept: 6086 (in 8 buckets, 0.25 GB)
  ⚡ Timing: matmul=0.15s, sampling=0.01s, total=0.41s

============================================================
Level 89 - SAMPLING
============================================================
  Starting braids: 2000
  Candidates to generate: 29310
  Projlen distribution:
    projlen=169: 6 braids
    projlen=170: 133 braids
    projlen=171: 1715 braids
    projlen=172: 5569 braids
    projlen=173: 6111 braids
    projlen=174: 6536 braids
    projlen=175: 6729 braids
    projlen=176: 2511 braids
  Braids kept: 6139 (in 8 buckets, 0.26 GB)
  ⚡ Timing: matmul=0.20s, sampling=0.01s, total=0.50s

============================================================
Level 90 - SAMPLING
============================================================
  Starting braids: 2000
  Candidates to generate: 31348
  Projlen distribution:
    projlen=171: 9 braids
    projlen=172: 228 braids
    projlen=173: 1965 braids
    projlen=174: 5963 braids
    projlen=175: 6282 braids
    projlen=176: 7189 braids
    projlen=177: 7072 braids
    projlen=178: 2640 braids
  Braids kept: 6237 (in 8 buckets, 0.26 GB)
  ⚡ Timing: matmul=0.20s, sampling=0.01s, total=0.49s

============================================================
Level 91 - SAMPLING
============================================================
  Starting braids: 2000
  Candidates to generate: 33262
  Projlen distribution:
    projlen=173: 9 braids
    projlen=174: 377 braids
    projlen=175: 2374 braids
    projlen=176: 6348 braids
    projlen=177: 6494 braids
    projlen=178: 7986 braids
    projlen=179: 7227 braids
    projlen=180: 2447 braids
  Braids kept: 6386 (in 8 buckets, 0.27 GB)
  ⚡ Timing: matmul=0.24s, sampling=0.01s, total=0.55s

============================================================
Level 92 - SAMPLING
============================================================
  Starting braids: 2000
  Candidates to generate: 34489
  Projlen distribution:
    projlen=175: 11 braids
    projlen=176: 606 braids
    projlen=177: 2935 braids
    projlen=178: 6695 braids
    projlen=179: 6726 braids
    projlen=180: 8954 braids
    projlen=181: 6611 braids
    projlen=182: 1951 braids
  Braids kept: 6617 (in 8 buckets, 0.28 GB)
  ⚡ Timing: matmul=0.25s, sampling=0.01s, total=0.56s

============================================================
Level 93 - SAMPLING
============================================================
  Starting braids: 2000
  Candidates to generate: 32755
  Projlen distribution:
    projlen=177: 13 braids
    projlen=178: 954 braids
    projlen=179: 3542 braids
    projlen=180: 6775 braids
    projlen=181: 6643 braids
    projlen=182: 8283 braids
    projlen=183: 5126 braids
    projlen=184: 1419 braids
  Braids kept: 6967 (in 8 buckets, 0.29 GB)
  ⚡ Timing: matmul=0.23s, sampling=0.01s, total=0.54s

============================================================
Level 94 - SAMPLING
============================================================
  Starting braids: 2000
  Candidates to generate: 30406
  Projlen distribution:
    projlen=179: 15 braids
    projlen=180: 1421 braids
    projlen=181: 4490 braids
    projlen=182: 7192 braids
    projlen=183: 6558 braids
    projlen=184: 7918 braids
    projlen=185: 2641 braids
    projlen=186: 171 braids
  Braids kept: 6186 (in 8 buckets, 0.26 GB)
  ⚡ Timing: matmul=0.20s, sampling=0.01s, total=0.50s

============================================================
Level 95 - SAMPLING
============================================================
  Starting braids: 2000
  Candidates to generate: 29976
  Projlen distribution:
    projlen=181: 19 braids
    projlen=182: 1489 braids
    projlen=183: 4563 braids
    projlen=184: 7137 braids
    projlen=185: 6637 braids
    projlen=186: 7894 braids
    projlen=187: 2237 braids
  Braids kept: 6019 (in 7 buckets, 0.25 GB)
  ⚡ Timing: matmul=0.21s, sampling=0.01s, total=0.48s

============================================================
Level 96 - SAMPLING
============================================================
  Starting braids: 2000
  Candidates to generate: 29656
  Projlen distribution:
    projlen=183: 22 braids
    projlen=184: 1463 braids
    projlen=185: 4510 braids
    projlen=186: 7038 braids
    projlen=187: 6505 braids
    projlen=188: 7775 braids
    projlen=189: 2343 braids
  Braids kept: 6022 (in 7 buckets, 0.25 GB)
  ⚡ Timing: matmul=0.21s, sampling=0.01s, total=0.48s

============================================================
Level 97 - SAMPLING
============================================================
  Starting braids: 2000
  Candidates to generate: 29690
  Projlen distribution:
    projlen=185: 26 braids
    projlen=186: 1448 braids
    projlen=187: 4453 braids
    projlen=188: 7009 braids
    projlen=189: 6499 braids
    projlen=190: 7877 braids
    projlen=191: 2378 braids
  Braids kept: 6026 (in 7 buckets, 0.25 GB)
  ⚡ Timing: matmul=0.23s, sampling=0.01s, total=0.49s

============================================================
Level 98 - SAMPLING
============================================================
  Starting braids: 2000
  Candidates to generate: 29202
  Projlen distribution:
    projlen=187: 31 braids
    projlen=188: 1433 braids
    projlen=189: 4479 braids
    projlen=190: 6917 braids
    projlen=191: 6458 braids
    projlen=192: 7692 braids
    projlen=193: 2192 braids
  Braids kept: 6031 (in 7 buckets, 0.25 GB)
  ⚡ Timing: matmul=0.25s, sampling=0.01s, total=0.52s

============================================================
Level 99 - SAMPLING
============================================================
  Starting braids: 2000
  Candidates to generate: 29217
  Projlen distribution:
    projlen=189: 35 braids
    projlen=190: 1421 braids
    projlen=191: 4545 braids
    projlen=192: 6785 braids
    projlen=193: 6465 braids
    projlen=194: 7700 braids
    projlen=195: 2266 braids
  Braids kept: 6035 (in 7 buckets, 0.25 GB)
  ⚡ Timing: matmul=0.25s, sampling=0.01s, total=0.59s

============================================================
Level 100 - SAMPLING
============================================================
  Starting braids: 2000
  Candidates to generate: 29512
  Projlen distribution:
    projlen=191: 39 braids
    projlen=192: 1430 braids
    projlen=193: 4562 braids
    projlen=194: 6752 braids
    projlen=195: 6599 braids
    projlen=196: 7800 braids
    projlen=197: 2330 braids
  Braids kept: 6039 (in 7 buckets, 0.25 GB)
  ⚡ Timing: matmul=0.23s, sampling=0.01s, total=0.58s

============================================================
Level 101 - SAMPLING
============================================================
  Starting braids: 2000
  Candidates to generate: 29030
  Projlen distribution:
    projlen=193: 43 braids
    projlen=194: 1379 braids
    projlen=195: 4604 braids
    projlen=196: 6478 braids
    projlen=197: 6439 braids
    projlen=198: 7705 braids
    projlen=199: 2382 braids
  Braids kept: 6043 (in 7 buckets, 0.25 GB)
  ⚡ Timing: matmul=0.18s, sampling=0.01s, total=0.51s

============================================================
Level 102 - SAMPLING
============================================================
  Starting braids: 2000
  Candidates to generate: 28381
  Projlen distribution:
    projlen=195: 44 braids
    projlen=196: 1385 braids
    projlen=197: 4677 braids
    projlen=198: 6362 braids
    projlen=199: 6463 braids
    projlen=200: 7237 braids
    projlen=201: 2213 braids
  Braids kept: 6044 (in 7 buckets, 0.25 GB)
  ⚡ Timing: matmul=0.20s, sampling=0.01s, total=0.52s

============================================================
Level 103 - SAMPLING
============================================================
  Starting braids: 2000
  Candidates to generate: 28851
  Projlen distribution:
    projlen=197: 46 braids
    projlen=198: 1402 braids
    projlen=199: 4782 braids
    projlen=200: 6300 braids
    projlen=201: 6551 braids
    projlen=202: 7475 braids
    projlen=203: 2295 braids
  Braids kept: 6046 (in 7 buckets, 0.25 GB)
  ⚡ Timing: matmul=0.23s, sampling=0.01s, total=0.52s

============================================================
Level 104 - SAMPLING
============================================================
  Starting braids: 2000
  Candidates to generate: 29900
  Projlen distribution:
    projlen=199: 47 braids
    projlen=200: 1441 braids
    projlen=201: 4916 braids
    projlen=202: 6669 braids
    projlen=203: 7123 braids
    projlen=204: 7441 braids
    projlen=205: 2263 braids
  Braids kept: 6047 (in 7 buckets, 0.25 GB)
  ⚡ Timing: matmul=0.25s, sampling=0.01s, total=0.58s

============================================================
Level 105 - SAMPLING
============================================================
  Starting braids: 2000
  Candidates to generate: 29606
  Projlen distribution:
    projlen=201: 49 braids
    projlen=202: 1468 braids
    projlen=203: 5075 braids
    projlen=204: 6744 braids
    projlen=205: 6978 braids
    projlen=206: 7166 braids
    projlen=207: 2126 braids
  Braids kept: 6049 (in 7 buckets, 0.25 GB)
  ⚡ Timing: matmul=0.22s, sampling=0.01s, total=0.52s

============================================================
Level 106 - SAMPLING
============================================================
  Starting braids: 2000
  Candidates to generate: 31277
  Projlen distribution:
    projlen=203: 68 braids
    projlen=204: 1588 braids
    projlen=205: 5331 braids
    projlen=206: 7160 braids
    projlen=207: 7428 braids
    projlen=208: 7342 braids
    projlen=209: 2360 braids
  Braids kept: 6068 (in 7 buckets, 0.25 GB)
  ⚡ Timing: matmul=0.23s, sampling=0.01s, total=0.51s

============================================================
Level 107 - SAMPLING
============================================================
  Starting braids: 2000
  Candidates to generate: 32414
  Projlen distribution:
    projlen=204: 1 braids
    projlen=205: 117 braids
    projlen=206: 1723 braids
    projlen=207: 5504 braids
    projlen=208: 7525 braids
    projlen=209: 7554 braids
    projlen=210: 7388 braids
    projlen=211: 2602 braids
  Braids kept: 6118 (in 8 buckets, 0.26 GB)
  ⚡ Timing: matmul=0.21s, sampling=0.01s, total=0.48s

============================================================
Level 108 - SAMPLING
============================================================
  Starting braids: 2000
  Candidates to generate: 35693
  Projlen distribution:
    projlen=206: 5 braids
    projlen=207: 221 braids
    projlen=208: 2094 braids
    projlen=209: 5956 braids
    projlen=210: 8161 braids
    projlen=211: 8802 braids
    projlen=212: 7741 braids
    projlen=213: 2713 braids
  Braids kept: 6226 (in 8 buckets, 0.26 GB)
  ⚡ Timing: matmul=0.28s, sampling=0.01s, total=0.51s

============================================================
Level 109 - SAMPLING
============================================================
  Starting braids: 2000
  Candidates to generate: 38798
  Projlen distribution:
    projlen=208: 14 braids
    projlen=209: 449 braids
    projlen=210: 2864 braids
    projlen=211: 6571 braids
    projlen=212: 8903 braids
    projlen=213: 10244 braids
    projlen=214: 7717 braids
    projlen=215: 2036 braids
  Braids kept: 6463 (in 8 buckets, 0.27 GB)
  ⚡ Timing: matmul=0.31s, sampling=0.01s, total=0.51s

============================================================
Level 110 - SAMPLING
============================================================
  Starting braids: 2000
  Candidates to generate: 39933
  Projlen distribution:
    projlen=208: 19 braids
    projlen=209: 154 braids
    projlen=210: 673 braids
    projlen=211: 2075 braids
    projlen=212: 6926 braids
    projlen=213: 10777 braids
    projlen=214: 9441 braids
    projlen=215: 6541 braids
    projlen=216: 2762 braids
    projlen=217: 565 braids
  Braids kept: 7411 (in 10 buckets, 0.31 GB)
  ⚡ Timing: matmul=0.30s, sampling=0.01s, total=0.49s

============================================================
Level 111 - SAMPLING
============================================================
  Starting braids: 2000
  Candidates to generate: 96224
  Processing in 2 chunks...
  Projlen distribution:
    projlen=206: 22 braids
    projlen=207: 613 braids
    projlen=208: 5373 braids
    projlen=209: 20718 braids
    projlen=210: 37154 braids
    projlen=211: 22171 braids
    projlen=212: 4454 braids
    projlen=213: 2006 braids
    projlen=214: 2110 braids
    projlen=215: 1035 braids
  Braids kept: 9203 (in 13 buckets, 0.38 GB)
  ⚡ Timing: matmul=0.48s, sampling=0.02s, total=1.36s

============================================================
Level 112 - SAMPLING
============================================================
  Starting braids: 2000
  Candidates to generate: 149195
  Processing in 3 chunks...
  Projlen distribution:
    projlen=204: 109 braids
    projlen=205: 2662 braids
    projlen=206: 19985 braids
    projlen=207: 56943 braids
    projlen=208: 54270 braids
    projlen=209: 15226 braids
  Braids kept: 5109 (in 6 buckets, 0.21 GB)
  ⚡ Timing: matmul=0.66s, sampling=0.03s, total=2.02s

============================================================
Level 113 - SAMPLING
============================================================
  Starting braids: 2000
  Candidates to generate: 156900
  Processing in 3 chunks...
  Projlen distribution:
    projlen=201: 4 braids
    projlen=202: 596 braids
    projlen=203: 6900 braids
    projlen=204: 35215 braids
    projlen=205: 72687 braids
    projlen=206: 41498 braids
  Braids kept: 4600 (in 6 buckets, 0.19 GB)
  ⚡ Timing: matmul=0.40s, sampling=0.03s, total=1.64s

============================================================
Level 114 - SAMPLING
============================================================
  Starting braids: 2000
  Candidates to generate: 159228
  Processing in 3 chunks...
  Projlen distribution:
    projlen=198: 4 braids
    projlen=199: 352 braids
    projlen=200: 3211 braids
    projlen=201: 20507 braids
    projlen=202: 62056 braids
    projlen=203: 56076 braids
    projlen=204: 17022 braids
  Braids kept: 5356 (in 7 buckets, 0.22 GB)
  ⚡ Timing: matmul=0.78s, sampling=0.03s, total=2.04s

============================================================
Level 115 - SAMPLING
============================================================
  Starting braids: 2000
  Candidates to generate: 174929
  Processing in 3 chunks...
  Projlen distribution:
    projlen=195: 2 braids
    projlen=196: 111 braids
    projlen=197: 2118 braids
    projlen=198: 16458 braids
    projlen=199: 53140 braids
    projlen=200: 71227 braids
    projlen=201: 31873 braids
  Braids kept: 5113 (in 7 buckets, 0.21 GB)
  ⚡ Timing: matmul=0.89s, sampling=0.04s, total=2.17s

============================================================
Level 116 - SAMPLING
============================================================
  Starting braids: 2000
  Candidates to generate: 162490
  Processing in 3 chunks...
  Projlen distribution:
    projlen=193: 33 braids
    projlen=194: 825 braids
    projlen=195: 8283 braids
    projlen=196: 36224 braids
    projlen=197: 75128 braids
    projlen=198: 41997 braids
  Braids kept: 4858 (in 6 buckets, 0.20 GB)
  ⚡ Timing: matmul=0.71s, sampling=0.03s, total=2.18s

============================================================
Level 117 - SAMPLING
============================================================
  Starting braids: 2000
  Candidates to generate: 172965
  Processing in 3 chunks...
  Projlen distribution:
    projlen=190: 19 braids
    projlen=191: 386 braids
    projlen=192: 4742 braids
    projlen=193: 30145 braids
    projlen=194: 77727 braids
    projlen=195: 53273 braids
    projlen=196: 6673 braids
  Braids kept: 5405 (in 7 buckets, 0.23 GB)
  ⚡ Timing: matmul=0.71s, sampling=0.04s, total=2.21s

============================================================
Level 118 - SAMPLING
============================================================
  Starting braids: 2000
  Candidates to generate: 161805
  Processing in 3 chunks...
  Projlen distribution:
    projlen=188: 30 braids
    projlen=189: 1623 braids
    projlen=190: 13818 braids
    projlen=191: 51867 braids
    projlen=192: 66505 braids
    projlen=193: 27962 braids
  Braids kept: 5030 (in 6 buckets, 0.21 GB)
  ⚡ Timing: matmul=0.73s, sampling=0.03s, total=2.09s

============================================================
Level 119 - SAMPLING
============================================================
  Starting braids: 2000
  Candidates to generate: 150668
  Processing in 3 chunks...
  Projlen distribution:
    projlen=186: 119 braids
    projlen=187: 3918 braids
    projlen=188: 28503 braids
    projlen=189: 76251 braids
    projlen=190: 41877 braids
  Braids kept: 4119 (in 5 buckets, 0.17 GB)
  ⚡ Timing: matmul=0.69s, sampling=0.03s, total=1.86s

============================================================
Level 120 - SAMPLING
============================================================
  Starting braids: 2000
  Candidates to generate: 156247
  Processing in 3 chunks...
  Projlen distribution:
    projlen=183: 7 braids
    projlen=184: 494 braids
    projlen=185: 7478 braids
    projlen=186: 35274 braids
    projlen=187: 73225 braids
    projlen=188: 39769 braids
  Braids kept: 4501 (in 6 buckets, 0.19 GB)
  ⚡ Timing: matmul=0.50s, sampling=0.03s, total=1.62s

============================================================
Level 121 - SAMPLING
============================================================
  Starting braids: 2000
  Candidates to generate: 156298
  Processing in 3 chunks...
  Projlen distribution:
    projlen=181: 79 braids
    projlen=182: 2112 braids
    projlen=183: 16800 braids
    projlen=184: 54879 braids
    projlen=185: 60664 braids
    projlen=186: 21764 braids
  Braids kept: 5079 (in 6 buckets, 0.21 GB)
  ⚡ Timing: matmul=0.41s, sampling=0.03s, total=1.45s

============================================================
Level 122 - SAMPLING
============================================================
  Starting braids: 2000
  Candidates to generate: 161655
  Processing in 3 chunks...
  Projlen distribution:
    projlen=178: 22 braids
    projlen=179: 500 braids
    projlen=180: 7390 braids
    projlen=181: 36408 braids
    projlen=182: 73348 braids
    projlen=183: 43987 braids
  Braids kept: 4522 (in 6 buckets, 0.19 GB)
  ⚡ Timing: matmul=0.41s, sampling=0.03s, total=1.49s

============================================================
Level 123 - SAMPLING
============================================================
  Starting braids: 2000
  Candidates to generate: 164950
  Processing in 3 chunks...
  Projlen distribution:
    projlen=175: 7 braids
    projlen=176: 258 braids
    projlen=177: 3506 braids
    projlen=178: 20381 braids
    projlen=179: 57395 braids
    projlen=180: 61212 braids
    projlen=181: 22191 braids
  Braids kept: 5265 (in 7 buckets, 0.22 GB)
  ⚡ Timing: matmul=0.38s, sampling=0.04s, total=1.30s

============================================================
Level 124 - SAMPLING
============================================================
  Starting braids: 2000
  Candidates to generate: 172811
  Processing in 3 chunks...
  Projlen distribution:
    projlen=173: 75 braids
    projlen=174: 1701 braids
    projlen=175: 14202 braids
    projlen=176: 48001 braids
    projlen=177: 74436 braids
    projlen=178: 34396 braids
  Braids kept: 5075 (in 6 buckets, 0.21 GB)
  ⚡ Timing: matmul=0.38s, sampling=0.04s, total=1.32s

============================================================
Level 125 - SAMPLING
============================================================
  Starting braids: 2000
  Candidates to generate: 167934
  Processing in 3 chunks...
  Projlen distribution:
    projlen=169: 1 braids
    projlen=170: 14 braids
    projlen=171: 506 braids
    projlen=172: 6368 braids
    projlen=173: 34534 braids
    projlen=174: 80399 braids
    projlen=175: 46112 braids
  Braids kept: 4521 (in 7 buckets, 0.19 GB)
  ⚡ Timing: matmul=0.36s, sampling=0.03s, total=1.28s

============================================================
Level 126 - SAMPLING
============================================================
  Starting braids: 2000
  Candidates to generate: 158329
  Processing in 3 chunks...
  Projlen distribution:
    projlen=167: 5 braids
    projlen=168: 114 braids
    projlen=169: 2800 braids
    projlen=170: 18639 braids
    projlen=171: 56240 braids
    projlen=172: 58231 braids
    projlen=173: 22300 braids
  Braids kept: 5119 (in 7 buckets, 0.21 GB)
  ⚡ Timing: matmul=0.33s, sampling=0.03s, total=1.28s

============================================================
Level 127 - SAMPLING
============================================================
  Starting braids: 2000
  Candidates to generate: 159019
  Processing in 3 chunks...
  Projlen distribution:
    projlen=164: 3 braids
    projlen=165: 81 braids
    projlen=166: 1095 braids
    projlen=167: 7984 braids
    projlen=168: 35139 braids
    projlen=169: 72572 braids
    projlen=170: 42145 braids
  Braids kept: 5084 (in 7 buckets, 0.21 GB)
  ⚡ Timing: matmul=0.38s, sampling=0.03s, total=1.25s

============================================================
SEARCH COMPLETE
============================================================
Final level: 127
Total time: 76.87s
Avg time per level: 0.61s
Total kernel elements: 0

============================================================
VERIFICATION
============================================================
No projlen=1 braids found.
JOB COMPLETED!
