============================================================
SEARCHING FOR KERNEL ELEMENTS
============================================================
Braid group: B_6
Representation: (4, 2)
Dimension: 9
Number of simples: 720
Prime: 3
Device: cuda
Bucket size: 1000
Max length: 127
Bootstrap length: 2
Degree multiplier: 2
Degree window: [0, 254] (255 coeffs)
Use best: 2000
Expansion chunk size: 70000
Matmul chunk size: 8500

Loaded tables from precomputed_tables/tables_B6_r2_p3.pt
  Braid group: B_6
  Representation: (4, 2), dimension 9
  Number of simples: 720
  Degree window: [0, 254] (255 coefficients) - NON-NEGATIVE ONLY
✓ Identity matrix verified (at degree 0)

Precomputing FFTs of simple matrices...
  dim=9, D=255, out_D=509, fft_size=512
  FFT cache: 119.9 MB
Initialized with identity braid
Braid group: B_6
Representation: (4, 2), dimension 9
Degree window: [0, 254] (255 coefficients) - NON-NEGATIVE ONLY
FFT size: 512
Storage types: matrix=torch.int16, word=torch.int32
Config: bucket_size=1000, bootstrap=2, max_length=127, chunk_size=70000, matmul_chunk=8500, use_best=2000
⚡ Ultra-optimized: precomputed FFTs + non-negative degrees only

============================================================
Level 1 - BOOTSTRAP
============================================================
  Starting braids: 1
  Candidates to generate: 718
  Projlen distribution:
    projlen=3: 10 braids
    projlen=4: 28 braids
    projlen=5: 34 braids
    projlen=6: 248 braids
    projlen=7: 398 braids
  Braids kept: 718 (in 5 buckets, 0.03 GB)
  ⚡ Timing: matmul=0.08s, sampling=0.00s, total=0.26s

============================================================
Level 2 - BOOTSTRAP
============================================================
  Starting braids: 718
  Candidates to generate: 89482
  Processing in 2 chunks...
  Projlen distribution:
    projlen=5: 54 braids
    projlen=6: 252 braids
    projlen=7: 1128 braids
    projlen=8: 4276 braids
    projlen=9: 13330 braids
    projlen=10: 17580 braids
    projlen=11: 24830 braids
    projlen=12: 21340 braids
    projlen=13: 6692 braids
  Braids kept: 89482 (in 9 buckets, 3.74 GB)
  ⚡ Timing: matmul=0.94s, sampling=0.05s, total=1.84s

============================================================
Level 3 - SAMPLING
============================================================
  Starting braids: 2000
  Candidates to generate: 109478
  Processing in 2 chunks...
  Projlen distribution:
    projlen=7: 186 braids
    projlen=8: 1025 braids
    projlen=9: 5949 braids
    projlen=10: 12887 braids
    projlen=11: 25032 braids
    projlen=12: 33377 braids
    projlen=13: 24473 braids
    projlen=14: 6549 braids
  Braids kept: 7186 (in 8 buckets, 0.30 GB)
  ⚡ Timing: matmul=0.46s, sampling=0.07s, total=2.22s

============================================================
Level 4 - SAMPLING
============================================================
  Starting braids: 2000
  Candidates to generate: 57499
  Projlen distribution:
    projlen=9: 402 braids
    projlen=10: 2396 braids
    projlen=11: 7072 braids
    projlen=12: 9872 braids
    projlen=13: 17010 braids
    projlen=14: 15707 braids
    projlen=15: 5040 braids
  Braids kept: 6402 (in 7 buckets, 0.27 GB)
  ⚡ Timing: matmul=0.55s, sampling=0.02s, total=1.21s

============================================================
Level 5 - SAMPLING
============================================================
  Starting braids: 2000
  Candidates to generate: 42546
  Projlen distribution:
    projlen=11: 755 braids
    projlen=12: 2730 braids
    projlen=13: 6405 braids
    projlen=14: 7818 braids
    projlen=15: 11884 braids
    projlen=16: 9899 braids
    projlen=17: 3055 braids
  Braids kept: 6755 (in 7 buckets, 0.28 GB)
  ⚡ Timing: matmul=0.42s, sampling=0.02s, total=0.91s

============================================================
Level 6 - SAMPLING
============================================================
  Starting braids: 2000
  Candidates to generate: 35160
  Projlen distribution:
    projlen=13: 1389 braids
    projlen=14: 3287 braids
    projlen=15: 6249 braids
    projlen=16: 6890 braids
    projlen=17: 9964 braids
    projlen=18: 6127 braids
    projlen=19: 1254 braids
  Braids kept: 7000 (in 7 buckets, 0.29 GB)
  ⚡ Timing: matmul=0.34s, sampling=0.02s, total=0.75s

============================================================
Level 7 - SAMPLING
============================================================
  Starting braids: 2000
  Candidates to generate: 31154
  Projlen distribution:
    projlen=14: 1 braids
    projlen=15: 1844 braids
    projlen=16: 3681 braids
    projlen=17: 6319 braids
    projlen=18: 6515 braids
    projlen=19: 9023 braids
    projlen=20: 3771 braids
  Braids kept: 6001 (in 7 buckets, 0.25 GB)
  ⚡ Timing: matmul=0.28s, sampling=0.01s, total=0.70s

============================================================
Level 8 - SAMPLING
============================================================
  Starting braids: 2000
  Candidates to generate: 30890
  Projlen distribution:
    projlen=16: 5 braids
    projlen=17: 1865 braids
    projlen=18: 3496 braids
    projlen=19: 6374 braids
    projlen=20: 6004 braids
    projlen=21: 8909 braids
    projlen=22: 4237 braids
  Braids kept: 6005 (in 7 buckets, 0.25 GB)
  ⚡ Timing: matmul=0.29s, sampling=0.01s, total=0.72s

============================================================
Level 9 - SAMPLING
============================================================
  Starting braids: 2000
  Candidates to generate: 29152
  Projlen distribution:
    projlen=18: 7 braids
    projlen=19: 1889 braids
    projlen=20: 3393 braids
    projlen=21: 6176 braids
    projlen=22: 5205 braids
    projlen=23: 8184 braids
    projlen=24: 4298 braids
  Braids kept: 6007 (in 7 buckets, 0.25 GB)
  ⚡ Timing: matmul=0.27s, sampling=0.01s, total=0.77s

============================================================
Level 10 - SAMPLING
============================================================
  Starting braids: 2000
  Candidates to generate: 27719
  Projlen distribution:
    projlen=20: 12 braids
    projlen=21: 1859 braids
    projlen=22: 3374 braids
    projlen=23: 6005 braids
    projlen=24: 4882 braids
    projlen=25: 7668 braids
    projlen=26: 3919 braids
  Braids kept: 6012 (in 7 buckets, 0.25 GB)
  ⚡ Timing: matmul=0.27s, sampling=0.01s, total=0.77s

============================================================
Level 11 - SAMPLING
============================================================
  Starting braids: 2000
  Candidates to generate: 27134
  Projlen distribution:
    projlen=22: 21 braids
    projlen=23: 1892 braids
    projlen=24: 3377 braids
    projlen=25: 6062 braids
    projlen=26: 4774 braids
    projlen=27: 7272 braids
    projlen=28: 3736 braids
  Braids kept: 6021 (in 7 buckets, 0.25 GB)
  ⚡ Timing: matmul=0.27s, sampling=0.01s, total=0.67s

============================================================
Level 12 - SAMPLING
============================================================
  Starting braids: 2000
  Candidates to generate: 26500
  Projlen distribution:
    projlen=23: 5 braids
    projlen=24: 34 braids
    projlen=25: 1937 braids
    projlen=26: 3360 braids
    projlen=27: 5963 braids
    projlen=28: 4672 braids
    projlen=29: 6942 braids
    projlen=30: 3587 braids
  Braids kept: 6039 (in 8 buckets, 0.25 GB)
  ⚡ Timing: matmul=0.27s, sampling=0.01s, total=0.66s

============================================================
Level 13 - SAMPLING
============================================================
  Starting braids: 2000
  Candidates to generate: 27039
  Projlen distribution:
    projlen=25: 15 braids
    projlen=26: 65 braids
    projlen=27: 2048 braids
    projlen=28: 3596 braids
    projlen=29: 6160 braids
    projlen=30: 4948 braids
    projlen=31: 6797 braids
    projlen=32: 3410 braids
  Braids kept: 6080 (in 8 buckets, 0.25 GB)
  ⚡ Timing: matmul=0.27s, sampling=0.01s, total=0.64s

============================================================
Level 14 - SAMPLING
============================================================
  Starting braids: 2000
  Candidates to generate: 28839
  Projlen distribution:
    projlen=27: 27 braids
    projlen=28: 158 braids
    projlen=29: 2216 braids
    projlen=30: 3952 braids
    projlen=31: 6234 braids
    projlen=32: 5381 braids
    projlen=33: 7328 braids
    projlen=34: 3543 braids
  Braids kept: 6185 (in 8 buckets, 0.26 GB)
  ⚡ Timing: matmul=0.27s, sampling=0.01s, total=0.65s

============================================================
Level 15 - SAMPLING
============================================================
  Starting braids: 2000
  Candidates to generate: 31017
  Projlen distribution:
    projlen=29: 42 braids
    projlen=30: 378 braids
    projlen=31: 2654 braids
    projlen=32: 4458 braids
    projlen=33: 6538 braids
    projlen=34: 6305 braids
    projlen=35: 7440 braids
    projlen=36: 3202 braids
  Braids kept: 6420 (in 8 buckets, 0.27 GB)
  ⚡ Timing: matmul=0.28s, sampling=0.01s, total=0.71s

============================================================
Level 16 - SAMPLING
============================================================
  Starting braids: 2000
  Candidates to generate: 31940
  Projlen distribution:
    projlen=31: 62 braids
    projlen=32: 938 braids
    projlen=33: 3412 braids
    projlen=34: 5164 braids
    projlen=35: 6913 braids
    projlen=36: 6770 braids
    projlen=37: 6460 braids
    projlen=38: 2221 braids
  Braids kept: 7000 (in 8 buckets, 0.29 GB)
  ⚡ Timing: matmul=0.29s, sampling=0.01s, total=0.69s

============================================================
Level 17 - SAMPLING
============================================================
  Starting braids: 2000
  Candidates to generate: 31325
  Projlen distribution:
    projlen=33: 86 braids
    projlen=34: 2289 braids
    projlen=35: 5358 braids
    projlen=36: 5990 braids
    projlen=37: 7305 braids
    projlen=38: 7134 braids
    projlen=39: 3163 braids
  Braids kept: 6086 (in 7 buckets, 0.25 GB)
  ⚡ Timing: matmul=0.29s, sampling=0.01s, total=0.70s

============================================================
Level 18 - SAMPLING
============================================================
  Starting braids: 2000
  Candidates to generate: 31574
  Projlen distribution:
    projlen=35: 118 braids
    projlen=36: 2483 braids
    projlen=37: 5287 braids
    projlen=38: 6296 braids
    projlen=39: 7418 braids
    projlen=40: 7200 braids
    projlen=41: 2772 braids
  Braids kept: 6118 (in 7 buckets, 0.26 GB)
  ⚡ Timing: matmul=0.29s, sampling=0.01s, total=0.80s

============================================================
Level 19 - SAMPLING
============================================================
  Starting braids: 2000
  Candidates to generate: 31796
  Projlen distribution:
    projlen=37: 160 braids
    projlen=38: 2467 braids
    projlen=39: 5341 braids
    projlen=40: 6395 braids
    projlen=41: 7780 braids
    projlen=42: 7155 braids
    projlen=43: 2498 braids
  Braids kept: 6160 (in 7 buckets, 0.26 GB)
  ⚡ Timing: matmul=0.29s, sampling=0.01s, total=0.79s

============================================================
Level 20 - SAMPLING
============================================================
  Starting braids: 2000
  Candidates to generate: 31582
  Projlen distribution:
    projlen=39: 226 braids
    projlen=40: 2516 braids
    projlen=41: 5213 braids
    projlen=42: 6298 braids
    projlen=43: 7515 braids
    projlen=44: 7059 braids
    projlen=45: 2755 braids
  Braids kept: 6226 (in 7 buckets, 0.26 GB)
  ⚡ Timing: matmul=0.29s, sampling=0.01s, total=0.71s

============================================================
Level 21 - SAMPLING
============================================================
  Starting braids: 2000
  Candidates to generate: 32588
  Projlen distribution:
    projlen=40: 7 braids
    projlen=41: 351 braids
    projlen=42: 2727 braids
    projlen=43: 5540 braids
    projlen=44: 6504 braids
    projlen=45: 8077 braids
    projlen=46: 7074 braids
    projlen=47: 2308 braids
  Braids kept: 6358 (in 8 buckets, 0.27 GB)
  ⚡ Timing: matmul=0.29s, sampling=0.01s, total=0.74s

============================================================
Level 22 - SAMPLING
============================================================
  Starting braids: 2000
  Candidates to generate: 34056
  Projlen distribution:
    projlen=41: 2 braids
    projlen=42: 23 braids
    projlen=43: 603 braids
    projlen=44: 3099 braids
    projlen=45: 6002 braids
    projlen=46: 7210 braids
    projlen=47: 8463 braids
    projlen=48: 6665 braids
    projlen=49: 1989 braids
  Braids kept: 6628 (in 9 buckets, 0.28 GB)
  ⚡ Timing: matmul=0.34s, sampling=0.02s, total=0.84s

============================================================
Level 23 - SAMPLING
============================================================
  Starting braids: 2000
  Candidates to generate: 35341
  Projlen distribution:
    projlen=43: 2 braids
    projlen=44: 54 braids
    projlen=45: 1105 braids
    projlen=46: 3934 braids
    projlen=47: 6708 braids
    projlen=48: 7637 braids
    projlen=49: 8646 braids
    projlen=50: 5874 braids
    projlen=51: 1381 braids
  Braids kept: 7056 (in 9 buckets, 0.30 GB)
  ⚡ Timing: matmul=0.34s, sampling=0.02s, total=0.77s

============================================================
Level 24 - SAMPLING
============================================================
  Starting braids: 2000
  Candidates to generate: 33474
  Projlen distribution:
    projlen=45: 2 braids
    projlen=46: 121 braids
    projlen=47: 1947 braids
    projlen=48: 5010 braids
    projlen=49: 7397 braids
    projlen=50: 8006 braids
    projlen=51: 7931 braids
    projlen=52: 3060 braids
  Braids kept: 6123 (in 8 buckets, 0.26 GB)
  ⚡ Timing: matmul=0.30s, sampling=0.02s, total=0.71s

============================================================
Level 25 - SAMPLING
============================================================
  Starting braids: 2000
  Candidates to generate: 34289
  Projlen distribution:
    projlen=47: 2 braids
    projlen=48: 242 braids
    projlen=49: 2207 braids
    projlen=50: 5193 braids
    projlen=51: 7371 braids
    projlen=52: 8343 braids
    projlen=53: 7846 braids
    projlen=54: 3085 braids
  Braids kept: 6244 (in 8 buckets, 0.26 GB)
  ⚡ Timing: matmul=0.35s, sampling=0.02s, total=0.84s

============================================================
Level 26 - SAMPLING
============================================================
  Starting braids: 2000
  Candidates to generate: 34908
  Projlen distribution:
    projlen=49: 4 braids
    projlen=50: 474 braids
    projlen=51: 2736 braids
    projlen=52: 5412 braids
    projlen=53: 7524 braids
    projlen=54: 8628 braids
    projlen=55: 7562 braids
    projlen=56: 2568 braids
  Braids kept: 6478 (in 8 buckets, 0.27 GB)
  ⚡ Timing: matmul=0.36s, sampling=0.02s, total=0.78s

============================================================
Level 27 - SAMPLING
============================================================
  Starting braids: 2000
  Candidates to generate: 34845
  Projlen distribution:
    projlen=51: 4 braids
    projlen=52: 888 braids
    projlen=53: 3509 braids
    projlen=54: 5611 braids
    projlen=55: 7454 braids
    projlen=56: 8744 braids
    projlen=57: 6708 braids
    projlen=58: 1927 braids
  Braids kept: 6892 (in 8 buckets, 0.29 GB)
  ⚡ Timing: matmul=0.34s, sampling=0.02s, total=0.89s

============================================================
Level 28 - SAMPLING
============================================================
  Starting braids: 2000
  Candidates to generate: 31193
  Projlen distribution:
    projlen=53: 9 braids
    projlen=54: 1573 braids
    projlen=55: 4800 braids
    projlen=56: 5931 braids
    projlen=57: 6944 braids
    projlen=58: 7680 braids
    projlen=59: 3909 braids
    projlen=60: 347 braids
  Braids kept: 6356 (in 8 buckets, 0.27 GB)
  ⚡ Timing: matmul=0.28s, sampling=0.01s, total=0.70s

============================================================
Level 29 - SAMPLING
============================================================
  Starting braids: 2000
  Candidates to generate: 28273
  Projlen distribution:
    projlen=55: 16 braids
    projlen=56: 1706 braids
    projlen=57: 4873 braids
    projlen=58: 5718 braids
    projlen=59: 6395 braids
    projlen=60: 6672 braids
    projlen=61: 2893 braids
  Braids kept: 6016 (in 7 buckets, 0.25 GB)
  ⚡ Timing: matmul=0.26s, sampling=0.01s, total=0.67s

============================================================
Level 30 - SAMPLING
============================================================
  Starting braids: 2000
  Candidates to generate: 28754
  Projlen distribution:
    projlen=56: 1 braids
    projlen=57: 20 braids
    projlen=58: 1708 braids
    projlen=59: 4836 braids
    projlen=60: 5721 braids
    projlen=61: 6592 braids
    projlen=62: 6848 braids
    projlen=63: 3028 braids
  Braids kept: 6021 (in 8 buckets, 0.25 GB)
  ⚡ Timing: matmul=0.27s, sampling=0.01s, total=0.80s

============================================================
Level 31 - SAMPLING
============================================================
  Starting braids: 2000
  Candidates to generate: 28902
  Projlen distribution:
    projlen=58: 1 braids
    projlen=59: 27 braids
    projlen=60: 1702 braids
    projlen=61: 4742 braids
    projlen=62: 5723 braids
    projlen=63: 6679 braids
    projlen=64: 7083 braids
    projlen=65: 2945 braids
  Braids kept: 6028 (in 8 buckets, 0.25 GB)
  ⚡ Timing: matmul=0.29s, sampling=0.01s, total=0.70s

============================================================
Level 32 - SAMPLING
============================================================
  Starting braids: 2000
  Candidates to generate: 28597
  Projlen distribution:
    projlen=60: 2 braids
    projlen=61: 39 braids
    projlen=62: 1663 braids
    projlen=63: 4744 braids
    projlen=64: 5621 braids
    projlen=65: 6513 braids
    projlen=66: 7046 braids
    projlen=67: 2969 braids
  Braids kept: 6041 (in 8 buckets, 0.25 GB)
  ⚡ Timing: matmul=0.27s, sampling=0.01s, total=0.65s

============================================================
Level 33 - SAMPLING
============================================================
  Starting braids: 2000
  Candidates to generate: 28476
  Projlen distribution:
    projlen=62: 2 braids
    projlen=63: 66 braids
    projlen=64: 1682 braids
    projlen=65: 4737 braids
    projlen=66: 5682 braids
    projlen=67: 6449 braids
    projlen=68: 6938 braids
    projlen=69: 2920 braids
  Braids kept: 6068 (in 8 buckets, 0.25 GB)
  ⚡ Timing: matmul=0.27s, sampling=0.01s, total=0.73s

============================================================
Level 34 - SAMPLING
============================================================
  Starting braids: 2000
  Candidates to generate: 29835
  Projlen distribution:
    projlen=64: 2 braids
    projlen=65: 102 braids
    projlen=66: 1800 braids
    projlen=67: 4837 braids
    projlen=68: 5981 braids
    projlen=69: 6721 braids
    projlen=70: 7440 braids
    projlen=71: 2952 braids
  Braids kept: 6104 (in 8 buckets, 0.26 GB)
  ⚡ Timing: matmul=0.28s, sampling=0.01s, total=0.68s

============================================================
Level 35 - SAMPLING
============================================================
  Starting braids: 2000
  Candidates to generate: 30034
  Projlen distribution:
    projlen=66: 2 braids
    projlen=67: 153 braids
    projlen=68: 1968 braids
    projlen=69: 4923 braids
    projlen=70: 6098 braids
    projlen=71: 6676 braids
    projlen=72: 7268 braids
    projlen=73: 2946 braids
  Braids kept: 6155 (in 8 buckets, 0.26 GB)
  ⚡ Timing: matmul=0.28s, sampling=0.01s, total=0.67s

============================================================
Level 36 - SAMPLING
============================================================
  Starting braids: 2000
  Candidates to generate: 30903
  Projlen distribution:
    projlen=68: 2 braids
    projlen=69: 224 braids
    projlen=70: 2186 braids
    projlen=71: 5202 braids
    projlen=72: 6627 braids
    projlen=73: 6849 braids
    projlen=74: 7040 braids
    projlen=75: 2773 braids
  Braids kept: 6226 (in 8 buckets, 0.26 GB)
  ⚡ Timing: matmul=0.28s, sampling=0.01s, total=0.70s

============================================================
Level 37 - SAMPLING
============================================================
  Starting braids: 2000
  Candidates to generate: 31997
  Projlen distribution:
    projlen=70: 4 braids
    projlen=71: 320 braids
    projlen=72: 2428 braids
    projlen=73: 5350 braids
    projlen=74: 7158 braids
    projlen=75: 7247 braids
    projlen=76: 6985 braids
    projlen=77: 2505 braids
  Braids kept: 6324 (in 8 buckets, 0.26 GB)
  ⚡ Timing: matmul=0.29s, sampling=0.01s, total=0.73s

============================================================
Level 38 - SAMPLING
============================================================
  Starting braids: 2000
  Candidates to generate: 31931
  Projlen distribution:
    projlen=72: 6 braids
    projlen=73: 447 braids
    projlen=74: 2714 braids
    projlen=75: 5548 braids
    projlen=76: 7426 braids
    projlen=77: 6985 braids
    projlen=78: 6455 braids
    projlen=79: 2350 braids
  Braids kept: 6453 (in 8 buckets, 0.27 GB)
  ⚡ Timing: matmul=0.29s, sampling=0.01s, total=0.72s

============================================================
Level 39 - SAMPLING
============================================================
  Starting braids: 2000
  Candidates to generate: 32838
  Projlen distribution:
    projlen=74: 11 braids
    projlen=75: 622 braids
    projlen=76: 3212 braids
    projlen=77: 5710 braids
    projlen=78: 7623 braids
    projlen=79: 7283 braids
    projlen=80: 6310 braids
    projlen=81: 2067 braids
  Braids kept: 6633 (in 8 buckets, 0.28 GB)
  ⚡ Timing: matmul=0.29s, sampling=0.02s, total=0.71s

============================================================
Level 40 - SAMPLING
============================================================
  Starting braids: 2000
  Candidates to generate: 33167
  Projlen distribution:
    projlen=76: 29 braids
    projlen=77: 866 braids
    projlen=78: 3892 braids
    projlen=79: 6034 braids
    projlen=80: 7751 braids
    projlen=81: 7741 braids
    projlen=82: 5402 braids
    projlen=83: 1452 braids
  Braids kept: 6895 (in 8 buckets, 0.29 GB)
  ⚡ Timing: matmul=0.30s, sampling=0.02s, total=0.75s

============================================================
Level 41 - SAMPLING
============================================================
  Starting braids: 2000
  Candidates to generate: 30065
  Projlen distribution:
    projlen=78: 58 braids
    projlen=79: 1220 braids
    projlen=80: 4822 braids
    projlen=81: 6068 braids
    projlen=82: 7145 braids
    projlen=83: 6933 braids
    projlen=84: 3298 braids
    projlen=85: 521 braids
  Braids kept: 6579 (in 8 buckets, 0.28 GB)
  ⚡ Timing: matmul=0.28s, sampling=0.01s, total=0.69s

============================================================
Level 42 - SAMPLING
============================================================
  Starting braids: 2000
  Candidates to generate: 29854
  Projlen distribution:
    projlen=80: 114 braids
    projlen=81: 1472 braids
    projlen=82: 5385 braids
    projlen=83: 6184 braids
    projlen=84: 7225 braids
    projlen=85: 7081 braids
    projlen=86: 2393 braids
  Braids kept: 6114 (in 7 buckets, 0.26 GB)
  ⚡ Timing: matmul=0.28s, sampling=0.01s, total=0.75s

============================================================
Level 43 - SAMPLING
============================================================
  Starting braids: 2000
  Candidates to generate: 30697
  Projlen distribution:
    projlen=82: 209 braids
    projlen=83: 1594 braids
    projlen=84: 5605 braids
    projlen=85: 6358 braids
    projlen=86: 7305 braids
    projlen=87: 7228 braids
    projlen=88: 2398 braids
  Braids kept: 6209 (in 7 buckets, 0.26 GB)
  ⚡ Timing: matmul=0.29s, sampling=0.01s, total=0.72s

============================================================
Level 44 - SAMPLING
============================================================
  Starting braids: 2000
  Candidates to generate: 31719
  Projlen distribution:
    projlen=84: 371 braids
    projlen=85: 1882 braids
    projlen=86: 6138 braids
    projlen=87: 6762 braids
    projlen=88: 7488 braids
    projlen=89: 6823 braids
    projlen=90: 2255 braids
  Braids kept: 6371 (in 7 buckets, 0.27 GB)
  ⚡ Timing: matmul=0.29s, sampling=0.01s, total=0.69s

============================================================
Level 45 - SAMPLING
============================================================
  Starting braids: 2000
  Candidates to generate: 37373
  Projlen distribution:
    projlen=86: 631 braids
    projlen=87: 2347 braids
    projlen=88: 6906 braids
    projlen=89: 7974 braids
    projlen=90: 9260 braids
    projlen=91: 7955 braids
    projlen=92: 2300 braids
  Braids kept: 6631 (in 7 buckets, 0.28 GB)
  ⚡ Timing: matmul=0.36s, sampling=0.02s, total=0.88s

============================================================
Level 46 - SAMPLING
============================================================
  Starting braids: 2000
  Candidates to generate: 38795
  Projlen distribution:
    projlen=88: 1035 braids
    projlen=89: 2984 braids
    projlen=90: 7616 braids
    projlen=91: 8621 braids
    projlen=92: 9509 braids
    projlen=93: 7153 braids
    projlen=94: 1877 braids
  Braids kept: 7000 (in 7 buckets, 0.29 GB)
  ⚡ Timing: matmul=0.36s, sampling=0.02s, total=0.95s

============================================================
Level 47 - SAMPLING
============================================================
  Starting braids: 2000
  Candidates to generate: 36414
  Projlen distribution:
    projlen=90: 1556 braids
    projlen=91: 3891 braids
    projlen=92: 8140 braids
    projlen=93: 9480 braids
    projlen=94: 9390 braids
    projlen=95: 3957 braids
  Braids kept: 6000 (in 6 buckets, 0.25 GB)
  ⚡ Timing: matmul=0.35s, sampling=0.02s, total=0.78s

============================================================
Level 48 - SAMPLING
============================================================
  Starting braids: 2000
  Candidates to generate: 36455
  Projlen distribution:
    projlen=92: 1507 braids
    projlen=93: 3841 braids
    projlen=94: 7700 braids
    projlen=95: 9515 braids
    projlen=96: 9959 braids
    projlen=97: 3933 braids
  Braids kept: 6000 (in 6 buckets, 0.25 GB)
  ⚡ Timing: matmul=0.35s, sampling=0.02s, total=0.78s

============================================================
Level 49 - SAMPLING
============================================================
  Starting braids: 2000
  Candidates to generate: 34765
  Projlen distribution:
    projlen=94: 1421 braids
    projlen=95: 3738 braids
    projlen=96: 7140 braids
    projlen=97: 9052 braids
    projlen=98: 9551 braids
    projlen=99: 3863 braids
  Braids kept: 6000 (in 6 buckets, 0.25 GB)
  ⚡ Timing: matmul=0.34s, sampling=0.02s, total=0.76s

============================================================
Level 50 - SAMPLING
============================================================
  Starting braids: 2000
  Candidates to generate: 35204
  Projlen distribution:
    projlen=96: 1368 braids
    projlen=97: 3797 braids
    projlen=98: 6778 braids
    projlen=99: 9057 braids
    projlen=100: 10264 braids
    projlen=101: 3940 braids
  Braids kept: 6000 (in 6 buckets, 0.25 GB)
  ⚡ Timing: matmul=0.34s, sampling=0.04s, total=0.80s

============================================================
Level 51 - SAMPLING
============================================================
  Starting braids: 2000
  Candidates to generate: 35162
  Projlen distribution:
    projlen=98: 1341 braids
    projlen=99: 3774 braids
    projlen=100: 6630 braids
    projlen=101: 9101 braids
    projlen=102: 10382 braids
    projlen=103: 3934 braids
  Braids kept: 6000 (in 6 buckets, 0.25 GB)
  ⚡ Timing: matmul=0.34s, sampling=0.02s, total=0.90s

============================================================
Level 52 - SAMPLING
============================================================
  Starting braids: 2000
  Candidates to generate: 34690
  Projlen distribution:
    projlen=100: 1337 braids
    projlen=101: 3758 braids
    projlen=102: 6461 braids
    projlen=103: 8953 braids
    projlen=104: 10252 braids
    projlen=105: 3929 braids
  Braids kept: 6000 (in 6 buckets, 0.25 GB)
  ⚡ Timing: matmul=0.33s, sampling=0.02s, total=0.77s

============================================================
Level 53 - SAMPLING
============================================================
  Starting braids: 2000
  Candidates to generate: 35146
  Projlen distribution:
    projlen=102: 1333 braids
    projlen=103: 3748 braids
    projlen=104: 6249 braids
    projlen=105: 9049 braids
    projlen=106: 10649 braids
    projlen=107: 4118 braids
  Braids kept: 6000 (in 6 buckets, 0.25 GB)
  ⚡ Timing: matmul=0.34s, sampling=0.02s, total=0.75s

============================================================
Level 54 - SAMPLING
============================================================
  Starting braids: 2000
  Candidates to generate: 34285
  Projlen distribution:
    projlen=104: 1302 braids
    projlen=105: 3706 braids
    projlen=106: 6093 braids
    projlen=107: 8774 braids
    projlen=108: 10372 braids
    projlen=109: 4038 braids
  Braids kept: 6000 (in 6 buckets, 0.25 GB)
  ⚡ Timing: matmul=0.34s, sampling=0.02s, total=0.75s

============================================================
Level 55 - SAMPLING
============================================================
  Starting braids: 2000
  Candidates to generate: 34969
  Projlen distribution:
    projlen=106: 1281 braids
    projlen=107: 3717 braids
    projlen=108: 5878 braids
    projlen=109: 8781 braids
    projlen=110: 11054 braids
    projlen=111: 4258 braids
  Braids kept: 6000 (in 6 buckets, 0.25 GB)
  ⚡ Timing: matmul=0.34s, sampling=0.02s, total=0.75s

============================================================
Level 56 - SAMPLING
============================================================
  Starting braids: 2000
  Candidates to generate: 33840
  Projlen distribution:
    projlen=108: 1257 braids
    projlen=109: 3692 braids
    projlen=110: 5746 braids
    projlen=111: 8619 braids
    projlen=112: 10511 braids
    projlen=113: 4015 braids
  Braids kept: 6000 (in 6 buckets, 0.25 GB)
  ⚡ Timing: matmul=0.30s, sampling=0.02s, total=0.72s

============================================================
Level 57 - SAMPLING
============================================================
  Starting braids: 2000
  Candidates to generate: 35307
  Projlen distribution:
    projlen=110: 1246 braids
    projlen=111: 3709 braids
    projlen=112: 5716 braids
    projlen=113: 8732 braids
    projlen=114: 11540 braids
    projlen=115: 4364 braids
  Braids kept: 6000 (in 6 buckets, 0.25 GB)
  ⚡ Timing: matmul=0.34s, sampling=0.02s, total=0.77s

============================================================
Level 58 - SAMPLING
============================================================
  Starting braids: 2000
  Candidates to generate: 34279
  Projlen distribution:
    projlen=112: 1229 braids
    projlen=113: 3690 braids
    projlen=114: 5566 braids
    projlen=115: 8559 braids
    projlen=116: 11057 braids
    projlen=117: 4178 braids
  Braids kept: 6000 (in 6 buckets, 0.25 GB)
  ⚡ Timing: matmul=0.33s, sampling=0.02s, total=0.76s

============================================================
Level 59 - SAMPLING
============================================================
  Starting braids: 2000
  Candidates to generate: 33781
  Projlen distribution:
    projlen=114: 1219 braids
    projlen=115: 3649 braids
    projlen=116: 5479 braids
    projlen=117: 8464 braids
    projlen=118: 10840 braids
    projlen=119: 4130 braids
  Braids kept: 6000 (in 6 buckets, 0.25 GB)
  ⚡ Timing: matmul=0.30s, sampling=0.02s, total=0.73s

============================================================
Level 60 - SAMPLING
============================================================
  Starting braids: 2000
  Candidates to generate: 35482
  Projlen distribution:
    projlen=116: 1212 braids
    projlen=117: 3694 braids
    projlen=118: 5466 braids
    projlen=119: 8727 braids
    projlen=120: 11909 braids
    projlen=121: 4474 braids
  Braids kept: 6000 (in 6 buckets, 0.25 GB)
  ⚡ Timing: matmul=0.34s, sampling=0.02s, total=0.78s

============================================================
Level 61 - SAMPLING
============================================================
  Starting braids: 2000
  Candidates to generate: 34859
  Projlen distribution:
    projlen=118: 1201 braids
    projlen=119: 3675 braids
    projlen=120: 5402 braids
    projlen=121: 8627 braids
    projlen=122: 11634 braids
    projlen=123: 4320 braids
  Braids kept: 6000 (in 6 buckets, 0.25 GB)
  ⚡ Timing: matmul=0.34s, sampling=0.02s, total=0.78s

============================================================
Level 62 - SAMPLING
============================================================
  Starting braids: 2000
  Candidates to generate: 34726
  Projlen distribution:
    projlen=120: 1178 braids
    projlen=121: 3670 braids
    projlen=122: 5310 braids
    projlen=123: 8522 braids
    projlen=124: 11696 braids
    projlen=125: 4350 braids
  Braids kept: 6000 (in 6 buckets, 0.25 GB)
  ⚡ Timing: matmul=0.34s, sampling=0.02s, total=0.76s

============================================================
Level 63 - SAMPLING
============================================================
  Starting braids: 2000
  Candidates to generate: 33861
  Projlen distribution:
    projlen=122: 1166 braids
    projlen=123: 3632 braids
    projlen=124: 5190 braids
    projlen=125: 8356 braids
    projlen=126: 11264 braids
    projlen=127: 4253 braids
  Braids kept: 6000 (in 6 buckets, 0.25 GB)
  ⚡ Timing: matmul=0.30s, sampling=0.02s, total=0.92s

============================================================
Level 64 - SAMPLING
============================================================
  Starting braids: 2000
  Candidates to generate: 34726
  Projlen distribution:
    projlen=124: 1151 braids
    projlen=125: 3624 braids
    projlen=126: 5098 braids
    projlen=127: 8327 braids
    projlen=128: 11947 braids
    projlen=129: 4579 braids
  Braids kept: 6000 (in 6 buckets, 0.25 GB)
  ⚡ Timing: matmul=0.04s, sampling=0.02s, total=0.77s

============================================================
Level 65 - SAMPLING
============================================================
  Starting braids: 2000
  Candidates to generate: 33715
  Projlen distribution:
    projlen=126: 1142 braids
    projlen=127: 3569 braids
    projlen=128: 5078 braids
    projlen=129: 8163 braids
    projlen=130: 11380 braids
    projlen=131: 4383 braids
  Braids kept: 6000 (in 6 buckets, 0.25 GB)
  ⚡ Timing: matmul=0.30s, sampling=0.02s, total=0.74s

============================================================
Level 66 - SAMPLING
============================================================
  Starting braids: 2000
  Candidates to generate: 34065
  Projlen distribution:
    projlen=128: 1139 braids
    projlen=129: 3586 braids
    projlen=130: 5006 braids
    projlen=131: 8196 braids
    projlen=132: 11742 braids
    projlen=133: 4396 braids
  Braids kept: 6000 (in 6 buckets, 0.25 GB)
  ⚡ Timing: matmul=0.35s, sampling=0.02s, total=0.86s

============================================================
Level 67 - SAMPLING
============================================================
  Starting braids: 2000
  Candidates to generate: 32997
  Projlen distribution:
    projlen=130: 1134 braids
    projlen=131: 3540 braids
    projlen=132: 4923 braids
    projlen=133: 7982 braids
    projlen=134: 11117 braids
    projlen=135: 4301 braids
  Braids kept: 6000 (in 6 buckets, 0.25 GB)
  ⚡ Timing: matmul=0.29s, sampling=0.01s, total=0.72s

============================================================
Level 68 - SAMPLING
============================================================
  Starting braids: 2000
  Candidates to generate: 33089
  Projlen distribution:
    projlen=132: 1123 braids
    projlen=133: 3533 braids
    projlen=134: 4891 braids
    projlen=135: 7951 braids
    projlen=136: 11267 braids
    projlen=137: 4324 braids
  Braids kept: 6000 (in 6 buckets, 0.25 GB)
  ⚡ Timing: matmul=0.29s, sampling=0.01s, total=0.72s

============================================================
Level 69 - SAMPLING
============================================================
  Starting braids: 2000
  Candidates to generate: 33587
  Projlen distribution:
    projlen=134: 1117 braids
    projlen=135: 3553 braids
    projlen=136: 4938 braids
    projlen=137: 8095 braids
    projlen=138: 11497 braids
    projlen=139: 4387 braids
  Braids kept: 6000 (in 6 buckets, 0.25 GB)
  ⚡ Timing: matmul=0.30s, sampling=0.02s, total=0.77s

============================================================
Level 70 - SAMPLING
============================================================
  Starting braids: 2000
  Candidates to generate: 33826
  Projlen distribution:
    projlen=136: 1116 braids
    projlen=137: 3533 braids
    projlen=138: 4926 braids
    projlen=139: 8079 braids
    projlen=140: 11638 braids
    projlen=141: 4534 braids
  Braids kept: 6000 (in 6 buckets, 0.25 GB)
  ⚡ Timing: matmul=0.30s, sampling=0.02s, total=0.76s

============================================================
Level 71 - SAMPLING
============================================================
  Starting braids: 2000
  Candidates to generate: 34700
  Projlen distribution:
    projlen=138: 1115 braids
    projlen=139: 3561 braids
    projlen=140: 4936 braids
    projlen=141: 8270 braids
    projlen=142: 12211 braids
    projlen=143: 4607 braids
  Braids kept: 6000 (in 6 buckets, 0.25 GB)
  ⚡ Timing: matmul=0.34s, sampling=0.02s, total=0.76s

============================================================
Level 72 - SAMPLING
============================================================
  Starting braids: 2000
  Candidates to generate: 33592
  Projlen distribution:
    projlen=140: 1118 braids
    projlen=141: 3501 braids
    projlen=142: 4907 braids
    projlen=143: 8031 braids
    projlen=144: 11555 braids
    projlen=145: 4480 braids
  Braids kept: 6000 (in 6 buckets, 0.25 GB)
  ⚡ Timing: matmul=0.30s, sampling=0.02s, total=0.74s

============================================================
Level 73 - SAMPLING
============================================================
  Starting braids: 2000
  Candidates to generate: 33260
  Projlen distribution:
    projlen=142: 1107 braids
    projlen=143: 3481 braids
    projlen=144: 4854 braids
    projlen=145: 7895 braids
    projlen=146: 11421 braids
    projlen=147: 4502 braids
  Braids kept: 6000 (in 6 buckets, 0.25 GB)
  ⚡ Timing: matmul=0.30s, sampling=0.01s, total=0.75s

============================================================
Level 74 - SAMPLING
============================================================
  Starting braids: 2000
  Candidates to generate: 33677
  Projlen distribution:
    projlen=144: 1111 braids
    projlen=145: 3485 braids
    projlen=146: 4805 braids
    projlen=147: 7969 braids
    projlen=148: 11735 braids
    projlen=149: 4572 braids
  Braids kept: 6000 (in 6 buckets, 0.25 GB)
  ⚡ Timing: matmul=0.30s, sampling=0.02s, total=0.76s

============================================================
Level 75 - SAMPLING
============================================================
  Starting braids: 2000
  Candidates to generate: 33571
  Projlen distribution:
    projlen=146: 1104 braids
    projlen=147: 3480 braids
    projlen=148: 4776 braids
    projlen=149: 7921 braids
    projlen=150: 11781 braids
    projlen=151: 4509 braids
  Braids kept: 6000 (in 6 buckets, 0.25 GB)
  ⚡ Timing: matmul=0.30s, sampling=0.02s, total=0.73s

============================================================
Level 76 - SAMPLING
============================================================
  Starting braids: 2000
  Candidates to generate: 33271
  Projlen distribution:
    projlen=148: 1106 braids
    projlen=149: 3448 braids
    projlen=150: 4761 braids
    projlen=151: 7827 braids
    projlen=152: 11585 braids
    projlen=153: 4544 braids
  Braids kept: 6000 (in 6 buckets, 0.25 GB)
  ⚡ Timing: matmul=0.30s, sampling=0.01s, total=0.80s

============================================================
Level 77 - SAMPLING
============================================================
  Starting braids: 2000
  Candidates to generate: 32557
  Projlen distribution:
    projlen=150: 1106 braids
    projlen=151: 3439 braids
    projlen=152: 4746 braids
    projlen=153: 7749 braids
    projlen=154: 11203 braids
    projlen=155: 4314 braids
  Braids kept: 6000 (in 6 buckets, 0.25 GB)
  ⚡ Timing: matmul=0.30s, sampling=0.04s, total=0.75s

============================================================
Level 78 - SAMPLING
============================================================
  Starting braids: 2000
  Candidates to generate: 32802
  Projlen distribution:
    projlen=152: 1105 braids
    projlen=153: 3411 braids
    projlen=154: 4736 braids
    projlen=155: 7713 braids
    projlen=156: 11378 braids
    projlen=157: 4459 braids
  Braids kept: 6000 (in 6 buckets, 0.25 GB)
  ⚡ Timing: matmul=0.30s, sampling=0.01s, total=0.74s

============================================================
Level 79 - SAMPLING
============================================================
  Starting braids: 2000
  Candidates to generate: 33637
  Projlen distribution:
    projlen=154: 1097 braids
    projlen=155: 3451 braids
    projlen=156: 4707 braids
    projlen=157: 7860 braids
    projlen=158: 11889 braids
    projlen=159: 4633 braids
  Braids kept: 6000 (in 6 buckets, 0.25 GB)
  ⚡ Timing: matmul=0.30s, sampling=0.02s, total=0.82s

============================================================
Level 80 - SAMPLING
============================================================
  Starting braids: 2000
  Candidates to generate: 32921
  Projlen distribution:
    projlen=156: 1094 braids
    projlen=157: 3417 braids
    projlen=158: 4659 braids
    projlen=159: 7697 braids
    projlen=160: 11529 braids
    projlen=161: 4525 braids
  Braids kept: 6000 (in 6 buckets, 0.25 GB)
  ⚡ Timing: matmul=0.29s, sampling=0.01s, total=0.75s

============================================================
Level 81 - SAMPLING
============================================================
  Starting braids: 2000
  Candidates to generate: 33013
  Projlen distribution:
    projlen=158: 1088 braids
    projlen=159: 3428 braids
    projlen=160: 4587 braids
    projlen=161: 7668 braids
    projlen=162: 11743 braids
    projlen=163: 4499 braids
  Braids kept: 6000 (in 6 buckets, 0.25 GB)
  ⚡ Timing: matmul=0.30s, sampling=0.01s, total=0.74s

============================================================
Level 82 - SAMPLING
============================================================
  Starting braids: 2000
  Candidates to generate: 32625
  Projlen distribution:
    projlen=160: 1083 braids
    projlen=161: 3416 braids
    projlen=162: 4502 braids
    projlen=163: 7563 braids
    projlen=164: 11582 braids
    projlen=165: 4479 braids
  Braids kept: 6000 (in 6 buckets, 0.25 GB)
  ⚡ Timing: matmul=0.37s, sampling=0.01s, total=0.82s

============================================================
Level 83 - SAMPLING
============================================================
  Starting braids: 2000
  Candidates to generate: 32805
  Projlen distribution:
    projlen=162: 1085 braids
    projlen=163: 3402 braids
    projlen=164: 4522 braids
    projlen=165: 7578 braids
    projlen=166: 11679 braids
    projlen=167: 4539 braids
  Braids kept: 6000 (in 6 buckets, 0.25 GB)
  ⚡ Timing: matmul=0.29s, sampling=0.01s, total=0.74s

============================================================
Level 84 - SAMPLING
============================================================
  Starting braids: 2000
  Candidates to generate: 32485
  Projlen distribution:
    projlen=164: 1082 braids
    projlen=165: 3378 braids
    projlen=166: 4450 braids
    projlen=167: 7474 braids
    projlen=168: 11536 braids
    projlen=169: 4565 braids
  Braids kept: 6000 (in 6 buckets, 0.25 GB)
  ⚡ Timing: matmul=0.29s, sampling=0.01s, total=0.74s

============================================================
Level 85 - SAMPLING
============================================================
  Starting braids: 2000
  Candidates to generate: 31920
  Projlen distribution:
    projlen=166: 1075 braids
    projlen=167: 3357 braids
    projlen=168: 4437 braids
    projlen=169: 7367 braids
    projlen=170: 11233 braids
    projlen=171: 4451 braids
  Braids kept: 6000 (in 6 buckets, 0.25 GB)
  ⚡ Timing: matmul=0.29s, sampling=0.01s, total=0.71s

============================================================
Level 86 - SAMPLING
============================================================
  Starting braids: 2000
  Candidates to generate: 31852
  Projlen distribution:
    projlen=168: 1070 braids
    projlen=169: 3351 braids
    projlen=170: 4394 braids
    projlen=171: 7312 braids
    projlen=172: 11288 braids
    projlen=173: 4437 braids
  Braids kept: 6000 (in 6 buckets, 0.25 GB)
  ⚡ Timing: matmul=0.29s, sampling=0.01s, total=0.72s

============================================================
Level 87 - SAMPLING
============================================================
  Starting braids: 2000
  Candidates to generate: 32443
  Projlen distribution:
    projlen=170: 1067 braids
    projlen=171: 3380 braids
    projlen=172: 4401 braids
    projlen=173: 7460 braids
    projlen=174: 11610 braids
    projlen=175: 4525 braids
  Braids kept: 6000 (in 6 buckets, 0.25 GB)
  ⚡ Timing: matmul=0.29s, sampling=0.01s, total=0.73s

============================================================
Level 88 - SAMPLING
============================================================
  Starting braids: 2000
  Candidates to generate: 32422
  Projlen distribution:
    projlen=172: 1063 braids
    projlen=173: 3381 braids
    projlen=174: 4359 braids
    projlen=175: 7420 braids
    projlen=176: 11667 braids
    projlen=177: 4532 braids
  Braids kept: 6000 (in 6 buckets, 0.25 GB)
  ⚡ Timing: matmul=0.29s, sampling=0.01s, total=0.72s

============================================================
Level 89 - SAMPLING
============================================================
  Starting braids: 2000
  Candidates to generate: 31949
  Projlen distribution:
    projlen=174: 1060 braids
    projlen=175: 3365 braids
    projlen=176: 4346 braids
    projlen=177: 7348 braids
    projlen=178: 11424 braids
    projlen=179: 4406 braids
  Braids kept: 6000 (in 6 buckets, 0.25 GB)
  ⚡ Timing: matmul=0.29s, sampling=0.01s, total=0.72s

============================================================
Level 90 - SAMPLING
============================================================
  Starting braids: 2000
  Candidates to generate: 31913
  Projlen distribution:
    projlen=176: 1057 braids
    projlen=177: 3371 braids
    projlen=178: 4374 braids
    projlen=179: 7366 braids
    projlen=180: 11450 braids
    projlen=181: 4295 braids
  Braids kept: 6000 (in 6 buckets, 0.25 GB)
  ⚡ Timing: matmul=0.30s, sampling=0.01s, total=0.79s

============================================================
Level 91 - SAMPLING
============================================================
  Starting braids: 2000
  Candidates to generate: 32017
  Projlen distribution:
    projlen=178: 1052 braids
    projlen=179: 3364 braids
    projlen=180: 4330 braids
    projlen=181: 7350 braids
    projlen=182: 11551 braids
    projlen=183: 4370 braids
  Braids kept: 6000 (in 6 buckets, 0.25 GB)
  ⚡ Timing: matmul=0.30s, sampling=0.01s, total=0.74s

============================================================
Level 92 - SAMPLING
============================================================
  Starting braids: 2000
  Candidates to generate: 32324
  Projlen distribution:
    projlen=180: 1049 braids
    projlen=181: 3379 braids
    projlen=182: 4360 braids
    projlen=183: 7458 braids
    projlen=184: 11630 braids
    projlen=185: 4448 braids
  Braids kept: 6000 (in 6 buckets, 0.25 GB)
  ⚡ Timing: matmul=0.29s, sampling=0.01s, total=0.81s

============================================================
Level 93 - SAMPLING
============================================================
  Starting braids: 2000
  Candidates to generate: 32453
  Projlen distribution:
    projlen=182: 1045 braids
    projlen=183: 3355 braids
    projlen=184: 4324 braids
    projlen=185: 7393 braids
    projlen=186: 11739 braids
    projlen=187: 4597 braids
  Braids kept: 6000 (in 6 buckets, 0.25 GB)
  ⚡ Timing: matmul=0.37s, sampling=0.01s, total=0.82s

============================================================
Level 94 - SAMPLING
============================================================
  Starting braids: 2000
  Candidates to generate: 32008
  Projlen distribution:
    projlen=184: 1043 braids
    projlen=185: 3338 braids
    projlen=186: 4322 braids
    projlen=187: 7310 braids
    projlen=188: 11459 braids
    projlen=189: 4536 braids
  Braids kept: 6000 (in 6 buckets, 0.25 GB)
  ⚡ Timing: matmul=0.29s, sampling=0.01s, total=0.74s

============================================================
Level 95 - SAMPLING
============================================================
  Starting braids: 2000
  Candidates to generate: 32484
  Projlen distribution:
    projlen=186: 1041 braids
    projlen=187: 3340 braids
    projlen=188: 4313 braids
    projlen=189: 7372 braids
    projlen=190: 11703 braids
    projlen=191: 4715 braids
  Braids kept: 6000 (in 6 buckets, 0.25 GB)
  ⚡ Timing: matmul=0.29s, sampling=0.01s, total=0.73s

============================================================
Level 96 - SAMPLING
============================================================
  Starting braids: 2000
  Candidates to generate: 32424
  Projlen distribution:
    projlen=188: 1037 braids
    projlen=189: 3347 braids
    projlen=190: 4331 braids
    projlen=191: 7394 braids
    projlen=192: 11727 braids
    projlen=193: 4588 braids
  Braids kept: 6000 (in 6 buckets, 0.25 GB)
  ⚡ Timing: matmul=0.29s, sampling=0.01s, total=0.74s

============================================================
Level 97 - SAMPLING
============================================================
  Starting braids: 2000
  Candidates to generate: 32685
  Projlen distribution:
    projlen=190: 1036 braids
    projlen=191: 3343 braids
    projlen=192: 4331 braids
    projlen=193: 7407 braids
    projlen=194: 11895 braids
    projlen=195: 4673 braids
  Braids kept: 6000 (in 6 buckets, 0.25 GB)
  ⚡ Timing: matmul=0.29s, sampling=0.01s, total=0.74s

============================================================
Level 98 - SAMPLING
============================================================
  Starting braids: 2000
  Candidates to generate: 32179
  Projlen distribution:
    projlen=192: 1035 braids
    projlen=193: 3340 braids
    projlen=194: 4298 braids
    projlen=195: 7325 braids
    projlen=196: 11613 braids
    projlen=197: 4568 braids
  Braids kept: 6000 (in 6 buckets, 0.25 GB)
  ⚡ Timing: matmul=0.29s, sampling=0.01s, total=0.72s

============================================================
Level 99 - SAMPLING
============================================================
  Starting braids: 2000
  Candidates to generate: 32258
  Projlen distribution:
    projlen=194: 1033 braids
    projlen=195: 3345 braids
    projlen=196: 4323 braids
    projlen=197: 7336 braids
    projlen=198: 11680 braids
    projlen=199: 4541 braids
  Braids kept: 6000 (in 6 buckets, 0.25 GB)
  ⚡ Timing: matmul=0.30s, sampling=0.01s, total=0.75s

============================================================
Level 100 - SAMPLING
============================================================
  Starting braids: 2000
  Candidates to generate: 32865
  Projlen distribution:
    projlen=196: 1030 braids
    projlen=197: 3379 braids
    projlen=198: 4342 braids
    projlen=199: 7502 braids
    projlen=200: 11940 braids
    projlen=201: 4672 braids
  Braids kept: 6000 (in 6 buckets, 0.25 GB)
  ⚡ Timing: matmul=0.31s, sampling=0.01s, total=0.76s

============================================================
Level 101 - SAMPLING
============================================================
  Starting braids: 2000
  Candidates to generate: 32925
  Projlen distribution:
    projlen=198: 1029 braids
    projlen=199: 3368 braids
    projlen=200: 4309 braids
    projlen=201: 7471 braids
    projlen=202: 12027 braids
    projlen=203: 4721 braids
  Braids kept: 6000 (in 6 buckets, 0.25 GB)
  ⚡ Timing: matmul=0.29s, sampling=0.01s, total=0.73s

============================================================
Level 102 - SAMPLING
============================================================
  Starting braids: 2000
  Candidates to generate: 32574
  Projlen distribution:
    projlen=200: 1028 braids
    projlen=201: 3349 braids
    projlen=202: 4302 braids
    projlen=203: 7389 braids
    projlen=204: 11834 braids
    projlen=205: 4672 braids
  Braids kept: 6000 (in 6 buckets, 0.25 GB)
  ⚡ Timing: matmul=0.29s, sampling=0.01s, total=0.73s

============================================================
Level 103 - SAMPLING
============================================================
  Starting braids: 2000
  Candidates to generate: 32783
  Projlen distribution:
    projlen=202: 1027 braids
    projlen=203: 3369 braids
    projlen=204: 4326 braids
    projlen=205: 7472 braids
    projlen=206: 11913 braids
    projlen=207: 4676 braids
  Braids kept: 6000 (in 6 buckets, 0.25 GB)
  ⚡ Timing: matmul=0.29s, sampling=0.01s, total=0.74s

============================================================
Level 104 - SAMPLING
============================================================
  Starting braids: 2000
  Candidates to generate: 32552
  Projlen distribution:
    projlen=204: 1027 braids
    projlen=205: 3349 braids
    projlen=206: 4315 braids
    projlen=207: 7392 braids
    projlen=208: 11813 braids
    projlen=209: 4656 braids
  Braids kept: 6000 (in 6 buckets, 0.25 GB)
  ⚡ Timing: matmul=0.29s, sampling=0.01s, total=0.74s

============================================================
Level 105 - SAMPLING
============================================================
  Starting braids: 2000
  Candidates to generate: 32174
  Projlen distribution:
    projlen=206: 1026 braids
    projlen=207: 3344 braids
    projlen=208: 4276 braids
    projlen=209: 7323 braids
    projlen=210: 11582 braids
    projlen=211: 4623 braids
  Braids kept: 6000 (in 6 buckets, 0.25 GB)
  ⚡ Timing: matmul=0.30s, sampling=0.01s, total=0.81s

============================================================
Level 106 - SAMPLING
============================================================
  Starting braids: 2000
  Candidates to generate: 32734
  Projlen distribution:
    projlen=208: 1025 braids
    projlen=209: 3367 braids
    projlen=210: 4326 braids
    projlen=211: 7453 braids
    projlen=212: 11888 braids
    projlen=213: 4675 braids
  Braids kept: 6000 (in 6 buckets, 0.25 GB)
  ⚡ Timing: matmul=0.29s, sampling=0.01s, total=0.73s

============================================================
Level 107 - SAMPLING
============================================================
  Starting braids: 2000
  Candidates to generate: 32854
  Projlen distribution:
    projlen=210: 1025 braids
    projlen=211: 3370 braids
    projlen=212: 4321 braids
    projlen=213: 7473 braids
    projlen=214: 11975 braids
    projlen=215: 4690 braids
  Braids kept: 6000 (in 6 buckets, 0.25 GB)
  ⚡ Timing: matmul=0.29s, sampling=0.01s, total=0.74s

============================================================
Level 108 - SAMPLING
============================================================
  Starting braids: 2000
  Candidates to generate: 32637
  Projlen distribution:
    projlen=212: 1025 braids
    projlen=213: 3367 braids
    projlen=214: 4302 braids
    projlen=215: 7443 braids
    projlen=216: 11882 braids
    projlen=217: 4618 braids
  Braids kept: 6000 (in 6 buckets, 0.25 GB)
  ⚡ Timing: matmul=0.29s, sampling=0.01s, total=0.72s

============================================================
Level 109 - SAMPLING
============================================================
  Starting braids: 2000
  Candidates to generate: 32429
  Projlen distribution:
    projlen=214: 1023 braids
    projlen=215: 3361 braids
    projlen=216: 4304 braids
    projlen=217: 7381 braids
    projlen=218: 11792 braids
    projlen=219: 4568 braids
  Braids kept: 6000 (in 6 buckets, 0.25 GB)
  ⚡ Timing: matmul=0.30s, sampling=0.01s, total=0.72s

============================================================
Level 110 - SAMPLING
============================================================
  Starting braids: 2000
  Candidates to generate: 32834
  Projlen distribution:
    projlen=216: 1023 braids
    projlen=217: 3382 braids
    projlen=218: 4353 braids
    projlen=219: 7500 braids
    projlen=220: 11989 braids
    projlen=221: 4587 braids
  Braids kept: 6000 (in 6 buckets, 0.25 GB)
  ⚡ Timing: matmul=0.29s, sampling=0.01s, total=0.86s

============================================================
Level 111 - SAMPLING
============================================================
  Starting braids: 2000
  Candidates to generate: 32309
  Projlen distribution:
    projlen=218: 1023 braids
    projlen=219: 3362 braids
    projlen=220: 4320 braids
    projlen=221: 7376 braids
    projlen=222: 11690 braids
    projlen=223: 4538 braids
  Braids kept: 6000 (in 6 buckets, 0.25 GB)
  ⚡ Timing: matmul=0.29s, sampling=0.01s, total=0.73s

============================================================
Level 112 - SAMPLING
============================================================
  Starting braids: 2000
  Candidates to generate: 32425
  Projlen distribution:
    projlen=220: 1022 braids
    projlen=221: 3358 braids
    projlen=222: 4324 braids
    projlen=223: 7406 braids
    projlen=224: 11779 braids
    projlen=225: 4536 braids
  Braids kept: 6000 (in 6 buckets, 0.25 GB)
  ⚡ Timing: matmul=0.29s, sampling=0.01s, total=0.73s

============================================================
Level 113 - SAMPLING
============================================================
  Starting braids: 2000
  Candidates to generate: 32552
  Projlen distribution:
    projlen=222: 1022 braids
    projlen=223: 3365 braids
    projlen=224: 4537 braids
    projlen=225: 9534 braids
    projlen=226: 13938 braids
    projlen=227: 156 braids
  Braids kept: 5156 (in 6 buckets, 0.22 GB)
  ⚡ Timing: matmul=0.03s, sampling=0.01s, total=0.74s

============================================================
Level 114 - SAMPLING
============================================================
  Starting braids: 2000
  Candidates to generate: 32516
  Projlen distribution:
    projlen=222: 8 braids
    projlen=223: 57 braids
    projlen=224: 1330 braids
    projlen=225: 6661 braids
    projlen=226: 23854 braids
    projlen=227: 343 braids
    projlen=228: 263 braids
  Braids kept: 3671 (in 7 buckets, 0.15 GB)
  ⚡ Timing: matmul=0.29s, sampling=0.01s, total=0.74s

============================================================
Level 115 - SAMPLING
============================================================
  Starting braids: 2000
  Candidates to generate: 47043
  Projlen distribution:
    projlen=220: 2 braids
    projlen=221: 153 braids
    projlen=222: 981 braids
    projlen=223: 2573 braids
    projlen=224: 8787 braids
    projlen=225: 16216 braids
    projlen=226: 17625 braids
    projlen=227: 382 braids
    projlen=228: 320 braids
    projlen=229: 4 braids
  Braids kept: 5842 (in 10 buckets, 0.24 GB)
  ⚡ Timing: matmul=0.44s, sampling=0.02s, total=0.96s

============================================================
Level 116 - SAMPLING
============================================================
  Starting braids: 2000
  Candidates to generate: 110891
  Processing in 2 chunks...
  Projlen distribution:
    projlen=219: 345 braids
    projlen=220: 3897 braids
    projlen=221: 25668 braids
    projlen=222: 53643 braids
    projlen=223: 27338 braids
  Braids kept: 4345 (in 5 buckets, 0.18 GB)
  ⚡ Timing: matmul=0.43s, sampling=0.05s, total=2.23s

============================================================
Level 117 - SAMPLING
============================================================
  Starting braids: 2000
  Candidates to generate: 128966
  Processing in 2 chunks...
  Projlen distribution:
    projlen=215: 2 braids
    projlen=216: 15 braids
    projlen=217: 905 braids
    projlen=218: 9536 braids
    projlen=219: 39902 braids
    projlen=220: 51273 braids
    projlen=221: 27333 braids
  Braids kept: 4922 (in 7 buckets, 0.21 GB)
  ⚡ Timing: matmul=0.64s, sampling=0.06s, total=2.49s

============================================================
Level 118 - SAMPLING
============================================================
  Starting braids: 2000
  Candidates to generate: 144588
  Processing in 3 chunks...
  Projlen distribution:
    projlen=213: 2 braids
    projlen=214: 77 braids
    projlen=215: 3168 braids
    projlen=216: 24112 braids
    projlen=217: 69750 braids
    projlen=218: 44480 braids
    projlen=219: 2999 braids
  Braids kept: 5079 (in 7 buckets, 0.21 GB)
  ⚡ Timing: matmul=0.15s, sampling=0.07s, total=2.84s

============================================================
Level 119 - SAMPLING
============================================================
  Starting braids: 2000
  Candidates to generate: 139654
  Processing in 2 chunks...
  Projlen distribution:
    projlen=211: 7 braids
    projlen=212: 250 braids
    projlen=213: 4571 braids
    projlen=214: 26400 braids
    projlen=215: 68407 braids
    projlen=216: 40019 braids
  Braids kept: 4257 (in 6 buckets, 0.18 GB)
  ⚡ Timing: matmul=0.74s, sampling=0.06s, total=2.67s

============================================================
Level 120 - SAMPLING
============================================================
  Starting braids: 2000
  Candidates to generate: 138268
  Processing in 2 chunks...
  Projlen distribution:
    projlen=209: 16 braids
    projlen=210: 841 braids
    projlen=211: 7733 braids
    projlen=212: 35374 braids
    projlen=213: 60790 braids
    projlen=214: 33514 braids
  Braids kept: 4857 (in 6 buckets, 0.20 GB)
  ⚡ Timing: matmul=0.81s, sampling=0.06s, total=2.85s

============================================================
Level 121 - SAMPLING
============================================================
  Starting braids: 2000
  Candidates to generate: 136749
  Processing in 2 chunks...
  Projlen distribution:
    projlen=207: 73 braids
    projlen=208: 2404 braids
    projlen=209: 19216 braids
    projlen=210: 61608 braids
    projlen=211: 47028 braids
    projlen=212: 6420 braids
  Braids kept: 5073 (in 6 buckets, 0.21 GB)
  ⚡ Timing: matmul=0.69s, sampling=0.07s, total=2.58s

============================================================
Level 122 - SAMPLING
============================================================
  Starting braids: 2000
  Candidates to generate: 142429
  Processing in 3 chunks...
  Projlen distribution:
    projlen=204: 2 braids
    projlen=205: 229 braids
    projlen=206: 4466 braids
    projlen=207: 27853 braids
    projlen=208: 67800 braids
    projlen=209: 42079 braids
  Braids kept: 4231 (in 6 buckets, 0.18 GB)
  ⚡ Timing: matmul=0.17s, sampling=0.07s, total=2.75s

============================================================
Level 123 - SAMPLING
============================================================
  Starting braids: 2000
  Candidates to generate: 141680
  Processing in 3 chunks...
  Projlen distribution:
    projlen=202: 20 braids
    projlen=203: 823 braids
    projlen=204: 8594 braids
    projlen=205: 37126 braids
    projlen=206: 62589 braids
    projlen=207: 32528 braids
  Braids kept: 4843 (in 6 buckets, 0.20 GB)
  ⚡ Timing: matmul=0.12s, sampling=0.07s, total=2.80s

============================================================
Level 124 - SAMPLING
============================================================
  Starting braids: 2000
  Candidates to generate: 150655
  Processing in 3 chunks...
  Projlen distribution:
    projlen=199: 1 braids
    projlen=200: 142 braids
    projlen=201: 3288 braids
    projlen=202: 24561 braids
    projlen=203: 66797 braids
    projlen=204: 49405 braids
    projlen=205: 6461 braids
  Braids kept: 5143 (in 7 buckets, 0.22 GB)
  ⚡ Timing: matmul=0.34s, sampling=0.07s, total=3.24s

============================================================
Level 125 - SAMPLING
============================================================
  Starting braids: 2000
  Candidates to generate: 158522
  Processing in 3 chunks...
  Projlen distribution:
    projlen=197: 29 braids
    projlen=198: 700 braids
    projlen=199: 7466 braids
    projlen=200: 36741 braids
    projlen=201: 71827 braids
    projlen=202: 41759 braids
  Braids kept: 4729 (in 6 buckets, 0.20 GB)
  ⚡ Timing: matmul=0.30s, sampling=0.08s, total=3.16s

============================================================
Level 126 - SAMPLING
============================================================
  Starting braids: 2000
  Candidates to generate: 165160
  Processing in 3 chunks...
  Projlen distribution:
    projlen=194: 4 braids
    projlen=195: 340 braids
    projlen=196: 4255 braids
    projlen=197: 25860 braids
    projlen=198: 65244 braids
    projlen=199: 56635 braids
    projlen=200: 12822 braids
  Braids kept: 5344 (in 7 buckets, 0.22 GB)
  ⚡ Timing: matmul=0.35s, sampling=0.08s, total=3.32s

============================================================
Level 127 - SAMPLING
============================================================
  Starting braids: 2000
  Candidates to generate: 160741
  Processing in 3 chunks...
  Projlen distribution:
    projlen=191: 1 braids
    projlen=192: 96 braids
    projlen=193: 2089 braids
    projlen=194: 15099 braids
    projlen=195: 48133 braids
    projlen=196: 65411 braids
    projlen=197: 29912 braids
  Braids kept: 5097 (in 7 buckets, 0.21 GB)
  ⚡ Timing: matmul=0.34s, sampling=0.08s, total=3.29s

============================================================
SEARCH COMPLETE
============================================================
Final level: 127
Total time: 123.43s
Avg time per level: 0.97s
Total kernel elements: 0

============================================================
VERIFICATION
============================================================
No projlen=1 braids found.
JOB COMPLETED!
