============================================================
SEARCHING FOR KERNEL ELEMENTS
============================================================
Braid group: B_6
Representation: (4, 2)
Dimension: 9
Number of simples: 720
Prime: 3
Device: cuda
Bucket size: 10000
Max length: 127
Bootstrap length: 2
Degree multiplier: 2
Degree window: [0, 254] (255 coeffs)
Use best: 20000
Expansion chunk size: 70000
Matmul chunk size: 8500

Loaded tables from precomputed_tables/tables_B6_r2_p3.pt
  Braid group: B_6
  Representation: (4, 2), dimension 9
  Number of simples: 720
  Degree window: [0, 254] (255 coefficients) - NON-NEGATIVE ONLY
✓ Identity matrix verified (at degree 0)

Precomputing FFTs of simple matrices...
  dim=9, D=255, out_D=509, fft_size=512
  FFT cache: 119.9 MB
Initialized with identity braid
Braid group: B_6
Representation: (4, 2), dimension 9
Degree window: [0, 254] (255 coefficients) - NON-NEGATIVE ONLY
FFT size: 512
Storage types: matrix=torch.int16, word=torch.int32
Config: bucket_size=10000, bootstrap=2, max_length=127, chunk_size=70000, matmul_chunk=8500, use_best=20000
⚡ Ultra-optimized: precomputed FFTs + non-negative degrees only

============================================================
Level 1 - BOOTSTRAP
============================================================
  Starting braids: 1
  Candidates to generate: 718
  Projlen distribution:
    projlen=3: 10 braids
    projlen=4: 28 braids
    projlen=5: 34 braids
    projlen=6: 248 braids
    projlen=7: 398 braids
  Braids kept: 718 (in 5 buckets, 0.03 GB)
  ⚡ Timing: matmul=0.12s, sampling=0.01s, total=0.61s

============================================================
Level 2 - BOOTSTRAP
============================================================
  Starting braids: 718
  Candidates to generate: 89482
  Processing in 2 chunks...
  Projlen distribution:
    projlen=5: 54 braids
    projlen=6: 252 braids
    projlen=7: 1128 braids
    projlen=8: 4276 braids
    projlen=9: 13330 braids
    projlen=10: 17580 braids
    projlen=11: 24830 braids
    projlen=12: 21340 braids
    projlen=13: 6692 braids
  Braids kept: 89482 (in 9 buckets, 3.74 GB)
  ⚡ Timing: matmul=0.96s, sampling=0.05s, total=1.87s

============================================================
Level 3 - SAMPLING
============================================================
  Starting braids: 20000
  Candidates to generate: 1356325
  Processing in 20 chunks...
  Projlen distribution:
    projlen=7: 186 braids
    projlen=8: 1116 braids
    projlen=9: 8636 braids
    projlen=10: 36774 braids
    projlen=11: 143492 braids
    projlen=12: 241056 braids
    projlen=13: 343316 braids
    projlen=14: 391139 braids
    projlen=15: 178290 braids
    projlen=16: 12320 braids
  Braids kept: 79938 (in 10 buckets, 3.34 GB)
  ⚡ Timing: matmul=3.26s, sampling=1.10s, total=27.41s

============================================================
Level 4 - SAMPLING
============================================================
  Starting braids: 20000
  Candidates to generate: 613698
  Processing in 9 chunks...
  Projlen distribution:
    projlen=9: 467 braids
    projlen=10: 3620 braids
    projlen=11: 29364 braids
    projlen=12: 73213 braids
    projlen=13: 124597 braids
    projlen=14: 158455 braids
    projlen=15: 160604 braids
    projlen=16: 62893 braids
    projlen=17: 485 braids
  Braids kept: 64572 (in 9 buckets, 2.70 GB)
  ⚡ Timing: matmul=1.30s, sampling=0.47s, total=11.93s

============================================================
Level 5 - SAMPLING
============================================================
  Starting braids: 20000
  Candidates to generate: 498749
  Processing in 8 chunks...
  Projlen distribution:
    projlen=11: 953 braids
    projlen=12: 7941 braids
    projlen=13: 39676 braids
    projlen=14: 69634 braids
    projlen=15: 108574 braids
    projlen=16: 129687 braids
    projlen=17: 107913 braids
    projlen=18: 34371 braids
  Braids kept: 68894 (in 8 buckets, 2.88 GB)
  ⚡ Timing: matmul=0.83s, sampling=0.39s, total=10.10s

============================================================
Level 6 - SAMPLING
============================================================
  Starting braids: 20000
  Candidates to generate: 404346
  Processing in 6 chunks...
  Projlen distribution:
    projlen=12: 3 braids
    projlen=13: 1897 braids
    projlen=14: 16456 braids
    projlen=15: 54088 braids
    projlen=16: 67835 braids
    projlen=17: 96683 braids
    projlen=18: 106794 braids
    projlen=19: 54072 braids
    projlen=20: 6518 braids
  Braids kept: 68418 (in 9 buckets, 2.86 GB)
  ⚡ Timing: matmul=0.92s, sampling=0.30s, total=7.98s

============================================================
Level 7 - SAMPLING
============================================================
  Starting braids: 20000
  Candidates to generate: 364039
  Processing in 6 chunks...
  Projlen distribution:
    projlen=14: 18 braids
    projlen=15: 3695 braids
    projlen=16: 22563 braids
    projlen=17: 57900 braids
    projlen=18: 66633 braids
    projlen=19: 90895 braids
    projlen=20: 89033 braids
    projlen=21: 33302 braids
  Braids kept: 63713 (in 8 buckets, 2.66 GB)
  ⚡ Timing: matmul=0.51s, sampling=0.28s, total=7.31s

============================================================
Level 8 - SAMPLING
============================================================
  Starting braids: 20000
  Candidates to generate: 342476
  Processing in 5 chunks...
  Projlen distribution:
    projlen=16: 33 braids
    projlen=17: 7091 braids
    projlen=18: 26066 braids
    projlen=19: 57689 braids
    projlen=20: 64790 braids
    projlen=21: 86256 braids
    projlen=22: 74625 braids
    projlen=23: 25926 braids
  Braids kept: 67124 (in 8 buckets, 2.81 GB)
  ⚡ Timing: matmul=1.08s, sampling=0.25s, total=6.84s

============================================================
Level 9 - SAMPLING
============================================================
  Starting braids: 20000
  Candidates to generate: 309352
  Processing in 5 chunks...
  Projlen distribution:
    projlen=18: 55 braids
    projlen=19: 13545 braids
    projlen=20: 31585 braids
    projlen=21: 58858 braids
    projlen=22: 59993 braids
    projlen=23: 81116 braids
    projlen=24: 52015 braids
    projlen=25: 12185 braids
  Braids kept: 70055 (in 8 buckets, 2.93 GB)
  ⚡ Timing: matmul=0.64s, sampling=0.24s, total=6.25s

============================================================
Level 10 - SAMPLING
============================================================
  Starting braids: 20000
  Candidates to generate: 276925
  Processing in 4 chunks...
  Projlen distribution:
    projlen=20: 85 braids
    projlen=21: 19182 braids
    projlen=22: 35601 braids
    projlen=23: 59301 braids
    projlen=24: 53757 braids
    projlen=25: 74793 braids
    projlen=26: 34206 braids
  Braids kept: 60085 (in 7 buckets, 2.51 GB)
  ⚡ Timing: matmul=0.92s, sampling=0.20s, total=5.55s

============================================================
Level 11 - SAMPLING
============================================================
  Starting braids: 20000
  Candidates to generate: 270262
  Processing in 4 chunks...
  Projlen distribution:
    projlen=22: 131 braids
    projlen=23: 19403 braids
    projlen=24: 34353 braids
    projlen=25: 59502 braids
    projlen=26: 50540 braids
    projlen=27: 71428 braids
    projlen=28: 34905 braids
  Braids kept: 60131 (in 7 buckets, 2.51 GB)
  ⚡ Timing: matmul=0.79s, sampling=0.19s, total=5.27s

============================================================
Level 12 - SAMPLING
============================================================
  Starting braids: 20000
  Candidates to generate: 268964
  Processing in 4 chunks...
  Projlen distribution:
    projlen=23: 10 braids
    projlen=24: 209 braids
    projlen=25: 19710 braids
    projlen=26: 34103 braids
    projlen=27: 60180 braids
    projlen=28: 49399 braids
    projlen=29: 69910 braids
    projlen=30: 35443 braids
  Braids kept: 60219 (in 8 buckets, 2.52 GB)
  ⚡ Timing: matmul=0.73s, sampling=0.19s, total=5.15s

============================================================
Level 13 - SAMPLING
============================================================
  Starting braids: 20000
  Candidates to generate: 273332
  Processing in 4 chunks...
  Projlen distribution:
    projlen=24: 3 braids
    projlen=25: 32 braids
    projlen=26: 381 braids
    projlen=27: 20244 braids
    projlen=28: 34589 braids
    projlen=29: 60933 braids
    projlen=30: 49769 braids
    projlen=31: 70721 braids
    projlen=32: 36660 braids
  Braids kept: 60416 (in 9 buckets, 2.53 GB)
  ⚡ Timing: matmul=0.77s, sampling=0.19s, total=5.22s

============================================================
Level 14 - SAMPLING
============================================================
  Starting braids: 20000
  Candidates to generate: 279836
  Processing in 4 chunks...
  Projlen distribution:
    projlen=26: 9 braids
    projlen=27: 151 braids
    projlen=28: 963 braids
    projlen=29: 21456 braids
    projlen=30: 36679 braids
    projlen=31: 62148 braids
    projlen=32: 52659 braids
    projlen=33: 70783 braids
    projlen=34: 34988 braids
  Braids kept: 61123 (in 9 buckets, 2.56 GB)
  ⚡ Timing: matmul=0.88s, sampling=0.20s, total=5.37s

============================================================
Level 15 - SAMPLING
============================================================
  Starting braids: 20000
  Candidates to generate: 310479
  Processing in 5 chunks...
  Projlen distribution:
    projlen=27: 1 braids
    projlen=28: 38 braids
    projlen=29: 449 braids
    projlen=30: 2992 braids
    projlen=31: 25662 braids
    projlen=32: 42934 braids
    projlen=33: 69850 braids
    projlen=34: 61385 braids
    projlen=35: 73422 braids
    projlen=36: 33746 braids
  Braids kept: 63480 (in 10 buckets, 2.65 GB)
  ⚡ Timing: matmul=0.49s, sampling=0.23s, total=6.00s

============================================================
Level 16 - SAMPLING
============================================================
  Starting braids: 20000
  Candidates to generate: 374724
  Processing in 6 chunks...
  Projlen distribution:
    projlen=29: 3 braids
    projlen=30: 84 braids
    projlen=31: 1102 braids
    projlen=32: 8412 braids
    projlen=33: 35736 braids
    projlen=34: 55422 braids
    projlen=35: 80949 braids
    projlen=36: 82013 braids
    projlen=37: 81107 braids
    projlen=38: 29896 braids
  Braids kept: 69601 (in 10 buckets, 2.91 GB)
  ⚡ Timing: matmul=0.59s, sampling=0.29s, total=7.68s

============================================================
Level 17 - SAMPLING
============================================================
  Starting braids: 20000
  Candidates to generate: 351364
  Processing in 6 chunks...
  Projlen distribution:
    projlen=31: 6 braids
    projlen=32: 179 braids
    projlen=33: 2436 braids
    projlen=34: 21506 braids
    projlen=35: 56829 braids
    projlen=36: 66983 braids
    projlen=37: 80515 braids
    projlen=38: 80091 braids
    projlen=39: 40619 braids
    projlen=40: 2200 braids
  Braids kept: 64821 (in 10 buckets, 2.71 GB)
  ⚡ Timing: matmul=0.53s, sampling=0.28s, total=7.10s

============================================================
Level 18 - SAMPLING
============================================================
  Starting braids: 20000
  Candidates to generate: 337720
  Processing in 5 chunks...
  Projlen distribution:
    projlen=33: 13 braids
    projlen=34: 370 braids
    projlen=35: 4933 braids
    projlen=36: 28977 braids
    projlen=37: 59356 braids
    projlen=38: 68428 braids
    projlen=39: 79180 braids
    projlen=40: 70837 braids
    projlen=41: 25626 braids
  Braids kept: 65316 (in 9 buckets, 2.73 GB)
  ⚡ Timing: matmul=0.85s, sampling=0.25s, total=6.58s

============================================================
Level 19 - SAMPLING
============================================================
  Starting braids: 20000
  Candidates to generate: 330126
  Processing in 5 chunks...
  Projlen distribution:
    projlen=35: 18 braids
    projlen=36: 699 braids
    projlen=37: 9755 braids
    projlen=38: 37437 braids
    projlen=39: 59746 braids
    projlen=40: 69090 braids
    projlen=41: 78249 braids
    projlen=42: 58709 braids
    projlen=43: 16423 braids
  Braids kept: 70472 (in 9 buckets, 2.95 GB)
  ⚡ Timing: matmul=0.76s, sampling=0.24s, total=6.53s

============================================================
Level 20 - SAMPLING
============================================================
  Starting braids: 20000
  Candidates to generate: 300032
  Processing in 5 chunks...
  Projlen distribution:
    projlen=37: 33 braids
    projlen=38: 1264 braids
    projlen=39: 18952 braids
    projlen=40: 54056 braids
    projlen=41: 60302 braids
    projlen=42: 67579 braids
    projlen=43: 71741 braids
    projlen=44: 26105 braids
  Braids kept: 61297 (in 8 buckets, 2.56 GB)
  ⚡ Timing: matmul=0.48s, sampling=0.22s, total=6.00s

============================================================
Level 21 - SAMPLING
============================================================
  Starting braids: 20000
  Candidates to generate: 304791
  Processing in 5 chunks...
  Projlen distribution:
    projlen=39: 52 braids
    projlen=40: 2180 braids
    projlen=41: 21093 braids
    projlen=42: 55514 braids
    projlen=43: 61476 braids
    projlen=44: 70008 braids
    projlen=45: 70605 braids
    projlen=46: 23863 braids
  Braids kept: 62232 (in 8 buckets, 2.60 GB)
  ⚡ Timing: matmul=0.41s, sampling=0.23s, total=6.04s

============================================================
Level 22 - SAMPLING
============================================================
  Starting braids: 20000
  Candidates to generate: 309952
  Processing in 5 chunks...
  Projlen distribution:
    projlen=41: 84 braids
    projlen=42: 3723 braids
    projlen=43: 24086 braids
    projlen=44: 56427 braids
    projlen=45: 62759 braids
    projlen=46: 71879 braids
    projlen=47: 68429 braids
    projlen=48: 22565 braids
  Braids kept: 63807 (in 8 buckets, 2.67 GB)
  ⚡ Timing: matmul=0.60s, sampling=0.23s, total=6.10s

============================================================
Level 23 - SAMPLING
============================================================
  Starting braids: 20000
  Candidates to generate: 309910
  Processing in 5 chunks...
  Projlen distribution:
    projlen=43: 143 braids
    projlen=44: 6303 braids
    projlen=45: 28929 braids
    projlen=46: 57292 braids
    projlen=47: 62915 braids
    projlen=48: 72219 braids
    projlen=49: 63042 braids
    projlen=50: 19067 braids
  Braids kept: 66446 (in 8 buckets, 2.78 GB)
  ⚡ Timing: matmul=0.51s, sampling=0.24s, total=6.02s

============================================================
Level 24 - SAMPLING
============================================================
  Starting braids: 20000
  Candidates to generate: 308536
  Processing in 5 chunks...
  Projlen distribution:
    projlen=45: 271 braids
    projlen=46: 10753 braids
    projlen=47: 37461 braids
    projlen=48: 59284 braids
    projlen=49: 63015 braids
    projlen=50: 73911 braids
    projlen=51: 51893 braids
    projlen=52: 11948 braids
  Braids kept: 70271 (in 8 buckets, 2.94 GB)
  ⚡ Timing: matmul=0.51s, sampling=0.24s, total=5.96s

============================================================
Level 25 - SAMPLING
============================================================
  Starting braids: 20000
  Candidates to generate: 291667
  Processing in 5 chunks...
  Projlen distribution:
    projlen=47: 511 braids
    projlen=48: 17145 braids
    projlen=49: 49483 braids
    projlen=50: 60692 braids
    projlen=51: 63106 braids
    projlen=52: 71533 braids
    projlen=53: 29197 braids
  Braids kept: 60511 (in 7 buckets, 2.53 GB)
  ⚡ Timing: matmul=0.51s, sampling=0.22s, total=5.92s

============================================================
Level 26 - SAMPLING
============================================================
  Starting braids: 20000
  Candidates to generate: 297426
  Processing in 5 chunks...
  Projlen distribution:
    projlen=49: 890 braids
    projlen=50: 17979 braids
    projlen=51: 50310 braids
    projlen=52: 62050 braids
    projlen=53: 66089 braids
    projlen=54: 71784 braids
    projlen=55: 28324 braids
  Braids kept: 60890 (in 7 buckets, 2.55 GB)
  ⚡ Timing: matmul=0.53s, sampling=0.22s, total=5.97s

============================================================
Level 27 - SAMPLING
============================================================
  Starting braids: 20000
  Candidates to generate: 305078
  Processing in 5 chunks...
  Projlen distribution:
    projlen=50: 5 braids
    projlen=51: 1450 braids
    projlen=52: 19061 braids
    projlen=53: 51141 braids
    projlen=54: 63023 braids
    projlen=55: 69317 braids
    projlen=56: 73216 braids
    projlen=57: 27865 braids
  Braids kept: 61455 (in 8 buckets, 2.57 GB)
  ⚡ Timing: matmul=0.53s, sampling=0.23s, total=6.01s

============================================================
Level 28 - SAMPLING
============================================================
  Starting braids: 20000
  Candidates to generate: 304952
  Processing in 5 chunks...
  Projlen distribution:
    projlen=51: 1 braids
    projlen=52: 22 braids
    projlen=53: 2269 braids
    projlen=54: 20820 braids
    projlen=55: 52394 braids
    projlen=56: 64263 braids
    projlen=57: 70860 braids
    projlen=58: 69419 braids
    projlen=59: 24904 braids
  Braids kept: 62292 (in 9 buckets, 2.61 GB)
  ⚡ Timing: matmul=0.56s, sampling=0.23s, total=6.18s

============================================================
Level 29 - SAMPLING
============================================================
  Starting braids: 20000
  Candidates to generate: 314423
  Processing in 5 chunks...
  Projlen distribution:
    projlen=53: 1 braids
    projlen=54: 53 braids
    projlen=55: 3439 braids
    projlen=56: 23355 braids
    projlen=57: 54084 braids
    projlen=58: 65232 braids
    projlen=59: 73230 braids
    projlen=60: 71068 braids
    projlen=61: 23961 braids
  Braids kept: 63493 (in 9 buckets, 2.66 GB)
  ⚡ Timing: matmul=0.66s, sampling=0.24s, total=6.29s

============================================================
Level 30 - SAMPLING
============================================================
  Starting braids: 20000
  Candidates to generate: 316318
  Processing in 5 chunks...
  Projlen distribution:
    projlen=54: 1 braids
    projlen=55: 2 braids
    projlen=56: 96 braids
    projlen=57: 5119 braids
    projlen=58: 27090 braids
    projlen=59: 55603 braids
    projlen=60: 65670 braids
    projlen=61: 73277 braids
    projlen=62: 68245 braids
    projlen=63: 21215 braids
  Braids kept: 65218 (in 10 buckets, 2.73 GB)
  ⚡ Timing: matmul=0.71s, sampling=0.24s, total=6.31s

============================================================
Level 31 - SAMPLING
============================================================
  Starting braids: 20000
  Candidates to generate: 313012
  Processing in 5 chunks...
  Projlen distribution:
    projlen=55: 1 braids
    projlen=56: 3 braids
    projlen=57: 5 braids
    projlen=58: 172 braids
    projlen=59: 7512 braids
    projlen=60: 32522 braids
    projlen=61: 57623 braids
    projlen=62: 66073 braids
    projlen=63: 72276 braids
    projlen=64: 59785 braids
  Braids kept: 67693 (in 11 buckets, 2.83 GB)
  ⚡ Timing: matmul=0.68s, sampling=0.23s, total=6.41s

============================================================
Level 32 - SAMPLING
============================================================
  Starting braids: 20000
  Candidates to generate: 306927
  Processing in 5 chunks...
  Projlen distribution:
    projlen=57: 1 braids
    projlen=58: 7 braids
    projlen=59: 20 braids
    projlen=60: 387 braids
    projlen=61: 11192 braids
    projlen=62: 40791 braids
    projlen=63: 60219 braids
    projlen=64: 66607 braids
    projlen=65: 71050 braids
    projlen=66: 47455 braids
  Braids kept: 69613 (in 11 buckets, 2.91 GB)
  ⚡ Timing: matmul=0.76s, sampling=0.24s, total=6.13s

============================================================
Level 33 - SAMPLING
============================================================
  Starting braids: 20000
  Candidates to generate: 295977
  Processing in 5 chunks...
  Projlen distribution:
    projlen=59: 1 braids
    projlen=60: 12 braids
    projlen=61: 64 braids
    projlen=62: 949 braids
    projlen=63: 15955 braids
    projlen=64: 49450 braids
    projlen=65: 62605 braids
    projlen=66: 67695 braids
    projlen=67: 69763 braids
    projlen=68: 29483 braids
  Braids kept: 61026 (in 10 buckets, 2.55 GB)
  ⚡ Timing: matmul=0.42s, sampling=0.22s, total=5.91s

============================================================
Level 34 - SAMPLING
============================================================
  Starting braids: 20000
  Candidates to generate: 307588
  Processing in 5 chunks...
  Projlen distribution:
    projlen=61: 1 braids
    projlen=62: 42 braids
    projlen=63: 215 braids
    projlen=64: 2498 braids
    projlen=65: 19889 braids
    projlen=66: 52287 braids
    projlen=67: 65406 braids
    projlen=68: 71588 braids
    projlen=69: 68902 braids
    projlen=70: 26760 braids
  Braids kept: 62756 (in 10 buckets, 2.62 GB)
  ⚡ Timing: matmul=0.58s, sampling=0.23s, total=6.01s

============================================================
Level 35 - SAMPLING
============================================================
  Starting braids: 20000
  Candidates to generate: 355351
  Processing in 6 chunks...
  Projlen distribution:
    projlen=62: 9 braids
    projlen=63: 32 braids
    projlen=64: 143 braids
    projlen=65: 834 braids
    projlen=66: 6793 braids
    projlen=67: 30469 braids
    projlen=68: 61795 braids
    projlen=69: 74914 braids
    projlen=70: 85748 braids
    projlen=71: 71135 braids
  Braids kept: 67811 (in 11 buckets, 2.84 GB)
  ⚡ Timing: matmul=0.41s, sampling=0.28s, total=7.05s

============================================================
Level 36 - SAMPLING
============================================================
  Starting braids: 20000
  Candidates to generate: 400173
  Processing in 6 chunks...
  Projlen distribution:
    projlen=62: 3 braids
    projlen=63: 16 braids
    projlen=64: 49 braids
    projlen=65: 174 braids
    projlen=66: 710 braids
    projlen=67: 3524 braids
    projlen=68: 20107 braids
    projlen=69: 55815 braids
    projlen=70: 75849 braids
    projlen=71: 83440 braids
  Braids kept: 74199 (in 13 buckets, 3.10 GB)
  ⚡ Timing: matmul=0.85s, sampling=0.32s, total=7.94s

============================================================
Level 37 - SAMPLING
============================================================
  Starting braids: 20000
  Candidates to generate: 443633
  Processing in 7 chunks...
  Projlen distribution:
    projlen=63: 8 braids
    projlen=64: 17 braids
    projlen=65: 122 braids
    projlen=66: 397 braids
    projlen=67: 1271 braids
    projlen=68: 4117 braids
    projlen=69: 16637 braids
    projlen=70: 48530 braids
    projlen=71: 83720 braids
    projlen=72: 94336 braids
  Braids kept: 75932 (in 13 buckets, 3.18 GB)
  ⚡ Timing: matmul=1.14s, sampling=0.36s, total=9.00s

============================================================
Level 38 - SAMPLING
============================================================
  Starting braids: 20000
  Candidates to generate: 549656
  Processing in 8 chunks...
  Projlen distribution:
    projlen=65: 26 braids
    projlen=66: 125 braids
    projlen=67: 695 braids
    projlen=68: 3140 braids
    projlen=69: 10196 braids
    projlen=70: 28450 braids
    projlen=71: 72474 braids
    projlen=72: 107396 braids
    projlen=73: 119094 braids
    projlen=74: 118786 braids
  Braids kept: 83986 (in 12 buckets, 3.51 GB)
  ⚡ Timing: matmul=1.58s, sampling=0.44s, total=10.97s

============================================================
Level 39 - SAMPLING
============================================================
  Starting braids: 20000
  Candidates to generate: 612962
  Processing in 9 chunks...
  Projlen distribution:
    projlen=66: 1 braids
    projlen=67: 79 braids
    projlen=68: 611 braids
    projlen=69: 3715 braids
    projlen=70: 18721 braids
    projlen=71: 61651 braids
    projlen=72: 108516 braids
    projlen=73: 138667 braids
    projlen=74: 151102 braids
    projlen=75: 101886 braids
  Braids kept: 74406 (in 11 buckets, 3.11 GB)
  ⚡ Timing: matmul=1.47s, sampling=0.49s, total=12.27s

============================================================
Level 40 - SAMPLING
============================================================
  Starting braids: 20000
  Candidates to generate: 493678
  Processing in 8 chunks...
  Projlen distribution:
    projlen=68: 3 braids
    projlen=69: 262 braids
    projlen=70: 2336 braids
    projlen=71: 13993 braids
    projlen=72: 52500 braids
    projlen=73: 88020 braids
    projlen=74: 107417 braids
    projlen=75: 118378 braids
    projlen=76: 87636 braids
    projlen=77: 23133 braids
  Braids kept: 72601 (in 10 buckets, 3.04 GB)
  ⚡ Timing: matmul=0.52s, sampling=0.40s, total=9.61s

============================================================
Level 41 - SAMPLING
============================================================
  Starting braids: 20000
  Candidates to generate: 422672
  Processing in 7 chunks...
  Projlen distribution:
    projlen=70: 19 braids
    projlen=71: 676 braids
    projlen=72: 7090 braids
    projlen=73: 35435 braids
    projlen=74: 76631 braids
    projlen=75: 88732 braids
    projlen=76: 100178 braids
    projlen=77: 84735 braids
    projlen=78: 29176 braids
  Braids kept: 67785 (in 9 buckets, 2.83 GB)
  ⚡ Timing: matmul=0.74s, sampling=0.33s, total=8.63s

============================================================
Level 42 - SAMPLING
============================================================
  Starting braids: 20000
  Candidates to generate: 397917
  Processing in 6 chunks...
  Projlen distribution:
    projlen=71: 1 braids
    projlen=72: 62 braids
    projlen=73: 1608 braids
    projlen=74: 18582 braids
    projlen=75: 53555 braids
    projlen=76: 79661 braids
    projlen=77: 90149 braids
    projlen=78: 92118 braids
    projlen=79: 51926 braids
    projlen=80: 10255 braids
  Braids kept: 71671 (in 10 buckets, 3.00 GB)
  ⚡ Timing: matmul=0.90s, sampling=0.31s, total=7.86s

============================================================
Level 43 - SAMPLING
============================================================
  Starting braids: 20000
  Candidates to generate: 376699
  Processing in 6 chunks...
  Projlen distribution:
    projlen=73: 2 braids
    projlen=74: 142 braids
    projlen=75: 3458 braids
    projlen=76: 27265 braids
    projlen=77: 62591 braids
    projlen=78: 80168 braids
    projlen=79: 91381 braids
    projlen=80: 83326 braids
    projlen=81: 28366 braids
  Braids kept: 63602 (in 9 buckets, 2.66 GB)
  ⚡ Timing: matmul=0.91s, sampling=0.29s, total=7.50s

============================================================
Level 44 - SAMPLING
============================================================
  Starting braids: 20000
  Candidates to generate: 376270
  Processing in 6 chunks...
  Projlen distribution:
    projlen=75: 4 braids
    projlen=76: 243 braids
    projlen=77: 6758 braids
    projlen=78: 32887 braids
    projlen=79: 63837 braids
    projlen=80: 81068 braids
    projlen=81: 90999 braids
    projlen=82: 76392 braids
    projlen=83: 24082 braids
  Braids kept: 67005 (in 9 buckets, 2.80 GB)
  ⚡ Timing: matmul=0.59s, sampling=0.29s, total=7.52s

============================================================
Level 45 - SAMPLING
============================================================
  Starting braids: 20000
  Candidates to generate: 354067
  Processing in 6 chunks...
  Projlen distribution:
    projlen=77: 6 braids
    projlen=78: 424 braids
    projlen=79: 12603 braids
    projlen=80: 43137 braids
    projlen=81: 65466 braids
    projlen=82: 80027 braids
    projlen=83: 86284 braids
    projlen=84: 53498 braids
    projlen=85: 12622 braids
  Braids kept: 70430 (in 9 buckets, 2.95 GB)
  ⚡ Timing: matmul=0.56s, sampling=0.28s, total=7.19s

============================================================
Level 46 - SAMPLING
============================================================
  Starting braids: 20000
  Candidates to generate: 328147
  Processing in 5 chunks...
  Projlen distribution:
    projlen=79: 9 braids
    projlen=80: 712 braids
    projlen=81: 18518 braids
    projlen=82: 52678 braids
    projlen=83: 67143 braids
    projlen=84: 79378 braids
    projlen=85: 80794 braids
    projlen=86: 28915 braids
  Braids kept: 60721 (in 8 buckets, 2.54 GB)
  ⚡ Timing: matmul=0.76s, sampling=0.24s, total=6.41s

============================================================
Level 47 - SAMPLING
============================================================
  Starting braids: 20000
  Candidates to generate: 325245
  Processing in 5 chunks...
  Projlen distribution:
    projlen=81: 17 braids
    projlen=82: 1139 braids
    projlen=83: 19321 braids
    projlen=84: 52595 braids
    projlen=85: 66865 braids
    projlen=86: 78797 braids
    projlen=87: 78593 braids
    projlen=88: 27918 braids
  Braids kept: 61156 (in 8 buckets, 2.56 GB)
  ⚡ Timing: matmul=0.72s, sampling=0.24s, total=6.30s

============================================================
Level 48 - SAMPLING
============================================================
  Starting braids: 20000
  Candidates to generate: 322471
  Processing in 5 chunks...
  Projlen distribution:
    projlen=83: 35 braids
    projlen=84: 1822 braids
    projlen=85: 20901 braids
    projlen=86: 52880 braids
    projlen=87: 66357 braids
    projlen=88: 76900 braids
    projlen=89: 76435 braids
    projlen=90: 27141 braids
  Braids kept: 61857 (in 8 buckets, 2.59 GB)
  ⚡ Timing: matmul=0.70s, sampling=0.24s, total=6.30s

============================================================
Level 49 - SAMPLING
============================================================
  Starting braids: 20000
  Candidates to generate: 327432
  Processing in 5 chunks...
  Projlen distribution:
    projlen=85: 71 braids
    projlen=86: 3034 braids
    projlen=87: 23574 braids
    projlen=88: 54725 braids
    projlen=89: 67659 braids
    projlen=90: 78501 braids
    projlen=91: 74348 braids
    projlen=92: 25520 braids
  Braids kept: 63105 (in 8 buckets, 2.64 GB)
  ⚡ Timing: matmul=0.68s, sampling=0.24s, total=6.38s

============================================================
Level 50 - SAMPLING
============================================================
  Starting braids: 20000
  Candidates to generate: 333863
  Processing in 5 chunks...
  Projlen distribution:
    projlen=87: 165 braids
    projlen=88: 5180 braids
    projlen=89: 28383 braids
    projlen=90: 57317 braids
    projlen=91: 68604 braids
    projlen=92: 79844 braids
    projlen=93: 70968 braids
    projlen=94: 23402 braids
  Braids kept: 65345 (in 8 buckets, 2.73 GB)
  ⚡ Timing: matmul=0.87s, sampling=0.25s, total=6.54s

============================================================
Level 51 - SAMPLING
============================================================
  Starting braids: 20000
  Candidates to generate: 335454
  Processing in 5 chunks...
  Projlen distribution:
    projlen=88: 2 braids
    projlen=89: 359 braids
    projlen=90: 9164 braids
    projlen=91: 36653 braids
    projlen=92: 61079 braids
    projlen=93: 69947 braids
    projlen=94: 80193 braids
    projlen=95: 60618 braids
    projlen=96: 17439 braids
  Braids kept: 69525 (in 9 buckets, 2.91 GB)
  ⚡ Timing: matmul=0.77s, sampling=0.25s, total=6.53s

============================================================
Level 52 - SAMPLING
============================================================
  Starting braids: 20000
  Candidates to generate: 315418
  Processing in 5 chunks...
  Projlen distribution:
    projlen=90: 3 braids
    projlen=91: 757 braids
    projlen=92: 16613 braids
    projlen=93: 51226 braids
    projlen=94: 65375 braids
    projlen=95: 69473 braids
    projlen=96: 75636 braids
    projlen=97: 34298 braids
    projlen=98: 2037 braids
  Braids kept: 62797 (in 9 buckets, 2.63 GB)
  ⚡ Timing: matmul=0.79s, sampling=0.24s, total=6.41s

============================================================
Level 53 - SAMPLING
============================================================
  Starting braids: 20000
  Candidates to generate: 317760
  Processing in 5 chunks...
  Projlen distribution:
    projlen=91: 1 braids
    projlen=92: 11 braids
    projlen=93: 1390 braids
    projlen=94: 19501 braids
    projlen=95: 54033 braids
    projlen=96: 66997 braids
    projlen=97: 71211 braids
    projlen=98: 75742 braids
    projlen=99: 28874 braids
  Braids kept: 61402 (in 9 buckets, 2.57 GB)
  ⚡ Timing: matmul=0.72s, sampling=0.27s, total=6.36s

============================================================
Level 54 - SAMPLING
============================================================
  Starting braids: 20000
  Candidates to generate: 327716
  Processing in 5 chunks...
  Projlen distribution:
    projlen=93: 2 braids
    projlen=94: 41 braids
    projlen=95: 2353 braids
    projlen=96: 21847 braids
    projlen=97: 55226 braids
    projlen=98: 68653 braids
    projlen=99: 74571 braids
    projlen=100: 76754 braids
    projlen=101: 28269 braids
  Braids kept: 62396 (in 9 buckets, 2.61 GB)
  ⚡ Timing: matmul=0.74s, sampling=0.24s, total=6.44s

============================================================
Level 55 - SAMPLING
============================================================
  Starting braids: 20000
  Candidates to generate: 336455
  Processing in 5 chunks...
  Projlen distribution:
    projlen=95: 2 braids
    projlen=96: 104 braids
    projlen=97: 3794 braids
    projlen=98: 24882 braids
    projlen=99: 56282 braids
    projlen=100: 68910 braids
    projlen=101: 78514 braids
    projlen=102: 77576 braids
    projlen=103: 26391 braids
  Braids kept: 63900 (in 9 buckets, 2.67 GB)
  ⚡ Timing: matmul=0.84s, sampling=0.25s, total=6.58s

============================================================
Level 56 - SAMPLING
============================================================
  Starting braids: 20000
  Candidates to generate: 328851
  Processing in 5 chunks...
  Projlen distribution:
    projlen=97: 5 braids
    projlen=98: 214 braids
    projlen=99: 6010 braids
    projlen=100: 29070 braids
    projlen=101: 57179 braids
    projlen=102: 68004 braids
    projlen=103: 77582 braids
    projlen=104: 68904 braids
    projlen=105: 21883 braids
  Braids kept: 66229 (in 9 buckets, 2.77 GB)
  ⚡ Timing: matmul=0.83s, sampling=0.25s, total=6.53s

============================================================
Level 57 - SAMPLING
============================================================
  Starting braids: 20000
  Candidates to generate: 327455
  Processing in 5 chunks...
  Projlen distribution:
    projlen=99: 7 braids
    projlen=100: 384 braids
    projlen=101: 9315 braids
    projlen=102: 35850 braids
    projlen=103: 59447 braids
    projlen=104: 68562 braids
    projlen=105: 78980 braids
    projlen=106: 59300 braids
    projlen=107: 15610 braids
  Braids kept: 69706 (in 9 buckets, 2.92 GB)
  ⚡ Timing: matmul=0.77s, sampling=0.24s, total=6.42s

============================================================
Level 58 - SAMPLING
============================================================
  Starting braids: 20000
  Candidates to generate: 293826
  Processing in 5 chunks...
  Projlen distribution:
    projlen=101: 9 braids
    projlen=102: 599 braids
    projlen=103: 14153 braids
    projlen=104: 45903 braids
    projlen=105: 60187 braids
    projlen=106: 64421 braids
    projlen=107: 73901 braids
    projlen=108: 33381 braids
    projlen=109: 1272 braids
  Braids kept: 61880 (in 9 buckets, 2.59 GB)
  ⚡ Timing: matmul=0.51s, sampling=0.23s, total=5.96s

============================================================
Level 59 - SAMPLING
============================================================
  Starting braids: 20000
  Candidates to generate: 287266
  Processing in 5 chunks...
  Projlen distribution:
    projlen=103: 11 braids
    projlen=104: 875 braids
    projlen=105: 15527 braids
    projlen=106: 47177 braids
    projlen=107: 60110 braids
    projlen=108: 63985 braids
    projlen=109: 71647 braids
    projlen=110: 27934 braids
  Braids kept: 60886 (in 8 buckets, 2.55 GB)
  ⚡ Timing: matmul=0.31s, sampling=0.22s, total=5.81s

============================================================
Level 60 - SAMPLING
============================================================
  Starting braids: 20000
  Candidates to generate: 286290
  Processing in 5 chunks...
  Projlen distribution:
    projlen=105: 12 braids
    projlen=106: 1206 braids
    projlen=107: 16268 braids
    projlen=108: 47505 braids
    projlen=109: 59934 braids
    projlen=110: 64850 braids
    projlen=111: 70677 braids
    projlen=112: 25838 braids
  Braids kept: 61218 (in 8 buckets, 2.56 GB)
  ⚡ Timing: matmul=0.27s, sampling=0.22s, total=5.76s

============================================================
Level 61 - SAMPLING
============================================================
  Starting braids: 20000
  Candidates to generate: 287308
  Processing in 5 chunks...
  Projlen distribution:
    projlen=107: 12 braids
    projlen=108: 1607 braids
    projlen=109: 17243 braids
    projlen=110: 47819 braids
    projlen=111: 60911 braids
    projlen=112: 65509 braids
    projlen=113: 69578 braids
    projlen=114: 24629 braids
  Braids kept: 61619 (in 8 buckets, 2.58 GB)
  ⚡ Timing: matmul=0.27s, sampling=0.22s, total=6.00s

============================================================
Level 62 - SAMPLING
============================================================
  Starting braids: 20000
  Candidates to generate: 285395
  Processing in 5 chunks...
  Projlen distribution:
    projlen=109: 14 braids
    projlen=110: 2109 braids
    projlen=111: 18348 braids
    projlen=112: 48027 braids
    projlen=113: 61014 braids
    projlen=114: 65387 braids
    projlen=115: 67135 braids
    projlen=116: 23361 braids
  Braids kept: 62123 (in 8 buckets, 2.60 GB)
  ⚡ Timing: matmul=0.33s, sampling=0.22s, total=5.59s

============================================================
Level 63 - SAMPLING
============================================================
  Starting braids: 20000
  Candidates to generate: 284827
  Processing in 5 chunks...
  Projlen distribution:
    projlen=111: 17 braids
    projlen=112: 2766 braids
    projlen=113: 19989 braids
    projlen=114: 48128 braids
    projlen=115: 60819 braids
    projlen=116: 66134 braids
    projlen=117: 65029 braids
    projlen=118: 21945 braids
  Braids kept: 62783 (in 8 buckets, 2.63 GB)
  ⚡ Timing: matmul=0.24s, sampling=0.22s, total=5.48s

============================================================
Level 64 - SAMPLING
============================================================
  Starting braids: 20000
  Candidates to generate: 286356
  Processing in 5 chunks...
  Projlen distribution:
    projlen=113: 28 braids
    projlen=114: 3738 braids
    projlen=115: 22101 braids
    projlen=116: 48743 braids
    projlen=117: 61072 braids
    projlen=118: 67171 braids
    projlen=119: 63218 braids
    projlen=120: 20285 braids
  Braids kept: 63766 (in 8 buckets, 2.67 GB)
  ⚡ Timing: matmul=0.47s, sampling=0.22s, total=5.88s

============================================================
Level 65 - SAMPLING
============================================================
  Starting braids: 20000
  Candidates to generate: 294564
  Processing in 5 chunks...
  Projlen distribution:
    projlen=115: 44 braids
    projlen=116: 5423 braids
    projlen=117: 25314 braids
    projlen=118: 50335 braids
    projlen=119: 63262 braids
    projlen=120: 68656 braids
    projlen=121: 62148 braids
    projlen=122: 19382 braids
  Braids kept: 65467 (in 8 buckets, 2.74 GB)
  ⚡ Timing: matmul=0.41s, sampling=0.23s, total=5.82s

============================================================
Level 66 - SAMPLING
============================================================
  Starting braids: 20000
  Candidates to generate: 297453
  Processing in 5 chunks...
  Projlen distribution:
    projlen=117: 69 braids
    projlen=118: 8471 braids
    projlen=119: 31198 braids
    projlen=120: 52954 braids
    projlen=121: 65889 braids
    projlen=122: 70403 braids
    projlen=123: 54677 braids
    projlen=124: 13792 braids
  Braids kept: 68540 (in 8 buckets, 2.87 GB)
  ⚡ Timing: matmul=0.50s, sampling=0.22s, total=6.11s

============================================================
Level 67 - SAMPLING
============================================================
  Starting braids: 20000
  Candidates to generate: 304061
  Processing in 5 chunks...
  Projlen distribution:
    projlen=118: 1 braids
    projlen=119: 116 braids
    projlen=120: 14233 braids
    projlen=121: 42036 braids
    projlen=122: 58079 braids
    projlen=123: 71908 braids
    projlen=124: 71879 braids
    projlen=125: 40302 braids
    projlen=126: 5507 braids
  Braids kept: 65624 (in 9 buckets, 2.74 GB)
  ⚡ Timing: matmul=0.57s, sampling=0.24s, total=6.10s

============================================================
Level 68 - SAMPLING
============================================================
  Starting braids: 20000
  Candidates to generate: 312973
  Processing in 5 chunks...
  Projlen distribution:
    projlen=120: 4 braids
    projlen=121: 185 braids
    projlen=122: 17952 braids
    projlen=123: 49001 braids
    projlen=124: 63038 braids
    projlen=125: 78058 braids
    projlen=126: 74105 braids
    projlen=127: 30630 braids
  Braids kept: 60189 (in 8 buckets, 2.52 GB)
  ⚡ Timing: matmul=0.64s, sampling=0.23s, total=6.50s

============================================================
Level 69 - SAMPLING
============================================================
  Starting braids: 20000
  Candidates to generate: 327435
  Processing in 5 chunks...
  Projlen distribution:
    projlen=122: 6 braids
    projlen=123: 283 braids
    projlen=124: 18744 braids
    projlen=125: 50493 braids
    projlen=126: 66741 braids
    projlen=127: 82237 braids
    projlen=128: 76928 braids
    projlen=129: 32003 braids
  Braids kept: 60289 (in 8 buckets, 2.52 GB)
  ⚡ Timing: matmul=0.66s, sampling=0.24s, total=6.52s

============================================================
Level 70 - SAMPLING
============================================================
  Starting braids: 20000
  Candidates to generate: 332720
  Processing in 5 chunks...
  Projlen distribution:
    projlen=124: 9 braids
    projlen=125: 395 braids
    projlen=126: 18908 braids
    projlen=127: 51476 braids
    projlen=128: 68792 braids
    projlen=129: 83171 braids
    projlen=130: 77493 braids
    projlen=131: 32476 braids
  Braids kept: 60404 (in 8 buckets, 2.53 GB)
  ⚡ Timing: matmul=0.92s, sampling=0.24s, total=6.79s

============================================================
Level 71 - SAMPLING
============================================================
  Starting braids: 20000
  Candidates to generate: 335668
  Processing in 5 chunks...
  Projlen distribution:
    projlen=126: 14 braids
    projlen=127: 566 braids
    projlen=128: 19088 braids
    projlen=129: 52125 braids
    projlen=130: 70242 braids
    projlen=131: 84236 braids
    projlen=132: 77554 braids
    projlen=133: 31843 braids
  Braids kept: 60580 (in 8 buckets, 2.53 GB)
  ⚡ Timing: matmul=0.78s, sampling=0.24s, total=6.64s

============================================================
Level 72 - SAMPLING
============================================================
  Starting braids: 20000
  Candidates to generate: 331232
  Processing in 5 chunks...
  Projlen distribution:
    projlen=127: 1 braids
    projlen=128: 25 braids
    projlen=129: 864 braids
    projlen=130: 19459 braids
    projlen=131: 52118 braids
    projlen=132: 70939 braids
    projlen=133: 81891 braids
    projlen=134: 74719 braids
    projlen=135: 31216 braids
  Braids kept: 60890 (in 9 buckets, 2.55 GB)
  ⚡ Timing: matmul=0.85s, sampling=0.24s, total=6.56s

============================================================
Level 73 - SAMPLING
============================================================
  Starting braids: 20000
  Candidates to generate: 329593
  Processing in 5 chunks...
  Projlen distribution:
    projlen=129: 4 braids
    projlen=130: 54 braids
    projlen=131: 1384 braids
    projlen=132: 20424 braids
    projlen=133: 52548 braids
    projlen=134: 71299 braids
    projlen=135: 80831 braids
    projlen=136: 73020 braids
    projlen=137: 30029 braids
  Braids kept: 61442 (in 9 buckets, 2.57 GB)
  ⚡ Timing: matmul=0.69s, sampling=0.24s, total=6.53s

============================================================
Level 74 - SAMPLING
============================================================
  Starting braids: 20000
  Candidates to generate: 329391
  Processing in 5 chunks...
  Projlen distribution:
    projlen=131: 9 braids
    projlen=132: 153 braids
    projlen=133: 2333 braids
    projlen=134: 22607 braids
    projlen=135: 54161 braids
    projlen=136: 72298 braids
    projlen=137: 81168 braids
    projlen=138: 69556 braids
    projlen=139: 27106 braids
  Braids kept: 62495 (in 9 buckets, 2.61 GB)
  ⚡ Timing: matmul=0.80s, sampling=0.24s, total=6.44s

============================================================
Level 75 - SAMPLING
============================================================
  Starting braids: 20000
  Candidates to generate: 341033
  Processing in 5 chunks...
  Projlen distribution:
    projlen=133: 27 braids
    projlen=134: 431 braids
    projlen=135: 4323 braids
    projlen=136: 27368 braids
    projlen=137: 57701 braids
    projlen=138: 75124 braids
    projlen=139: 82505 braids
    projlen=140: 68125 braids
    projlen=141: 25429 braids
  Braids kept: 64781 (in 9 buckets, 2.71 GB)
  ⚡ Timing: matmul=0.98s, sampling=0.25s, total=6.65s

============================================================
Level 76 - SAMPLING
============================================================
  Starting braids: 20000
  Candidates to generate: 363860
  Processing in 6 chunks...
  Projlen distribution:
    projlen=134: 2 braids
    projlen=135: 82 braids
    projlen=136: 1119 braids
    projlen=137: 9214 braids
    projlen=138: 37586 braids
    projlen=139: 64403 braids
    projlen=140: 80303 braids
    projlen=141: 86659 braids
    projlen=142: 64099 braids
    projlen=143: 20393 braids
  Braids kept: 70417 (in 10 buckets, 2.94 GB)
  ⚡ Timing: matmul=0.38s, sampling=0.29s, total=7.27s

============================================================
Level 77 - SAMPLING
============================================================
  Starting braids: 20000
  Candidates to generate: 345417
  Processing in 5 chunks...
  Projlen distribution:
    projlen=135: 1 braids
    projlen=136: 6 braids
    projlen=137: 238 braids
    projlen=138: 2890 braids
    projlen=139: 21674 braids
    projlen=140: 60036 braids
    projlen=141: 71285 braids
    projlen=142: 82758 braids
    projlen=143: 78946 braids
    projlen=144: 27583 braids
  Braids kept: 63135 (in 10 buckets, 2.64 GB)
  ⚡ Timing: matmul=0.96s, sampling=0.25s, total=6.78s

============================================================
Level 78 - SAMPLING
============================================================
  Starting braids: 20000
  Candidates to generate: 357914
  Processing in 6 chunks...
  Projlen distribution:
    projlen=137: 1 braids
    projlen=138: 32 braids
    projlen=139: 627 braids
    projlen=140: 6909 braids
    projlen=141: 31398 braids
    projlen=142: 65356 braids
    projlen=143: 74430 braids
    projlen=144: 83971 braids
    projlen=145: 72145 braids
    projlen=146: 23045 braids
  Braids kept: 67569 (in 10 buckets, 2.83 GB)
  ⚡ Timing: matmul=0.55s, sampling=0.28s, total=7.35s

============================================================
Level 79 - SAMPLING
============================================================
  Starting braids: 20000
  Candidates to generate: 364657
  Processing in 6 chunks...
  Projlen distribution:
    projlen=139: 8 braids
    projlen=140: 119 braids
    projlen=141: 1693 braids
    projlen=142: 16630 braids
    projlen=143: 50242 braids
    projlen=144: 72035 braids
    projlen=145: 80191 braids
    projlen=146: 84549 braids
    projlen=147: 49337 braids
    projlen=148: 9853 braids
  Braids kept: 71673 (in 10 buckets, 3.00 GB)
  ⚡ Timing: matmul=0.55s, sampling=0.29s, total=7.40s

============================================================
Level 80 - SAMPLING
============================================================
  Starting braids: 20000
  Candidates to generate: 373478
  Processing in 6 chunks...
  Projlen distribution:
    projlen=140: 1 braids
    projlen=141: 28 braids
    projlen=142: 410 braids
    projlen=143: 4715 braids
    projlen=144: 28797 braids
    projlen=145: 66621 braids
    projlen=146: 79789 braids
    projlen=147: 88615 braids
    projlen=148: 78241 braids
    projlen=149: 26261 braids
  Braids kept: 65154 (in 10 buckets, 2.72 GB)
  ⚡ Timing: matmul=0.66s, sampling=0.29s, total=7.41s

============================================================
Level 81 - SAMPLING
============================================================
  Starting braids: 20000
  Candidates to generate: 405304
  Processing in 6 chunks...
  Projlen distribution:
    projlen=142: 1 braids
    projlen=143: 118 braids
    projlen=144: 1259 braids
    projlen=145: 12895 braids
    projlen=146: 43705 braids
    projlen=147: 77281 braids
    projlen=148: 89083 braids
    projlen=149: 94713 braids
    projlen=150: 66995 braids
    projlen=151: 19254 braids
  Braids kept: 71378 (in 10 buckets, 2.99 GB)
  ⚡ Timing: matmul=0.81s, sampling=0.31s, total=8.02s

============================================================
Level 82 - SAMPLING
============================================================
  Starting braids: 20000
  Candidates to generate: 400927
  Processing in 6 chunks...
  Projlen distribution:
    projlen=143: 1 braids
    projlen=144: 11 braids
    projlen=145: 316 braids
    projlen=146: 3492 braids
    projlen=147: 28014 braids
    projlen=148: 66818 braids
    projlen=149: 86715 braids
    projlen=150: 93526 braids
    projlen=151: 91478 braids
    projlen=152: 30556 braids
  Braids kept: 63820 (in 10 buckets, 2.67 GB)
  ⚡ Timing: matmul=0.96s, sampling=0.30s, total=7.84s

============================================================
Level 83 - SAMPLING
============================================================
  Starting braids: 20000
  Candidates to generate: 402780
  Processing in 6 chunks...
  Projlen distribution:
    projlen=145: 6 braids
    projlen=146: 44 braids
    projlen=147: 781 braids
    projlen=148: 8361 braids
    projlen=149: 37565 braids
    projlen=150: 69901 braids
    projlen=151: 88053 braids
    projlen=152: 91640 braids
    projlen=153: 82092 braids
    projlen=154: 24337 braids
  Braids kept: 69192 (in 10 buckets, 2.89 GB)
  ⚡ Timing: matmul=1.03s, sampling=0.30s, total=8.23s

============================================================
Level 84 - SAMPLING
============================================================
  Starting braids: 20000
  Candidates to generate: 358693
  Processing in 6 chunks...
  Projlen distribution:
    projlen=147: 15 braids
    projlen=148: 126 braids
    projlen=149: 1942 braids
    projlen=150: 19597 braids
    projlen=151: 58634 braids
    projlen=152: 73578 braids
    projlen=153: 85135 braids
    projlen=154: 77841 braids
    projlen=155: 38191 braids
    projlen=156: 3634 braids
  Braids kept: 65717 (in 10 buckets, 2.75 GB)
  ⚡ Timing: matmul=0.50s, sampling=0.28s, total=7.17s

============================================================
Level 85 - SAMPLING
============================================================
  Starting braids: 20000
  Candidates to generate: 360304
  Processing in 6 chunks...
  Projlen distribution:
    projlen=149: 24 braids
    projlen=150: 314 braids
    projlen=151: 4591 braids
    projlen=152: 28274 braids
    projlen=153: 67398 braids
    projlen=154: 75770 braids
    projlen=155: 87425 braids
    projlen=156: 71654 braids
    projlen=157: 24854 braids
  Braids kept: 64929 (in 9 buckets, 2.72 GB)
  ⚡ Timing: matmul=0.61s, sampling=0.28s, total=7.37s

============================================================
Level 86 - SAMPLING
============================================================
  Starting braids: 20000
  Candidates to generate: 382388
  Processing in 6 chunks...
  Projlen distribution:
    projlen=151: 31 braids
    projlen=152: 744 braids
    projlen=153: 10756 braids
    projlen=154: 40221 braids
    projlen=155: 74512 braids
    projlen=156: 81078 braids
    projlen=157: 93422 braids
    projlen=158: 64043 braids
    projlen=159: 17581 braids
  Braids kept: 70775 (in 9 buckets, 2.96 GB)
  ⚡ Timing: matmul=0.65s, sampling=0.30s, total=7.47s

============================================================
Level 87 - SAMPLING
============================================================
  Starting braids: 20000
  Candidates to generate: 371502
  Processing in 6 chunks...
  Projlen distribution:
    projlen=153: 62 braids
    projlen=154: 1762 braids
    projlen=155: 23913 braids
    projlen=156: 61473 braids
    projlen=157: 81896 braids
    projlen=158: 84712 braids
    projlen=159: 86664 braids
    projlen=160: 31020 braids
  Braids kept: 61824 (in 8 buckets, 2.59 GB)
  ⚡ Timing: matmul=0.51s, sampling=0.29s, total=7.31s

============================================================
Level 88 - SAMPLING
============================================================
  Starting braids: 20000
  Candidates to generate: 387953
  Processing in 6 chunks...
  Projlen distribution:
    projlen=154: 11 braids
    projlen=155: 211 braids
    projlen=156: 4030 braids
    projlen=157: 28841 braids
    projlen=158: 64883 braids
    projlen=159: 85747 braids
    projlen=160: 88732 braids
    projlen=161: 86563 braids
    projlen=162: 28935 braids
  Braids kept: 64252 (in 9 buckets, 2.69 GB)
  ⚡ Timing: matmul=0.80s, sampling=0.30s, total=7.60s

============================================================
Level 89 - SAMPLING
============================================================
  Starting braids: 20000
  Candidates to generate: 415798
  Processing in 6 chunks...
  Projlen distribution:
    projlen=156: 35 braids
    projlen=157: 683 braids
    projlen=158: 9517 braids
    projlen=159: 40583 braids
    projlen=160: 71799 braids
    projlen=161: 93137 braids
    projlen=162: 96088 braids
    projlen=163: 80007 braids
    projlen=164: 23949 braids
  Braids kept: 70235 (in 9 buckets, 2.94 GB)
  ⚡ Timing: matmul=1.04s, sampling=0.31s, total=8.01s

============================================================
Level 90 - SAMPLING
============================================================
  Starting braids: 20000
  Candidates to generate: 398746
  Processing in 6 chunks...
  Projlen distribution:
    projlen=158: 70 braids
    projlen=159: 1746 braids
    projlen=160: 22384 braids
    projlen=161: 64606 braids
    projlen=162: 79509 braids
    projlen=163: 103103 braids
    projlen=164: 92917 braids
    projlen=165: 34411 braids
  Braids kept: 61816 (in 8 buckets, 2.59 GB)
  ⚡ Timing: matmul=0.97s, sampling=0.30s, total=7.78s

============================================================
Level 91 - SAMPLING
============================================================
  Starting braids: 20000
  Candidates to generate: 383581
  Processing in 6 chunks...
  Projlen distribution:
    projlen=160: 131 braids
    projlen=161: 3567 braids
    projlen=162: 26464 braids
    projlen=163: 67296 braids
    projlen=164: 76080 braids
    projlen=165: 97454 braids
    projlen=166: 83591 braids
    projlen=167: 28998 braids
  Braids kept: 63698 (in 8 buckets, 2.66 GB)
  ⚡ Timing: matmul=0.61s, sampling=0.29s, total=7.44s

============================================================
Level 92 - SAMPLING
============================================================
  Starting braids: 20000
  Candidates to generate: 390163
  Processing in 6 chunks...
  Projlen distribution:
    projlen=162: 232 braids
    projlen=163: 6640 braids
    projlen=164: 32250 braids
    projlen=165: 72229 braids
    projlen=166: 77961 braids
    projlen=167: 100142 braids
    projlen=168: 76476 braids
    projlen=169: 24233 braids
  Braids kept: 66872 (in 8 buckets, 2.80 GB)
  ⚡ Timing: matmul=0.67s, sampling=0.30s, total=7.52s

============================================================
Level 93 - SAMPLING
============================================================
  Starting braids: 20000
  Candidates to generate: 374457
  Processing in 6 chunks...
  Projlen distribution:
    projlen=163: 4 braids
    projlen=164: 395 braids
    projlen=165: 11856 braids
    projlen=166: 41406 braids
    projlen=167: 78303 braids
    projlen=168: 76210 braids
    projlen=169: 96246 braids
    projlen=170: 57279 braids
    projlen=171: 12758 braids
  Braids kept: 70399 (in 9 buckets, 2.94 GB)
  ⚡ Timing: matmul=0.74s, sampling=0.29s, total=7.51s

============================================================
Level 94 - SAMPLING
============================================================
  Starting braids: 20000
  Candidates to generate: 339483
  Processing in 5 chunks...
  Projlen distribution:
    projlen=165: 6 braids
    projlen=166: 628 braids
    projlen=167: 17575 braids
    projlen=168: 50612 braids
    projlen=169: 81194 braids
    projlen=170: 71760 braids
    projlen=171: 86147 braids
    projlen=172: 31561 braids
  Braids kept: 60634 (in 8 buckets, 2.54 GB)
  ⚡ Timing: matmul=0.96s, sampling=0.25s, total=6.76s

============================================================
Level 95 - SAMPLING
============================================================
  Starting braids: 20000
  Candidates to generate: 342924
  Processing in 5 chunks...
  Projlen distribution:
    projlen=167: 12 braids
    projlen=168: 1002 braids
    projlen=169: 18547 braids
    projlen=170: 50828 braids
    projlen=171: 82134 braids
    projlen=172: 73401 braids
    projlen=173: 86478 braids
    projlen=174: 30522 braids
  Braids kept: 61014 (in 8 buckets, 2.55 GB)
  ⚡ Timing: matmul=0.88s, sampling=0.25s, total=6.66s

============================================================
Level 96 - SAMPLING
============================================================
  Starting braids: 20000
  Candidates to generate: 346816
  Processing in 5 chunks...
  Projlen distribution:
    projlen=169: 22 braids
    projlen=170: 1611 braids
    projlen=171: 20138 braids
    projlen=172: 51720 braids
    projlen=173: 82413 braids
    projlen=174: 75035 braids
    projlen=175: 86342 braids
    projlen=176: 29535 braids
  Braids kept: 61633 (in 8 buckets, 2.58 GB)
  ⚡ Timing: matmul=0.94s, sampling=0.25s, total=6.61s

============================================================
Level 97 - SAMPLING
============================================================
  Starting braids: 20000
  Candidates to generate: 355693
  Processing in 6 chunks...
  Projlen distribution:
    projlen=170: 6 braids
    projlen=171: 58 braids
    projlen=172: 2530 braids
    projlen=173: 22744 braids
    projlen=174: 53694 braids
    projlen=175: 83867 braids
    projlen=176: 79044 braids
    projlen=177: 85702 braids
    projlen=178: 28048 braids
  Braids kept: 62594 (in 9 buckets, 2.62 GB)
  ⚡ Timing: matmul=0.42s, sampling=0.28s, total=7.13s

============================================================
Level 98 - SAMPLING
============================================================
  Starting braids: 20000
  Candidates to generate: 361869
  Processing in 6 chunks...
  Projlen distribution:
    projlen=171: 12 braids
    projlen=172: 26 braids
    projlen=173: 205 braids
    projlen=174: 4190 braids
    projlen=175: 27105 braids
    projlen=176: 56241 braids
    projlen=177: 84523 braids
    projlen=178: 81741 braids
    projlen=179: 81757 braids
    projlen=180: 26069 braids
  Braids kept: 64433 (in 10 buckets, 2.69 GB)
  ⚡ Timing: matmul=0.54s, sampling=0.28s, total=7.21s

============================================================
Level 99 - SAMPLING
============================================================
  Starting braids: 20000
  Candidates to generate: 377490
  Processing in 6 chunks...
  Projlen distribution:
    projlen=172: 7 braids
    projlen=173: 50 braids
    projlen=174: 201 braids
    projlen=175: 1006 braids
    projlen=176: 8408 braids
    projlen=177: 36079 braids
    projlen=178: 63023 braids
    projlen=179: 88563 braids
    projlen=180: 85905 braids
    projlen=181: 72976 braids
  Braids kept: 69672 (in 11 buckets, 2.91 GB)
  ⚡ Timing: matmul=0.57s, sampling=0.29s, total=7.55s

============================================================
Level 100 - SAMPLING
============================================================
  Starting braids: 20000
  Candidates to generate: 411288
  Processing in 6 chunks...
  Projlen distribution:
    projlen=174: 23 braids
    projlen=175: 196 braids
    projlen=176: 1311 braids
    projlen=177: 5557 braids
    projlen=178: 25762 braids
    projlen=179: 66833 braids
    projlen=180: 84713 braids
    projlen=181: 103694 braids
    projlen=182: 86500 braids
    projlen=183: 35055 braids
  Braids kept: 68731 (in 11 buckets, 2.87 GB)
  ⚡ Timing: matmul=0.96s, sampling=0.32s, total=7.98s

============================================================
Level 101 - SAMPLING
============================================================
  Starting braids: 20000
  Candidates to generate: 521534
  Processing in 8 chunks...
  Projlen distribution:
    projlen=175: 2 braids
    projlen=176: 86 braids
    projlen=177: 847 braids
    projlen=178: 5992 braids
    projlen=179: 26593 braids
    projlen=180: 67077 braids
    projlen=181: 105939 braids
    projlen=182: 115552 braids
    projlen=183: 122512 braids
    projlen=184: 64957 braids
  Braids kept: 76927 (in 11 buckets, 3.22 GB)
  ⚡ Timing: matmul=0.96s, sampling=0.41s, total=10.17s

============================================================
Level 102 - SAMPLING
============================================================
  Starting braids: 20000
  Candidates to generate: 475482
  Processing in 7 chunks...
  Projlen distribution:
    projlen=177: 10 braids
    projlen=178: 209 braids
    projlen=179: 2603 braids
    projlen=180: 19330 braids
    projlen=181: 59083 braids
    projlen=182: 87937 braids
    projlen=183: 110794 braids
    projlen=184: 110060 braids
    projlen=185: 70369 braids
    projlen=186: 15087 braids
  Braids kept: 72822 (in 10 buckets, 3.05 GB)
  ⚡ Timing: matmul=1.00s, sampling=0.37s, total=9.23s

============================================================
Level 103 - SAMPLING
============================================================
  Starting braids: 20000
  Candidates to generate: 392445
  Processing in 6 chunks...
  Projlen distribution:
    projlen=179: 24 braids
    projlen=180: 465 braids
    projlen=181: 6341 braids
    projlen=182: 33202 braids
    projlen=183: 71681 braids
    projlen=184: 82222 braids
    projlen=185: 95914 braids
    projlen=186: 77216 braids
    projlen=187: 25380 braids
  Braids kept: 66830 (in 9 buckets, 2.79 GB)
  ⚡ Timing: matmul=0.66s, sampling=0.30s, total=7.69s

============================================================
Level 104 - SAMPLING
============================================================
  Starting braids: 20000
  Candidates to generate: 378487
  Processing in 6 chunks...
  Projlen distribution:
    projlen=181: 43 braids
    projlen=182: 969 braids
    projlen=183: 14250 braids
    projlen=184: 46867 braids
    projlen=185: 75912 braids
    projlen=186: 82902 braids
    projlen=187: 90548 braids
    projlen=188: 54336 braids
    projlen=189: 12660 braids
  Braids kept: 71012 (in 9 buckets, 2.97 GB)
  ⚡ Timing: matmul=0.68s, sampling=0.30s, total=7.39s

============================================================
Level 105 - SAMPLING
============================================================
  Starting braids: 20000
  Candidates to generate: 353376
  Processing in 6 chunks...
  Projlen distribution:
    projlen=183: 88 braids
    projlen=184: 2004 braids
    projlen=185: 23464 braids
    projlen=186: 59709 braids
    projlen=187: 81168 braids
    projlen=188: 83509 braids
    projlen=189: 78412 braids
    projlen=190: 25022 braids
  Braids kept: 62092 (in 8 buckets, 2.60 GB)
  ⚡ Timing: matmul=0.65s, sampling=0.27s, total=7.14s

============================================================
Level 106 - SAMPLING
============================================================
  Starting braids: 20000
  Candidates to generate: 381707
  Processing in 6 chunks...
  Projlen distribution:
    projlen=181: 4 braids
    projlen=182: 170 braids
    projlen=183: 1530 braids
    projlen=184: 6054 braids
    projlen=185: 11814 braids
    projlen=186: 13649 braids
    projlen=187: 33191 braids
    projlen=188: 67400 braids
    projlen=189: 86548 braids
    projlen=190: 80977 braids
  Braids kept: 87758 (in 12 buckets, 3.67 GB)
  ⚡ Timing: matmul=0.66s, sampling=0.32s, total=7.49s

============================================================
Level 107 - SAMPLING
============================================================
  Starting braids: 20000
  Candidates to generate: 1379793
  Processing in 20 chunks...
  Projlen distribution:
    projlen=178: 1 braids
    projlen=179: 20 braids
    projlen=180: 987 braids
    projlen=181: 11405 braids
    projlen=182: 74729 braids
    projlen=183: 267348 braids
    projlen=184: 511011 braids
    projlen=185: 438633 braids
    projlen=186: 65450 braids
    projlen=187: 635 braids
  Braids kept: 71217 (in 15 buckets, 2.98 GB)
  ⚡ Timing: matmul=2.11s, sampling=1.01s, total=26.61s

============================================================
Level 108 - SAMPLING
============================================================
  Starting braids: 20000
  Candidates to generate: 1551683
  Processing in 23 chunks...
  Projlen distribution:
    projlen=176: 19 braids
    projlen=177: 623 braids
    projlen=178: 8072 braids
    projlen=179: 77173 braids
    projlen=180: 354970 braids
    projlen=181: 705217 braids
    projlen=182: 405609 braids
  Braids kept: 48714 (in 7 buckets, 2.04 GB)
  ⚡ Timing: matmul=1.59s, sampling=0.95s, total=29.60s

============================================================
Level 109 - SAMPLING
============================================================
  Starting braids: 20000
  Candidates to generate: 1682600
  Processing in 25 chunks...
  Projlen distribution:
    projlen=174: 189 braids
    projlen=175: 5778 braids
    projlen=176: 58624 braids
    projlen=177: 310137 braids
    projlen=178: 718201 braids
    projlen=179: 530790 braids
    projlen=180: 58881 braids
  Braids kept: 55967 (in 7 buckets, 2.34 GB)
  ⚡ Timing: matmul=1.45s, sampling=1.03s, total=32.01s

============================================================
Level 110 - SAMPLING
============================================================
  Starting braids: 20000
  Candidates to generate: 1653685
  Processing in 24 chunks...
  Projlen distribution:
    projlen=171: 26 braids
    projlen=172: 2266 braids
    projlen=173: 34606 braids
    projlen=174: 212186 braids
    projlen=175: 614316 braids
    projlen=176: 599921 braids
    projlen=177: 190364 braids
  Braids kept: 52292 (in 7 buckets, 2.19 GB)
  ⚡ Timing: matmul=1.94s, sampling=1.01s, total=31.53s

============================================================
Level 111 - SAMPLING
============================================================
  Starting braids: 20000
  Candidates to generate: 1611235
  Processing in 24 chunks...
  Projlen distribution:
    projlen=168: 6 braids
    projlen=169: 624 braids
    projlen=170: 14470 braids
    projlen=171: 118214 braids
    projlen=172: 425160 braids
    projlen=173: 695176 braids
    projlen=174: 357585 braids
  Braids kept: 50630 (in 7 buckets, 2.12 GB)
  ⚡ Timing: matmul=1.28s, sampling=1.01s, total=30.57s

============================================================
Level 112 - SAMPLING
============================================================
  Starting braids: 20000
  Candidates to generate: 1652054
  Processing in 24 chunks...
  Projlen distribution:
    projlen=165: 3 braids
    projlen=166: 214 braids
    projlen=167: 6468 braids
    projlen=168: 69747 braids
    projlen=169: 360884 braids
    projlen=170: 768542 braids
    projlen=171: 446196 braids
  Braids kept: 46685 (in 7 buckets, 1.95 GB)
  ⚡ Timing: matmul=1.58s, sampling=0.99s, total=31.51s

============================================================
Level 113 - SAMPLING
============================================================
  Starting braids: 20000
  Candidates to generate: 1693651
  Processing in 25 chunks...
  Projlen distribution:
    projlen=162: 1 braids
    projlen=163: 115 braids
    projlen=164: 2945 braids
    projlen=165: 41490 braids
    projlen=166: 256608 braids
    projlen=167: 662452 braids
    projlen=168: 580286 braids
    projlen=169: 149754 braids
  Braids kept: 53061 (in 8 buckets, 2.22 GB)
  ⚡ Timing: matmul=1.41s, sampling=1.04s, total=32.55s

============================================================
Level 114 - SAMPLING
============================================================
  Starting braids: 20000
  Candidates to generate: 1672440
  Processing in 24 chunks...
  Projlen distribution:
    projlen=159: 1 braids
    projlen=160: 56 braids
    projlen=161: 1374 braids
    projlen=162: 21040 braids
    projlen=163: 148503 braids
    projlen=164: 480185 braids
    projlen=165: 700198 braids
    projlen=166: 321083 braids
  Braids kept: 51431 (in 8 buckets, 2.15 GB)
  ⚡ Timing: matmul=1.94s, sampling=1.04s, total=32.01s

============================================================
Level 115 - SAMPLING
============================================================
  Starting braids: 20000
  Candidates to generate: 1672540
  Processing in 24 chunks...
